2025-04-26 | 0:00.00 [INFO] - [4;90m[slushi.slushiUtils.Debug/onInitProgram#237]:[0m Debug logging initialized. Hello, developer.
2025-04-26 | 0:00.00 [INFO] - [4;90m[slushi.slushiUtils.Debug/onInitProgram#242]:[0m This is a RELEASE build.
2025-04-26 | 0:00.00 [INFO] - [4;90m[slushi.slushiUtils.Debug/onInitProgram#244]:[0m HaxeFlixel version: HaxeFlixel 5.9.0
2025-04-26 | 0:00.00 [SLE_INFO] - [4;90m[slushi.slushiUtils.Debug/onInitProgram#245]:[0m Slushi Engine version: 0.4.0
2025-04-26 | 0:00.00 [INFO] - [4;90m[slushi.slushiUtils.Debug/onInitProgram#246]:[0m SC Engine version: 1.5.2 (4eaf8c4)
2025-04-26 | 0:00.00 [INFO] - [4;90m[slushi.slushiUtils.Debug/onInitProgram#247]:[0m This is a custom build of PE. Current version: 1.04
2025-04-26 | 0:00.04 [INFO] - [4;90m[backend.DiscordClient/initialize#74]:[0m Discord Client initialized
2025-04-26 | 0:00.05 [INFO] - [4;90m[objects.AlphaCharacter/loadAlphabetData#312]:[0m Reloaded letters successfully (assets/shared/images/alphabet.json)!
2025-04-26 | 0:00.10 [SLE_INFO] - [4;90m[slushi.windows.WindowsFuncs/saveCurrentWindowsWallpaper#49]:[0m Wallpaper Path: C:\Users\osanc.DESKTOP-69O57J2\AppData\Roaming\Microsoft\Windows\Themes\TranscodedWallpaper
2025-04-26 | 0:00.10 [SLE_INFO] - [4;90m[slushi.windows.WindowsFuncs/saveCurrentWindowsWallpaper#50]:[0m Saving the path in a private variable...
2025-04-26 | 0:00.44 [SLE_INFO] - [4;90m[slushi.others.systemUtils.SystemInfo/formatSysInfo#159]:[0m 

System: Microsoft Windows 11 Home 10.0.22631
CPU: AMD Ryzen 7 5700X 8-Core Processor x86 64-Bit
GPU: AMD Radeon RX 6700 XT
Total RAM: 24 GB DDR4

2025-04-26 | 0:00.64 [SLE_INFO] - [4;90m[slushi.SlushiMain/getBuildVer#151]:[0m Checking for new version...
2025-04-26 | 0:01.02 [SLE_INFO] - [4;90m[slushi.SlushiMain/getBuildVer#170]:[0m Version online: [0.4.0], this version: [0.4.0]
2025-04-26 | 0:01.02 [SLE_INFO] - [4;90m[slushi.SlushiMain/getBuildVer#189]:[0m Versions are matching!
2025-04-26 | 0:24.75 [INFO] - [4;90m[slushi.states.freeplay.SlushiFreeplayState/moveToSong#948]:[0m CURRENT WEEK: week1
2025-04-26 | 0:24.76 [INFO] - [4;90m[backend.song.Song/getChart#120]:[0m assets/shared/data/songs/shattered/shattered.json
2025-04-26 | 0:24.82 [INFO] - [4;90m[backend.song.Song/parseJSON#148]:[0m converting chart shattered with format unknown to psych_v1 format...
2025-04-26 | 0:24.87 [INFO] - [4;90m[backend.song.Song/loadFromJson#102]:[0m assets/shared/data/songs/shattered/shattered.json
2025-04-26 | 0:24.87 [INFO] - [4;90m[backend.song.Song/loadFromJson#103]:[0m assets\shared\data\songs\shattered\shattered.json
2025-04-26 | 0:24.89 [INFO] - [4;90m[slushi.states.freeplay.SlushiFreeplayState/moveToSong#956]:[0m shattered
2025-04-26 | 0:24.92 [INFO] - [4;90m[states.LoadingState/loadNextDirectory#165]:[0m Setting asset folder to shared
2025-04-26 | 0:25.09 [WARN] - [4;90m[states.LoadingState/clearInvalidFrom#455]:[0m Removed invalid images: characters/bf/BOYFRIEND
2025-04-26 | 0:25.51 [INFO] - [4;90m[states.LoadingState/initThread#486]:[0m finished preloading image noteSplashes/noteSplashes
2025-04-26 | 0:25.99 [INFO] - [4;90m[states.LoadingState/initThread#486]:[0m finished preloading image HoldNoteEffect/holdCoverBlue
2025-04-26 | 0:25.99 [INFO] - [4;90m[states.LoadingState/initThread#486]:[0m finished preloading image HoldNoteEffect/holdCoverPurple
2025-04-26 | 0:25.99 [INFO] - [4;90m[states.LoadingState/initThread#486]:[0m finished preloading image HoldNoteEffect/holdCoverGreen
2025-04-26 | 0:25.99 [INFO] - [4;90m[states.LoadingState/initThread#486]:[0m finished preloading image HoldNoteEffect/holdCoverPurple
2025-04-26 | 0:26.03 [INFO] - [4;90m[states.LoadingState/initThread#486]:[0m finished preloading image noteSkins/NOTE_assets
2025-04-26 | 0:26.03 [INFO] - [4;90m[states.LoadingState/initThread#486]:[0m finished preloading image noteSkins/NOTE_assets
2025-04-26 | 0:26.03 [INFO] - [4;90m[states.LoadingState/checkLoaded#147]:[0m finished preloading image assets/shared/images/HoldNoteEffect/holdCoverBlue.png
2025-04-26 | 0:26.03 [INFO] - [4;90m[states.LoadingState/checkLoaded#147]:[0m finished preloading image assets/shared/images/noteSplashes/noteSplashes.png
2025-04-26 | 0:26.03 [INFO] - [4;90m[states.LoadingState/checkLoaded#147]:[0m finished preloading image assets/shared/images/HoldNoteEffect/holdCoverGreen.png
2025-04-26 | 0:26.03 [INFO] - [4;90m[states.LoadingState/checkLoaded#147]:[0m finished preloading image assets/shared/images/noteSkins/NOTE_assets.png
2025-04-26 | 0:26.03 [INFO] - [4;90m[states.LoadingState/checkLoaded#147]:[0m finished preloading image assets/shared/images/HoldNoteEffect/holdCoverPurple.png
2025-04-26 | 0:26.10 [INFO] - [4;90m[states.LoadingState/initThread#486]:[0m finished preloading image characters/bambi/Angry Bambi
2025-04-26 | 0:26.16 [INFO] - [4;90m[states.LoadingState/initThread#486]:[0m finished preloading image characters/GF_assets
2025-04-26 | 0:26.16 [INFO] - [4;90m[states.LoadingState/checkLoaded#147]:[0m finished preloading image assets/shared/images/characters/GF_assets.png
2025-04-26 | 0:26.16 [INFO] - [4;90m[states.LoadingState/checkLoaded#147]:[0m finished preloading image assets/shared/images/characters/bambi/Angry Bambi.png
2025-04-26 | 0:26.65 [INFO] - [4;90m[states.LoadingState/initThread#486]:[0m finished preloading song shattered/Voices
2025-04-26 | 0:27.05 [INFO] - [4;90m[states.LoadingState/initThread#486]:[0m finished preloading song shattered/Inst
2025-04-26 | 0:27.12 [INFO] - [4;90m[states.PlayState/create#714]:[0m [comboData => [totalNoteCount => 0, swags => 0, misses => 0, highestCombo => 0, maxCombo => 0, shits => 0, sicks => 0, totalNotesHit => 0, goods => 0, bads => 0, combo => 0, totalPlayed => 0], rankData => [comboRank => , accuracy => 0, rating => ], mainData => [score => 0, opponentMode => false, name => shattered, difficulty => 1]]shattered1
2025-04-26 | 0:27.25 [SLE_INFO] - [4;90m[slushi.slushiUtils.LyricsUtils/new#35]:[0m Lyrics JSON file not found!
2025-04-26 | 0:27.57 [INFO] - [4;90m[states.PlayState/create#860]:[0m current stage, farmSunset
2025-04-26 | 0:27.59 [INFO] - [4;90m[backend.stage.Stage/setupWeekDir#193]:[0m directory: shared
2025-04-26 | 0:27.59 [INFO] - [4;90m[backend.stage.Stage/setupStageProperties#101]:[0m STAGE INFO JSON ? assets/shared/data/stages/farmSunset.json
2025-04-26 | 0:27.59 [WARN] - [4;90m[backend.stage.Stage/setupStageProperties#107]:[0m farmSunset.json not found, using the default stage
2025-04-26 | 0:28.59 [INFO] - [4;90m[backend.song.Song/getChart#120]:[0m assets/shared/data/songs/shattered/events.json
2025-04-26 | 0:28.61 [INFO] - [4;90m[backend.song.Song/parseJSON#148]:[0m converting chart events with format unknown to psych_v1 format...
2025-04-26 | 0:30.28 [INFO] - [4;90m[states.PlayState/cacheCharacter#7931]:[0m found cube
2025-04-26 | 0:30.29 [INFO] - [4;90m[states.PlayState/cacheCharacter#7931]:[0m found cube
2025-04-26 | 0:30.29 [INFO] - [4;90m[states.PlayState/cacheCharacter#7931]:[0m found bf
2025-04-26 | 0:30.29 [INFO] - [4;90m[states.PlayState/cacheCharacter#7931]:[0m found angry-bambi
2025-04-26 | 0:30.85 [INFO] - [4;90m[states.PlayState/cacheCharacter#7931]:[0m found bambi-mad-guitar
2025-04-26 | 0:34.07 [INFO] - [4;90m[states.PlayState/startSong#2357]:[0m started loading!
2025-04-26 | 0:34.07 [WARN] - [4;90m[states.PlayState/update#3537]:[0m Warning! Delay is too fucking high!!
2025-04-26 | 0:34.08 [WARN] - [4;90m[states.PlayState/update#3537]:[0m Warning! Delay is too fucking high!!
2025-04-26 | 0:34.08 [WARN] - [4;90m[states.PlayState/update#3537]:[0m Warning! Delay is too fucking high!!
2025-04-26 | 0:34.09 [WARN] - [4;90m[states.PlayState/update#3537]:[0m Warning! Delay is too fucking high!!
2025-04-26 | 0:34.09 [WARN] - [4;90m[states.PlayState/update#3537]:[0m Warning! Delay is too fucking high!!
2025-04-26 | 0:34.10 [WARN] - [4;90m[states.PlayState/update#3537]:[0m Warning! Delay is too fucking high!!
2025-04-26 | 0:34.10 [WARN] - [4;90m[states.PlayState/update#3537]:[0m Warning! Delay is too fucking high!!
2025-04-26 | 0:34.11 [WARN] - [4;90m[states.PlayState/update#3537]:[0m Warning! Delay is too fucking high!!
2025-04-26 | 0:34.11 [WARN] - [4;90m[states.PlayState/update#3537]:[0m Warning! Delay is too fucking high!!
2025-04-26 | 0:34.12 [WARN] - [4;90m[states.PlayState/update#3537]:[0m Warning! Delay is too fucking high!!
2025-04-26 | 0:34.12 [WARN] - [4;90m[states.PlayState/update#3537]:[0m Warning! Delay is too fucking high!!
2025-04-26 | 0:34.13 [WARN] - [4;90m[states.PlayState/update#3537]:[0m Warning! Delay is too fucking high!!
2025-04-26 | 0:34.14 [WARN] - [4;90m[states.PlayState/update#3537]:[0m Warning! Delay is too fucking high!!
2025-04-26 | 0:34.14 [WARN] - [4;90m[states.PlayState/update#3537]:[0m Warning! Delay is too fucking high!!
2025-04-26 | 0:34.16 [WARN] - [4;90m[states.PlayState/update#3537]:[0m Warning! Delay is too fucking high!!
2025-04-26 | 0:34.16 [WARN] - [4;90m[states.PlayState/update#3537]:[0m Warning! Delay is too fucking high!!
2025-04-26 | 0:34.18 [WARN] - [4;90m[states.PlayState/update#3537]:[0m Warning! Delay is too fucking high!!
2025-04-26 | 0:34.20 [WARN] - [4;90m[states.PlayState/update#3537]:[0m Warning! Delay is too fucking high!!
2025-04-26 | 0:34.22 [WARN] - [4;90m[states.PlayState/update#3537]:[0m Warning! Delay is too fucking high!!
2025-04-26 | 0:34.24 [WARN] - [4;90m[states.PlayState/update#3537]:[0m Warning! Delay is too fucking high!!
2025-04-26 | 1:23.59 [SLE_INFO] - [4;90m[slushi.SlushiMain/onCloseWindow#105]:[0m Reseting all C++ functions...

