2025-04-24 | 0:00.00 [INFO] - [4;90m[slushi.slushiUtils.Debug/onInitProgram#237]:[0m Debug logging initialized. Hello, developer.
2025-04-24 | 0:00.00 [INFO] - [4;90m[slushi.slushiUtils.Debug/onInitProgram#242]:[0m This is a RELEASE build.
2025-04-24 | 0:00.01 [INFO] - [4;90m[slushi.slushiUtils.Debug/onInitProgram#244]:[0m HaxeFlixel version: HaxeFlixel 5.9.0
2025-04-24 | 0:00.01 [SLE_INFO] - [4;90m[slushi.slushiUtils.Debug/onInitProgram#245]:[0m Slushi Engine version: 0.4.0
2025-04-24 | 0:00.02 [INFO] - [4;90m[slushi.slushiUtils.Debug/onInitProgram#246]:[0m SC Engine version: 1.5.2 (4eaf8c4)
2025-04-24 | 0:00.02 [INFO] - [4;90m[slushi.slushiUtils.Debug/onInitProgram#247]:[0m This is a custom build of PE. Current version: 1.04
2025-04-24 | 0:00.07 [INFO] - [4;90m[backend.DiscordClient/initialize#74]:[0m Discord Client initialized
2025-04-24 | 0:00.08 [INFO] - [4;90m[objects.AlphaCharacter/loadAlphabetData#312]:[0m Reloaded letters successfully (assets/shared/images/alphabet.json)!
2025-04-24 | 0:00.09 [SLE_INFO] - [4;90m[slushi.windows.WindowsFuncs/saveCurrentWindowsWallpaper#49]:[0m Wallpaper Path: C:\Users\yuyio\AppData\Roaming\Microsoft\Windows\Themes\TranscodedWallpaper
2025-04-24 | 0:00.09 [SLE_INFO] - [4;90m[slushi.windows.WindowsFuncs/saveCurrentWindowsWallpaper#50]:[0m Saving the path in a private variable...
2025-04-24 | 0:00.36 [SLE_INFO] - [4;90m[slushi.others.systemUtils.SystemInfo/formatSysInfo#159]:[0m 

System: Microsoft Windows 11 Home 10.0.22631
CPU: AMD Ryzen 7 5700X 8-Core Processor x86 64-Bit
GPU: AMD Radeon RX 6700 XT
Total RAM: 24 GB DDR4

2025-04-24 | 0:00.37 [SLE_INFO] - [4;90m[slushi.SlushiMain/getBuildVer#151]:[0m Checking for new version...
2025-04-24 | 0:00.76 [SLE_INFO] - [4;90m[slushi.SlushiMain/getBuildVer#170]:[0m Version online: [0.4.0], this version: [0.4.0]
2025-04-24 | 0:00.77 [SLE_INFO] - [4;90m[slushi.SlushiMain/getBuildVer#189]:[0m Versions are matching!
2025-04-24 | 0:21.76 [INFO] - [4;90m[slushi.states.freeplay.SlushiFreeplayState/moveToSong#948]:[0m CURRENT WEEK: week1
2025-04-24 | 0:21.77 [INFO] - [4;90m[backend.song.Song/getChart#120]:[0m assets/shared/data/songs/shattered/shattered.json
2025-04-24 | 0:21.78 [INFO] - [4;90m[backend.song.Song/parseJSON#148]:[0m converting chart shattered with format unknown to psych_v1 format...
2025-04-24 | 0:21.78 [INFO] - [4;90m[backend.song.Song/loadFromJson#102]:[0m assets/shared/data/songs/shattered/shattered.json
2025-04-24 | 0:21.79 [INFO] - [4;90m[backend.song.Song/loadFromJson#103]:[0m assets\shared\data\songs\shattered\shattered.json
2025-04-24 | 0:21.80 [INFO] - [4;90m[slushi.states.freeplay.SlushiFreeplayState/moveToSong#956]:[0m shattered
2025-04-24 | 0:21.80 [INFO] - [4;90m[states.LoadingState/loadNextDirectory#165]:[0m Setting asset folder to shared
2025-04-24 | 0:21.80 [WARN] - [4;90m[states.LoadingState/clearInvalidFrom#455]:[0m Removed invalid images: characters/bf/BOYFRIEND
2025-04-24 | 0:21.82 [INFO] - [4;90m[states.LoadingState/initThread#486]:[0m finished preloading image HoldNoteEffect/holdCoverBlue
2025-04-24 | 0:21.82 [INFO] - [4;90m[states.LoadingState/initThread#486]:[0m finished preloading image HoldNoteEffect/holdCoverPurple
2025-04-24 | 0:21.82 [INFO] - [4;90m[states.LoadingState/initThread#486]:[0m finished preloading image HoldNoteEffect/holdCoverGreen
2025-04-24 | 0:21.82 [INFO] - [4;90m[states.LoadingState/initThread#486]:[0m finished preloading image HoldNoteEffect/holdCoverPurple
2025-04-24 | 0:21.82 [INFO] - [4;90m[states.LoadingState/initThread#486]:[0m finished preloading image noteSplashes/noteSplashes
2025-04-24 | 0:21.84 [INFO] - [4;90m[states.LoadingState/initThread#486]:[0m finished preloading image noteSkins/NOTE_assets
2025-04-24 | 0:21.84 [INFO] - [4;90m[states.LoadingState/initThread#486]:[0m finished preloading image noteSkins/NOTE_assets
2025-04-24 | 0:22.41 [INFO] - [4;90m[states.LoadingState/initThread#486]:[0m finished preloading image characters/bambi/Angry Bambi
2025-04-24 | 0:22.44 [INFO] - [4;90m[states.LoadingState/initThread#486]:[0m finished preloading image characters/GF_assets
2025-04-24 | 0:22.59 [INFO] - [4;90m[states.LoadingState/initThread#486]:[0m finished preloading song shattered/Voices
2025-04-24 | 0:22.63 [INFO] - [4;90m[states.LoadingState/checkLoaded#147]:[0m finished preloading image assets/shared/images/noteSplashes/noteSplashes.png
2025-04-24 | 0:22.64 [INFO] - [4;90m[states.LoadingState/checkLoaded#147]:[0m finished preloading image assets/shared/images/HoldNoteEffect/holdCoverBlue.png
2025-04-24 | 0:22.66 [INFO] - [4;90m[states.LoadingState/initThread#486]:[0m finished preloading song shattered/Inst
2025-04-24 | 0:22.76 [INFO] - [4;90m[states.LoadingState/checkLoaded#147]:[0m finished preloading image assets/shared/images/characters/GF_assets.png
2025-04-24 | 0:22.77 [INFO] - [4;90m[states.LoadingState/checkLoaded#147]:[0m finished preloading image assets/shared/images/HoldNoteEffect/holdCoverGreen.png
2025-04-24 | 0:22.86 [INFO] - [4;90m[states.LoadingState/checkLoaded#147]:[0m finished preloading image assets/shared/images/characters/bambi/Angry Bambi.png
2025-04-24 | 0:22.87 [INFO] - [4;90m[states.LoadingState/checkLoaded#147]:[0m finished preloading image assets/shared/images/noteSkins/NOTE_assets.png
2025-04-24 | 0:22.88 [INFO] - [4;90m[states.LoadingState/checkLoaded#147]:[0m finished preloading image assets/shared/images/HoldNoteEffect/holdCoverPurple.png
2025-04-24 | 0:22.92 [INFO] - [4;90m[states.PlayState/create#691]:[0m [comboData => [totalNoteCount => 0, swags => 0, misses => 0, highestCombo => 0, maxCombo => 0, shits => 0, sicks => 0, totalNotesHit => 0, goods => 0, bads => 0, combo => 0, totalPlayed => 0], rankData => [comboRank => , accuracy => 0, rating => ], mainData => [score => 0, opponentMode => false, name => shattered, difficulty => 1]]shattered1
2025-04-24 | 0:22.95 [SLE_INFO] - [4;90m[slushi.slushiUtils.LyricsUtils/new#35]:[0m Lyrics JSON file not found!
2025-04-24 | 0:23.11 [INFO] - [4;90m[states.PlayState/create#837]:[0m current stage, farmSunset
2025-04-24 | 0:23.11 [INFO] - [4;90m[backend.stage.Stage/setupWeekDir#193]:[0m directory: shared
2025-04-24 | 0:23.12 [INFO] - [4;90m[backend.stage.Stage/setupStageProperties#101]:[0m STAGE INFO JSON ? assets/shared/data/stages/farmSunset.json
2025-04-24 | 0:23.13 [WARN] - [4;90m[backend.stage.Stage/setupStageProperties#107]:[0m farmSunset.json not found, using the default stage
2025-04-24 | 0:23.27 [INFO] - [4;90m[backend.song.Song/getChart#120]:[0m assets/shared/data/songs/shattered/events.json
2025-04-24 | 0:23.28 [INFO] - [4;90m[backend.song.Song/parseJSON#148]:[0m converting chart events with format unknown to psych_v1 format...
2025-04-24 | 0:24.99 [INFO] - [4;90m[states.PlayState/cacheCharacter#7925]:[0m found cube
2025-04-24 | 0:25.00 [INFO] - [4;90m[states.PlayState/cacheCharacter#7925]:[0m found cube
2025-04-24 | 0:25.00 [INFO] - [4;90m[states.PlayState/cacheCharacter#7925]:[0m found bf
2025-04-24 | 0:25.01 [INFO] - [4;90m[states.PlayState/cacheCharacter#7925]:[0m found angry-bambi
2025-04-24 | 0:25.47 [INFO] - [4;90m[states.PlayState/cacheCharacter#7925]:[0m found bambi-mad-guitar
2025-04-24 | 0:27.87 [INFO] - [4;90m[states.PlayState/startSong#2376]:[0m started loading!
2025-04-24 | 0:27.87 [WARN] - [4;90m[states.PlayState/update#3536]:[0m Warning! Delay is too fucking high!!
2025-04-24 | 0:27.88 [WARN] - [4;90m[states.PlayState/update#3536]:[0m Warning! Delay is too fucking high!!
2025-04-24 | 0:27.90 [WARN] - [4;90m[states.PlayState/update#3536]:[0m Warning! Delay is too fucking high!!
2025-04-24 | 0:27.92 [WARN] - [4;90m[states.PlayState/update#3536]:[0m Warning! Delay is too fucking high!!
2025-04-24 | 0:27.94 [WARN] - [4;90m[states.PlayState/update#3536]:[0m Warning! Delay is too fucking high!!
2025-04-24 | 0:45.08 [WARN] - [4;90m[states.PlayState/update#3536]:[0m Warning! Delay is too fucking high!!
2025-04-24 | 0:45.09 [WARN] - [4;90m[states.PlayState/update#3536]:[0m Warning! Delay is too fucking high!!
2025-04-24 | 0:45.10 [WARN] - [4;90m[states.PlayState/update#3536]:[0m Warning! Delay is too fucking high!!
2025-04-24 | 0:45.11 [WARN] - [4;90m[states.PlayState/update#3536]:[0m Warning! Delay is too fucking high!!
2025-04-24 | 0:45.11 [WARN] - [4;90m[states.PlayState/update#3536]:[0m Warning! Delay is too fucking high!!
2025-04-24 | 0:45.12 [WARN] - [4;90m[states.PlayState/update#3536]:[0m Warning! Delay is too fucking high!!
2025-04-24 | 0:45.13 [WARN] - [4;90m[states.PlayState/update#3536]:[0m Warning! Delay is too fucking high!!
2025-04-24 | 0:45.14 [WARN] - [4;90m[states.PlayState/update#3536]:[0m Warning! Delay is too fucking high!!
2025-04-24 | 0:45.15 [WARN] - [4;90m[states.PlayState/update#3536]:[0m Warning! Delay is too fucking high!!
2025-04-24 | 0:45.15 [WARN] - [4;90m[states.PlayState/update#3536]:[0m Warning! Delay is too fucking high!!
2025-04-24 | 0:45.16 [WARN] - [4;90m[states.PlayState/update#3536]:[0m Warning! Delay is too fucking high!!
2025-04-24 | 0:45.17 [WARN] - [4;90m[states.PlayState/update#3536]:[0m Warning! Delay is too fucking high!!
2025-04-24 | 0:45.17 [WARN] - [4;90m[states.PlayState/update#3536]:[0m Warning! Delay is too fucking high!!
2025-04-24 | 0:45.18 [WARN] - [4;90m[states.PlayState/update#3536]:[0m Warning! Delay is too fucking high!!
2025-04-24 | 0:45.19 [WARN] - [4;90m[states.PlayState/update#3536]:[0m Warning! Delay is too fucking high!!
2025-04-24 | 0:45.20 [WARN] - [4;90m[states.PlayState/update#3536]:[0m Warning! Delay is too fucking high!!
2025-04-24 | 0:45.20 [WARN] - [4;90m[states.PlayState/update#3536]:[0m Warning! Delay is too fucking high!!
2025-04-24 | 0:45.21 [WARN] - [4;90m[states.PlayState/update#3536]:[0m Warning! Delay is too fucking high!!
2025-04-24 | 0:45.23 [WARN] - [4;90m[states.PlayState/update#3536]:[0m Warning! Delay is too fucking high!!
2025-04-24 | 0:45.23 [WARN] - [4;90m[states.PlayState/update#3536]:[0m Warning! Delay is too fucking high!!
2025-04-24 | 0:45.24 [WARN] - [4;90m[states.PlayState/update#3536]:[0m Warning! Delay is too fucking high!!
2025-04-24 | 0:45.25 [WARN] - [4;90m[states.PlayState/update#3536]:[0m Warning! Delay is too fucking high!!
2025-04-24 | 0:45.26 [WARN] - [4;90m[states.PlayState/update#3536]:[0m Warning! Delay is too fucking high!!
2025-04-24 | 0:45.28 [WARN] - [4;90m[states.PlayState/update#3536]:[0m Warning! Delay is too fucking high!!
2025-04-24 | 0:45.30 [WARN] - [4;90m[states.PlayState/update#3536]:[0m Warning! Delay is too fucking high!!
2025-04-24 | 0:52.37 [WARN] - [4;90m[states.PlayState/update#3536]:[0m Warning! Delay is too fucking high!!
2025-04-24 | 0:52.38 [WARN] - [4;90m[states.PlayState/update#3536]:[0m Warning! Delay is too fucking high!!
2025-04-24 | 0:52.39 [WARN] - [4;90m[states.PlayState/update#3536]:[0m Warning! Delay is too fucking high!!
2025-04-24 | 0:52.40 [WARN] - [4;90m[states.PlayState/update#3536]:[0m Warning! Delay is too fucking high!!
2025-04-24 | 0:52.41 [WARN] - [4;90m[states.PlayState/update#3536]:[0m Warning! Delay is too fucking high!!
2025-04-24 | 0:52.42 [WARN] - [4;90m[states.PlayState/update#3536]:[0m Warning! Delay is too fucking high!!
2025-04-24 | 0:52.43 [WARN] - [4;90m[states.PlayState/update#3536]:[0m Warning! Delay is too fucking high!!
2025-04-24 | 0:52.44 [WARN] - [4;90m[states.PlayState/update#3536]:[0m Warning! Delay is too fucking high!!
2025-04-24 | 0:52.45 [WARN] - [4;90m[states.PlayState/update#3536]:[0m Warning! Delay is too fucking high!!
2025-04-24 | 0:52.45 [WARN] - [4;90m[states.PlayState/update#3536]:[0m Warning! Delay is too fucking high!!
2025-04-24 | 0:52.46 [WARN] - [4;90m[states.PlayState/update#3536]:[0m Warning! Delay is too fucking high!!
2025-04-24 | 0:52.47 [WARN] - [4;90m[states.PlayState/update#3536]:[0m Warning! Delay is too fucking high!!
2025-04-24 | 0:52.47 [WARN] - [4;90m[states.PlayState/update#3536]:[0m Warning! Delay is too fucking high!!
2025-04-24 | 0:52.49 [WARN] - [4;90m[states.PlayState/update#3536]:[0m Warning! Delay is too fucking high!!
2025-04-24 | 0:52.50 [WARN] - [4;90m[states.PlayState/update#3536]:[0m Warning! Delay is too fucking high!!
2025-04-24 | 0:52.51 [WARN] - [4;90m[states.PlayState/update#3536]:[0m Warning! Delay is too fucking high!!
2025-04-24 | 0:52.51 [WARN] - [4;90m[states.PlayState/update#3536]:[0m Warning! Delay is too fucking high!!
2025-04-24 | 0:52.52 [WARN] - [4;90m[states.PlayState/update#3536]:[0m Warning! Delay is too fucking high!!
2025-04-24 | 0:52.53 [WARN] - [4;90m[states.PlayState/update#3536]:[0m Warning! Delay is too fucking high!!
2025-04-24 | 0:52.54 [WARN] - [4;90m[states.PlayState/update#3536]:[0m Warning! Delay is too fucking high!!
2025-04-24 | 0:52.54 [WARN] - [4;90m[states.PlayState/update#3536]:[0m Warning! Delay is too fucking high!!
2025-04-24 | 0:52.55 [WARN] - [4;90m[states.PlayState/update#3536]:[0m Warning! Delay is too fucking high!!
2025-04-24 | 0:52.56 [WARN] - [4;90m[states.PlayState/update#3536]:[0m Warning! Delay is too fucking high!!
2025-04-24 | 0:52.56 [WARN] - [4;90m[states.PlayState/update#3536]:[0m Warning! Delay is too fucking high!!
2025-04-24 | 0:52.57 [WARN] - [4;90m[states.PlayState/update#3536]:[0m Warning! Delay is too fucking high!!
2025-04-24 | 0:52.58 [WARN] - [4;90m[states.PlayState/update#3536]:[0m Warning! Delay is too fucking high!!
2025-04-24 | 0:52.59 [WARN] - [4;90m[states.PlayState/update#3536]:[0m Warning! Delay is too fucking high!!
2025-04-24 | 0:52.59 [WARN] - [4;90m[states.PlayState/update#3536]:[0m Warning! Delay is too fucking high!!
2025-04-24 | 0:52.61 [WARN] - [4;90m[states.PlayState/update#3536]:[0m Warning! Delay is too fucking high!!
2025-04-24 | 0:52.61 [WARN] - [4;90m[states.PlayState/update#3536]:[0m Warning! Delay is too fucking high!!
2025-04-24 | 0:52.62 [WARN] - [4;90m[states.PlayState/update#3536]:[0m Warning! Delay is too fucking high!!
2025-04-24 | 0:52.62 [WARN] - [4;90m[states.PlayState/update#3536]:[0m Warning! Delay is too fucking high!!
2025-04-24 | 0:52.63 [WARN] - [4;90m[states.PlayState/update#3536]:[0m Warning! Delay is too fucking high!!
2025-04-24 | 0:52.64 [WARN] - [4;90m[states.PlayState/update#3536]:[0m Warning! Delay is too fucking high!!
2025-04-24 | 0:52.65 [WARN] - [4;90m[states.PlayState/update#3536]:[0m Warning! Delay is too fucking high!!
2025-04-24 | 0:52.66 [WARN] - [4;90m[states.PlayState/update#3536]:[0m Warning! Delay is too fucking high!!
2025-04-24 | 0:52.67 [WARN] - [4;90m[states.PlayState/update#3536]:[0m Warning! Delay is too fucking high!!
2025-04-24 | 0:52.68 [WARN] - [4;90m[states.PlayState/update#3536]:[0m Warning! Delay is too fucking high!!
2025-04-24 | 0:52.68 [WARN] - [4;90m[states.PlayState/update#3536]:[0m Warning! Delay is too fucking high!!
2025-04-24 | 0:52.69 [WARN] - [4;90m[states.PlayState/update#3536]:[0m Warning! Delay is too fucking high!!
2025-04-24 | 0:52.70 [WARN] - [4;90m[states.PlayState/update#3536]:[0m Warning! Delay is too fucking high!!
2025-04-24 | 0:52.70 [WARN] - [4;90m[states.PlayState/update#3536]:[0m Warning! Delay is too fucking high!!
2025-04-24 | 0:52.71 [WARN] - [4;90m[states.PlayState/update#3536]:[0m Warning! Delay is too fucking high!!
2025-04-24 | 0:52.72 [WARN] - [4;90m[states.PlayState/update#3536]:[0m Warning! Delay is too fucking high!!
2025-04-24 | 0:52.73 [WARN] - [4;90m[states.PlayState/update#3536]:[0m Warning! Delay is too fucking high!!
2025-04-24 | 0:52.74 [WARN] - [4;90m[states.PlayState/update#3536]:[0m Warning! Delay is too fucking high!!
2025-04-24 | 0:52.75 [WARN] - [4;90m[states.PlayState/update#3536]:[0m Warning! Delay is too fucking high!!
2025-04-24 | 0:52.75 [WARN] - [4;90m[states.PlayState/update#3536]:[0m Warning! Delay is too fucking high!!
2025-04-24 | 0:52.76 [WARN] - [4;90m[states.PlayState/update#3536]:[0m Warning! Delay is too fucking high!!
2025-04-24 | 0:52.77 [WARN] - [4;90m[states.PlayState/update#3536]:[0m Warning! Delay is too fucking high!!
2025-04-24 | 0:52.78 [WARN] - [4;90m[states.PlayState/update#3536]:[0m Warning! Delay is too fucking high!!
2025-04-24 | 0:52.79 [WARN] - [4;90m[states.PlayState/update#3536]:[0m Warning! Delay is too fucking high!!
2025-04-24 | 0:52.80 [WARN] - [4;90m[states.PlayState/update#3536]:[0m Warning! Delay is too fucking high!!
2025-04-24 | 0:52.82 [WARN] - [4;90m[states.PlayState/update#3536]:[0m Warning! Delay is too fucking high!!
2025-04-24 | 0:52.84 [WARN] - [4;90m[states.PlayState/update#3536]:[0m Warning! Delay is too fucking high!!
2025-04-24 | 0:52.86 [WARN] - [4;90m[states.PlayState/update#3536]:[0m Warning! Delay is too fucking high!!
2025-04-24 | 3:33.93 [SLE_INFO] - [4;90m[slushi.SlushiMain/onCloseWindow#105]:[0m Reseting all C++ functions...

