2025-04-19 | 0:00.00 [INFO] - [4;90m[slushi.slushiUtils.Debug/onInitProgram#237]:[0m Debug logging initialized. Hello, developer.
2025-04-19 | 0:00.00 [INFO] - [4;90m[slushi.slushiUtils.Debug/onInitProgram#242]:[0m This is a RELEASE build.
2025-04-19 | 0:00.01 [INFO] - [4;90m[slushi.slushiUtils.Debug/onInitProgram#244]:[0m HaxeFlixel version: HaxeFlixel 5.9.0
2025-04-19 | 0:00.01 [SLE_INFO] - [4;90m[slushi.slushiUtils.Debug/onInitProgram#245]:[0m Slushi Engine version: 0.4.0
2025-04-19 | 0:00.02 [INFO] - [4;90m[slushi.slushiUtils.Debug/onInitProgram#246]:[0m SC Engine version: 1.5.2 (4eaf8c4)
2025-04-19 | 0:00.02 [INFO] - [4;90m[slushi.slushiUtils.Debug/onInitProgram#247]:[0m This is a custom build of PE. Current version: 1.04
2025-04-19 | 0:00.04 [INFO] - [4;90m[backend.DiscordClient/initialize#74]:[0m Discord Client initialized
2025-04-19 | 0:00.04 [INFO] - [4;90m[objects.AlphaCharacter/loadAlphabetData#312]:[0m Reloaded letters successfully (assets/shared/images/alphabet.json)!
2025-04-19 | 0:00.05 [SLE_INFO] - [4;90m[slushi.windows.WindowsFuncs/saveCurrentWindowsWallpaper#49]:[0m Wallpaper Path: C:\Users\yuyio\AppData\Roaming\Microsoft\Windows\Themes\TranscodedWallpaper
2025-04-19 | 0:00.06 [SLE_INFO] - [4;90m[slushi.windows.WindowsFuncs/saveCurrentWindowsWallpaper#50]:[0m Saving the path in a private variable...
2025-04-19 | 0:00.39 [SLE_INFO] - [4;90m[slushi.others.systemUtils.SystemInfo/formatSysInfo#159]:[0m 

System: Microsoft Windows 11 Home 10.0.22631
CPU: AMD Ryzen 7 5700X 8-Core Processor x86 64-Bit
GPU: AMD Radeon RX 6700 XT
Total RAM: 24 GB DDR4

2025-04-19 | 0:00.41 [SLE_INFO] - [4;90m[slushi.SlushiMain/getBuildVer#151]:[0m Checking for new version...
2025-04-19 | 0:00.66 [SLE_INFO] - [4;90m[slushi.SlushiMain/getBuildVer#170]:[0m Version online: [0.4.0], this version: [0.4.0]
2025-04-19 | 0:00.67 [SLE_INFO] - [4;90m[slushi.SlushiMain/getBuildVer#189]:[0m Versions are matching!
2025-04-19 | 0:02.04 [INFO] - [4;90m[backend.DiscordClient/onReady#52]:[0m (Discord) Connected to User (dddsss10_19168)
2025-04-19 | 0:15.18 [INFO] - [4;90m[states.freeplay.FreeplayState/moveToSong#908]:[0m CURRENT WEEK: week1
2025-04-19 | 0:15.18 [INFO] - [4;90m[backend.song.Song/getChart#120]:[0m assets/shared/data/songs/shattered/shattered.json
2025-04-19 | 0:15.26 [INFO] - [4;90m[backend.song.Song/parseJSON#148]:[0m converting chart shattered with format unknown to psych_v1 format...
2025-04-19 | 0:15.27 [INFO] - [4;90m[backend.song.Song/loadFromJson#102]:[0m assets/shared/data/songs/shattered/shattered.json
2025-04-19 | 0:15.27 [INFO] - [4;90m[backend.song.Song/loadFromJson#103]:[0m assets\shared\data\songs\shattered\shattered.json
2025-04-19 | 0:15.28 [INFO] - [4;90m[states.freeplay.FreeplayState/moveToSong#916]:[0m shattered
2025-04-19 | 0:15.28 [INFO] - [4;90m[states.LoadingState/loadNextDirectory#165]:[0m Setting asset folder to shared
2025-04-19 | 0:15.30 [WARN] - [4;90m[states.LoadingState/clearInvalidFrom#455]:[0m Removed invalid images: characters/bf/BOYFRIEND
2025-04-19 | 0:15.31 [INFO] - [4;90m[states.LoadingState/initThread#486]:[0m finished preloading image HoldNoteEffect/holdCoverBlue
2025-04-19 | 0:15.31 [INFO] - [4;90m[states.LoadingState/initThread#486]:[0m finished preloading image HoldNoteEffect/holdCoverPurple
2025-04-19 | 0:15.32 [INFO] - [4;90m[states.LoadingState/initThread#486]:[0m finished preloading image HoldNoteEffect/holdCoverGreen
2025-04-19 | 0:15.32 [INFO] - [4;90m[states.LoadingState/initThread#486]:[0m finished preloading image HoldNoteEffect/holdCoverPurple
2025-04-19 | 0:15.32 [INFO] - [4;90m[states.LoadingState/initThread#486]:[0m finished preloading image noteSplashes/noteSplashes
2025-04-19 | 0:15.34 [INFO] - [4;90m[states.LoadingState/initThread#486]:[0m finished preloading image noteSkins/NOTE_assets
2025-04-19 | 0:15.34 [INFO] - [4;90m[states.LoadingState/initThread#486]:[0m finished preloading image noteSkins/NOTE_assets
2025-04-19 | 0:16.01 [INFO] - [4;90m[states.LoadingState/initThread#486]:[0m finished preloading image characters/bambi/Angry Bambi
2025-04-19 | 0:16.03 [INFO] - [4;90m[states.LoadingState/initThread#486]:[0m finished preloading image characters/GF_assets
2025-04-19 | 0:16.20 [INFO] - [4;90m[states.LoadingState/checkLoaded#147]:[0m finished preloading image assets/shared/images/noteSplashes/noteSplashes.png
2025-04-19 | 0:16.21 [INFO] - [4;90m[states.LoadingState/checkLoaded#147]:[0m finished preloading image assets/shared/images/HoldNoteEffect/holdCoverBlue.png
2025-04-19 | 0:16.21 [INFO] - [4;90m[states.LoadingState/checkLoaded#147]:[0m finished preloading image assets/shared/images/characters/GF_assets.png
2025-04-19 | 0:16.22 [INFO] - [4;90m[states.LoadingState/checkLoaded#147]:[0m finished preloading image assets/shared/images/HoldNoteEffect/holdCoverGreen.png
2025-04-19 | 0:16.23 [INFO] - [4;90m[states.LoadingState/checkLoaded#147]:[0m finished preloading image assets/shared/images/characters/bambi/Angry Bambi.png
2025-04-19 | 0:16.24 [INFO] - [4;90m[states.LoadingState/checkLoaded#147]:[0m finished preloading image assets/shared/images/noteSkins/NOTE_assets.png
2025-04-19 | 0:16.25 [INFO] - [4;90m[states.LoadingState/checkLoaded#147]:[0m finished preloading image assets/shared/images/HoldNoteEffect/holdCoverPurple.png
2025-04-19 | 0:16.39 [INFO] - [4;90m[states.LoadingState/initThread#486]:[0m finished preloading song shattered/Voices
2025-04-19 | 0:17.01 [INFO] - [4;90m[states.LoadingState/initThread#486]:[0m finished preloading song shattered/Inst
2025-04-19 | 0:17.03 [INFO] - [4;90m[states.PlayState/create#690]:[0m [rankData => [comboRank => , rating => , accuracy => 0], comboData => [swags => 0, totalNoteCount => 0, highestCombo => 0, maxCombo => 0, misses => 0, shits => 0, sicks => 0, combo => 0, bads => 0, goods => 0, totalNotesHit => 0, totalPlayed => 0], mainData => [opponentMode => false, score => 0, difficulty => 1, name => shattered]]shattered1
2025-04-19 | 0:17.40 [SLE_INFO] - [4;90m[slushi.slushiUtils.LyricsUtils/new#35]:[0m Lyrics JSON file not found!
2025-04-19 | 0:17.56 [INFO] - [4;90m[states.PlayState/create#836]:[0m current stage, farmSunset
2025-04-19 | 0:17.57 [INFO] - [4;90m[backend.stage.Stage/setupWeekDir#193]:[0m directory: shared
2025-04-19 | 0:17.57 [INFO] - [4;90m[backend.stage.Stage/setupStageProperties#101]:[0m STAGE INFO JSON ? assets/shared/data/stages/farmSunset.json
2025-04-19 | 0:17.58 [WARN] - [4;90m[backend.stage.Stage/setupStageProperties#107]:[0m farmSunset.json not found, using the default stage
2025-04-19 | 0:17.73 [INFO] - [4;90m[backend.song.Song/getChart#120]:[0m assets/shared/data/songs/shattered/events.json
2025-04-19 | 0:17.76 [INFO] - [4;90m[backend.song.Song/parseJSON#148]:[0m converting chart events with format unknown to psych_v1 format...
2025-04-19 | 0:19.50 [INFO] - [4;90m[states.PlayState/cacheCharacter#7920]:[0m found cube
2025-04-19 | 0:19.51 [INFO] - [4;90m[states.PlayState/cacheCharacter#7920]:[0m found cube
2025-04-19 | 0:19.51 [INFO] - [4;90m[states.PlayState/cacheCharacter#7920]:[0m found bf
2025-04-19 | 0:19.52 [INFO] - [4;90m[states.PlayState/cacheCharacter#7920]:[0m found angry-bambi
2025-04-19 | 0:20.03 [INFO] - [4;90m[states.PlayState/cacheCharacter#7920]:[0m found bambi-mad-guitar
2025-04-19 | 0:23.14 [INFO] - [4;90m[states.PlayState/startSong#2375]:[0m started loading!
2025-04-19 | 0:32.64 [WARN] - [4;90m[states.PlayState/update#3532]:[0m Warning! Delay is too fucking high!!
2025-04-19 | 0:39.96 [INFO] - [4;90m[states.LoadingState/loadNextDirectory#165]:[0m Setting asset folder to shared
2025-04-19 | 0:40.80 [INFO] - [4;90m[states.PlayState/create#690]:[0m [rankData => [comboRank => , rating => , accuracy => 0], comboData => [swags => 0, totalNoteCount => 0, highestCombo => 0, maxCombo => 0, misses => 0, shits => 0, sicks => 0, combo => 0, bads => 0, goods => 0, totalNotesHit => 0, totalPlayed => 0], mainData => [opponentMode => false, score => 0, difficulty => 1, name => shattered]]shattered1
2025-04-19 | 0:40.83 [SLE_INFO] - [4;90m[slushi.slushiUtils.LyricsUtils/new#35]:[0m Lyrics JSON file not found!
2025-04-19 | 0:40.84 [INFO] - [4;90m[states.PlayState/create#836]:[0m current stage, farmNight
2025-04-19 | 0:40.85 [INFO] - [4;90m[backend.stage.Stage/setupWeekDir#193]:[0m directory: shared
2025-04-19 | 0:40.85 [INFO] - [4;90m[backend.stage.Stage/setupStageProperties#101]:[0m STAGE INFO JSON ? assets/shared/data/stages/farmNight.json
2025-04-19 | 0:40.86 [WARN] - [4;90m[backend.stage.Stage/setupStageProperties#107]:[0m farmNight.json not found, using the default stage
2025-04-19 | 0:40.88 [INFO] - [4;90m[backend.song.Song/getChart#120]:[0m assets/shared/data/songs/shattered/events.json
2025-04-19 | 0:40.88 [INFO] - [4;90m[backend.song.Song/parseJSON#148]:[0m converting chart events with format unknown to psych_v1 format...
2025-04-19 | 0:40.89 [INFO] - [4;90m[states.PlayState/cacheCharacter#7920]:[0m found cube
2025-04-19 | 0:40.90 [INFO] - [4;90m[states.PlayState/cacheCharacter#7920]:[0m found cube
2025-04-19 | 0:40.90 [INFO] - [4;90m[states.PlayState/cacheCharacter#7920]:[0m found bf
2025-04-19 | 0:40.91 [INFO] - [4;90m[states.PlayState/cacheCharacter#7920]:[0m found angry-bambi
2025-04-19 | 0:40.92 [INFO] - [4;90m[states.PlayState/cacheCharacter#7920]:[0m found bambi-mad-guitar
2025-04-19 | 0:42.89 [INFO] - [4;90m[states.PlayState/startSong#2375]:[0m started loading!
2025-04-19 | 1:04.78 [ERROR] - [4;90m[slushi.slushiUtils.crashHandler.CrashHandler/onUncaughtError#164]:[0m 
CRASH:
[38;5;1mCall Stack:
[4mshaders/RGBPixelShader.hx#17[24m
objects/note/NoteSplash.hx#310
states/PlayState.hx#6825
states/PlayState.hx#6817
states/PlayState.hx#5713
states/PlayState.hx#6476
states/PlayState.hx#3675
flixel/group/FlxGroup.hx#791
states/PlayState.hx#3657
flixel/FlxState.hx#241
flixel/FlxGame.hx#750

Uncaught Error:
Null Object Reference[0m


2025-04-19 | 1:04.85 [INFO] - [4;90m[slushi.slushiUtils.crashHandler.CrashHandler/onUncaughtError#167]:[0m Starting Crash Handler in game
2025-04-19 | 1:16.04 [INFO] - [4;90m[backend.song.Song/getChart#120]:[0m assets/shared/data/songs/shattered/shattered.json
2025-04-19 | 1:16.06 [INFO] - [4;90m[backend.song.Song/parseJSON#148]:[0m converting chart shattered with format unknown to psych_v1 format...
2025-04-19 | 1:16.07 [INFO] - [4;90m[backend.song.Song/loadFromJson#102]:[0m assets/shared/data/songs/shattered/shattered.json
2025-04-19 | 1:16.08 [INFO] - [4;90m[backend.song.Song/loadFromJson#103]:[0m assets\shared\data\songs\shattered\shattered.json
2025-04-19 | 1:22.21 [INFO] - [4;90m[slushi.states.freeplay.SlushiFreeplayState/moveToSong#948]:[0m CURRENT WEEK: week1
2025-04-19 | 1:22.22 [INFO] - [4;90m[backend.song.Song/getChart#120]:[0m assets/shared/data/songs/shattered/shattered.json
2025-04-19 | 1:22.23 [INFO] - [4;90m[backend.song.Song/parseJSON#148]:[0m converting chart shattered with format unknown to psych_v1 format...
2025-04-19 | 1:22.24 [INFO] - [4;90m[backend.song.Song/loadFromJson#102]:[0m assets/shared/data/songs/shattered/shattered.json
2025-04-19 | 1:22.24 [INFO] - [4;90m[backend.song.Song/loadFromJson#103]:[0m assets\shared\data\songs\shattered\shattered.json
2025-04-19 | 1:22.25 [INFO] - [4;90m[slushi.states.freeplay.SlushiFreeplayState/moveToSong#956]:[0m shattered
2025-04-19 | 1:22.26 [INFO] - [4;90m[states.LoadingState/loadNextDirectory#165]:[0m Setting asset folder to shared
2025-04-19 | 1:22.26 [WARN] - [4;90m[states.LoadingState/clearInvalidFrom#455]:[0m Removed invalid images: characters/bf/BOYFRIEND
2025-04-19 | 1:22.27 [INFO] - [4;90m[states.LoadingState/initThread#486]:[0m finished preloading song shattered/Inst
2025-04-19 | 1:22.27 [INFO] - [4;90m[states.LoadingState/initThread#486]:[0m finished preloading song shattered/Voices
2025-04-19 | 1:22.27 [INFO] - [4;90m[states.LoadingState/initThread#486]:[0m finished preloading image noteSkins/NOTE_assets
2025-04-19 | 1:22.27 [INFO] - [4;90m[states.LoadingState/initThread#486]:[0m finished preloading image noteSplashes/noteSplashes
2025-04-19 | 1:22.27 [INFO] - [4;90m[states.LoadingState/initThread#486]:[0m finished preloading image noteSkins/NOTE_assets
2025-04-19 | 1:22.27 [INFO] - [4;90m[states.LoadingState/initThread#486]:[0m finished preloading image characters/bambi/Angry Bambi
2025-04-19 | 1:22.27 [INFO] - [4;90m[states.LoadingState/initThread#486]:[0m finished preloading image characters/GF_assets
2025-04-19 | 1:22.28 [INFO] - [4;90m[states.LoadingState/initThread#486]:[0m finished preloading image HoldNoteEffect/holdCoverPurple
2025-04-19 | 1:22.28 [INFO] - [4;90m[states.LoadingState/initThread#486]:[0m finished preloading image HoldNoteEffect/holdCoverPurple
2025-04-19 | 1:22.28 [INFO] - [4;90m[states.LoadingState/initThread#486]:[0m finished preloading image HoldNoteEffect/holdCoverBlue
2025-04-19 | 1:22.28 [INFO] - [4;90m[states.LoadingState/initThread#486]:[0m finished preloading image HoldNoteEffect/holdCoverGreen
2025-04-19 | 1:23.06 [INFO] - [4;90m[states.LoadingState/checkLoaded#147]:[0m finished preloading image assets/shared/images/HoldNoteEffect/holdCoverGreen.png
2025-04-19 | 1:23.07 [INFO] - [4;90m[states.LoadingState/checkLoaded#147]:[0m finished preloading image assets/shared/images/HoldNoteEffect/holdCoverBlue.png
2025-04-19 | 1:23.08 [INFO] - [4;90m[states.LoadingState/checkLoaded#147]:[0m finished preloading image assets/shared/images/HoldNoteEffect/holdCoverPurple.png
2025-04-19 | 1:23.11 [INFO] - [4;90m[states.PlayState/create#690]:[0m [rankData => [comboRank => , rating => , accuracy => 0], comboData => [swags => 0, totalNoteCount => 0, highestCombo => 0, maxCombo => 0, misses => 0, shits => 0, sicks => 0, combo => 0, bads => 0, goods => 0, totalNotesHit => 0, totalPlayed => 0], mainData => [opponentMode => false, score => 0, difficulty => 1, name => shattered]]shattered1
2025-04-19 | 1:23.14 [SLE_INFO] - [4;90m[slushi.slushiUtils.LyricsUtils/new#35]:[0m Lyrics JSON file not found!
2025-04-19 | 1:23.15 [INFO] - [4;90m[states.PlayState/create#836]:[0m current stage, farmSunset
2025-04-19 | 1:23.16 [INFO] - [4;90m[backend.stage.Stage/setupWeekDir#193]:[0m directory: shared
2025-04-19 | 1:23.16 [INFO] - [4;90m[backend.stage.Stage/setupStageProperties#101]:[0m STAGE INFO JSON ? assets/shared/data/stages/farmSunset.json
2025-04-19 | 1:23.17 [WARN] - [4;90m[backend.stage.Stage/setupStageProperties#107]:[0m farmSunset.json not found, using the default stage
2025-04-19 | 1:23.19 [INFO] - [4;90m[backend.song.Song/getChart#120]:[0m assets/shared/data/songs/shattered/events.json
2025-04-19 | 1:23.19 [INFO] - [4;90m[backend.song.Song/parseJSON#148]:[0m converting chart events with format unknown to psych_v1 format...
2025-04-19 | 1:23.20 [INFO] - [4;90m[states.PlayState/cacheCharacter#7920]:[0m found cube
2025-04-19 | 1:23.21 [INFO] - [4;90m[states.PlayState/cacheCharacter#7920]:[0m found cube
2025-04-19 | 1:23.21 [INFO] - [4;90m[states.PlayState/cacheCharacter#7920]:[0m found bf
2025-04-19 | 1:23.22 [INFO] - [4;90m[states.PlayState/cacheCharacter#7920]:[0m found angry-bambi
2025-04-19 | 1:23.22 [INFO] - [4;90m[states.PlayState/cacheCharacter#7920]:[0m found bambi-mad-guitar
2025-04-19 | 1:25.19 [INFO] - [4;90m[states.PlayState/startSong#2375]:[0m started loading!
2025-04-19 | 1:36.58 [INFO] - [4;90m[backend.song.Song/getChart#120]:[0m assets/shared/data/songs/shattered/shattered.json
2025-04-19 | 1:36.60 [INFO] - [4;90m[backend.song.Song/parseJSON#148]:[0m converting chart shattered with format unknown to psych_v1 format...
2025-04-19 | 1:36.61 [INFO] - [4;90m[backend.song.Song/loadFromJson#102]:[0m assets/shared/data/songs/shattered/shattered.json
2025-04-19 | 1:36.62 [INFO] - [4;90m[backend.song.Song/loadFromJson#103]:[0m assets\shared\data\songs\shattered\shattered.json
2025-04-19 | 1:46.07 [ERROR] - [4;90m[backend.DiscordClient/onError#58]:[0m Discord: Error (1000: Request has been terminated
Possible causes: the network is offline, Origin is not allowed by Access-Control-Allow-Origin, the page is being unloaded, etc.)
2025-04-19 | 1:48.09 [ERROR] - [4;90m[backend.DiscordClient/onError#58]:[0m Discord: Error (1000: Request has been terminated
Possible causes: the network is offline, Origin is not allowed by Access-Control-Allow-Origin, the page is being unloaded, etc.)
2025-04-19 | 1:50.10 [ERROR] - [4;90m[backend.DiscordClient/onError#58]:[0m Discord: Error (1000: Request has been terminated
Possible causes: the network is offline, Origin is not allowed by Access-Control-Allow-Origin, the page is being unloaded, etc.)
2025-04-19 | 1:52.11 [ERROR] - [4;90m[backend.DiscordClient/onError#58]:[0m Discord: Error (1000: Request has been terminated
Possible causes: the network is offline, Origin is not allowed by Access-Control-Allow-Origin, the page is being unloaded, etc.)
2025-04-19 | 1:54.12 [ERROR] - [4;90m[backend.DiscordClient/onError#58]:[0m Discord: Error (1000: Request has been terminated
Possible causes: the network is offline, Origin is not allowed by Access-Control-Allow-Origin, the page is being unloaded, etc.)
2025-04-19 | 1:56.13 [ERROR] - [4;90m[backend.DiscordClient/onError#58]:[0m Discord: Error (1000: Request has been terminated
Possible causes: the network is offline, Origin is not allowed by Access-Control-Allow-Origin, the page is being unloaded, etc.)
2025-04-19 | 1:58.14 [ERROR] - [4;90m[backend.DiscordClient/onError#58]:[0m Discord: Error (1000: Request has been terminated
Possible causes: the network is offline, Origin is not allowed by Access-Control-Allow-Origin, the page is being unloaded, etc.)
2025-04-19 | 2:00.15 [ERROR] - [4;90m[backend.DiscordClient/onError#58]:[0m Discord: Error (1000: Request has been terminated
Possible causes: the network is offline, Origin is not allowed by Access-Control-Allow-Origin, the page is being unloaded, etc.)
2025-04-19 | 2:02.16 [ERROR] - [4;90m[backend.DiscordClient/onError#58]:[0m Discord: Error (1000: Request has been terminated
Possible causes: the network is offline, Origin is not allowed by Access-Control-Allow-Origin, the page is being unloaded, etc.)
2025-04-19 | 2:07.53 [INFO] - [4;90m[slushi.states.freeplay.SlushiFreeplayState/moveToSong#948]:[0m CURRENT WEEK: week4
2025-04-19 | 2:07.54 [INFO] - [4;90m[backend.song.Song/getChart#120]:[0m assets/shared/data/songs/acquaintance/acquaintance.json
2025-04-19 | 2:07.59 [INFO] - [4;90m[backend.song.Song/parseJSON#148]:[0m converting chart acquaintance with format unknown to psych_v1 format...
2025-04-19 | 2:07.60 [INFO] - [4;90m[backend.song.Song/loadFromJson#102]:[0m assets/shared/data/songs/acquaintance/acquaintance.json
2025-04-19 | 2:07.61 [INFO] - [4;90m[backend.song.Song/loadFromJson#103]:[0m assets\shared\data\songs\acquaintance\acquaintance.json
2025-04-19 | 2:07.61 [INFO] - [4;90m[slushi.states.freeplay.SlushiFreeplayState/moveToSong#956]:[0m acquaintance
2025-04-19 | 2:07.62 [INFO] - [4;90m[states.LoadingState/loadNextDirectory#165]:[0m Setting asset folder to shared
2025-04-19 | 2:07.63 [WARN] - [4;90m[states.LoadingState/clearInvalidFrom#455]:[0m Removed invalid images: characters/bf/BOYFRIEND
2025-04-19 | 2:07.64 [WARN] - [4;90m[states.LoadingState/clearInvalidFrom#455]:[0m Removed invalid songs: acquaintance/Inst
2025-04-19 | 2:07.65 [INFO] - [4;90m[states.LoadingState/initThread#486]:[0m finished preloading image noteSkins/NOTE_assets
2025-04-19 | 2:07.65 [INFO] - [4;90m[states.LoadingState/initThread#486]:[0m finished preloading image noteSkins/NOTE_assets
2025-04-19 | 2:07.65 [INFO] - [4;90m[states.LoadingState/initThread#486]:[0m finished preloading image characters/GF_assets
2025-04-19 | 2:07.65 [INFO] - [4;90m[states.LoadingState/initThread#486]:[0m finished preloading image HoldNoteEffect/holdCoverPurple
2025-04-19 | 2:07.65 [INFO] - [4;90m[states.LoadingState/initThread#486]:[0m finished preloading image HoldNoteEffect/holdCoverBlue
2025-04-19 | 2:07.65 [INFO] - [4;90m[states.LoadingState/initThread#486]:[0m finished preloading image HoldNoteEffect/holdCoverGreen
2025-04-19 | 2:07.65 [INFO] - [4;90m[states.LoadingState/initThread#486]:[0m finished preloading image HoldNoteEffect/holdCoverPurple
2025-04-19 | 2:07.78 [INFO] - [4;90m[states.LoadingState/initThread#486]:[0m finished preloading image noteSplashes
2025-04-19 | 2:08.17 [INFO] - [4;90m[states.LoadingState/initThread#486]:[0m finished preloading image characters/bandu/Bandu
2025-04-19 | 2:08.43 [INFO] - [4;90m[states.LoadingState/checkLoaded#147]:[0m finished preloading image assets/shared/images/characters/bandu/Bandu.png
2025-04-19 | 2:08.43 [INFO] - [4;90m[states.LoadingState/checkLoaded#147]:[0m finished preloading image assets/shared/images/HoldNoteEffect/holdCoverBlue.png
2025-04-19 | 2:08.44 [INFO] - [4;90m[states.LoadingState/checkLoaded#147]:[0m finished preloading image assets/shared/images/HoldNoteEffect/holdCoverGreen.png
2025-04-19 | 2:08.44 [INFO] - [4;90m[states.LoadingState/checkLoaded#147]:[0m finished preloading image assets/shared/images/HoldNoteEffect/holdCoverPurple.png
2025-04-19 | 2:08.45 [INFO] - [4;90m[states.LoadingState/checkLoaded#147]:[0m finished preloading image assets/shared/images/noteSplashes.png
2025-04-19 | 2:08.48 [INFO] - [4;90m[states.PlayState/create#690]:[0m [rankData => [comboRank => , rating => , accuracy => 0], comboData => [swags => 0, totalNoteCount => 0, highestCombo => 0, maxCombo => 0, misses => 0, shits => 0, sicks => 0, combo => 0, bads => 0, goods => 0, totalNotesHit => 0, totalPlayed => 0], mainData => [opponentMode => false, score => 0, difficulty => 1, name => acquaintance]]acquaintance1
2025-04-19 | 2:12.24 [SLE_INFO] - [4;90m[slushi.slushiUtils.LyricsUtils/new#35]:[0m Lyrics JSON file not found!
2025-04-19 | 2:12.27 [INFO] - [4;90m[states.PlayState/create#836]:[0m current stage, applecore
2025-04-19 | 2:12.28 [INFO] - [4;90m[backend.stage.Stage/setupWeekDir#193]:[0m directory: shared
2025-04-19 | 2:12.28 [INFO] - [4;90m[backend.stage.Stage/setupStageProperties#101]:[0m STAGE INFO JSON ? assets/shared/data/stages/applecore.json
2025-04-19 | 2:12.29 [WARN] - [4;90m[backend.stage.Stage/setupStageProperties#107]:[0m applecore.json not found, using the default stage
2025-04-19 | 2:13.11 [INFO] - [4;90m[backend.song.Song/getChart#120]:[0m assets/shared/data/songs/acquaintance/events.json
2025-04-19 | 2:13.15 [INFO] - [4;90m[backend.song.Song/parseJSON#148]:[0m converting chart events with format unknown to psych_v1 format...
2025-04-19 | 2:13.58 [INFO] - [4;90m[states.PlayState/cacheCharacter#7920]:[0m found paulp
2025-04-19 | 2:16.05 [INFO] - [4;90m[states.PlayState/startSong#2375]:[0m started loading!
2025-04-19 | 2:32.62 [ERROR] - [4;90m[slushi.slushiUtils.crashHandler.CrashHandler/onUncaughtError#164]:[0m 
CRASH:
[38;5;1mCall Stack:
[4mshaders/RGBPixelShader.hx#17[24m
objects/note/NoteSplash.hx#310
states/PlayState.hx#6825
states/PlayState.hx#6817
states/PlayState.hx#5713
states/PlayState.hx#6476
states/PlayState.hx#3675
flixel/group/FlxGroup.hx#791
states/PlayState.hx#3657
flixel/FlxState.hx#241
flixel/FlxGame.hx#750

Uncaught Error:
Null Object Reference[0m


2025-04-19 | 2:32.69 [INFO] - [4;90m[slushi.slushiUtils.crashHandler.CrashHandler/onUncaughtError#167]:[0m Starting Crash Handler in game
2025-04-19 | 2:44.06 [INFO] - [4;90m[backend.song.Song/getChart#120]:[0m assets/shared/data/songs/acquaintance/acquaintance.json
2025-04-19 | 2:44.07 [INFO] - [4;90m[backend.song.Song/parseJSON#148]:[0m converting chart acquaintance with format unknown to psych_v1 format...
2025-04-19 | 2:44.07 [INFO] - [4;90m[backend.song.Song/loadFromJson#102]:[0m assets/shared/data/songs/acquaintance/acquaintance.json
2025-04-19 | 2:44.08 [INFO] - [4;90m[backend.song.Song/loadFromJson#103]:[0m assets\shared\data\songs\acquaintance\acquaintance.json
2025-04-19 | 2:48.43 [INFO] - [4;90m[slushi.states.freeplay.SlushiFreeplayState/moveToSong#948]:[0m CURRENT WEEK: week4
2025-04-19 | 2:48.43 [INFO] - [4;90m[backend.song.Song/getChart#120]:[0m assets/shared/data/songs/acquaintance/acquaintance.json
2025-04-19 | 2:48.44 [INFO] - [4;90m[backend.song.Song/parseJSON#148]:[0m converting chart acquaintance with format unknown to psych_v1 format...
2025-04-19 | 2:48.45 [INFO] - [4;90m[backend.song.Song/loadFromJson#102]:[0m assets/shared/data/songs/acquaintance/acquaintance.json
2025-04-19 | 2:48.45 [INFO] - [4;90m[backend.song.Song/loadFromJson#103]:[0m assets\shared\data\songs\acquaintance\acquaintance.json
2025-04-19 | 2:48.46 [INFO] - [4;90m[slushi.states.freeplay.SlushiFreeplayState/moveToSong#956]:[0m acquaintance
2025-04-19 | 2:48.47 [INFO] - [4;90m[states.LoadingState/loadNextDirectory#165]:[0m Setting asset folder to shared
2025-04-19 | 2:48.47 [WARN] - [4;90m[states.LoadingState/clearInvalidFrom#455]:[0m Removed invalid images: characters/bf/BOYFRIEND
2025-04-19 | 2:48.48 [WARN] - [4;90m[states.LoadingState/clearInvalidFrom#455]:[0m Removed invalid songs: acquaintance/Inst
2025-04-19 | 2:48.48 [INFO] - [4;90m[states.LoadingState/initThread#486]:[0m finished preloading image noteSkins/NOTE_assets
2025-04-19 | 2:48.48 [INFO] - [4;90m[states.LoadingState/initThread#486]:[0m finished preloading image noteSplashes
2025-04-19 | 2:48.49 [INFO] - [4;90m[states.LoadingState/initThread#486]:[0m finished preloading image noteSkins/NOTE_assets
2025-04-19 | 2:48.49 [INFO] - [4;90m[states.LoadingState/initThread#486]:[0m finished preloading image characters/bandu/Bandu
2025-04-19 | 2:48.49 [INFO] - [4;90m[states.LoadingState/initThread#486]:[0m finished preloading image characters/GF_assets
2025-04-19 | 2:48.49 [INFO] - [4;90m[states.LoadingState/initThread#486]:[0m finished preloading image HoldNoteEffect/holdCoverBlue
2025-04-19 | 2:48.49 [INFO] - [4;90m[states.LoadingState/initThread#486]:[0m finished preloading image HoldNoteEffect/holdCoverPurple
2025-04-19 | 2:48.49 [INFO] - [4;90m[states.LoadingState/initThread#486]:[0m finished preloading image HoldNoteEffect/holdCoverGreen
2025-04-19 | 2:48.49 [INFO] - [4;90m[states.LoadingState/initThread#486]:[0m finished preloading image HoldNoteEffect/holdCoverPurple
2025-04-19 | 2:49.17 [SLE_INFO] - [4;90m[slushi.SlushiMain/onCloseWindow#105]:[0m Reseting all C++ functions...

2025-04-19 | 2:49.26 [INFO] - [4;90m[states.LoadingState/checkLoaded#147]:[0m finished preloading image assets/shared/images/HoldNoteEffect/holdCoverGreen.png
2025-04-19 | 2:49.27 [INFO] - [4;90m[states.LoadingState/checkLoaded#147]:[0m finished preloading image assets/shared/images/HoldNoteEffect/holdCoverPurple.png
2025-04-19 | 2:49.28 [INFO] - [4;90m[states.LoadingState/checkLoaded#147]:[0m finished preloading image assets/shared/images/HoldNoteEffect/holdCoverBlue.png
2025-04-19 | 2:49.30 [INFO] - [4;90m[states.PlayState/create#690]:[0m [rankData => [comboRank => , rating => , accuracy => 0], comboData => [swags => 0, totalNoteCount => 0, highestCombo => 0, maxCombo => 0, misses => 0, shits => 0, sicks => 0, combo => 0, bads => 0, goods => 0, totalNotesHit => 0, totalPlayed => 0], mainData => [opponentMode => false, score => 0, difficulty => 1, name => acquaintance]]acquaintance1
2025-04-19 | 2:49.34 [SLE_INFO] - [4;90m[slushi.slushiUtils.LyricsUtils/new#35]:[0m Lyrics JSON file not found!
2025-04-19 | 2:49.35 [INFO] - [4;90m[states.PlayState/create#836]:[0m current stage, applecore
2025-04-19 | 2:49.35 [INFO] - [4;90m[backend.stage.Stage/setupWeekDir#193]:[0m directory: shared
2025-04-19 | 2:49.36 [INFO] - [4;90m[backend.stage.Stage/setupStageProperties#101]:[0m STAGE INFO JSON ? assets/shared/data/stages/applecore.json
2025-04-19 | 2:49.36 [WARN] - [4;90m[backend.stage.Stage/setupStageProperties#107]:[0m applecore.json not found, using the default stage
2025-04-19 | 2:49.38 [INFO] - [4;90m[backend.song.Song/getChart#120]:[0m assets/shared/data/songs/acquaintance/events.json
2025-04-19 | 2:49.39 [INFO] - [4;90m[backend.song.Song/parseJSON#148]:[0m converting chart events with format unknown to psych_v1 format...
2025-04-19 | 2:49.65 [INFO] - [4;90m[states.PlayState/cacheCharacter#7920]:[0m found paulp
2025-04-19 | 2:51.99 [INFO] - [4;90m[states.PlayState/startSong#2375]:[0m started loading!
2025-04-19 | 2:55.06 [SLE_INFO] - [4;90m[slushi.SlushiMain/onCloseWindow#105]:[0m Reseting all C++ functions...

2025-04-19 | 2:55.07 [WARN] - [4;90m[states.PlayState/update#3532]:[0m Warning! Delay is too fucking high!!
2025-04-19 | 2:55.07 [WARN] - [4;90m[states.PlayState/update#3532]:[0m Warning! Delay is too fucking high!!
2025-04-19 | 2:55.09 [WARN] - [4;90m[states.PlayState/update#3532]:[0m Warning! Delay is too fucking high!!
2025-04-19 | 2:55.10 [WARN] - [4;90m[states.PlayState/update#3532]:[0m Warning! Delay is too fucking high!!
2025-04-19 | 2:55.12 [WARN] - [4;90m[states.PlayState/update#3532]:[0m Warning! Delay is too fucking high!!
2025-04-19 | 2:55.13 [WARN] - [4;90m[states.PlayState/update#3532]:[0m Warning! Delay is too fucking high!!
2025-04-19 | 2:55.15 [WARN] - [4;90m[states.PlayState/update#3532]:[0m Warning! Delay is too fucking high!!
2025-04-19 | 2:55.18 [WARN] - [4;90m[states.PlayState/update#3532]:[0m Warning! Delay is too fucking high!!
2025-04-19 | 2:55.19 [WARN] - [4;90m[states.PlayState/update#3532]:[0m Warning! Delay is too fucking high!!
