2025-04-29 | 0:00.00 [INFO] - [4;90m[slushi.slushiUtils.Debug/onInitProgram#237]:[0m Debug logging initialized. Hello, developer.
2025-04-29 | 0:00.00 [INFO] - [4;90m[slushi.slushiUtils.Debug/onInitProgram#242]:[0m This is a RELEASE build.
2025-04-29 | 0:00.01 [INFO] - [4;90m[slushi.slushiUtils.Debug/onInitProgram#244]:[0m HaxeFlixel version: HaxeFlixel 5.9.0
2025-04-29 | 0:00.01 [SLE_INFO] - [4;90m[slushi.slushiUtils.Debug/onInitProgram#245]:[0m Slushi Engine version: 0.4.0
2025-04-29 | 0:00.02 [INFO] - [4;90m[slushi.slushiUtils.Debug/onInitProgram#246]:[0m SC Engine version: 1.5.2 (4eaf8c4)
2025-04-29 | 0:00.03 [INFO] - [4;90m[slushi.slushiUtils.Debug/onInitProgram#247]:[0m This is a custom build of PE. Current version: 1.04
2025-04-29 | 0:00.04 [INFO] - [4;90m[backend.DiscordClient/initialize#74]:[0m Discord Client initialized
2025-04-29 | 0:00.05 [INFO] - [4;90m[objects.AlphaCharacter/loadAlphabetData#312]:[0m Reloaded letters successfully (assets/shared/images/alphabet.json)!
2025-04-29 | 0:00.06 [SLE_INFO] - [4;90m[slushi.windows.WindowsFuncs/saveCurrentWindowsWallpaper#49]:[0m Wallpaper Path: C:\Users\yuyio\AppData\Roaming\Microsoft\Windows\Themes\TranscodedWallpaper
2025-04-29 | 0:00.07 [SLE_INFO] - [4;90m[slushi.windows.WindowsFuncs/saveCurrentWindowsWallpaper#50]:[0m Saving the path in a private variable...
2025-04-29 | 0:00.36 [SLE_INFO] - [4;90m[slushi.others.systemUtils.SystemInfo/formatSysInfo#159]:[0m 

System: Microsoft Windows 11 Home 10.0.22631
CPU: AMD Ryzen 7 5700X 8-Core Processor x86 64-Bit
GPU: AMD Radeon RX 6700 XT
Total RAM: 24 GB DDR4

2025-04-29 | 0:00.38 [SLE_INFO] - [4;90m[slushi.SlushiMain/getBuildVer#151]:[0m Checking for new version...
2025-04-29 | 0:00.74 [SLE_INFO] - [4;90m[slushi.SlushiMain/getBuildVer#170]:[0m Version online: [0.4.0], this version: [0.4.0]
2025-04-29 | 0:00.75 [SLE_INFO] - [4;90m[slushi.SlushiMain/getBuildVer#189]:[0m Versions are matching!
2025-04-29 | 0:02.05 [INFO] - [4;90m[backend.DiscordClient/onReady#52]:[0m (Discord) Connected to User (dddsss10_19168)
2025-04-29 | 0:32.68 [INFO] - [4;90m[slushi.states.freeplay.SlushiFreeplayState/moveToSong#948]:[0m CURRENT WEEK: week1
2025-04-29 | 0:32.68 [INFO] - [4;90m[backend.song.Song/getChart#120]:[0m assets/shared/data/songs/fallowed/fallowed.json
2025-04-29 | 0:32.70 [INFO] - [4;90m[backend.song.Song/parseJSON#148]:[0m converting chart fallowed with format unknown to psych_v1 format...
2025-04-29 | 0:32.71 [INFO] - [4;90m[backend.song.Song/loadFromJson#102]:[0m assets/shared/data/songs/fallowed/fallowed.json
2025-04-29 | 0:32.72 [INFO] - [4;90m[backend.song.Song/loadFromJson#103]:[0m assets\shared\data\songs\fallowed\fallowed.json
2025-04-29 | 0:32.72 [INFO] - [4;90m[slushi.states.freeplay.SlushiFreeplayState/moveToSong#956]:[0m fallowed
2025-04-29 | 0:32.73 [WARN] - [4;90m[states.LoadingState/clearInvalidFrom#455]:[0m Removed invalid images: characters/bf/BOYFRIEND
2025-04-29 | 0:32.73 [INFO] - [4;90m[states.LoadingState/loadNextDirectory#165]:[0m Setting asset folder to shared
2025-04-29 | 0:32.73 [WARN] - [4;90m[states.LoadingState/clearInvalidFrom#455]:[0m Removed invalid songs: fallowed/Inst
2025-04-29 | 0:32.75 [INFO] - [4;90m[states.LoadingState/initThread#486]:[0m finished preloading image HoldNoteEffect/holdCoverBlue
2025-04-29 | 0:32.75 [INFO] - [4;90m[states.LoadingState/initThread#486]:[0m finished preloading image HoldNoteEffect/holdCoverPurple
2025-04-29 | 0:32.75 [INFO] - [4;90m[states.LoadingState/initThread#486]:[0m finished preloading image HoldNoteEffect/holdCoverGreen
2025-04-29 | 0:32.75 [INFO] - [4;90m[states.LoadingState/initThread#486]:[0m finished preloading image HoldNoteEffect/holdCoverPurple
2025-04-29 | 0:32.76 [INFO] - [4;90m[states.LoadingState/initThread#486]:[0m finished preloading image noteSplashes/noteSplashes
2025-04-29 | 0:32.77 [INFO] - [4;90m[states.LoadingState/initThread#486]:[0m finished preloading image noteSkins/NOTE_assets
2025-04-29 | 0:32.77 [INFO] - [4;90m[states.LoadingState/initThread#486]:[0m finished preloading image noteSkins/NOTE_assets
2025-04-29 | 0:33.09 [INFO] - [4;90m[states.LoadingState/initThread#486]:[0m finished preloading image characters/bambi/bambi-rage
2025-04-29 | 0:33.23 [INFO] - [4;90m[states.LoadingState/initThread#486]:[0m finished preloading image characters/GF_assets
2025-04-29 | 0:33.50 [INFO] - [4;90m[states.LoadingState/checkLoaded#147]:[0m finished preloading image assets/shared/images/noteSplashes/noteSplashes.png
2025-04-29 | 0:33.51 [INFO] - [4;90m[states.LoadingState/checkLoaded#147]:[0m finished preloading image assets/shared/images/HoldNoteEffect/holdCoverBlue.png
2025-04-29 | 0:33.62 [INFO] - [4;90m[states.LoadingState/checkLoaded#147]:[0m finished preloading image assets/shared/images/characters/GF_assets.png
2025-04-29 | 0:33.67 [INFO] - [4;90m[states.LoadingState/checkLoaded#147]:[0m finished preloading image assets/shared/images/characters/bambi/bambi-rage.png
2025-04-29 | 0:33.68 [INFO] - [4;90m[states.LoadingState/checkLoaded#147]:[0m finished preloading image assets/shared/images/HoldNoteEffect/holdCoverGreen.png
2025-04-29 | 0:33.68 [INFO] - [4;90m[states.LoadingState/checkLoaded#147]:[0m finished preloading image assets/shared/images/noteSkins/NOTE_assets.png
2025-04-29 | 0:33.69 [INFO] - [4;90m[states.LoadingState/checkLoaded#147]:[0m finished preloading image assets/shared/images/HoldNoteEffect/holdCoverPurple.png
2025-04-29 | 0:33.72 [INFO] - [4;90m[states.PlayState/create#852]:[0m [rankData => [comboRank => , rating => , accuracy => 0], comboData => [swags => 0, totalNoteCount => 0, highestCombo => 0, maxCombo => 0, misses => 0, shits => 0, sicks => 0, combo => 0, bads => 0, goods => 0, totalNotesHit => 0, totalPlayed => 0], mainData => [opponentMode => false, score => 0, difficulty => 1, name => fallowed]]fallowed1
2025-04-29 | 0:33.74 [SLE_INFO] - [4;90m[slushi.slushiUtils.LyricsUtils/new#35]:[0m Lyrics JSON file not found!
2025-04-29 | 0:33.97 [INFO] - [4;90m[states.PlayState/create#998]:[0m current stage, farmNight
2025-04-29 | 0:33.97 [INFO] - [4;90m[backend.stage.Stage/setupWeekDir#193]:[0m directory: shared
2025-04-29 | 0:33.98 [INFO] - [4;90m[backend.stage.Stage/setupStageProperties#101]:[0m STAGE INFO JSON ? assets/shared/data/stages/farmNight.json
2025-04-29 | 0:33.99 [WARN] - [4;90m[backend.stage.Stage/setupStageProperties#107]:[0m farmNight.json not found, using the default stage
2025-04-29 | 0:35.31 [INFO] - [4;90m[backend.song.Song/getChart#120]:[0m assets/shared/data/songs/fallowed/events.json
2025-04-29 | 0:35.32 [INFO] - [4;90m[backend.song.Song/parseJSON#148]:[0m converting chart events with format unknown to psych_v1 format...
2025-04-29 | 0:36.55 [INFO] - [4;90m[states.PlayState/cacheCharacter#9904]:[0m found bambi-god2d
2025-04-29 | 0:40.03 [INFO] - [4;90m[states.PlayState/startSong#2707]:[0m started loading!
2025-04-29 | 0:40.04 [WARN] - [4;90m[states.PlayState/update#4278]:[0m Warning! Delay is too fucking high!!
2025-04-29 | 0:40.06 [WARN] - [4;90m[states.PlayState/update#4278]:[0m Warning! Delay is too fucking high!!
2025-04-29 | 0:40.07 [WARN] - [4;90m[states.PlayState/update#4278]:[0m Warning! Delay is too fucking high!!
2025-04-29 | 0:40.08 [WARN] - [4;90m[states.PlayState/update#4278]:[0m Warning! Delay is too fucking high!!
2025-04-29 | 0:40.09 [WARN] - [4;90m[states.PlayState/update#4278]:[0m Warning! Delay is too fucking high!!
2025-04-29 | 0:40.11 [WARN] - [4;90m[states.PlayState/update#4278]:[0m Warning! Delay is too fucking high!!
2025-04-29 | 0:40.13 [WARN] - [4;90m[states.PlayState/update#4278]:[0m Warning! Delay is too fucking high!!
2025-04-29 | 0:40.17 [WARN] - [4;90m[states.PlayState/update#4278]:[0m Warning! Delay is too fucking high!!
2025-04-29 | 1:05.24 [INFO] - [4;90m[backend.song.Song/getChart#120]:[0m assets/shared/data/songs/fallowed/fallowed.json
2025-04-29 | 1:05.26 [INFO] - [4;90m[backend.song.Song/parseJSON#148]:[0m converting chart fallowed with format unknown to psych_v1 format...
2025-04-29 | 1:05.27 [INFO] - [4;90m[backend.song.Song/loadFromJson#102]:[0m assets/shared/data/songs/fallowed/fallowed.json
2025-04-29 | 1:05.27 [INFO] - [4;90m[backend.song.Song/loadFromJson#103]:[0m assets\shared\data\songs\fallowed\fallowed.json
2025-04-29 | 1:10.37 [INFO] - [4;90m[slushi.states.freeplay.SlushiFreeplayState/moveToSong#948]:[0m CURRENT WEEK: week2
2025-04-29 | 1:10.37 [INFO] - [4;90m[backend.song.Song/getChart#120]:[0m assets/shared/data/songs/disposition/disposition.json
2025-04-29 | 1:10.45 [INFO] - [4;90m[backend.song.Song/parseJSON#148]:[0m converting chart disposition with format unknown to psych_v1 format...
2025-04-29 | 1:10.45 [INFO] - [4;90m[backend.song.Song/loadFromJson#102]:[0m assets/shared/data/songs/disposition/disposition.json
2025-04-29 | 1:10.46 [INFO] - [4;90m[backend.song.Song/loadFromJson#103]:[0m assets\shared\data\songs\disposition\disposition.json
2025-04-29 | 1:10.47 [INFO] - [4;90m[slushi.states.freeplay.SlushiFreeplayState/moveToSong#956]:[0m disposition
2025-04-29 | 1:10.47 [INFO] - [4;90m[states.LoadingState/loadNextDirectory#165]:[0m Setting asset folder to shared
2025-04-29 | 1:10.50 [WARN] - [4;90m[states.LoadingState/clearInvalidFrom#455]:[0m Removed invalid images: characters/bf/BOYFRIEND
2025-04-29 | 1:10.50 [WARN] - [4;90m[states.LoadingState/clearInvalidFrom#455]:[0m Removed invalid songs: disposition/Inst
2025-04-29 | 1:10.51 [INFO] - [4;90m[states.LoadingState/initThread#486]:[0m finished preloading image noteSkins/NOTE_assets
2025-04-29 | 1:10.51 [INFO] - [4;90m[states.LoadingState/initThread#486]:[0m finished preloading image noteSplashes/noteSplashes
2025-04-29 | 1:10.51 [INFO] - [4;90m[states.LoadingState/initThread#486]:[0m finished preloading image noteSkins/NOTE_assets
2025-04-29 | 1:10.51 [INFO] - [4;90m[states.LoadingState/initThread#486]:[0m finished preloading image characters/GF_assets
2025-04-29 | 1:10.51 [INFO] - [4;90m[states.LoadingState/initThread#486]:[0m finished preloading image HoldNoteEffect/holdCoverBlue
2025-04-29 | 1:10.51 [INFO] - [4;90m[states.LoadingState/initThread#486]:[0m finished preloading image HoldNoteEffect/holdCoverPurple
2025-04-29 | 1:10.51 [INFO] - [4;90m[states.LoadingState/initThread#486]:[0m finished preloading image HoldNoteEffect/holdCoverGreen
2025-04-29 | 1:10.51 [INFO] - [4;90m[states.LoadingState/initThread#486]:[0m finished preloading image HoldNoteEffect/holdCoverPurple
2025-04-29 | 1:11.27 [INFO] - [4;90m[states.LoadingState/checkLoaded#147]:[0m finished preloading image assets/shared/images/HoldNoteEffect/holdCoverGreen.png
2025-04-29 | 1:11.28 [INFO] - [4;90m[states.LoadingState/checkLoaded#147]:[0m finished preloading image assets/shared/images/HoldNoteEffect/holdCoverPurple.png
2025-04-29 | 1:11.29 [INFO] - [4;90m[states.LoadingState/checkLoaded#147]:[0m finished preloading image assets/shared/images/HoldNoteEffect/holdCoverBlue.png
2025-04-29 | 1:11.42 [INFO] - [4;90m[states.LoadingState/initThread#486]:[0m finished preloading image characters/expunged/404 Phase 2
2025-04-29 | 1:11.57 [INFO] - [4;90m[states.LoadingState/checkLoaded#147]:[0m finished preloading image assets/shared/images/characters/expunged/404 Phase 2.png
2025-04-29 | 1:11.61 [INFO] - [4;90m[states.PlayState/create#852]:[0m [rankData => [comboRank => , rating => , accuracy => 0], comboData => [swags => 0, totalNoteCount => 0, highestCombo => 0, maxCombo => 0, misses => 0, shits => 0, sicks => 0, combo => 0, bads => 0, goods => 0, totalNotesHit => 0, totalPlayed => 0], mainData => [opponentMode => false, score => 0, difficulty => 1, name => disposition]]disposition1
2025-04-29 | 1:11.63 [SLE_INFO] - [4;90m[slushi.slushiUtils.LyricsUtils/new#35]:[0m Lyrics JSON file not found!
2025-04-29 | 1:11.68 [INFO] - [4;90m[states.PlayState/create#998]:[0m current stage, bambersHell
2025-04-29 | 1:11.68 [INFO] - [4;90m[backend.stage.Stage/setupWeekDir#193]:[0m directory: shared
2025-04-29 | 1:11.69 [INFO] - [4;90m[backend.stage.Stage/setupStageProperties#101]:[0m STAGE INFO JSON ? assets/shared/data/stages/bambersHell.json
2025-04-29 | 1:12.92 [INFO] - [4;90m[backend.song.Song/getChart#120]:[0m assets/shared/data/songs/disposition/events.json
2025-04-29 | 1:15.09 [INFO] - [4;90m[states.PlayState/startSong#2707]:[0m started loading!
2025-04-29 | 1:15.10 [WARN] - [4;90m[states.PlayState/update#4278]:[0m Warning! Delay is too fucking high!!
2025-04-29 | 1:15.11 [WARN] - [4;90m[states.PlayState/update#4278]:[0m Warning! Delay is too fucking high!!
2025-04-29 | 1:15.11 [WARN] - [4;90m[states.PlayState/update#4278]:[0m Warning! Delay is too fucking high!!
2025-04-29 | 1:15.12 [WARN] - [4;90m[states.PlayState/update#4278]:[0m Warning! Delay is too fucking high!!
2025-04-29 | 1:15.14 [WARN] - [4;90m[states.PlayState/update#4278]:[0m Warning! Delay is too fucking high!!
2025-04-29 | 1:15.16 [WARN] - [4;90m[states.PlayState/update#4278]:[0m Warning! Delay is too fucking high!!
2025-04-29 | 1:15.19 [WARN] - [4;90m[states.PlayState/update#4278]:[0m Warning! Delay is too fucking high!!
2025-04-29 | 1:15.21 [WARN] - [4;90m[states.PlayState/update#4278]:[0m Warning! Delay is too fucking high!!
2025-04-29 | 1:15.25 [WARN] - [4;90m[states.PlayState/update#4278]:[0m Warning! Delay is too fucking high!!
2025-04-29 | 1:39.77 [INFO] - [4;90m[states.LoadingState/loadNextDirectory#165]:[0m Setting asset folder to shared
2025-04-29 | 1:40.57 [INFO] - [4;90m[states.PlayState/create#852]:[0m [rankData => [comboRank => , rating => , accuracy => 0], comboData => [swags => 0, totalNoteCount => 0, highestCombo => 0, maxCombo => 0, misses => 0, shits => 0, sicks => 0, combo => 0, bads => 0, goods => 0, totalNotesHit => 0, totalPlayed => 0], mainData => [opponentMode => false, score => 0, difficulty => 1, name => disposition]]disposition1
2025-04-29 | 1:40.59 [SLE_INFO] - [4;90m[slushi.slushiUtils.LyricsUtils/new#35]:[0m Lyrics JSON file not found!
2025-04-29 | 1:40.60 [INFO] - [4;90m[states.PlayState/create#998]:[0m current stage, bambersHell
2025-04-29 | 1:40.61 [INFO] - [4;90m[backend.stage.Stage/setupWeekDir#193]:[0m directory: shared
2025-04-29 | 1:40.61 [INFO] - [4;90m[backend.stage.Stage/setupStageProperties#101]:[0m STAGE INFO JSON ? assets/shared/data/stages/bambersHell.json
2025-04-29 | 1:40.66 [INFO] - [4;90m[backend.song.Song/getChart#120]:[0m assets/shared/data/songs/disposition/events.json
2025-04-29 | 1:42.74 [INFO] - [4;90m[states.PlayState/startSong#2707]:[0m started loading!
2025-04-29 | 2:45.05 [WARN] - [4;90m[states.PlayState/update#4278]:[0m Warning! Delay is too fucking high!!
2025-04-29 | 2:45.07 [WARN] - [4;90m[states.PlayState/update#4278]:[0m Warning! Delay is too fucking high!!
2025-04-29 | 2:45.08 [WARN] - [4;90m[states.PlayState/update#4278]:[0m Warning! Delay is too fucking high!!
2025-04-29 | 2:45.09 [WARN] - [4;90m[states.PlayState/update#4278]:[0m Warning! Delay is too fucking high!!
2025-04-29 | 2:45.11 [WARN] - [4;90m[states.PlayState/update#4278]:[0m Warning! Delay is too fucking high!!
2025-04-29 | 2:45.13 [WARN] - [4;90m[states.PlayState/update#4278]:[0m Warning! Delay is too fucking high!!
2025-04-29 | 2:45.15 [WARN] - [4;90m[states.PlayState/update#4278]:[0m Warning! Delay is too fucking high!!
2025-04-29 | 2:45.17 [WARN] - [4;90m[states.PlayState/update#4278]:[0m Warning! Delay is too fucking high!!
2025-04-29 | 2:45.21 [WARN] - [4;90m[states.PlayState/update#4278]:[0m Warning! Delay is too fucking high!!
2025-04-29 | 3:17.89 [SLE_INFO] - [4;90m[slushi.SlushiMain/onCloseWindow#105]:[0m Reseting all C++ functions...

