2025-04-19 | 0:00.00 [INFO] - [4;90m[slushi.slushiUtils.Debug/onInitProgram#237]:[0m Debug logging initialized. Hello, developer.
2025-04-19 | 0:00.00 [INFO] - [4;90m[slushi.slushiUtils.Debug/onInitProgram#242]:[0m This is a RELEASE build.
2025-04-19 | 0:00.01 [INFO] - [4;90m[slushi.slushiUtils.Debug/onInitProgram#244]:[0m HaxeFlixel version: HaxeFlixel 5.9.0
2025-04-19 | 0:00.01 [SLE_INFO] - [4;90m[slushi.slushiUtils.Debug/onInitProgram#245]:[0m Slushi Engine version: 0.4.0
2025-04-19 | 0:00.02 [INFO] - [4;90m[slushi.slushiUtils.Debug/onInitProgram#246]:[0m SC Engine version: 1.5.2 (4eaf8c4)
2025-04-19 | 0:00.03 [INFO] - [4;90m[slushi.slushiUtils.Debug/onInitProgram#247]:[0m This is a custom build of PE. Current version: 1.04
2025-04-19 | 0:00.04 [INFO] - [4;90m[backend.DiscordClient/initialize#74]:[0m Discord Client initialized
2025-04-19 | 0:00.04 [INFO] - [4;90m[objects.AlphaCharacter/loadAlphabetData#312]:[0m Reloaded letters successfully (assets/shared/images/alphabet.json)!
2025-04-19 | 0:00.05 [SLE_INFO] - [4;90m[slushi.windows.WindowsFuncs/saveCurrentWindowsWallpaper#49]:[0m Wallpaper Path: C:\Users\yuyio\AppData\Roaming\Microsoft\Windows\Themes\TranscodedWallpaper
2025-04-19 | 0:00.06 [SLE_INFO] - [4;90m[slushi.windows.WindowsFuncs/saveCurrentWindowsWallpaper#50]:[0m Saving the path in a private variable...
2025-04-19 | 0:00.35 [SLE_INFO] - [4;90m[slushi.others.systemUtils.SystemInfo/formatSysInfo#159]:[0m 

System: Microsoft Windows 11 Home 10.0.22631
CPU: AMD Ryzen 7 5700X 8-Core Processor x86 64-Bit
GPU: AMD Radeon RX 6700 XT
Total RAM: 24 GB DDR4

2025-04-19 | 0:00.37 [SLE_INFO] - [4;90m[slushi.SlushiMain/getBuildVer#151]:[0m Checking for new version...
2025-04-19 | 0:00.69 [SLE_INFO] - [4;90m[slushi.SlushiMain/getBuildVer#170]:[0m Version online: [0.4.0], this version: [0.4.0]
2025-04-19 | 0:00.70 [SLE_INFO] - [4;90m[slushi.SlushiMain/getBuildVer#189]:[0m Versions are matching!
2025-04-19 | 0:02.04 [INFO] - [4;90m[backend.DiscordClient/onReady#52]:[0m (Discord) Connected to User (dddsss10_19168)
2025-04-19 | 0:27.11 [INFO] - [4;90m[states.freeplay.FreeplayState/moveToSong#913]:[0m CURRENT WEEK: week1
2025-04-19 | 0:27.11 [INFO] - [4;90m[backend.song.Song/getChart#120]:[0m assets/shared/data/songs/shattered/shattered.json
2025-04-19 | 0:27.13 [INFO] - [4;90m[backend.song.Song/parseJSON#148]:[0m converting chart shattered with format unknown to psych_v1 format...
2025-04-19 | 0:27.14 [INFO] - [4;90m[backend.song.Song/loadFromJson#102]:[0m assets/shared/data/songs/shattered/shattered.json
2025-04-19 | 0:27.14 [INFO] - [4;90m[backend.song.Song/loadFromJson#103]:[0m assets\shared\data\songs\shattered\shattered.json
2025-04-19 | 0:27.15 [INFO] - [4;90m[states.freeplay.FreeplayState/moveToSong#921]:[0m shattered
2025-04-19 | 0:27.15 [INFO] - [4;90m[states.LoadingState/loadNextDirectory#165]:[0m Setting asset folder to shared
2025-04-19 | 0:27.15 [WARN] - [4;90m[states.LoadingState/clearInvalidFrom#455]:[0m Removed invalid images: HoldNoteEffect/holdCoverPurple
2025-04-19 | 0:27.17 [WARN] - [4;90m[states.LoadingState/clearInvalidFrom#455]:[0m Removed invalid images: HoldNoteEffect/holdCoverBlue
2025-04-19 | 0:27.17 [WARN] - [4;90m[states.LoadingState/clearInvalidFrom#455]:[0m Removed invalid images: HoldNoteEffect/holdCoverGreen
2025-04-19 | 0:27.18 [WARN] - [4;90m[states.LoadingState/clearInvalidFrom#455]:[0m Removed invalid images: HoldNoteEffect/holdCoverPurple
2025-04-19 | 0:27.18 [WARN] - [4;90m[states.LoadingState/clearInvalidFrom#455]:[0m Removed invalid images: characters/bf/BOYFRIEND
2025-04-19 | 0:27.20 [INFO] - [4;90m[states.LoadingState/initThread#486]:[0m finished preloading image noteSplashes/noteSplashes
2025-04-19 | 0:27.22 [INFO] - [4;90m[states.LoadingState/initThread#486]:[0m finished preloading image noteSkins/NOTE_assets
2025-04-19 | 0:27.22 [INFO] - [4;90m[states.LoadingState/initThread#486]:[0m finished preloading image noteSkins/NOTE_assets
2025-04-19 | 0:27.80 [INFO] - [4;90m[states.LoadingState/initThread#486]:[0m finished preloading image characters/bambi/Angry Bambi
2025-04-19 | 0:27.80 [INFO] - [4;90m[states.LoadingState/initThread#486]:[0m finished preloading image characters/GF_assets
2025-04-19 | 0:28.00 [INFO] - [4;90m[states.LoadingState/checkLoaded#147]:[0m finished preloading image assets/shared/images/characters/GF_assets.png
2025-04-19 | 0:28.00 [INFO] - [4;90m[states.LoadingState/initThread#486]:[0m finished preloading song shattered/Voices
2025-04-19 | 0:28.00 [INFO] - [4;90m[states.LoadingState/checkLoaded#147]:[0m finished preloading image assets/shared/images/characters/bambi/Angry Bambi.png
2025-04-19 | 0:28.02 [INFO] - [4;90m[states.LoadingState/checkLoaded#147]:[0m finished preloading image assets/shared/images/noteSkins/NOTE_assets.png
2025-04-19 | 0:28.02 [INFO] - [4;90m[states.LoadingState/checkLoaded#147]:[0m finished preloading image assets/shared/images/noteSplashes/noteSplashes.png
2025-04-19 | 0:28.07 [INFO] - [4;90m[states.LoadingState/initThread#486]:[0m finished preloading song shattered/Inst
2025-04-19 | 0:28.09 [INFO] - [4;90m[states.PlayState/create#690]:[0m [comboData => [totalNoteCount => 0, swags => 0, highestCombo => 0, maxCombo => 0, misses => 0, shits => 0, sicks => 0, totalNotesHit => 0, goods => 0, bads => 0, combo => 0, totalPlayed => 0], rankData => [comboRank => , accuracy => 0, rating => ], mainData => [score => 0, opponentMode => false, name => shattered, difficulty => 1]]shattered1
2025-04-19 | 0:28.48 [SLE_INFO] - [4;90m[slushi.slushiUtils.LyricsUtils/new#35]:[0m Lyrics JSON file not found!
2025-04-19 | 0:28.71 [INFO] - [4;90m[states.PlayState/create#836]:[0m current stage, farmSunset
2025-04-19 | 0:28.72 [INFO] - [4;90m[backend.stage.Stage/setupWeekDir#211]:[0m directory: shared
2025-04-19 | 0:28.72 [INFO] - [4;90m[backend.stage.Stage/setupStageProperties#101]:[0m STAGE INFO JSON ? assets/shared/data/stages/farmSunset.json
2025-04-19 | 0:28.73 [WARN] - [4;90m[backend.stage.Stage/setupStageProperties#107]:[0m farmSunset.json not found, using the default stage
2025-04-19 | 0:29.01 [INFO] - [4;90m[backend.song.Song/getChart#120]:[0m assets/shared/data/songs/shattered/events.json
2025-04-19 | 0:29.01 [INFO] - [4;90m[backend.song.Song/parseJSON#148]:[0m converting chart events with format unknown to psych_v1 format...
2025-04-19 | 0:30.73 [INFO] - [4;90m[states.PlayState/cacheCharacter#7920]:[0m found cube
2025-04-19 | 0:30.74 [INFO] - [4;90m[states.PlayState/cacheCharacter#7920]:[0m found cube
2025-04-19 | 0:30.75 [INFO] - [4;90m[states.PlayState/cacheCharacter#7920]:[0m found bf
2025-04-19 | 0:30.75 [INFO] - [4;90m[states.PlayState/cacheCharacter#7920]:[0m found angry-bambi
2025-04-19 | 0:31.29 [INFO] - [4;90m[states.PlayState/cacheCharacter#7920]:[0m found bambi-mad-guitar
2025-04-19 | 0:34.75 [INFO] - [4;90m[states.PlayState/startSong#2375]:[0m started loading!
2025-04-19 | 0:34.76 [WARN] - [4;90m[states.PlayState/update#3532]:[0m Warning! Delay is too fucking high!!
2025-04-19 | 0:34.77 [WARN] - [4;90m[states.PlayState/update#3532]:[0m Warning! Delay is too fucking high!!
2025-04-19 | 0:34.78 [WARN] - [4;90m[states.PlayState/update#3532]:[0m Warning! Delay is too fucking high!!
2025-04-19 | 0:34.80 [WARN] - [4;90m[states.PlayState/update#3532]:[0m Warning! Delay is too fucking high!!
2025-04-19 | 0:34.82 [WARN] - [4;90m[states.PlayState/update#3532]:[0m Warning! Delay is too fucking high!!
2025-04-19 | 0:34.84 [WARN] - [4;90m[states.PlayState/update#3532]:[0m Warning! Delay is too fucking high!!
2025-04-19 | 0:45.21 [WARN] - [4;90m[states.PlayState/update#3532]:[0m Warning! Delay is too fucking high!!
2025-04-19 | 0:45.22 [WARN] - [4;90m[states.PlayState/update#3532]:[0m Warning! Delay is too fucking high!!
2025-04-19 | 0:45.23 [WARN] - [4;90m[states.PlayState/update#3532]:[0m Warning! Delay is too fucking high!!
2025-04-19 | 0:45.24 [WARN] - [4;90m[states.PlayState/update#3532]:[0m Warning! Delay is too fucking high!!
2025-04-19 | 0:45.25 [WARN] - [4;90m[states.PlayState/update#3532]:[0m Warning! Delay is too fucking high!!
2025-04-19 | 0:45.26 [WARN] - [4;90m[states.PlayState/update#3532]:[0m Warning! Delay is too fucking high!!
2025-04-19 | 0:45.27 [WARN] - [4;90m[states.PlayState/update#3532]:[0m Warning! Delay is too fucking high!!
2025-04-19 | 0:45.28 [WARN] - [4;90m[states.PlayState/update#3532]:[0m Warning! Delay is too fucking high!!
2025-04-19 | 0:45.29 [WARN] - [4;90m[states.PlayState/update#3532]:[0m Warning! Delay is too fucking high!!
2025-04-19 | 0:45.30 [WARN] - [4;90m[states.PlayState/update#3532]:[0m Warning! Delay is too fucking high!!
2025-04-19 | 0:45.31 [WARN] - [4;90m[states.PlayState/update#3532]:[0m Warning! Delay is too fucking high!!
2025-04-19 | 0:45.32 [WARN] - [4;90m[states.PlayState/update#3532]:[0m Warning! Delay is too fucking high!!
2025-04-19 | 0:45.33 [WARN] - [4;90m[states.PlayState/update#3532]:[0m Warning! Delay is too fucking high!!
2025-04-19 | 0:45.34 [WARN] - [4;90m[states.PlayState/update#3532]:[0m Warning! Delay is too fucking high!!
2025-04-19 | 0:45.35 [WARN] - [4;90m[states.PlayState/update#3532]:[0m Warning! Delay is too fucking high!!
2025-04-19 | 0:45.36 [WARN] - [4;90m[states.PlayState/update#3532]:[0m Warning! Delay is too fucking high!!
2025-04-19 | 0:45.37 [WARN] - [4;90m[states.PlayState/update#3532]:[0m Warning! Delay is too fucking high!!
2025-04-19 | 0:45.38 [WARN] - [4;90m[states.PlayState/update#3532]:[0m Warning! Delay is too fucking high!!
2025-04-19 | 0:45.39 [WARN] - [4;90m[states.PlayState/update#3532]:[0m Warning! Delay is too fucking high!!
2025-04-19 | 0:45.40 [WARN] - [4;90m[states.PlayState/update#3532]:[0m Warning! Delay is too fucking high!!
2025-04-19 | 0:45.41 [WARN] - [4;90m[states.PlayState/update#3532]:[0m Warning! Delay is too fucking high!!
2025-04-19 | 0:45.43 [WARN] - [4;90m[states.PlayState/update#3532]:[0m Warning! Delay is too fucking high!!
2025-04-19 | 0:45.45 [WARN] - [4;90m[states.PlayState/update#3532]:[0m Warning! Delay is too fucking high!!
2025-04-19 | 0:45.46 [WARN] - [4;90m[states.PlayState/update#3532]:[0m Warning! Delay is too fucking high!!
2025-04-19 | 0:45.49 [WARN] - [4;90m[states.PlayState/update#3532]:[0m Warning! Delay is too fucking high!!
2025-04-19 | 0:55.38 [WARN] - [4;90m[states.PlayState/update#3532]:[0m Warning! Delay is too fucking high!!
2025-04-19 | 0:55.40 [WARN] - [4;90m[states.PlayState/update#3532]:[0m Warning! Delay is too fucking high!!
2025-04-19 | 0:55.41 [WARN] - [4;90m[states.PlayState/update#3532]:[0m Warning! Delay is too fucking high!!
2025-04-19 | 0:55.42 [WARN] - [4;90m[states.PlayState/update#3532]:[0m Warning! Delay is too fucking high!!
2025-04-19 | 0:55.44 [WARN] - [4;90m[states.PlayState/update#3532]:[0m Warning! Delay is too fucking high!!
2025-04-19 | 0:55.45 [WARN] - [4;90m[states.PlayState/update#3532]:[0m Warning! Delay is too fucking high!!
2025-04-19 | 0:55.47 [WARN] - [4;90m[states.PlayState/update#3532]:[0m Warning! Delay is too fucking high!!
2025-04-19 | 0:55.49 [WARN] - [4;90m[states.PlayState/update#3532]:[0m Warning! Delay is too fucking high!!
2025-04-19 | 0:55.51 [WARN] - [4;90m[states.PlayState/update#3532]:[0m Warning! Delay is too fucking high!!
2025-04-19 | 0:55.53 [WARN] - [4;90m[states.PlayState/update#3532]:[0m Warning! Delay is too fucking high!!
2025-04-19 | 0:55.54 [WARN] - [4;90m[states.PlayState/update#3532]:[0m Warning! Delay is too fucking high!!
2025-04-19 | 0:55.55 [WARN] - [4;90m[states.PlayState/update#3532]:[0m Warning! Delay is too fucking high!!
2025-04-19 | 0:55.57 [WARN] - [4;90m[states.PlayState/update#3532]:[0m Warning! Delay is too fucking high!!
2025-04-19 | 0:55.58 [WARN] - [4;90m[states.PlayState/update#3532]:[0m Warning! Delay is too fucking high!!
2025-04-19 | 0:55.59 [WARN] - [4;90m[states.PlayState/update#3532]:[0m Warning! Delay is too fucking high!!
2025-04-19 | 0:55.60 [WARN] - [4;90m[states.PlayState/update#3532]:[0m Warning! Delay is too fucking high!!
2025-04-19 | 0:55.61 [WARN] - [4;90m[states.PlayState/update#3532]:[0m Warning! Delay is too fucking high!!
2025-04-19 | 0:55.62 [WARN] - [4;90m[states.PlayState/update#3532]:[0m Warning! Delay is too fucking high!!
2025-04-19 | 0:55.63 [WARN] - [4;90m[states.PlayState/update#3532]:[0m Warning! Delay is too fucking high!!
2025-04-19 | 0:55.64 [WARN] - [4;90m[states.PlayState/update#3532]:[0m Warning! Delay is too fucking high!!
2025-04-19 | 0:55.65 [WARN] - [4;90m[states.PlayState/update#3532]:[0m Warning! Delay is too fucking high!!
2025-04-19 | 0:55.66 [WARN] - [4;90m[states.PlayState/update#3532]:[0m Warning! Delay is too fucking high!!
2025-04-19 | 0:55.67 [WARN] - [4;90m[states.PlayState/update#3532]:[0m Warning! Delay is too fucking high!!
2025-04-19 | 0:55.68 [WARN] - [4;90m[states.PlayState/update#3532]:[0m Warning! Delay is too fucking high!!
2025-04-19 | 0:55.69 [WARN] - [4;90m[states.PlayState/update#3532]:[0m Warning! Delay is too fucking high!!
2025-04-19 | 0:55.70 [WARN] - [4;90m[states.PlayState/update#3532]:[0m Warning! Delay is too fucking high!!
2025-04-19 | 0:55.71 [WARN] - [4;90m[states.PlayState/update#3532]:[0m Warning! Delay is too fucking high!!
2025-04-19 | 0:55.72 [WARN] - [4;90m[states.PlayState/update#3532]:[0m Warning! Delay is too fucking high!!
2025-04-19 | 0:55.73 [WARN] - [4;90m[states.PlayState/update#3532]:[0m Warning! Delay is too fucking high!!
2025-04-19 | 0:55.74 [WARN] - [4;90m[states.PlayState/update#3532]:[0m Warning! Delay is too fucking high!!
2025-04-19 | 0:55.75 [WARN] - [4;90m[states.PlayState/update#3532]:[0m Warning! Delay is too fucking high!!
2025-04-19 | 0:55.76 [WARN] - [4;90m[states.PlayState/update#3532]:[0m Warning! Delay is too fucking high!!
2025-04-19 | 0:55.77 [WARN] - [4;90m[states.PlayState/update#3532]:[0m Warning! Delay is too fucking high!!
2025-04-19 | 0:55.78 [WARN] - [4;90m[states.PlayState/update#3532]:[0m Warning! Delay is too fucking high!!
2025-04-19 | 0:55.79 [WARN] - [4;90m[states.PlayState/update#3532]:[0m Warning! Delay is too fucking high!!
2025-04-19 | 0:55.80 [WARN] - [4;90m[states.PlayState/update#3532]:[0m Warning! Delay is too fucking high!!
2025-04-19 | 0:55.81 [WARN] - [4;90m[states.PlayState/update#3532]:[0m Warning! Delay is too fucking high!!
2025-04-19 | 0:55.82 [WARN] - [4;90m[states.PlayState/update#3532]:[0m Warning! Delay is too fucking high!!
2025-04-19 | 0:55.83 [WARN] - [4;90m[states.PlayState/update#3532]:[0m Warning! Delay is too fucking high!!
2025-04-19 | 0:55.84 [WARN] - [4;90m[states.PlayState/update#3532]:[0m Warning! Delay is too fucking high!!
2025-04-19 | 0:55.85 [WARN] - [4;90m[states.PlayState/update#3532]:[0m Warning! Delay is too fucking high!!
2025-04-19 | 0:55.86 [WARN] - [4;90m[states.PlayState/update#3532]:[0m Warning! Delay is too fucking high!!
2025-04-19 | 0:55.87 [WARN] - [4;90m[states.PlayState/update#3532]:[0m Warning! Delay is too fucking high!!
2025-04-19 | 0:55.88 [WARN] - [4;90m[states.PlayState/update#3532]:[0m Warning! Delay is too fucking high!!
2025-04-19 | 0:55.89 [WARN] - [4;90m[states.PlayState/update#3532]:[0m Warning! Delay is too fucking high!!
2025-04-19 | 0:55.90 [WARN] - [4;90m[states.PlayState/update#3532]:[0m Warning! Delay is too fucking high!!
2025-04-19 | 0:55.90 [WARN] - [4;90m[states.PlayState/update#3532]:[0m Warning! Delay is too fucking high!!
2025-04-19 | 0:55.91 [WARN] - [4;90m[states.PlayState/update#3532]:[0m Warning! Delay is too fucking high!!
2025-04-19 | 0:55.92 [WARN] - [4;90m[states.PlayState/update#3532]:[0m Warning! Delay is too fucking high!!
2025-04-19 | 0:55.93 [WARN] - [4;90m[states.PlayState/update#3532]:[0m Warning! Delay is too fucking high!!
2025-04-19 | 0:55.95 [WARN] - [4;90m[states.PlayState/update#3532]:[0m Warning! Delay is too fucking high!!
2025-04-19 | 0:55.96 [WARN] - [4;90m[states.PlayState/update#3532]:[0m Warning! Delay is too fucking high!!
2025-04-19 | 0:55.96 [WARN] - [4;90m[states.PlayState/update#3532]:[0m Warning! Delay is too fucking high!!
2025-04-19 | 0:55.97 [WARN] - [4;90m[states.PlayState/update#3532]:[0m Warning! Delay is too fucking high!!
2025-04-19 | 0:55.98 [WARN] - [4;90m[states.PlayState/update#3532]:[0m Warning! Delay is too fucking high!!
2025-04-19 | 0:56.00 [WARN] - [4;90m[states.PlayState/update#3532]:[0m Warning! Delay is too fucking high!!
2025-04-19 | 0:56.03 [WARN] - [4;90m[states.PlayState/update#3532]:[0m Warning! Delay is too fucking high!!
2025-04-19 | 0:56.04 [WARN] - [4;90m[states.PlayState/update#3532]:[0m Warning! Delay is too fucking high!!
2025-04-19 | 0:56.06 [WARN] - [4;90m[states.PlayState/update#3532]:[0m Warning! Delay is too fucking high!!
2025-04-19 | 1:38.72 [WARN] - [4;90m[states.PlayState/update#3532]:[0m Warning! Delay is too fucking high!!
2025-04-19 | 1:38.73 [ERROR] - [4;90m[slushi.slushiUtils.crashHandler.CrashHandler/onUncaughtError#164]:[0m 
CRASH:
[38;5;1mCall Stack:
[4mobjects/note/HoldCoverSprite.hx#132[24m
objects/note/HoldCoverSprite.hx#143
objects/note/HoldCoverGroup.hx#73
states/PlayState.hx#6181
states/PlayState.hx#6152
states/PlayState.hx#3698
flixel/group/FlxGroup.hx#791
states/PlayState.hx#3657
flixel/FlxState.hx#241
flixel/FlxGame.hx#750

Uncaught Error:
Null Object Reference[0m


2025-04-19 | 1:38.80 [INFO] - [4;90m[slushi.slushiUtils.crashHandler.CrashHandler/onUncaughtError#167]:[0m Starting Crash Handler in game
2025-04-19 | 1:49.60 [ERROR] - [4;90m[slushi.slushiUtils.crashHandler.CrashHandler/onUncaughtError#164]:[0m 
CRASH:
[38;5;1mCall Stack:
[4mslushi/states/freeplay/SlushiFreeplayState.hx#1289[24m
states/MusicBeatState.hx#144
slushi/states/freeplay/SlushiFreeplayState.hx#366
flixel/FlxState.hx#241
flixel/FlxGame.hx#750

Uncaught Error:
Null Object Reference[0m


2025-04-19 | 1:49.88 [INFO] - [4;90m[slushi.slushiUtils.crashHandler.CrashHandler/onUncaughtError#167]:[0m Starting Crash Handler in game
2025-04-19 | 1:49.98 [SLE_WARN] - [4;90m[slushi.slushiUtils.crashHandler.CrashHandler/onUncaughtError#76]:[0m Trying to make a another crash while is already in a crash with error: [Null Object Reference]. Crash counter: [0], skipping it...
2025-04-19 | 1:50.00 [SLE_WARN] - [4;90m[slushi.slushiUtils.crashHandler.CrashHandler/onUncaughtError#76]:[0m Trying to make a another crash while is already in a crash with error: [Null Object Reference]. Crash counter: [1], skipping it...
2025-04-19 | 1:50.02 [SLE_WARN] - [4;90m[slushi.slushiUtils.crashHandler.CrashHandler/onUncaughtError#76]:[0m Trying to make a another crash while is already in a crash with error: [Null Object Reference]. Crash counter: [2], skipping it...
2025-04-19 | 1:50.03 [SLE_WARN] - [4;90m[slushi.slushiUtils.crashHandler.CrashHandler/onUncaughtError#76]:[0m Trying to make a another crash while is already in a crash with error: [Null Object Reference]. Crash counter: [3], skipping it...
2025-04-19 | 1:50.05 [SLE_WARN] - [4;90m[slushi.slushiUtils.crashHandler.CrashHandler/onUncaughtError#76]:[0m Trying to make a another crash while is already in a crash with error: [Null Object Reference]. Crash counter: [4], skipping it...
2025-04-19 | 1:50.06 [SLE_WARN] - [4;90m[slushi.slushiUtils.crashHandler.CrashHandler/onUncaughtError#80]:[0m Too many crashes, quitting...
