2025-04-24 | 0:00.00 [INFO] - [4;90m[slushi.slushiUtils.Debug/onInitProgram#237]:[0m Debug logging initialized. Hello, developer.
2025-04-24 | 0:00.00 [INFO] - [4;90m[slushi.slushiUtils.Debug/onInitProgram#242]:[0m This is a RELEASE build.
2025-04-24 | 0:00.01 [INFO] - [4;90m[slushi.slushiUtils.Debug/onInitProgram#244]:[0m HaxeFlixel version: HaxeFlixel 5.9.0
2025-04-24 | 0:00.02 [SLE_INFO] - [4;90m[slushi.slushiUtils.Debug/onInitProgram#245]:[0m Slushi Engine version: 0.4.0
2025-04-24 | 0:00.02 [INFO] - [4;90m[slushi.slushiUtils.Debug/onInitProgram#246]:[0m SC Engine version: 1.5.2 (4eaf8c4)
2025-04-24 | 0:00.03 [INFO] - [4;90m[slushi.slushiUtils.Debug/onInitProgram#247]:[0m This is a custom build of PE. Current version: 1.04
2025-04-24 | 0:00.72 [INFO] - [4;90m[backend.DiscordClient/initialize#74]:[0m Discord Client initialized
2025-04-24 | 0:00.72 [INFO] - [4;90m[objects.AlphaCharacter/loadAlphabetData#312]:[0m Reloaded letters successfully (assets/shared/images/alphabet.json)!
2025-04-24 | 0:00.74 [SLE_INFO] - [4;90m[slushi.windows.WindowsFuncs/saveCurrentWindowsWallpaper#49]:[0m Wallpaper Path: C:\Users\yuyio\AppData\Roaming\Microsoft\Windows\Themes\TranscodedWallpaper
2025-04-24 | 0:00.74 [SLE_INFO] - [4;90m[slushi.windows.WindowsFuncs/saveCurrentWindowsWallpaper#50]:[0m Saving the path in a private variable...
2025-04-24 | 0:01.05 [SLE_INFO] - [4;90m[slushi.others.systemUtils.SystemInfo/formatSysInfo#159]:[0m 

System: Microsoft Windows 11 Home 10.0.22631
CPU: AMD Ryzen 7 5700X 8-Core Processor x86 64-Bit
GPU: AMD Radeon RX 6700 XT
Total RAM: 24 GB DDR4

2025-04-24 | 0:01.07 [SLE_INFO] - [4;90m[slushi.SlushiMain/getBuildVer#151]:[0m Checking for new version...
2025-04-24 | 0:01.40 [SLE_INFO] - [4;90m[slushi.SlushiMain/getBuildVer#170]:[0m Version online: [0.4.0], this version: [0.4.0]
2025-04-24 | 0:01.41 [SLE_INFO] - [4;90m[slushi.SlushiMain/getBuildVer#189]:[0m Versions are matching!
2025-04-24 | 0:15.94 [INFO] - [4;90m[states.LoadingState/loadNextDirectory#165]:[0m Setting asset folder to shared
2025-04-24 | 0:24.27 [INFO] - [4;90m[states.LoadingState/loadNextDirectory#165]:[0m Setting asset folder to shared
2025-04-24 | 1:00.60 [INFO] - [4;90m[slushi.states.freeplay.SlushiFreeplayState/moveToSong#948]:[0m CURRENT WEEK: week1
2025-04-24 | 1:00.61 [INFO] - [4;90m[backend.song.Song/getChart#120]:[0m assets/shared/data/songs/shattered/shattered.json
2025-04-24 | 1:00.62 [INFO] - [4;90m[backend.song.Song/parseJSON#148]:[0m converting chart shattered with format unknown to psych_v1 format...
2025-04-24 | 1:00.63 [INFO] - [4;90m[backend.song.Song/loadFromJson#102]:[0m assets/shared/data/songs/shattered/shattered.json
2025-04-24 | 1:00.63 [INFO] - [4;90m[backend.song.Song/loadFromJson#103]:[0m assets\shared\data\songs\shattered\shattered.json
2025-04-24 | 1:00.64 [INFO] - [4;90m[slushi.states.freeplay.SlushiFreeplayState/moveToSong#956]:[0m shattered
2025-04-24 | 1:00.65 [INFO] - [4;90m[states.LoadingState/loadNextDirectory#165]:[0m Setting asset folder to shared
2025-04-24 | 1:00.65 [WARN] - [4;90m[states.LoadingState/clearInvalidFrom#455]:[0m Removed invalid images: characters/bf/BOYFRIEND
2025-04-24 | 1:00.66 [INFO] - [4;90m[states.LoadingState/initThread#486]:[0m finished preloading image noteSkins/NOTE_assets
2025-04-24 | 1:00.66 [INFO] - [4;90m[states.LoadingState/initThread#486]:[0m finished preloading image noteSkins/NOTE_assets
2025-04-24 | 1:00.67 [INFO] - [4;90m[states.LoadingState/initThread#486]:[0m finished preloading image HoldNoteEffect/holdCoverBlue
2025-04-24 | 1:00.67 [INFO] - [4;90m[states.LoadingState/initThread#486]:[0m finished preloading image HoldNoteEffect/holdCoverGreen
2025-04-24 | 1:00.67 [INFO] - [4;90m[states.LoadingState/initThread#486]:[0m finished preloading image HoldNoteEffect/holdCoverPurple
2025-04-24 | 1:00.67 [INFO] - [4;90m[states.LoadingState/initThread#486]:[0m finished preloading image HoldNoteEffect/holdCoverPurple
2025-04-24 | 1:00.67 [INFO] - [4;90m[states.LoadingState/initThread#486]:[0m finished preloading image noteSplashes/noteSplashes
2025-04-24 | 1:01.26 [INFO] - [4;90m[states.LoadingState/initThread#486]:[0m finished preloading image characters/bambi/Angry Bambi
2025-04-24 | 1:01.28 [INFO] - [4;90m[states.LoadingState/initThread#486]:[0m finished preloading image characters/GF_assets
2025-04-24 | 1:01.46 [INFO] - [4;90m[states.LoadingState/initThread#486]:[0m finished preloading song shattered/Voices
2025-04-24 | 1:01.47 [INFO] - [4;90m[states.LoadingState/checkLoaded#147]:[0m finished preloading image assets/shared/images/noteSplashes/noteSplashes.png
2025-04-24 | 1:01.48 [INFO] - [4;90m[states.LoadingState/checkLoaded#147]:[0m finished preloading image assets/shared/images/HoldNoteEffect/holdCoverBlue.png
2025-04-24 | 1:01.51 [INFO] - [4;90m[states.LoadingState/initThread#486]:[0m finished preloading song shattered/Inst
2025-04-24 | 1:01.58 [INFO] - [4;90m[states.LoadingState/checkLoaded#147]:[0m finished preloading image assets/shared/images/characters/GF_assets.png
2025-04-24 | 1:01.59 [INFO] - [4;90m[states.LoadingState/checkLoaded#147]:[0m finished preloading image assets/shared/images/HoldNoteEffect/holdCoverGreen.png
2025-04-24 | 1:01.73 [INFO] - [4;90m[states.LoadingState/checkLoaded#147]:[0m finished preloading image assets/shared/images/characters/bambi/Angry Bambi.png
2025-04-24 | 1:01.73 [INFO] - [4;90m[states.LoadingState/checkLoaded#147]:[0m finished preloading image assets/shared/images/HoldNoteEffect/holdCoverPurple.png
2025-04-24 | 1:01.78 [INFO] - [4;90m[states.PlayState/create#691]:[0m [rankData => [comboRank => , rating => , accuracy => 0], comboData => [swags => 0, totalNoteCount => 0, highestCombo => 0, maxCombo => 0, misses => 0, shits => 0, sicks => 0, combo => 0, bads => 0, goods => 0, totalNotesHit => 0, totalPlayed => 0], mainData => [opponentMode => false, score => 0, difficulty => 1, name => shattered]]shattered1
2025-04-24 | 1:06.34 [SLE_INFO] - [4;90m[slushi.slushiUtils.LyricsUtils/new#35]:[0m Lyrics JSON file not found!
2025-04-24 | 1:06.54 [INFO] - [4;90m[states.PlayState/create#837]:[0m current stage, farmSunset
2025-04-24 | 1:06.55 [INFO] - [4;90m[backend.stage.Stage/setupWeekDir#193]:[0m directory: shared
2025-04-24 | 1:06.55 [INFO] - [4;90m[backend.stage.Stage/setupStageProperties#101]:[0m STAGE INFO JSON ? assets/shared/data/stages/farmSunset.json
2025-04-24 | 1:06.56 [WARN] - [4;90m[backend.stage.Stage/setupStageProperties#107]:[0m farmSunset.json not found, using the default stage
2025-04-24 | 1:06.70 [INFO] - [4;90m[backend.song.Song/getChart#120]:[0m assets/shared/data/songs/shattered/events.json
2025-04-24 | 1:06.71 [INFO] - [4;90m[backend.song.Song/parseJSON#148]:[0m converting chart events with format unknown to psych_v1 format...
2025-04-24 | 1:08.90 [INFO] - [4;90m[states.PlayState/cacheCharacter#7924]:[0m found cube
2025-04-24 | 1:08.91 [INFO] - [4;90m[states.PlayState/cacheCharacter#7924]:[0m found cube
2025-04-24 | 1:08.92 [INFO] - [4;90m[states.PlayState/cacheCharacter#7924]:[0m found bf
2025-04-24 | 1:08.92 [INFO] - [4;90m[states.PlayState/cacheCharacter#7924]:[0m found angry-bambi
2025-04-24 | 1:09.47 [INFO] - [4;90m[states.PlayState/cacheCharacter#7924]:[0m found bambi-mad-guitar
2025-04-24 | 1:12.03 [INFO] - [4;90m[states.PlayState/startSong#2376]:[0m started loading!
2025-04-24 | 1:33.66 [WARN] - [4;90m[states.PlayState/update#3536]:[0m Warning! Delay is too fucking high!!
2025-04-24 | 1:33.67 [WARN] - [4;90m[states.PlayState/update#3536]:[0m Warning! Delay is too fucking high!!
2025-04-24 | 1:33.68 [WARN] - [4;90m[states.PlayState/update#3536]:[0m Warning! Delay is too fucking high!!
2025-04-24 | 1:33.70 [WARN] - [4;90m[states.PlayState/update#3536]:[0m Warning! Delay is too fucking high!!
2025-04-24 | 1:33.71 [WARN] - [4;90m[states.PlayState/update#3536]:[0m Warning! Delay is too fucking high!!
2025-04-24 | 1:33.72 [WARN] - [4;90m[states.PlayState/update#3536]:[0m Warning! Delay is too fucking high!!
2025-04-24 | 1:33.73 [WARN] - [4;90m[states.PlayState/update#3536]:[0m Warning! Delay is too fucking high!!
2025-04-24 | 1:33.74 [WARN] - [4;90m[states.PlayState/update#3536]:[0m Warning! Delay is too fucking high!!
2025-04-24 | 1:33.75 [WARN] - [4;90m[states.PlayState/update#3536]:[0m Warning! Delay is too fucking high!!
2025-04-24 | 1:33.76 [WARN] - [4;90m[states.PlayState/update#3536]:[0m Warning! Delay is too fucking high!!
2025-04-24 | 1:33.77 [WARN] - [4;90m[states.PlayState/update#3536]:[0m Warning! Delay is too fucking high!!
2025-04-24 | 1:33.79 [WARN] - [4;90m[states.PlayState/update#3536]:[0m Warning! Delay is too fucking high!!
2025-04-24 | 1:33.80 [WARN] - [4;90m[states.PlayState/update#3536]:[0m Warning! Delay is too fucking high!!
2025-04-24 | 1:33.81 [WARN] - [4;90m[states.PlayState/update#3536]:[0m Warning! Delay is too fucking high!!
2025-04-24 | 1:33.82 [WARN] - [4;90m[states.PlayState/update#3536]:[0m Warning! Delay is too fucking high!!
2025-04-24 | 1:33.83 [WARN] - [4;90m[states.PlayState/update#3536]:[0m Warning! Delay is too fucking high!!
2025-04-24 | 1:33.84 [WARN] - [4;90m[states.PlayState/update#3536]:[0m Warning! Delay is too fucking high!!
2025-04-24 | 1:33.85 [WARN] - [4;90m[states.PlayState/update#3536]:[0m Warning! Delay is too fucking high!!
2025-04-24 | 1:33.86 [WARN] - [4;90m[states.PlayState/update#3536]:[0m Warning! Delay is too fucking high!!
2025-04-24 | 1:33.87 [WARN] - [4;90m[states.PlayState/update#3536]:[0m Warning! Delay is too fucking high!!
2025-04-24 | 1:33.88 [WARN] - [4;90m[states.PlayState/update#3536]:[0m Warning! Delay is too fucking high!!
2025-04-24 | 1:33.89 [WARN] - [4;90m[states.PlayState/update#3536]:[0m Warning! Delay is too fucking high!!
2025-04-24 | 1:33.90 [WARN] - [4;90m[states.PlayState/update#3536]:[0m Warning! Delay is too fucking high!!
2025-04-24 | 1:33.91 [WARN] - [4;90m[states.PlayState/update#3536]:[0m Warning! Delay is too fucking high!!
2025-04-24 | 1:33.92 [WARN] - [4;90m[states.PlayState/update#3536]:[0m Warning! Delay is too fucking high!!
2025-04-24 | 1:33.93 [WARN] - [4;90m[states.PlayState/update#3536]:[0m Warning! Delay is too fucking high!!
2025-04-24 | 1:33.94 [WARN] - [4;90m[states.PlayState/update#3536]:[0m Warning! Delay is too fucking high!!
2025-04-24 | 1:33.95 [WARN] - [4;90m[states.PlayState/update#3536]:[0m Warning! Delay is too fucking high!!
2025-04-24 | 1:33.96 [WARN] - [4;90m[states.PlayState/update#3536]:[0m Warning! Delay is too fucking high!!
2025-04-24 | 1:33.98 [WARN] - [4;90m[states.PlayState/update#3536]:[0m Warning! Delay is too fucking high!!
2025-04-24 | 1:33.98 [WARN] - [4;90m[states.PlayState/update#3536]:[0m Warning! Delay is too fucking high!!
2025-04-24 | 1:33.99 [WARN] - [4;90m[states.PlayState/update#3536]:[0m Warning! Delay is too fucking high!!
2025-04-24 | 1:34.02 [WARN] - [4;90m[states.PlayState/update#3536]:[0m Warning! Delay is too fucking high!!
2025-04-24 | 1:34.04 [WARN] - [4;90m[states.PlayState/update#3536]:[0m Warning! Delay is too fucking high!!
2025-04-24 | 1:34.05 [WARN] - [4;90m[states.PlayState/update#3536]:[0m Warning! Delay is too fucking high!!
2025-04-24 | 2:17.18 [INFO] - [4;90m[backend.song.Song/getChart#120]:[0m assets/shared/data/songs/shattered/shattered.json
2025-04-24 | 2:17.19 [INFO] - [4;90m[backend.song.Song/parseJSON#148]:[0m converting chart shattered with format unknown to psych_v1 format...
2025-04-24 | 2:17.20 [INFO] - [4;90m[backend.song.Song/loadFromJson#102]:[0m assets/shared/data/songs/shattered/shattered.json
2025-04-24 | 2:17.21 [INFO] - [4;90m[backend.song.Song/loadFromJson#103]:[0m assets\shared\data\songs\shattered\shattered.json
2025-04-24 | 4:02.81 [SLE_INFO] - [4;90m[slushi.SlushiMain/onCloseWindow#105]:[0m Reseting all C++ functions...

