2025-04-29 | 0:00.00 [INFO] - [4;90m[slushi.slushiUtils.Debug/onInitProgram#237]:[0m Debug logging initialized. Hello, developer.
2025-04-29 | 0:00.00 [INFO] - [4;90m[slushi.slushiUtils.Debug/onInitProgram#242]:[0m This is a RELEASE build.
2025-04-29 | 0:00.01 [INFO] - [4;90m[slushi.slushiUtils.Debug/onInitProgram#244]:[0m HaxeFlixel version: HaxeFlixel 5.9.0
2025-04-29 | 0:00.01 [SLE_INFO] - [4;90m[slushi.slushiUtils.Debug/onInitProgram#245]:[0m Slushi Engine version: 0.4.0
2025-04-29 | 0:00.02 [INFO] - [4;90m[slushi.slushiUtils.Debug/onInitProgram#246]:[0m SC Engine version: 1.5.2 (4eaf8c4)
2025-04-29 | 0:00.03 [INFO] - [4;90m[slushi.slushiUtils.Debug/onInitProgram#247]:[0m This is a custom build of PE. Current version: 1.04
2025-04-29 | 0:00.06 [INFO] - [4;90m[backend.DiscordClient/initialize#74]:[0m Discord Client initialized
2025-04-29 | 0:00.07 [INFO] - [4;90m[objects.AlphaCharacter/loadAlphabetData#312]:[0m Reloaded letters successfully (assets/shared/images/alphabet.json)!
2025-04-29 | 0:00.10 [SLE_INFO] - [4;90m[slushi.windows.WindowsFuncs/saveCurrentWindowsWallpaper#49]:[0m Wallpaper Path: C:\Users\yuyio\AppData\Roaming\Microsoft\Windows\Themes\TranscodedWallpaper
2025-04-29 | 0:00.11 [SLE_INFO] - [4;90m[slushi.windows.WindowsFuncs/saveCurrentWindowsWallpaper#50]:[0m Saving the path in a private variable...
2025-04-29 | 0:00.50 [SLE_INFO] - [4;90m[slushi.others.systemUtils.SystemInfo/formatSysInfo#159]:[0m 

System: Microsoft Windows 11 Home 10.0.22631
CPU: AMD Ryzen 7 5700X 8-Core Processor x86 64-Bit
GPU: AMD Radeon RX 6700 XT
Total RAM: 24 GB DDR4

2025-04-29 | 0:00.52 [SLE_INFO] - [4;90m[slushi.SlushiMain/getBuildVer#151]:[0m Checking for new version...
2025-04-29 | 0:00.85 [SLE_INFO] - [4;90m[slushi.SlushiMain/getBuildVer#170]:[0m Version online: [0.4.0], this version: [0.4.0]
2025-04-29 | 0:00.86 [SLE_INFO] - [4;90m[slushi.SlushiMain/getBuildVer#189]:[0m Versions are matching!
2025-04-29 | 0:02.07 [INFO] - [4;90m[backend.DiscordClient/onReady#52]:[0m (Discord) Connected to User (dddsss10_19168)
2025-04-29 | 0:12.51 [INFO] - [4;90m[slushi.states.freeplay.SlushiFreeplayState/moveToSong#948]:[0m CURRENT WEEK: week2
2025-04-29 | 0:12.52 [INFO] - [4;90m[backend.song.Song/getChart#120]:[0m assets/shared/data/songs/rebound/rebound.json
2025-04-29 | 0:12.54 [INFO] - [4;90m[backend.song.Song/parseJSON#148]:[0m converting chart rebound with format unknown to psych_v1 format...
2025-04-29 | 0:12.55 [INFO] - [4;90m[backend.song.Song/loadFromJson#102]:[0m assets/shared/data/songs/rebound/rebound.json
2025-04-29 | 0:12.55 [INFO] - [4;90m[backend.song.Song/loadFromJson#103]:[0m assets\shared\data\songs\rebound\rebound.json
2025-04-29 | 0:12.56 [INFO] - [4;90m[slushi.states.freeplay.SlushiFreeplayState/moveToSong#956]:[0m rebound
2025-04-29 | 0:12.57 [WARN] - [4;90m[states.LoadingState/clearInvalidFrom#455]:[0m Removed invalid images: characters/bf/BOYFRIEND
2025-04-29 | 0:12.57 [INFO] - [4;90m[states.LoadingState/loadNextDirectory#165]:[0m Setting asset folder to shared
2025-04-29 | 0:12.57 [WARN] - [4;90m[states.LoadingState/clearInvalidFrom#455]:[0m Removed invalid songs: rebound/Inst
2025-04-29 | 0:12.59 [INFO] - [4;90m[states.LoadingState/initThread#486]:[0m finished preloading image HoldNoteEffect/holdCoverBlue
2025-04-29 | 0:12.59 [INFO] - [4;90m[states.LoadingState/initThread#486]:[0m finished preloading image HoldNoteEffect/holdCoverGreen
2025-04-29 | 0:12.59 [INFO] - [4;90m[states.LoadingState/initThread#486]:[0m finished preloading image HoldNoteEffect/holdCoverPurple
2025-04-29 | 0:12.60 [INFO] - [4;90m[states.LoadingState/initThread#486]:[0m finished preloading image HoldNoteEffect/holdCoverPurple
2025-04-29 | 0:12.60 [INFO] - [4;90m[states.LoadingState/initThread#486]:[0m finished preloading image noteSplashes/noteSplashes
2025-04-29 | 0:12.62 [INFO] - [4;90m[states.LoadingState/initThread#486]:[0m finished preloading image noteSkins/NOTE_assets
2025-04-29 | 0:12.62 [INFO] - [4;90m[states.LoadingState/initThread#486]:[0m finished preloading image noteSkins/NOTE_assets
2025-04-29 | 0:12.93 [INFO] - [4;90m[states.LoadingState/initThread#486]:[0m finished preloading image characters/expunged/404
2025-04-29 | 0:13.07 [INFO] - [4;90m[states.LoadingState/initThread#486]:[0m finished preloading image characters/GF_assets
2025-04-29 | 0:13.47 [INFO] - [4;90m[states.LoadingState/checkLoaded#147]:[0m finished preloading image assets/shared/images/characters/expunged/404.png
2025-04-29 | 0:13.48 [INFO] - [4;90m[states.LoadingState/checkLoaded#147]:[0m finished preloading image assets/shared/images/noteSplashes/noteSplashes.png
2025-04-29 | 0:13.48 [INFO] - [4;90m[states.LoadingState/checkLoaded#147]:[0m finished preloading image assets/shared/images/HoldNoteEffect/holdCoverBlue.png
2025-04-29 | 0:13.60 [INFO] - [4;90m[states.LoadingState/checkLoaded#147]:[0m finished preloading image assets/shared/images/characters/GF_assets.png
2025-04-29 | 0:13.61 [INFO] - [4;90m[states.LoadingState/checkLoaded#147]:[0m finished preloading image assets/shared/images/HoldNoteEffect/holdCoverGreen.png
2025-04-29 | 0:13.61 [INFO] - [4;90m[states.LoadingState/checkLoaded#147]:[0m finished preloading image assets/shared/images/noteSkins/NOTE_assets.png
2025-04-29 | 0:13.62 [INFO] - [4;90m[states.LoadingState/checkLoaded#147]:[0m finished preloading image assets/shared/images/HoldNoteEffect/holdCoverPurple.png
2025-04-29 | 0:13.66 [INFO] - [4;90m[states.PlayState/create#857]:[0m [comboData => [totalNoteCount => 0, swags => 0, maxCombo => 0, misses => 0, highestCombo => 0, shits => 0, sicks => 0, totalNotesHit => 0, goods => 0, bads => 0, combo => 0, totalPlayed => 0], rankData => [comboRank => , accuracy => 0, rating => ], mainData => [score => 0, opponentMode => false, name => rebound, difficulty => 1]]rebound1
2025-04-29 | 0:13.67 [SLE_INFO] - [4;90m[slushi.slushiUtils.LyricsUtils/new#35]:[0m Lyrics JSON file not found!
2025-04-29 | 0:13.85 [INFO] - [4;90m[states.PlayState/create#1003]:[0m current stage, bambersHell
2025-04-29 | 0:13.86 [INFO] - [4;90m[backend.stage.Stage/setupWeekDir#193]:[0m directory: shared
2025-04-29 | 0:13.86 [INFO] - [4;90m[backend.stage.Stage/setupStageProperties#101]:[0m STAGE INFO JSON ? assets/shared/data/stages/bambersHell.json
2025-04-29 | 0:14.73 [INFO] - [4;90m[backend.song.Song/getChart#120]:[0m assets/shared/data/songs/rebound/events.json
2025-04-29 | 0:14.74 [INFO] - [4;90m[backend.song.Song/parseJSON#148]:[0m converting chart events with format unknown to psych_v1 format...
2025-04-29 | 0:14.75 [INFO] - [4;90m[states.PlayState/cacheCharacter#9913]:[0m found empty
2025-04-29 | 0:14.75 [INFO] - [4;90m[states.PlayState/cacheCharacter#9913]:[0m found 404-unfinished
2025-04-29 | 0:14.76 [INFO] - [4;90m[states.PlayState/cacheCharacter#9913]:[0m found 404
2025-04-29 | 0:20.03 [INFO] - [4;90m[states.PlayState/startSong#2720]:[0m started loading!
2025-04-29 | 0:20.04 [WARN] - [4;90m[states.PlayState/update#4287]:[0m Warning! Delay is too fucking high!!
2025-04-29 | 0:20.04 [WARN] - [4;90m[states.PlayState/update#4287]:[0m Warning! Delay is too fucking high!!
2025-04-29 | 0:20.05 [WARN] - [4;90m[states.PlayState/update#4287]:[0m Warning! Delay is too fucking high!!
2025-04-29 | 0:20.06 [WARN] - [4;90m[states.PlayState/update#4287]:[0m Warning! Delay is too fucking high!!
2025-04-29 | 0:20.06 [WARN] - [4;90m[states.PlayState/update#4287]:[0m Warning! Delay is too fucking high!!
2025-04-29 | 0:20.07 [WARN] - [4;90m[states.PlayState/update#4287]:[0m Warning! Delay is too fucking high!!
2025-04-29 | 0:20.08 [WARN] - [4;90m[states.PlayState/update#4287]:[0m Warning! Delay is too fucking high!!
2025-04-29 | 0:20.09 [WARN] - [4;90m[states.PlayState/update#4287]:[0m Warning! Delay is too fucking high!!
2025-04-29 | 0:20.09 [WARN] - [4;90m[states.PlayState/update#4287]:[0m Warning! Delay is too fucking high!!
2025-04-29 | 0:20.10 [ERROR] - [4;90m[slushi.slushiUtils.crashHandler.CrashHandler/onUncaughtError#164]:[0m 
CRASH:
[38;5;1mCall Stack:
[4mflixel/addons/effects/FlxTrail.hx#167[24m
flixel/group/FlxGroup.hx#161
states/MusicBeatState.hx#156
states/PlayState.hx#4508
flixel/FlxState.hx#241
flixel/FlxGame.hx#750

Uncaught Error:
Null Object Reference[0m


2025-04-29 | 0:20.17 [INFO] - [4;90m[slushi.slushiUtils.crashHandler.CrashHandler/onUncaughtError#167]:[0m Starting Crash Handler in game
2025-04-29 | 0:20.31 [SLE_WARN] - [4;90m[slushi.slushiUtils.crashHandler.CrashHandler/onUncaughtError#76]:[0m Trying to make a another crash while is already in a crash with error: [Null Object Reference]. Crash counter: [0], skipping it...
2025-04-29 | 0:20.38 [SLE_WARN] - [4;90m[slushi.slushiUtils.crashHandler.CrashHandler/onUncaughtError#76]:[0m Trying to make a another crash while is already in a crash with error: [Null Object Reference]. Crash counter: [1], skipping it...
2025-04-29 | 0:20.45 [SLE_WARN] - [4;90m[slushi.slushiUtils.crashHandler.CrashHandler/onUncaughtError#76]:[0m Trying to make a another crash while is already in a crash with error: [Null Object Reference]. Crash counter: [2], skipping it...
2025-04-29 | 0:20.51 [SLE_WARN] - [4;90m[slushi.slushiUtils.crashHandler.CrashHandler/onUncaughtError#76]:[0m Trying to make a another crash while is already in a crash with error: [Null Object Reference]. Crash counter: [3], skipping it...
2025-04-29 | 0:20.58 [SLE_WARN] - [4;90m[slushi.slushiUtils.crashHandler.CrashHandler/onUncaughtError#76]:[0m Trying to make a another crash while is already in a crash with error: [Null Object Reference]. Crash counter: [4], skipping it...
2025-04-29 | 0:20.59 [SLE_WARN] - [4;90m[slushi.slushiUtils.crashHandler.CrashHandler/onUncaughtError#80]:[0m Too many crashes, quitting...
