2025-04-29 | 0:00.00 [INFO] - [4;90m[slushi.slushiUtils.Debug/onInitProgram#237]:[0m Debug logging initialized. Hello, developer.
2025-04-29 | 0:00.00 [INFO] - [4;90m[slushi.slushiUtils.Debug/onInitProgram#242]:[0m This is a RELEASE build.
2025-04-29 | 0:00.01 [INFO] - [4;90m[slushi.slushiUtils.Debug/onInitProgram#244]:[0m HaxeFlixel version: HaxeFlixel 5.9.0
2025-04-29 | 0:00.02 [SLE_INFO] - [4;90m[slushi.slushiUtils.Debug/onInitProgram#245]:[0m Slushi Engine version: 0.4.0
2025-04-29 | 0:00.02 [INFO] - [4;90m[slushi.slushiUtils.Debug/onInitProgram#246]:[0m SC Engine version: 1.5.2 (4eaf8c4)
2025-04-29 | 0:00.03 [INFO] - [4;90m[slushi.slushiUtils.Debug/onInitProgram#247]:[0m This is a custom build of PE. Current version: 1.04
2025-04-29 | 0:00.05 [INFO] - [4;90m[backend.DiscordClient/initialize#74]:[0m Discord Client initialized
2025-04-29 | 0:00.06 [INFO] - [4;90m[objects.AlphaCharacter/loadAlphabetData#312]:[0m Reloaded letters successfully (assets/shared/images/alphabet.json)!
2025-04-29 | 0:00.07 [SLE_INFO] - [4;90m[slushi.windows.WindowsFuncs/saveCurrentWindowsWallpaper#49]:[0m Wallpaper Path: C:\Users\yuyio\AppData\Roaming\Microsoft\Windows\Themes\TranscodedWallpaper
2025-04-29 | 0:00.08 [SLE_INFO] - [4;90m[slushi.windows.WindowsFuncs/saveCurrentWindowsWallpaper#50]:[0m Saving the path in a private variable...
2025-04-29 | 0:00.36 [SLE_INFO] - [4;90m[slushi.others.systemUtils.SystemInfo/formatSysInfo#159]:[0m 

System: Microsoft Windows 11 Home 10.0.22631
CPU: AMD Ryzen 7 5700X 8-Core Processor x86 64-Bit
GPU: AMD Radeon RX 6700 XT
Total RAM: 24 GB DDR4

2025-04-29 | 0:00.51 [SLE_INFO] - [4;90m[slushi.SlushiMain/getBuildVer#151]:[0m Checking for new version...
2025-04-29 | 0:00.89 [SLE_INFO] - [4;90m[slushi.SlushiMain/getBuildVer#170]:[0m Version online: [0.4.0], this version: [0.4.0]
2025-04-29 | 0:00.89 [SLE_INFO] - [4;90m[slushi.SlushiMain/getBuildVer#189]:[0m Versions are matching!
2025-04-29 | 0:02.06 [INFO] - [4;90m[backend.DiscordClient/onReady#52]:[0m (Discord) Connected to User (dddsss10_19168)
2025-04-29 | 0:15.52 [INFO] - [4;90m[states.LoadingState/loadNextDirectory#165]:[0m Setting asset folder to shared
2025-04-29 | 0:29.40 [INFO] - [4;90m[slushi.states.freeplay.SlushiFreeplayState/moveToSong#948]:[0m CURRENT WEEK: week2
2025-04-29 | 0:29.41 [INFO] - [4;90m[backend.song.Song/getChart#120]:[0m assets/shared/data/songs/disposition/disposition.json
2025-04-29 | 0:29.43 [INFO] - [4;90m[backend.song.Song/parseJSON#148]:[0m converting chart disposition with format unknown to psych_v1 format...
2025-04-29 | 0:29.44 [INFO] - [4;90m[backend.song.Song/loadFromJson#102]:[0m assets/shared/data/songs/disposition/disposition.json
2025-04-29 | 0:29.44 [INFO] - [4;90m[backend.song.Song/loadFromJson#103]:[0m assets\shared\data\songs\disposition\disposition.json
2025-04-29 | 0:29.45 [INFO] - [4;90m[slushi.states.freeplay.SlushiFreeplayState/moveToSong#956]:[0m disposition
2025-04-29 | 0:29.45 [WARN] - [4;90m[states.LoadingState/clearInvalidFrom#455]:[0m Removed invalid images: characters/bf/BOYFRIEND
2025-04-29 | 0:29.45 [INFO] - [4;90m[states.LoadingState/loadNextDirectory#165]:[0m Setting asset folder to shared
2025-04-29 | 0:29.46 [WARN] - [4;90m[states.LoadingState/clearInvalidFrom#455]:[0m Removed invalid songs: disposition/Inst
2025-04-29 | 0:29.48 [INFO] - [4;90m[states.LoadingState/initThread#486]:[0m finished preloading image HoldNoteEffect/holdCoverBlue
2025-04-29 | 0:29.48 [INFO] - [4;90m[states.LoadingState/initThread#486]:[0m finished preloading image HoldNoteEffect/holdCoverPurple
2025-04-29 | 0:29.48 [INFO] - [4;90m[states.LoadingState/initThread#486]:[0m finished preloading image HoldNoteEffect/holdCoverPurple
2025-04-29 | 0:29.48 [INFO] - [4;90m[states.LoadingState/initThread#486]:[0m finished preloading image HoldNoteEffect/holdCoverGreen
2025-04-29 | 0:29.49 [INFO] - [4;90m[states.LoadingState/initThread#486]:[0m finished preloading image noteSplashes/noteSplashes
2025-04-29 | 0:29.51 [INFO] - [4;90m[states.LoadingState/initThread#486]:[0m finished preloading image noteSkins/NOTE_assets
2025-04-29 | 0:29.51 [INFO] - [4;90m[states.LoadingState/initThread#486]:[0m finished preloading image noteSkins/NOTE_assets
2025-04-29 | 0:30.27 [INFO] - [4;90m[states.LoadingState/initThread#486]:[0m finished preloading image characters/GF_assets
2025-04-29 | 0:30.41 [INFO] - [4;90m[states.LoadingState/initThread#486]:[0m finished preloading image characters/expunged/404 Phase 2
2025-04-29 | 0:30.87 [INFO] - [4;90m[states.LoadingState/checkLoaded#147]:[0m finished preloading image assets/shared/images/characters/expunged/404 Phase 2.png
2025-04-29 | 0:30.88 [INFO] - [4;90m[states.LoadingState/checkLoaded#147]:[0m finished preloading image assets/shared/images/noteSplashes/noteSplashes.png
2025-04-29 | 0:30.88 [INFO] - [4;90m[states.LoadingState/checkLoaded#147]:[0m finished preloading image assets/shared/images/HoldNoteEffect/holdCoverBlue.png
2025-04-29 | 0:31.00 [INFO] - [4;90m[states.LoadingState/checkLoaded#147]:[0m finished preloading image assets/shared/images/characters/GF_assets.png
2025-04-29 | 0:31.01 [INFO] - [4;90m[states.LoadingState/checkLoaded#147]:[0m finished preloading image assets/shared/images/HoldNoteEffect/holdCoverGreen.png
2025-04-29 | 0:31.02 [INFO] - [4;90m[states.LoadingState/checkLoaded#147]:[0m finished preloading image assets/shared/images/noteSkins/NOTE_assets.png
2025-04-29 | 0:31.03 [INFO] - [4;90m[states.LoadingState/checkLoaded#147]:[0m finished preloading image assets/shared/images/HoldNoteEffect/holdCoverPurple.png
2025-04-29 | 0:31.07 [INFO] - [4;90m[states.PlayState/create#861]:[0m [comboData => [totalNoteCount => 0, swags => 0, highestCombo => 0, maxCombo => 0, misses => 0, shits => 0, sicks => 0, totalNotesHit => 0, goods => 0, bads => 0, combo => 0, totalPlayed => 0], rankData => [comboRank => , accuracy => 0, rating => ], mainData => [score => 0, opponentMode => false, name => disposition, difficulty => 1]]disposition1
2025-04-29 | 0:31.10 [SLE_INFO] - [4;90m[slushi.slushiUtils.LyricsUtils/new#35]:[0m Lyrics JSON file not found!
2025-04-29 | 0:31.13 [INFO] - [4;90m[states.PlayState/create#1007]:[0m current stage, bambersHell
2025-04-29 | 0:31.13 [INFO] - [4;90m[backend.stage.Stage/setupWeekDir#193]:[0m directory: shared
2025-04-29 | 0:31.14 [INFO] - [4;90m[backend.stage.Stage/setupStageProperties#101]:[0m STAGE INFO JSON ? assets/shared/data/stages/bambersHell.json
2025-04-29 | 0:32.41 [INFO] - [4;90m[backend.song.Song/getChart#120]:[0m assets/shared/data/songs/disposition/events.json
2025-04-29 | 0:40.62 [INFO] - [4;90m[states.PlayState/startSong#2747]:[0m started loading!
2025-04-29 | 0:41.00 [WARN] - [4;90m[states.PlayState/update#4314]:[0m Warning! Delay is too fucking high!!
2025-04-29 | 0:41.40 [WARN] - [4;90m[states.PlayState/update#4314]:[0m Warning! Delay is too fucking high!!
2025-04-29 | 0:41.80 [WARN] - [4;90m[states.PlayState/update#4314]:[0m Warning! Delay is too fucking high!!
2025-04-29 | 0:42.21 [WARN] - [4;90m[states.PlayState/update#4314]:[0m Warning! Delay is too fucking high!!
2025-04-29 | 0:42.59 [WARN] - [4;90m[states.PlayState/update#4314]:[0m Warning! Delay is too fucking high!!
2025-04-29 | 0:42.98 [WARN] - [4;90m[states.PlayState/update#4314]:[0m Warning! Delay is too fucking high!!
2025-04-29 | 0:43.37 [WARN] - [4;90m[states.PlayState/update#4314]:[0m Warning! Delay is too fucking high!!
2025-04-29 | 0:43.76 [WARN] - [4;90m[states.PlayState/update#4314]:[0m Warning! Delay is too fucking high!!
2025-04-29 | 0:44.14 [WARN] - [4;90m[states.PlayState/update#4314]:[0m Warning! Delay is too fucking high!!
2025-04-29 | 0:44.52 [WARN] - [4;90m[states.PlayState/update#4314]:[0m Warning! Delay is too fucking high!!
2025-04-29 | 0:44.91 [WARN] - [4;90m[states.PlayState/update#4314]:[0m Warning! Delay is too fucking high!!
2025-04-29 | 0:45.28 [WARN] - [4;90m[states.PlayState/update#4314]:[0m Warning! Delay is too fucking high!!
2025-04-29 | 0:45.68 [WARN] - [4;90m[states.PlayState/update#4314]:[0m Warning! Delay is too fucking high!!
2025-04-29 | 0:46.06 [WARN] - [4;90m[states.PlayState/update#4314]:[0m Warning! Delay is too fucking high!!
2025-04-29 | 0:46.45 [WARN] - [4;90m[states.PlayState/update#4314]:[0m Warning! Delay is too fucking high!!
2025-04-29 | 0:46.84 [WARN] - [4;90m[states.PlayState/update#4314]:[0m Warning! Delay is too fucking high!!
2025-04-29 | 0:47.21 [WARN] - [4;90m[states.PlayState/update#4314]:[0m Warning! Delay is too fucking high!!
2025-04-29 | 0:47.60 [WARN] - [4;90m[states.PlayState/update#4314]:[0m Warning! Delay is too fucking high!!
2025-04-29 | 0:47.98 [WARN] - [4;90m[states.PlayState/update#4314]:[0m Warning! Delay is too fucking high!!
2025-04-29 | 0:48.37 [WARN] - [4;90m[states.PlayState/update#4314]:[0m Warning! Delay is too fucking high!!
2025-04-29 | 0:48.76 [WARN] - [4;90m[states.PlayState/update#4314]:[0m Warning! Delay is too fucking high!!
2025-04-29 | 0:49.13 [WARN] - [4;90m[states.PlayState/update#4314]:[0m Warning! Delay is too fucking high!!
2025-04-29 | 0:49.56 [WARN] - [4;90m[states.PlayState/update#4314]:[0m Warning! Delay is too fucking high!!
2025-04-29 | 0:49.96 [WARN] - [4;90m[states.PlayState/update#4314]:[0m Warning! Delay is too fucking high!!
2025-04-29 | 0:50.36 [WARN] - [4;90m[states.PlayState/update#4314]:[0m Warning! Delay is too fucking high!!
2025-04-29 | 0:50.73 [WARN] - [4;90m[states.PlayState/update#4314]:[0m Warning! Delay is too fucking high!!
2025-04-29 | 0:51.12 [WARN] - [4;90m[states.PlayState/update#4314]:[0m Warning! Delay is too fucking high!!
2025-04-29 | 0:51.51 [WARN] - [4;90m[states.PlayState/update#4314]:[0m Warning! Delay is too fucking high!!
2025-04-29 | 0:51.89 [WARN] - [4;90m[states.PlayState/update#4314]:[0m Warning! Delay is too fucking high!!
2025-04-29 | 0:52.27 [WARN] - [4;90m[states.PlayState/update#4314]:[0m Warning! Delay is too fucking high!!
2025-04-29 | 0:52.68 [WARN] - [4;90m[states.PlayState/update#4314]:[0m Warning! Delay is too fucking high!!
2025-04-29 | 0:53.06 [WARN] - [4;90m[states.PlayState/update#4314]:[0m Warning! Delay is too fucking high!!
2025-04-29 | 0:53.44 [WARN] - [4;90m[states.PlayState/update#4314]:[0m Warning! Delay is too fucking high!!
2025-04-29 | 0:53.84 [WARN] - [4;90m[states.PlayState/update#4314]:[0m Warning! Delay is too fucking high!!
2025-04-29 | 0:54.22 [WARN] - [4;90m[states.PlayState/update#4314]:[0m Warning! Delay is too fucking high!!
2025-04-29 | 0:54.66 [WARN] - [4;90m[states.PlayState/update#4314]:[0m Warning! Delay is too fucking high!!
2025-04-29 | 0:55.05 [WARN] - [4;90m[states.PlayState/update#4314]:[0m Warning! Delay is too fucking high!!
2025-04-29 | 0:55.43 [WARN] - [4;90m[states.PlayState/update#4314]:[0m Warning! Delay is too fucking high!!
2025-04-29 | 0:55.83 [WARN] - [4;90m[states.PlayState/update#4314]:[0m Warning! Delay is too fucking high!!
2025-04-29 | 0:56.22 [WARN] - [4;90m[states.PlayState/update#4314]:[0m Warning! Delay is too fucking high!!
2025-04-29 | 0:56.61 [WARN] - [4;90m[states.PlayState/update#4314]:[0m Warning! Delay is too fucking high!!
2025-04-29 | 0:57.01 [WARN] - [4;90m[states.PlayState/update#4314]:[0m Warning! Delay is too fucking high!!
2025-04-29 | 0:59.69 [INFO] - [4;90m[backend.song.Song/getChart#120]:[0m assets/shared/data/songs/disposition/disposition.json
2025-04-29 | 0:59.70 [INFO] - [4;90m[backend.song.Song/parseJSON#148]:[0m converting chart disposition with format unknown to psych_v1 format...
2025-04-29 | 0:59.71 [INFO] - [4;90m[backend.song.Song/loadFromJson#102]:[0m assets/shared/data/songs/disposition/disposition.json
2025-04-29 | 0:59.72 [INFO] - [4;90m[backend.song.Song/loadFromJson#103]:[0m assets\shared\data\songs\disposition\disposition.json
2025-04-29 | 1:02.96 [INFO] - [4;90m[slushi.states.freeplay.SlushiFreeplayState/moveToSong#948]:[0m CURRENT WEEK: week3
2025-04-29 | 1:02.97 [INFO] - [4;90m[backend.song.Song/getChart#120]:[0m assets/shared/data/songs/rascal/rascal.json
2025-04-29 | 1:03.02 [INFO] - [4;90m[backend.song.Song/parseJSON#148]:[0m converting chart rascal with format unknown to psych_v1 format...
2025-04-29 | 1:03.03 [INFO] - [4;90m[backend.song.Song/loadFromJson#102]:[0m assets/shared/data/songs/rascal/rascal.json
2025-04-29 | 1:03.03 [INFO] - [4;90m[backend.song.Song/loadFromJson#103]:[0m assets\shared\data\songs\rascal\rascal.json
2025-04-29 | 1:03.04 [INFO] - [4;90m[slushi.states.freeplay.SlushiFreeplayState/moveToSong#956]:[0m rascal
2025-04-29 | 1:03.05 [INFO] - [4;90m[states.LoadingState/loadNextDirectory#165]:[0m Setting asset folder to shared
2025-04-29 | 1:03.08 [WARN] - [4;90m[states.LoadingState/clearInvalidFrom#455]:[0m Removed invalid images: characters/bf/BOYFRIEND
2025-04-29 | 1:03.08 [INFO] - [4;90m[states.LoadingState/initThread#486]:[0m finished preloading image noteSkins/NOTE_assets
2025-04-29 | 1:03.08 [INFO] - [4;90m[states.LoadingState/initThread#486]:[0m finished preloading image noteSkins/NOTE_assets
2025-04-29 | 1:03.08 [INFO] - [4;90m[states.LoadingState/initThread#486]:[0m finished preloading image characters/GF_assets
2025-04-29 | 1:03.09 [INFO] - [4;90m[states.LoadingState/initThread#486]:[0m finished preloading image HoldNoteEffect/holdCoverBlue
2025-04-29 | 1:03.09 [INFO] - [4;90m[states.LoadingState/initThread#486]:[0m finished preloading image HoldNoteEffect/holdCoverPurple
2025-04-29 | 1:03.09 [INFO] - [4;90m[states.LoadingState/initThread#486]:[0m finished preloading image HoldNoteEffect/holdCoverGreen
2025-04-29 | 1:03.09 [INFO] - [4;90m[states.LoadingState/initThread#486]:[0m finished preloading image HoldNoteEffect/holdCoverPurple
2025-04-29 | 1:03.20 [INFO] - [4;90m[states.LoadingState/initThread#486]:[0m finished preloading image noteSplashes
2025-04-29 | 1:03.26 [INFO] - [4;90m[states.LoadingState/initThread#486]:[0m finished preloading image characters/dave/Dave
2025-04-29 | 1:03.85 [INFO] - [4;90m[states.LoadingState/checkLoaded#147]:[0m finished preloading image assets/shared/images/HoldNoteEffect/holdCoverBlue.png
2025-04-29 | 1:03.86 [INFO] - [4;90m[states.LoadingState/checkLoaded#147]:[0m finished preloading image assets/shared/images/characters/dave/Dave.png
2025-04-29 | 1:03.87 [INFO] - [4;90m[states.LoadingState/checkLoaded#147]:[0m finished preloading image assets/shared/images/HoldNoteEffect/holdCoverGreen.png
2025-04-29 | 1:03.87 [INFO] - [4;90m[states.LoadingState/checkLoaded#147]:[0m finished preloading image assets/shared/images/HoldNoteEffect/holdCoverPurple.png
2025-04-29 | 1:03.88 [INFO] - [4;90m[states.LoadingState/checkLoaded#147]:[0m finished preloading image assets/shared/images/noteSplashes.png
2025-04-29 | 1:04.11 [INFO] - [4;90m[states.LoadingState/initThread#486]:[0m finished preloading song rascal/Inst
2025-04-29 | 1:04.14 [INFO] - [4;90m[states.PlayState/create#861]:[0m [comboData => [totalNoteCount => 0, swags => 0, highestCombo => 0, maxCombo => 0, misses => 0, shits => 0, sicks => 0, totalNotesHit => 0, goods => 0, bads => 0, combo => 0, totalPlayed => 0], rankData => [comboRank => , accuracy => 0, rating => ], mainData => [score => 0, opponentMode => false, name => rascal, difficulty => 1]]rascal1
2025-04-29 | 1:04.18 [SLE_INFO] - [4;90m[slushi.slushiUtils.LyricsUtils/new#35]:[0m Lyrics JSON file not found!
2025-04-29 | 1:04.21 [INFO] - [4;90m[states.PlayState/create#1007]:[0m current stage, inside-house
2025-04-29 | 1:04.21 [INFO] - [4;90m[backend.stage.Stage/setupWeekDir#193]:[0m directory: shared
2025-04-29 | 1:04.21 [INFO] - [4;90m[backend.stage.Stage/setupStageProperties#101]:[0m STAGE INFO JSON ? assets/shared/data/stages/inside-house.json
2025-04-29 | 1:04.86 [INFO] - [4;90m[states.PlayState/cacheCharacter#9946]:[0m found tristan
2025-04-29 | 1:06.53 [INFO] - [4;90m[states.PlayState/startSong#2747]:[0m started loading!
2025-04-29 | 1:06.55 [WARN] - [4;90m[states.PlayState/update#4314]:[0m Warning! Delay is too fucking high!!
2025-04-29 | 1:06.59 [WARN] - [4;90m[states.PlayState/update#4314]:[0m Warning! Delay is too fucking high!!
2025-04-29 | 1:33.04 [WARN] - [4;90m[states.PlayState/update#4314]:[0m Warning! Delay is too fucking high!!
2025-04-29 | 1:33.05 [WARN] - [4;90m[states.PlayState/update#4314]:[0m Warning! Delay is too fucking high!!
2025-04-29 | 1:33.06 [WARN] - [4;90m[states.PlayState/update#4314]:[0m Warning! Delay is too fucking high!!
2025-04-29 | 1:33.06 [WARN] - [4;90m[states.PlayState/update#4314]:[0m Warning! Delay is too fucking high!!
2025-04-29 | 1:33.07 [WARN] - [4;90m[states.PlayState/update#4314]:[0m Warning! Delay is too fucking high!!
2025-04-29 | 1:33.08 [WARN] - [4;90m[states.PlayState/update#4314]:[0m Warning! Delay is too fucking high!!
2025-04-29 | 1:33.08 [WARN] - [4;90m[states.PlayState/update#4314]:[0m Warning! Delay is too fucking high!!
2025-04-29 | 1:33.09 [WARN] - [4;90m[states.PlayState/update#4314]:[0m Warning! Delay is too fucking high!!
2025-04-29 | 1:33.10 [WARN] - [4;90m[states.PlayState/update#4314]:[0m Warning! Delay is too fucking high!!
2025-04-29 | 1:33.11 [WARN] - [4;90m[states.PlayState/update#4314]:[0m Warning! Delay is too fucking high!!
2025-04-29 | 1:33.11 [WARN] - [4;90m[states.PlayState/update#4314]:[0m Warning! Delay is too fucking high!!
2025-04-29 | 1:33.12 [WARN] - [4;90m[states.PlayState/update#4314]:[0m Warning! Delay is too fucking high!!
2025-04-29 | 1:33.12 [WARN] - [4;90m[states.PlayState/update#4314]:[0m Warning! Delay is too fucking high!!
2025-04-29 | 1:33.13 [WARN] - [4;90m[states.PlayState/update#4314]:[0m Warning! Delay is too fucking high!!
2025-04-29 | 1:33.14 [WARN] - [4;90m[states.PlayState/update#4314]:[0m Warning! Delay is too fucking high!!
2025-04-29 | 1:33.14 [WARN] - [4;90m[states.PlayState/update#4314]:[0m Warning! Delay is too fucking high!!
2025-04-29 | 1:33.16 [WARN] - [4;90m[states.PlayState/update#4314]:[0m Warning! Delay is too fucking high!!
2025-04-29 | 1:33.16 [WARN] - [4;90m[states.PlayState/update#4314]:[0m Warning! Delay is too fucking high!!
2025-04-29 | 1:33.49 [WARN] - [4;90m[states.PlayState/update#4314]:[0m Warning! Delay is too fucking high!!
2025-04-29 | 1:33.50 [WARN] - [4;90m[states.PlayState/update#4314]:[0m Warning! Delay is too fucking high!!
2025-04-29 | 1:33.51 [WARN] - [4;90m[states.PlayState/update#4314]:[0m Warning! Delay is too fucking high!!
2025-04-29 | 1:33.52 [WARN] - [4;90m[states.PlayState/update#4314]:[0m Warning! Delay is too fucking high!!
2025-04-29 | 1:33.52 [WARN] - [4;90m[states.PlayState/update#4314]:[0m Warning! Delay is too fucking high!!
2025-04-29 | 1:33.53 [WARN] - [4;90m[states.PlayState/update#4314]:[0m Warning! Delay is too fucking high!!
2025-04-29 | 1:33.54 [WARN] - [4;90m[states.PlayState/update#4314]:[0m Warning! Delay is too fucking high!!
2025-04-29 | 1:33.55 [WARN] - [4;90m[states.PlayState/update#4314]:[0m Warning! Delay is too fucking high!!
2025-04-29 | 1:33.55 [WARN] - [4;90m[states.PlayState/update#4314]:[0m Warning! Delay is too fucking high!!
2025-04-29 | 1:33.56 [WARN] - [4;90m[states.PlayState/update#4314]:[0m Warning! Delay is too fucking high!!
2025-04-29 | 1:33.57 [WARN] - [4;90m[states.PlayState/update#4314]:[0m Warning! Delay is too fucking high!!
2025-04-29 | 1:33.57 [WARN] - [4;90m[states.PlayState/update#4314]:[0m Warning! Delay is too fucking high!!
2025-04-29 | 1:33.58 [WARN] - [4;90m[states.PlayState/update#4314]:[0m Warning! Delay is too fucking high!!
2025-04-29 | 1:33.59 [WARN] - [4;90m[states.PlayState/update#4314]:[0m Warning! Delay is too fucking high!!
2025-04-29 | 1:33.60 [WARN] - [4;90m[states.PlayState/update#4314]:[0m Warning! Delay is too fucking high!!
2025-04-29 | 1:33.60 [WARN] - [4;90m[states.PlayState/update#4314]:[0m Warning! Delay is too fucking high!!
2025-04-29 | 1:33.63 [WARN] - [4;90m[states.PlayState/update#4314]:[0m Warning! Delay is too fucking high!!
2025-04-29 | 1:33.64 [WARN] - [4;90m[states.PlayState/update#4314]:[0m Warning! Delay is too fucking high!!
2025-04-29 | 1:33.65 [WARN] - [4;90m[states.PlayState/update#4314]:[0m Warning! Delay is too fucking high!!
2025-04-29 | 1:33.66 [WARN] - [4;90m[states.PlayState/update#4314]:[0m Warning! Delay is too fucking high!!
2025-04-29 | 1:33.67 [WARN] - [4;90m[states.PlayState/update#4314]:[0m Warning! Delay is too fucking high!!
2025-04-29 | 1:33.67 [WARN] - [4;90m[states.PlayState/update#4314]:[0m Warning! Delay is too fucking high!!
2025-04-29 | 1:33.68 [WARN] - [4;90m[states.PlayState/update#4314]:[0m Warning! Delay is too fucking high!!
2025-04-29 | 1:33.69 [WARN] - [4;90m[states.PlayState/update#4314]:[0m Warning! Delay is too fucking high!!
2025-04-29 | 1:33.69 [WARN] - [4;90m[states.PlayState/update#4314]:[0m Warning! Delay is too fucking high!!
2025-04-29 | 1:33.70 [WARN] - [4;90m[states.PlayState/update#4314]:[0m Warning! Delay is too fucking high!!
2025-04-29 | 1:33.71 [WARN] - [4;90m[states.PlayState/update#4314]:[0m Warning! Delay is too fucking high!!
2025-04-29 | 1:33.72 [WARN] - [4;90m[states.PlayState/update#4314]:[0m Warning! Delay is too fucking high!!
2025-04-29 | 1:33.72 [WARN] - [4;90m[states.PlayState/update#4314]:[0m Warning! Delay is too fucking high!!
2025-04-29 | 1:33.73 [WARN] - [4;90m[states.PlayState/update#4314]:[0m Warning! Delay is too fucking high!!
2025-04-29 | 1:33.74 [WARN] - [4;90m[states.PlayState/update#4314]:[0m Warning! Delay is too fucking high!!
2025-04-29 | 1:33.74 [WARN] - [4;90m[states.PlayState/update#4314]:[0m Warning! Delay is too fucking high!!
2025-04-29 | 1:33.75 [WARN] - [4;90m[states.PlayState/update#4314]:[0m Warning! Delay is too fucking high!!
2025-04-29 | 1:33.76 [WARN] - [4;90m[states.PlayState/update#4314]:[0m Warning! Delay is too fucking high!!
2025-04-29 | 1:33.77 [WARN] - [4;90m[states.PlayState/update#4314]:[0m Warning! Delay is too fucking high!!
2025-04-29 | 1:33.77 [WARN] - [4;90m[states.PlayState/update#4314]:[0m Warning! Delay is too fucking high!!
2025-04-29 | 1:33.78 [WARN] - [4;90m[states.PlayState/update#4314]:[0m Warning! Delay is too fucking high!!
2025-04-29 | 1:33.79 [WARN] - [4;90m[states.PlayState/update#4314]:[0m Warning! Delay is too fucking high!!
2025-04-29 | 1:33.80 [WARN] - [4;90m[states.PlayState/update#4314]:[0m Warning! Delay is too fucking high!!
2025-04-29 | 1:33.80 [WARN] - [4;90m[states.PlayState/update#4314]:[0m Warning! Delay is too fucking high!!
2025-04-29 | 1:33.82 [WARN] - [4;90m[states.PlayState/update#4314]:[0m Warning! Delay is too fucking high!!
2025-04-29 | 1:33.82 [WARN] - [4;90m[states.PlayState/update#4314]:[0m Warning! Delay is too fucking high!!
2025-04-29 | 1:33.84 [WARN] - [4;90m[states.PlayState/update#4314]:[0m Warning! Delay is too fucking high!!
2025-04-29 | 1:33.86 [WARN] - [4;90m[states.PlayState/update#4314]:[0m Warning! Delay is too fucking high!!
2025-04-29 | 1:33.88 [WARN] - [4;90m[states.PlayState/update#4314]:[0m Warning! Delay is too fucking high!!
2025-04-29 | 1:33.89 [WARN] - [4;90m[states.PlayState/update#4314]:[0m Warning! Delay is too fucking high!!
2025-04-29 | 1:33.91 [WARN] - [4;90m[states.PlayState/update#4314]:[0m Warning! Delay is too fucking high!!
2025-04-29 | 1:33.94 [WARN] - [4;90m[states.PlayState/update#4314]:[0m Warning! Delay is too fucking high!!
2025-04-29 | 1:33.97 [WARN] - [4;90m[states.PlayState/update#4314]:[0m Warning! Delay is too fucking high!!
2025-04-29 | 1:52.89 [INFO] - [4;90m[backend.song.Song/getChart#120]:[0m assets/shared/data/songs/rascal/rascal.json
2025-04-29 | 1:52.91 [INFO] - [4;90m[backend.song.Song/parseJSON#148]:[0m converting chart rascal with format unknown to psych_v1 format...
2025-04-29 | 1:52.91 [INFO] - [4;90m[backend.song.Song/loadFromJson#102]:[0m assets/shared/data/songs/rascal/rascal.json
2025-04-29 | 1:52.92 [INFO] - [4;90m[backend.song.Song/loadFromJson#103]:[0m assets\shared\data\songs\rascal\rascal.json
2025-04-29 | 1:57.57 [INFO] - [4;90m[slushi.states.freeplay.SlushiFreeplayState/moveToSong#948]:[0m CURRENT WEEK: week4
2025-04-29 | 1:57.57 [INFO] - [4;90m[backend.song.Song/getChart#120]:[0m assets/shared/data/songs/double-act/double-act.json
2025-04-29 | 1:57.63 [INFO] - [4;90m[backend.song.Song/loadFromJson#102]:[0m assets/shared/data/songs/double-act/double-act.json
2025-04-29 | 1:57.64 [INFO] - [4;90m[backend.song.Song/loadFromJson#103]:[0m assets\shared\data\songs\double-act\double-act.json
2025-04-29 | 1:57.64 [INFO] - [4;90m[slushi.states.freeplay.SlushiFreeplayState/moveToSong#956]:[0m double-act
2025-04-29 | 1:57.65 [INFO] - [4;90m[states.LoadingState/loadNextDirectory#165]:[0m Setting asset folder to shared
2025-04-29 | 1:57.67 [WARN] - [4;90m[states.LoadingState/clearInvalidFrom#455]:[0m Removed invalid images: characters/bf/BOYFRIEND
2025-04-29 | 1:57.67 [WARN] - [4;90m[states.LoadingState/clearInvalidFrom#455]:[0m Removed invalid songs: double-act/Inst
2025-04-29 | 1:57.68 [INFO] - [4;90m[states.LoadingState/initThread#486]:[0m finished preloading image noteSkins/NOTE_assets
2025-04-29 | 1:57.68 [INFO] - [4;90m[states.LoadingState/initThread#486]:[0m finished preloading image noteSkins/NOTE_assets
2025-04-29 | 1:57.68 [INFO] - [4;90m[states.LoadingState/initThread#486]:[0m finished preloading image characters/GF_assets
2025-04-29 | 1:57.68 [INFO] - [4;90m[states.LoadingState/initThread#486]:[0m finished preloading image HoldNoteEffect/holdCoverPurple
2025-04-29 | 1:57.68 [INFO] - [4;90m[states.LoadingState/initThread#486]:[0m finished preloading image HoldNoteEffect/holdCoverPurple
2025-04-29 | 1:57.68 [INFO] - [4;90m[states.LoadingState/initThread#486]:[0m finished preloading image HoldNoteEffect/holdCoverGreen
2025-04-29 | 1:57.68 [INFO] - [4;90m[states.LoadingState/initThread#486]:[0m finished preloading image HoldNoteEffect/holdCoverBlue
2025-04-29 | 1:57.69 [INFO] - [4;90m[states.LoadingState/initThread#486]:[0m finished preloading image noteSplashes/noteSplashes
2025-04-29 | 1:57.94 [INFO] - [4;90m[states.LoadingState/initThread#486]:[0m finished preloading image characters/crusti/Crusti
2025-04-29 | 1:58.43 [INFO] - [4;90m[states.LoadingState/checkLoaded#147]:[0m finished preloading image assets/shared/images/noteSplashes/noteSplashes.png
2025-04-29 | 1:58.44 [INFO] - [4;90m[states.LoadingState/checkLoaded#147]:[0m finished preloading image assets/shared/images/HoldNoteEffect/holdCoverBlue.png
2025-04-29 | 1:58.48 [INFO] - [4;90m[states.LoadingState/checkLoaded#147]:[0m finished preloading image assets/shared/images/characters/crusti/Crusti.png
2025-04-29 | 1:58.49 [INFO] - [4;90m[states.LoadingState/checkLoaded#147]:[0m finished preloading image assets/shared/images/HoldNoteEffect/holdCoverGreen.png
2025-04-29 | 1:58.49 [INFO] - [4;90m[states.LoadingState/checkLoaded#147]:[0m finished preloading image assets/shared/images/HoldNoteEffect/holdCoverPurple.png
2025-04-29 | 1:58.53 [INFO] - [4;90m[states.PlayState/create#861]:[0m [comboData => [totalNoteCount => 0, swags => 0, highestCombo => 0, maxCombo => 0, misses => 0, shits => 0, sicks => 0, totalNotesHit => 0, goods => 0, bads => 0, combo => 0, totalPlayed => 0], rankData => [comboRank => , accuracy => 0, rating => ], mainData => [score => 0, opponentMode => false, name => double-act, difficulty => 1]]double-act1
2025-04-29 | 1:58.58 [SLE_INFO] - [4;90m[slushi.slushiUtils.LyricsUtils/new#35]:[0m Lyrics JSON file not found!
2025-04-29 | 1:58.62 [INFO] - [4;90m[states.PlayState/create#1007]:[0m current stage, pizza
2025-04-29 | 1:58.62 [INFO] - [4;90m[backend.stage.Stage/setupWeekDir#193]:[0m directory: shared
2025-04-29 | 1:58.63 [INFO] - [4;90m[backend.stage.Stage/setupStageProperties#101]:[0m STAGE INFO JSON ? assets/shared/data/stages/pizza.json
2025-04-29 | 1:58.63 [WARN] - [4;90m[backend.stage.Stage/setupStageProperties#107]:[0m pizza.json not found, using the default stage
2025-04-29 | 2:00.61 [INFO] - [4;90m[states.PlayState/cacheCharacter#9946]:[0m found paulp
2025-04-29 | 2:00.62 [INFO] - [4;90m[states.PlayState/cacheCharacter#9946]:[0m found crusti
2025-04-29 | 2:00.65 [ERROR] - [4;90m[slushi.slushiUtils.crashHandler.CrashHandler/onUncaughtError#164]:[0m 
CRASH:
[38;5;1mCall Stack:
[4mstates/PlayState.hx#1709[24m
flixel/FlxGame.hx#640

Uncaught Error:
Null Object Reference[0m


2025-04-29 | 2:00.69 [INFO] - [4;90m[slushi.slushiUtils.crashHandler.CrashHandler/onUncaughtError#167]:[0m Starting Crash Handler in game
2025-04-29 | 2:11.67 [INFO] - [4;90m[backend.song.Song/getChart#120]:[0m assets/shared/data/songs/double-act/double-act.json
2025-04-29 | 2:11.68 [INFO] - [4;90m[backend.song.Song/loadFromJson#102]:[0m assets/shared/data/songs/double-act/double-act.json
2025-04-29 | 2:11.68 [INFO] - [4;90m[backend.song.Song/loadFromJson#103]:[0m assets\shared\data\songs\double-act\double-act.json
2025-04-29 | 2:13.77 [INFO] - [4;90m[slushi.states.freeplay.SlushiFreeplayState/moveToSong#948]:[0m CURRENT WEEK: week4
2025-04-29 | 2:13.78 [INFO] - [4;90m[backend.song.Song/getChart#120]:[0m assets/shared/data/songs/double-act/double-act.json
2025-04-29 | 2:13.79 [INFO] - [4;90m[backend.song.Song/loadFromJson#102]:[0m assets/shared/data/songs/double-act/double-act.json
2025-04-29 | 2:13.79 [INFO] - [4;90m[backend.song.Song/loadFromJson#103]:[0m assets\shared\data\songs\double-act\double-act.json
2025-04-29 | 2:13.80 [INFO] - [4;90m[slushi.states.freeplay.SlushiFreeplayState/moveToSong#956]:[0m double-act
2025-04-29 | 2:13.81 [WARN] - [4;90m[states.LoadingState/clearInvalidFrom#455]:[0m Removed invalid images: characters/bf/BOYFRIEND
2025-04-29 | 2:13.81 [INFO] - [4;90m[states.LoadingState/loadNextDirectory#165]:[0m Setting asset folder to shared
2025-04-29 | 2:13.81 [WARN] - [4;90m[states.LoadingState/clearInvalidFrom#455]:[0m Removed invalid songs: double-act/Inst
2025-04-29 | 2:13.82 [INFO] - [4;90m[states.LoadingState/initThread#486]:[0m finished preloading image noteSkins/NOTE_assets
2025-04-29 | 2:13.82 [INFO] - [4;90m[states.LoadingState/initThread#486]:[0m finished preloading image noteSplashes/noteSplashes
2025-04-29 | 2:13.82 [INFO] - [4;90m[states.LoadingState/initThread#486]:[0m finished preloading image noteSkins/NOTE_assets
2025-04-29 | 2:13.82 [INFO] - [4;90m[states.LoadingState/initThread#486]:[0m finished preloading image characters/crusti/Crusti
2025-04-29 | 2:13.82 [INFO] - [4;90m[states.LoadingState/initThread#486]:[0m finished preloading image characters/GF_assets
2025-04-29 | 2:13.83 [INFO] - [4;90m[states.LoadingState/initThread#486]:[0m finished preloading image HoldNoteEffect/holdCoverBlue
2025-04-29 | 2:13.83 [INFO] - [4;90m[states.LoadingState/initThread#486]:[0m finished preloading image HoldNoteEffect/holdCoverPurple
2025-04-29 | 2:13.83 [INFO] - [4;90m[states.LoadingState/initThread#486]:[0m finished preloading image HoldNoteEffect/holdCoverGreen
2025-04-29 | 2:13.83 [INFO] - [4;90m[states.LoadingState/initThread#486]:[0m finished preloading image HoldNoteEffect/holdCoverPurple
2025-04-29 | 2:14.59 [INFO] - [4;90m[states.LoadingState/checkLoaded#147]:[0m finished preloading image assets/shared/images/HoldNoteEffect/holdCoverGreen.png
2025-04-29 | 2:14.59 [INFO] - [4;90m[states.LoadingState/checkLoaded#147]:[0m finished preloading image assets/shared/images/HoldNoteEffect/holdCoverPurple.png
2025-04-29 | 2:14.60 [INFO] - [4;90m[states.LoadingState/checkLoaded#147]:[0m finished preloading image assets/shared/images/HoldNoteEffect/holdCoverBlue.png
2025-04-29 | 2:14.62 [INFO] - [4;90m[states.PlayState/create#861]:[0m [comboData => [totalNoteCount => 0, swags => 0, highestCombo => 0, maxCombo => 0, misses => 0, shits => 0, sicks => 0, totalNotesHit => 0, goods => 0, bads => 0, combo => 0, totalPlayed => 0], rankData => [comboRank => , accuracy => 0, rating => ], mainData => [score => 0, opponentMode => false, name => double-act, difficulty => 1]]double-act1
2025-04-29 | 2:14.65 [SLE_INFO] - [4;90m[slushi.slushiUtils.LyricsUtils/new#35]:[0m Lyrics JSON file not found!
2025-04-29 | 2:14.66 [INFO] - [4;90m[states.PlayState/create#1007]:[0m current stage, pizza
2025-04-29 | 2:14.67 [INFO] - [4;90m[backend.stage.Stage/setupWeekDir#193]:[0m directory: shared
2025-04-29 | 2:14.67 [INFO] - [4;90m[backend.stage.Stage/setupStageProperties#101]:[0m STAGE INFO JSON ? assets/shared/data/stages/pizza.json
2025-04-29 | 2:14.68 [WARN] - [4;90m[backend.stage.Stage/setupStageProperties#107]:[0m pizza.json not found, using the default stage
2025-04-29 | 2:15.09 [INFO] - [4;90m[states.PlayState/cacheCharacter#9946]:[0m found paulp
2025-04-29 | 2:15.10 [INFO] - [4;90m[states.PlayState/cacheCharacter#9946]:[0m found crusti
2025-04-29 | 2:15.11 [ERROR] - [4;90m[slushi.slushiUtils.crashHandler.CrashHandler/onUncaughtError#164]:[0m 
CRASH:
[38;5;1mCall Stack:
[4mstates/PlayState.hx#1709[24m
flixel/FlxGame.hx#640

Uncaught Error:
Null Object Reference[0m


2025-04-29 | 2:15.15 [INFO] - [4;90m[slushi.slushiUtils.crashHandler.CrashHandler/onUncaughtError#167]:[0m Starting Crash Handler in game
2025-04-29 | 2:26.17 [INFO] - [4;90m[backend.song.Song/getChart#120]:[0m assets/shared/data/songs/double-act/double-act.json
2025-04-29 | 2:26.18 [INFO] - [4;90m[backend.song.Song/loadFromJson#102]:[0m assets/shared/data/songs/double-act/double-act.json
2025-04-29 | 2:26.19 [INFO] - [4;90m[backend.song.Song/loadFromJson#103]:[0m assets\shared\data\songs\double-act\double-act.json
2025-04-29 | 2:28.55 [INFO] - [4;90m[slushi.states.freeplay.SlushiFreeplayState/moveToSong#948]:[0m CURRENT WEEK: week4
2025-04-29 | 2:28.56 [INFO] - [4;90m[backend.song.Song/getChart#120]:[0m assets/shared/data/songs/acquaintance/acquaintance.json
2025-04-29 | 2:28.63 [INFO] - [4;90m[backend.song.Song/parseJSON#148]:[0m converting chart acquaintance with format unknown to psych_v1 format...
2025-04-29 | 2:28.63 [INFO] - [4;90m[backend.song.Song/loadFromJson#102]:[0m assets/shared/data/songs/acquaintance/acquaintance.json
2025-04-29 | 2:28.64 [INFO] - [4;90m[backend.song.Song/loadFromJson#103]:[0m assets\shared\data\songs\acquaintance\acquaintance.json
2025-04-29 | 2:28.65 [INFO] - [4;90m[slushi.states.freeplay.SlushiFreeplayState/moveToSong#956]:[0m acquaintance
2025-04-29 | 2:28.65 [INFO] - [4;90m[states.LoadingState/loadNextDirectory#165]:[0m Setting asset folder to shared
2025-04-29 | 2:28.68 [WARN] - [4;90m[states.LoadingState/clearInvalidFrom#455]:[0m Removed invalid images: characters/bf/BOYFRIEND
2025-04-29 | 2:28.69 [WARN] - [4;90m[states.LoadingState/clearInvalidFrom#455]:[0m Removed invalid songs: acquaintance/Inst
2025-04-29 | 2:28.69 [INFO] - [4;90m[states.LoadingState/initThread#486]:[0m finished preloading image noteSkins/NOTE_assets
2025-04-29 | 2:28.69 [INFO] - [4;90m[states.LoadingState/initThread#486]:[0m finished preloading image noteSkins/NOTE_assets
2025-04-29 | 2:28.69 [INFO] - [4;90m[states.LoadingState/initThread#486]:[0m finished preloading image characters/GF_assets
2025-04-29 | 2:28.70 [INFO] - [4;90m[states.LoadingState/initThread#486]:[0m finished preloading image HoldNoteEffect/holdCoverPurple
2025-04-29 | 2:28.70 [INFO] - [4;90m[states.LoadingState/initThread#486]:[0m finished preloading image HoldNoteEffect/holdCoverBlue
2025-04-29 | 2:28.70 [INFO] - [4;90m[states.LoadingState/initThread#486]:[0m finished preloading image HoldNoteEffect/holdCoverPurple
2025-04-29 | 2:28.70 [INFO] - [4;90m[states.LoadingState/initThread#486]:[0m finished preloading image HoldNoteEffect/holdCoverGreen
2025-04-29 | 2:28.76 [INFO] - [4;90m[states.LoadingState/initThread#486]:[0m finished preloading image noteSplashes
2025-04-29 | 2:29.10 [INFO] - [4;90m[states.LoadingState/initThread#486]:[0m finished preloading image characters/bandu/Bandu
2025-04-29 | 2:29.50 [INFO] - [4;90m[states.LoadingState/checkLoaded#147]:[0m finished preloading image assets/shared/images/characters/bandu/Bandu.png
2025-04-29 | 2:29.51 [INFO] - [4;90m[states.LoadingState/checkLoaded#147]:[0m finished preloading image assets/shared/images/HoldNoteEffect/holdCoverBlue.png
2025-04-29 | 2:29.52 [INFO] - [4;90m[states.LoadingState/checkLoaded#147]:[0m finished preloading image assets/shared/images/HoldNoteEffect/holdCoverGreen.png
2025-04-29 | 2:29.53 [INFO] - [4;90m[states.LoadingState/checkLoaded#147]:[0m finished preloading image assets/shared/images/HoldNoteEffect/holdCoverPurple.png
2025-04-29 | 2:29.53 [INFO] - [4;90m[states.LoadingState/checkLoaded#147]:[0m finished preloading image assets/shared/images/noteSplashes.png
2025-04-29 | 2:29.57 [INFO] - [4;90m[states.PlayState/create#861]:[0m [comboData => [totalNoteCount => 0, swags => 0, highestCombo => 0, maxCombo => 0, misses => 0, shits => 0, sicks => 0, totalNotesHit => 0, goods => 0, bads => 0, combo => 0, totalPlayed => 0], rankData => [comboRank => , accuracy => 0, rating => ], mainData => [score => 0, opponentMode => false, name => acquaintance, difficulty => 1]]acquaintance1
2025-04-29 | 2:29.61 [SLE_INFO] - [4;90m[slushi.slushiUtils.LyricsUtils/new#35]:[0m Lyrics JSON file not found!
2025-04-29 | 2:29.66 [INFO] - [4;90m[states.PlayState/create#1007]:[0m current stage, applecore
2025-04-29 | 2:29.67 [INFO] - [4;90m[backend.stage.Stage/setupWeekDir#193]:[0m directory: shared
2025-04-29 | 2:29.67 [INFO] - [4;90m[backend.stage.Stage/setupStageProperties#101]:[0m STAGE INFO JSON ? assets/shared/data/stages/applecore.json
2025-04-29 | 2:29.68 [WARN] - [4;90m[backend.stage.Stage/setupStageProperties#107]:[0m applecore.json not found, using the default stage
2025-04-29 | 2:30.47 [INFO] - [4;90m[backend.song.Song/getChart#120]:[0m assets/shared/data/songs/acquaintance/events.json
2025-04-29 | 2:30.53 [INFO] - [4;90m[backend.song.Song/parseJSON#148]:[0m converting chart events with format unknown to psych_v1 format...
2025-04-29 | 2:30.75 [INFO] - [4;90m[states.PlayState/cacheCharacter#9946]:[0m found paulp
2025-04-29 | 2:45.72 [INFO] - [4;90m[states.PlayState/startSong#2747]:[0m started loading!
2025-04-29 | 2:46.33 [WARN] - [4;90m[states.PlayState/update#4314]:[0m Warning! Delay is too fucking high!!
2025-04-29 | 2:46.92 [WARN] - [4;90m[states.PlayState/update#4314]:[0m Warning! Delay is too fucking high!!
2025-04-29 | 2:47.52 [WARN] - [4;90m[states.PlayState/update#4314]:[0m Warning! Delay is too fucking high!!
2025-04-29 | 2:48.10 [WARN] - [4;90m[states.PlayState/update#4314]:[0m Warning! Delay is too fucking high!!
2025-04-29 | 2:48.71 [WARN] - [4;90m[states.PlayState/update#4314]:[0m Warning! Delay is too fucking high!!
2025-04-29 | 2:49.34 [WARN] - [4;90m[states.PlayState/update#4314]:[0m Warning! Delay is too fucking high!!
2025-04-29 | 2:49.94 [WARN] - [4;90m[states.PlayState/update#4314]:[0m Warning! Delay is too fucking high!!
2025-04-29 | 2:50.54 [WARN] - [4;90m[states.PlayState/update#4314]:[0m Warning! Delay is too fucking high!!
2025-04-29 | 2:51.14 [WARN] - [4;90m[states.PlayState/update#4314]:[0m Warning! Delay is too fucking high!!
2025-04-29 | 2:51.74 [WARN] - [4;90m[states.PlayState/update#4314]:[0m Warning! Delay is too fucking high!!
2025-04-29 | 2:52.34 [WARN] - [4;90m[states.PlayState/update#4314]:[0m Warning! Delay is too fucking high!!
2025-04-29 | 2:52.93 [WARN] - [4;90m[states.PlayState/update#4314]:[0m Warning! Delay is too fucking high!!
2025-04-29 | 2:53.55 [WARN] - [4;90m[states.PlayState/update#4314]:[0m Warning! Delay is too fucking high!!
2025-04-29 | 2:54.13 [WARN] - [4;90m[states.PlayState/update#4314]:[0m Warning! Delay is too fucking high!!
2025-04-29 | 2:54.78 [WARN] - [4;90m[states.PlayState/update#4314]:[0m Warning! Delay is too fucking high!!
2025-04-29 | 2:55.37 [WARN] - [4;90m[states.PlayState/update#4314]:[0m Warning! Delay is too fucking high!!
2025-04-29 | 2:56.06 [WARN] - [4;90m[states.PlayState/update#4314]:[0m Warning! Delay is too fucking high!!
2025-04-29 | 2:56.76 [WARN] - [4;90m[states.PlayState/update#4314]:[0m Warning! Delay is too fucking high!!
2025-04-29 | 2:57.37 [WARN] - [4;90m[states.PlayState/update#4314]:[0m Warning! Delay is too fucking high!!
2025-04-29 | 2:57.98 [WARN] - [4;90m[states.PlayState/update#4314]:[0m Warning! Delay is too fucking high!!
2025-04-29 | 2:58.63 [WARN] - [4;90m[states.PlayState/update#4314]:[0m Warning! Delay is too fucking high!!
2025-04-29 | 2:59.29 [WARN] - [4;90m[states.PlayState/update#4314]:[0m Warning! Delay is too fucking high!!
2025-04-29 | 3:01.25 [WARN] - [4;90m[states.PlayState/update#4314]:[0m Warning! Delay is too fucking high!!
2025-04-29 | 3:01.89 [WARN] - [4;90m[states.PlayState/update#4314]:[0m Warning! Delay is too fucking high!!
2025-04-29 | 3:02.49 [WARN] - [4;90m[states.PlayState/update#4314]:[0m Warning! Delay is too fucking high!!
2025-04-29 | 3:03.13 [WARN] - [4;90m[states.PlayState/update#4314]:[0m Warning! Delay is too fucking high!!
2025-04-29 | 3:03.74 [WARN] - [4;90m[states.PlayState/update#4314]:[0m Warning! Delay is too fucking high!!
2025-04-29 | 3:04.41 [WARN] - [4;90m[states.PlayState/update#4314]:[0m Warning! Delay is too fucking high!!
2025-04-29 | 3:05.06 [WARN] - [4;90m[states.PlayState/update#4314]:[0m Warning! Delay is too fucking high!!
2025-04-29 | 3:08.14 [INFO] - [4;90m[backend.song.Song/getChart#120]:[0m assets/shared/data/songs/acquaintance/acquaintance.json
2025-04-29 | 3:08.15 [INFO] - [4;90m[backend.song.Song/parseJSON#148]:[0m converting chart acquaintance with format unknown to psych_v1 format...
2025-04-29 | 3:08.16 [INFO] - [4;90m[backend.song.Song/loadFromJson#102]:[0m assets/shared/data/songs/acquaintance/acquaintance.json
2025-04-29 | 3:08.17 [INFO] - [4;90m[backend.song.Song/loadFromJson#103]:[0m assets\shared\data\songs\acquaintance\acquaintance.json
2025-04-29 | 3:42.83 [INFO] - [4;90m[slushi.states.freeplay.SlushiFreeplayState/moveToSong#948]:[0m CURRENT WEEK: week1
2025-04-29 | 3:42.84 [INFO] - [4;90m[backend.song.Song/getChart#120]:[0m assets/shared/data/songs/overcooked/overcooked.json
2025-04-29 | 3:42.89 [INFO] - [4;90m[backend.song.Song/loadFromJson#102]:[0m assets/shared/data/songs/overcooked/overcooked.json
2025-04-29 | 3:42.90 [INFO] - [4;90m[backend.song.Song/loadFromJson#103]:[0m assets\shared\data\songs\overcooked\overcooked.json
2025-04-29 | 3:42.91 [INFO] - [4;90m[slushi.states.freeplay.SlushiFreeplayState/moveToSong#956]:[0m overcooked
2025-04-29 | 3:42.91 [INFO] - [4;90m[states.LoadingState/loadNextDirectory#165]:[0m Setting asset folder to shared
2025-04-29 | 3:42.93 [WARN] - [4;90m[states.LoadingState/clearInvalidFrom#455]:[0m Removed invalid images: characters/bf/BOYFRIEND
2025-04-29 | 3:42.94 [WARN] - [4;90m[states.LoadingState/clearInvalidFrom#455]:[0m Removed invalid songs: overcooked/Inst
2025-04-29 | 3:42.94 [INFO] - [4;90m[states.LoadingState/initThread#486]:[0m finished preloading image noteSkins/NOTE_assets
2025-04-29 | 3:42.94 [INFO] - [4;90m[states.LoadingState/initThread#486]:[0m finished preloading image noteSplashes
2025-04-29 | 3:42.94 [INFO] - [4;90m[states.LoadingState/initThread#486]:[0m finished preloading image noteSkins/NOTE_assets
2025-04-29 | 3:42.94 [INFO] - [4;90m[states.LoadingState/initThread#486]:[0m finished preloading image characters/GF_assets
2025-04-29 | 3:42.95 [INFO] - [4;90m[states.LoadingState/initThread#486]:[0m finished preloading image HoldNoteEffect/holdCoverPurple
2025-04-29 | 3:42.95 [INFO] - [4;90m[states.LoadingState/initThread#486]:[0m finished preloading image HoldNoteEffect/holdCoverPurple
2025-04-29 | 3:42.95 [INFO] - [4;90m[states.LoadingState/initThread#486]:[0m finished preloading image HoldNoteEffect/holdCoverBlue
2025-04-29 | 3:42.95 [INFO] - [4;90m[states.LoadingState/initThread#486]:[0m finished preloading image HoldNoteEffect/holdCoverGreen
2025-04-29 | 3:43.49 [INFO] - [4;90m[states.LoadingState/initThread#486]:[0m finished preloading image characters/crusti/Crusturn
2025-04-29 | 3:43.84 [INFO] - [4;90m[states.LoadingState/checkLoaded#147]:[0m finished preloading image assets/shared/images/characters/crusti/Crusturn.png
2025-04-29 | 3:43.85 [INFO] - [4;90m[states.LoadingState/checkLoaded#147]:[0m finished preloading image assets/shared/images/HoldNoteEffect/holdCoverGreen.png
2025-04-29 | 3:43.86 [INFO] - [4;90m[states.LoadingState/checkLoaded#147]:[0m finished preloading image assets/shared/images/HoldNoteEffect/holdCoverBlue.png
2025-04-29 | 3:43.87 [INFO] - [4;90m[states.LoadingState/checkLoaded#147]:[0m finished preloading image assets/shared/images/HoldNoteEffect/holdCoverPurple.png
2025-04-29 | 3:43.95 [INFO] - [4;90m[states.PlayState/create#861]:[0m { mainData => { difficulty => 1, name => overcooked, opponentMode => false, score => 0 }, rankData => { rating => , accuracy => 0, comboRank =>  }, comboData => { swags => 0, goods => 0, totalNotesHit => 0, maxCombo => 0, totalPlayed => 0, highestCombo => 0, bads => 0, combo => 0, misses => 0, totalNoteCount => 0, shits => 0, sicks => 0 } }overcooked1
2025-04-29 | 3:44.01 [SLE_INFO] - [4;90m[slushi.slushiUtils.LyricsUtils/new#35]:[0m Lyrics JSON file not found!
2025-04-29 | 3:44.05 [INFO] - [4;90m[states.PlayState/create#1007]:[0m current stage, 3dTunnel
2025-04-29 | 3:44.06 [INFO] - [4;90m[backend.stage.Stage/setupWeekDir#193]:[0m directory: shared
2025-04-29 | 3:44.06 [INFO] - [4;90m[backend.stage.Stage/setupStageProperties#101]:[0m STAGE INFO JSON ? assets/shared/data/stages/3dTunnel.json
2025-04-29 | 3:44.07 [WARN] - [4;90m[backend.stage.Stage/setupStageProperties#107]:[0m 3dTunnel.json not found, using the default stage
2025-04-29 | 3:47.47 [INFO] - [4;90m[states.PlayState/startSong#2747]:[0m started loading!
2025-04-29 | 3:47.67 [WARN] - [4;90m[states.PlayState/update#4314]:[0m Warning! Delay is too fucking high!!
2025-04-29 | 3:48.04 [WARN] - [4;90m[states.PlayState/update#4314]:[0m Warning! Delay is too fucking high!!
2025-04-29 | 3:48.22 [WARN] - [4;90m[states.PlayState/update#4314]:[0m Warning! Delay is too fucking high!!
2025-04-29 | 3:51.28 [INFO] - [4;90m[backend.song.Song/getChart#120]:[0m assets/shared/data/songs/overcooked/overcooked.json
2025-04-29 | 3:51.29 [INFO] - [4;90m[backend.song.Song/loadFromJson#102]:[0m assets/shared/data/songs/overcooked/overcooked.json
2025-04-29 | 3:51.29 [INFO] - [4;90m[backend.song.Song/loadFromJson#103]:[0m assets\shared\data\songs\overcooked\overcooked.json
2025-04-29 | 3:55.71 [INFO] - [4;90m[slushi.states.freeplay.SlushiFreeplayState/moveToSong#948]:[0m CURRENT WEEK: week1
2025-04-29 | 3:55.71 [INFO] - [4;90m[backend.song.Song/getChart#120]:[0m assets/shared/data/songs/detrimental-duo/detrimental-duo.json
2025-04-29 | 3:55.80 [INFO] - [4;90m[backend.song.Song/loadFromJson#102]:[0m assets/shared/data/songs/detrimental-duo/detrimental-duo.json
2025-04-29 | 3:55.82 [INFO] - [4;90m[backend.song.Song/loadFromJson#103]:[0m assets\shared\data\songs\detrimental-duo\detrimental-duo.json
2025-04-29 | 3:55.83 [INFO] - [4;90m[slushi.states.freeplay.SlushiFreeplayState/moveToSong#956]:[0m detrimental-duo
2025-04-29 | 3:55.84 [INFO] - [4;90m[states.LoadingState/loadNextDirectory#165]:[0m Setting asset folder to shared
2025-04-29 | 3:55.86 [WARN] - [4;90m[states.LoadingState/clearInvalidFrom#455]:[0m Removed invalid images: characters/bf/BOYFRIEND
2025-04-29 | 3:55.87 [WARN] - [4;90m[states.LoadingState/clearInvalidFrom#455]:[0m Removed invalid songs: detrimental-duo/Inst
2025-04-29 | 3:55.88 [INFO] - [4;90m[states.LoadingState/initThread#486]:[0m finished preloading image noteSkins/NOTE_assets
2025-04-29 | 3:55.88 [INFO] - [4;90m[states.LoadingState/initThread#486]:[0m finished preloading image noteSplashes
2025-04-29 | 3:55.88 [INFO] - [4;90m[states.LoadingState/initThread#486]:[0m finished preloading image noteSkins/NOTE_assets
2025-04-29 | 3:55.88 [INFO] - [4;90m[states.LoadingState/initThread#486]:[0m finished preloading image characters/crusti/Crusturn
2025-04-29 | 3:55.89 [INFO] - [4;90m[states.LoadingState/initThread#486]:[0m finished preloading image HoldNoteEffect/holdCoverBlue
2025-04-29 | 3:55.89 [INFO] - [4;90m[states.LoadingState/initThread#486]:[0m finished preloading image HoldNoteEffect/holdCoverPurple
2025-04-29 | 3:55.89 [INFO] - [4;90m[states.LoadingState/initThread#486]:[0m finished preloading image HoldNoteEffect/holdCoverGreen
2025-04-29 | 3:55.89 [INFO] - [4;90m[states.LoadingState/initThread#486]:[0m finished preloading image HoldNoteEffect/holdCoverPurple
2025-04-29 | 3:56.68 [INFO] - [4;90m[states.LoadingState/checkLoaded#147]:[0m finished preloading image assets/shared/images/HoldNoteEffect/holdCoverGreen.png
2025-04-29 | 3:56.69 [INFO] - [4;90m[states.LoadingState/checkLoaded#147]:[0m finished preloading image assets/shared/images/HoldNoteEffect/holdCoverPurple.png
2025-04-29 | 3:56.70 [INFO] - [4;90m[states.LoadingState/checkLoaded#147]:[0m finished preloading image assets/shared/images/HoldNoteEffect/holdCoverBlue.png
2025-04-29 | 3:56.87 [INFO] - [4;90m[states.LoadingState/initThread#486]:[0m finished preloading image characters/bamburg/Baiburg
2025-04-29 | 3:57.03 [INFO] - [4;90m[states.LoadingState/checkLoaded#147]:[0m finished preloading image assets/shared/images/characters/bamburg/Baiburg.png
2025-04-29 | 3:57.07 [INFO] - [4;90m[states.PlayState/create#861]:[0m { mainData => { difficulty => 1, name => detrimental-duo, opponentMode => false, score => 0 }, rankData => { rating => , accuracy => 0, comboRank =>  }, comboData => { swags => 0, goods => 0, totalNotesHit => 0, maxCombo => 0, totalPlayed => 0, highestCombo => 0, bads => 0, combo => 0, misses => 0, totalNoteCount => 0, shits => 0, sicks => 0 } }detrimental-duo1
2025-04-29 | 3:57.11 [SLE_INFO] - [4;90m[slushi.slushiUtils.LyricsUtils/new#35]:[0m Lyrics JSON file not found!
2025-04-29 | 3:57.16 [INFO] - [4;90m[states.PlayState/create#1007]:[0m current stage, 3dTunnel
2025-04-29 | 3:57.16 [INFO] - [4;90m[backend.stage.Stage/setupWeekDir#193]:[0m directory: shared
2025-04-29 | 3:57.17 [INFO] - [4;90m[backend.stage.Stage/setupStageProperties#101]:[0m STAGE INFO JSON ? assets/shared/data/stages/3dTunnel.json
2025-04-29 | 3:57.17 [WARN] - [4;90m[backend.stage.Stage/setupStageProperties#107]:[0m 3dTunnel.json not found, using the default stage
2025-04-29 | 4:06.94 [INFO] - [4;90m[states.PlayState/startSong#2747]:[0m started loading!
2025-04-29 | 4:07.50 [WARN] - [4;90m[states.PlayState/update#4314]:[0m Warning! Delay is too fucking high!!
2025-04-29 | 4:08.04 [WARN] - [4;90m[states.PlayState/update#4314]:[0m Warning! Delay is too fucking high!!
2025-04-29 | 4:08.53 [WARN] - [4;90m[states.PlayState/update#4314]:[0m Warning! Delay is too fucking high!!
2025-04-29 | 4:19.79 [INFO] - [4;90m[states.LoadingState/loadNextDirectory#165]:[0m Setting asset folder to shared
2025-04-29 | 4:20.65 [INFO] - [4;90m[states.PlayState/create#861]:[0m { mainData => { difficulty => 1, name => detrimental-duo, opponentMode => false, score => 0 }, rankData => { rating => , accuracy => 0, comboRank =>  }, comboData => { swags => 0, goods => 0, totalNotesHit => 0, maxCombo => 0, totalPlayed => 0, highestCombo => 0, bads => 0, combo => 0, misses => 0, totalNoteCount => 0, shits => 0, sicks => 0 } }detrimental-duo1
2025-04-29 | 4:20.67 [SLE_INFO] - [4;90m[slushi.slushiUtils.LyricsUtils/new#35]:[0m Lyrics JSON file not found!
2025-04-29 | 4:20.78 [INFO] - [4;90m[states.PlayState/create#1007]:[0m current stage, 3dTunnel
2025-04-29 | 4:20.79 [INFO] - [4;90m[backend.stage.Stage/setupWeekDir#193]:[0m directory: shared
2025-04-29 | 4:20.79 [INFO] - [4;90m[backend.stage.Stage/setupStageProperties#101]:[0m STAGE INFO JSON ? assets/shared/data/stages/3dTunnel.json
2025-04-29 | 4:20.80 [WARN] - [4;90m[backend.stage.Stage/setupStageProperties#107]:[0m 3dTunnel.json not found, using the default stage
2025-04-29 | 4:22.69 [INFO] - [4;90m[states.PlayState/startSong#2747]:[0m started loading!
2025-04-29 | 4:49.96 [WARN] - [4;90m[states.PlayState/update#4314]:[0m Warning! Delay is too fucking high!!
2025-04-29 | 4:49.98 [WARN] - [4;90m[states.PlayState/update#4314]:[0m Warning! Delay is too fucking high!!
2025-04-29 | 4:49.99 [WARN] - [4;90m[states.PlayState/update#4314]:[0m Warning! Delay is too fucking high!!
2025-04-29 | 4:49.99 [WARN] - [4;90m[states.PlayState/update#4314]:[0m Warning! Delay is too fucking high!!
2025-04-29 | 4:50.00 [WARN] - [4;90m[states.PlayState/update#4314]:[0m Warning! Delay is too fucking high!!
2025-04-29 | 4:50.01 [WARN] - [4;90m[states.PlayState/update#4314]:[0m Warning! Delay is too fucking high!!
2025-04-29 | 4:50.01 [WARN] - [4;90m[states.PlayState/update#4314]:[0m Warning! Delay is too fucking high!!
2025-04-29 | 4:50.02 [WARN] - [4;90m[states.PlayState/update#4314]:[0m Warning! Delay is too fucking high!!
2025-04-29 | 4:50.03 [WARN] - [4;90m[states.PlayState/update#4314]:[0m Warning! Delay is too fucking high!!
2025-04-29 | 4:50.03 [WARN] - [4;90m[states.PlayState/update#4314]:[0m Warning! Delay is too fucking high!!
2025-04-29 | 4:50.04 [WARN] - [4;90m[states.PlayState/update#4314]:[0m Warning! Delay is too fucking high!!
2025-04-29 | 4:50.05 [WARN] - [4;90m[states.PlayState/update#4314]:[0m Warning! Delay is too fucking high!!
2025-04-29 | 4:50.06 [WARN] - [4;90m[states.PlayState/update#4314]:[0m Warning! Delay is too fucking high!!
2025-04-29 | 4:50.06 [WARN] - [4;90m[states.PlayState/update#4314]:[0m Warning! Delay is too fucking high!!
2025-04-29 | 4:50.07 [WARN] - [4;90m[states.PlayState/update#4314]:[0m Warning! Delay is too fucking high!!
2025-04-29 | 4:50.08 [WARN] - [4;90m[states.PlayState/update#4314]:[0m Warning! Delay is too fucking high!!
2025-04-29 | 4:50.09 [WARN] - [4;90m[states.PlayState/update#4314]:[0m Warning! Delay is too fucking high!!
2025-04-29 | 4:50.10 [WARN] - [4;90m[states.PlayState/update#4314]:[0m Warning! Delay is too fucking high!!
2025-04-29 | 4:50.10 [WARN] - [4;90m[states.PlayState/update#4314]:[0m Warning! Delay is too fucking high!!
2025-04-29 | 4:50.12 [WARN] - [4;90m[states.PlayState/update#4314]:[0m Warning! Delay is too fucking high!!
2025-04-29 | 4:50.12 [WARN] - [4;90m[states.PlayState/update#4314]:[0m Warning! Delay is too fucking high!!
2025-04-29 | 4:50.13 [WARN] - [4;90m[states.PlayState/update#4314]:[0m Warning! Delay is too fucking high!!
2025-04-29 | 4:50.14 [WARN] - [4;90m[states.PlayState/update#4314]:[0m Warning! Delay is too fucking high!!
2025-04-29 | 4:50.15 [WARN] - [4;90m[states.PlayState/update#4314]:[0m Warning! Delay is too fucking high!!
2025-04-29 | 4:50.16 [WARN] - [4;90m[states.PlayState/update#4314]:[0m Warning! Delay is too fucking high!!
2025-04-29 | 4:50.18 [WARN] - [4;90m[states.PlayState/update#4314]:[0m Warning! Delay is too fucking high!!
2025-04-29 | 4:50.19 [WARN] - [4;90m[states.PlayState/update#4314]:[0m Warning! Delay is too fucking high!!
2025-04-29 | 4:50.21 [WARN] - [4;90m[states.PlayState/update#4314]:[0m Warning! Delay is too fucking high!!
2025-04-29 | 4:51.46 [WARN] - [4;90m[states.PlayState/update#4314]:[0m Warning! Delay is too fucking high!!
2025-04-29 | 4:51.50 [WARN] - [4;90m[states.PlayState/update#4314]:[0m Warning! Delay is too fucking high!!
2025-04-29 | 4:51.52 [WARN] - [4;90m[states.PlayState/update#4314]:[0m Warning! Delay is too fucking high!!
2025-04-29 | 4:51.53 [WARN] - [4;90m[states.PlayState/update#4314]:[0m Warning! Delay is too fucking high!!
2025-04-29 | 4:51.53 [WARN] - [4;90m[states.PlayState/update#4314]:[0m Warning! Delay is too fucking high!!
2025-04-29 | 4:51.54 [WARN] - [4;90m[states.PlayState/update#4314]:[0m Warning! Delay is too fucking high!!
2025-04-29 | 4:51.55 [WARN] - [4;90m[states.PlayState/update#4314]:[0m Warning! Delay is too fucking high!!
2025-04-29 | 4:51.56 [WARN] - [4;90m[states.PlayState/update#4314]:[0m Warning! Delay is too fucking high!!
2025-04-29 | 4:51.56 [WARN] - [4;90m[states.PlayState/update#4314]:[0m Warning! Delay is too fucking high!!
2025-04-29 | 4:51.59 [WARN] - [4;90m[states.PlayState/update#4314]:[0m Warning! Delay is too fucking high!!
2025-04-29 | 4:51.60 [WARN] - [4;90m[states.PlayState/update#4314]:[0m Warning! Delay is too fucking high!!
2025-04-29 | 4:51.60 [WARN] - [4;90m[states.PlayState/update#4314]:[0m Warning! Delay is too fucking high!!
2025-04-29 | 4:51.61 [WARN] - [4;90m[states.PlayState/update#4314]:[0m Warning! Delay is too fucking high!!
2025-04-29 | 4:51.62 [WARN] - [4;90m[states.PlayState/update#4314]:[0m Warning! Delay is too fucking high!!
2025-04-29 | 4:51.63 [WARN] - [4;90m[states.PlayState/update#4314]:[0m Warning! Delay is too fucking high!!
2025-04-29 | 4:51.64 [WARN] - [4;90m[states.PlayState/update#4314]:[0m Warning! Delay is too fucking high!!
2025-04-29 | 4:51.64 [WARN] - [4;90m[states.PlayState/update#4314]:[0m Warning! Delay is too fucking high!!
2025-04-29 | 4:51.65 [WARN] - [4;90m[states.PlayState/update#4314]:[0m Warning! Delay is too fucking high!!
2025-04-29 | 4:51.65 [WARN] - [4;90m[states.PlayState/update#4314]:[0m Warning! Delay is too fucking high!!
2025-04-29 | 4:51.66 [WARN] - [4;90m[states.PlayState/update#4314]:[0m Warning! Delay is too fucking high!!
2025-04-29 | 4:51.67 [WARN] - [4;90m[states.PlayState/update#4314]:[0m Warning! Delay is too fucking high!!
2025-04-29 | 4:51.68 [WARN] - [4;90m[states.PlayState/update#4314]:[0m Warning! Delay is too fucking high!!
2025-04-29 | 4:51.68 [WARN] - [4;90m[states.PlayState/update#4314]:[0m Warning! Delay is too fucking high!!
2025-04-29 | 4:51.69 [WARN] - [4;90m[states.PlayState/update#4314]:[0m Warning! Delay is too fucking high!!
2025-04-29 | 4:51.70 [WARN] - [4;90m[states.PlayState/update#4314]:[0m Warning! Delay is too fucking high!!
2025-04-29 | 4:51.71 [WARN] - [4;90m[states.PlayState/update#4314]:[0m Warning! Delay is too fucking high!!
2025-04-29 | 4:51.71 [WARN] - [4;90m[states.PlayState/update#4314]:[0m Warning! Delay is too fucking high!!
2025-04-29 | 4:51.72 [WARN] - [4;90m[states.PlayState/update#4314]:[0m Warning! Delay is too fucking high!!
2025-04-29 | 4:51.73 [WARN] - [4;90m[states.PlayState/update#4314]:[0m Warning! Delay is too fucking high!!
2025-04-29 | 4:51.75 [WARN] - [4;90m[states.PlayState/update#4314]:[0m Warning! Delay is too fucking high!!
2025-04-29 | 4:51.76 [WARN] - [4;90m[states.PlayState/update#4314]:[0m Warning! Delay is too fucking high!!
2025-04-29 | 4:51.78 [WARN] - [4;90m[states.PlayState/update#4314]:[0m Warning! Delay is too fucking high!!
2025-04-29 | 4:51.80 [WARN] - [4;90m[states.PlayState/update#4314]:[0m Warning! Delay is too fucking high!!
2025-04-29 | 4:51.81 [WARN] - [4;90m[states.PlayState/update#4314]:[0m Warning! Delay is too fucking high!!
2025-04-29 | 4:51.83 [WARN] - [4;90m[states.PlayState/update#4314]:[0m Warning! Delay is too fucking high!!
2025-04-29 | 5:41.84 [SLE_INFO] - [4;90m[slushi.SlushiMain/onCloseWindow#105]:[0m Reseting all C++ functions...

