2025-04-24 | 0:00.00 [INFO] - [4;90m[slushi.slushiUtils.Debug/onInitProgram#237]:[0m Debug logging initialized. Hello, developer.
2025-04-24 | 0:00.00 [INFO] - [4;90m[slushi.slushiUtils.Debug/onInitProgram#242]:[0m This is a RELEASE build.
2025-04-24 | 0:00.01 [INFO] - [4;90m[slushi.slushiUtils.Debug/onInitProgram#244]:[0m HaxeFlixel version: HaxeFlixel 5.9.0
2025-04-24 | 0:00.01 [SLE_INFO] - [4;90m[slushi.slushiUtils.Debug/onInitProgram#245]:[0m Slushi Engine version: 0.4.0
2025-04-24 | 0:00.02 [INFO] - [4;90m[slushi.slushiUtils.Debug/onInitProgram#246]:[0m SC Engine version: 1.5.2 (4eaf8c4)
2025-04-24 | 0:00.02 [INFO] - [4;90m[slushi.slushiUtils.Debug/onInitProgram#247]:[0m This is a custom build of PE. Current version: 1.04
2025-04-24 | 0:00.04 [INFO] - [4;90m[backend.DiscordClient/initialize#74]:[0m Discord Client initialized
2025-04-24 | 0:00.05 [INFO] - [4;90m[objects.AlphaCharacter/loadAlphabetData#312]:[0m Reloaded letters successfully (assets/shared/images/alphabet.json)!
2025-04-24 | 0:00.05 [SLE_INFO] - [4;90m[slushi.windows.WindowsFuncs/saveCurrentWindowsWallpaper#49]:[0m Wallpaper Path: C:\Users\yuyio\AppData\Roaming\Microsoft\Windows\Themes\TranscodedWallpaper
2025-04-24 | 0:00.06 [SLE_INFO] - [4;90m[slushi.windows.WindowsFuncs/saveCurrentWindowsWallpaper#50]:[0m Saving the path in a private variable...
2025-04-24 | 0:00.33 [SLE_INFO] - [4;90m[slushi.others.systemUtils.SystemInfo/formatSysInfo#159]:[0m 

System: Microsoft Windows 11 Home 10.0.22631
CPU: AMD Ryzen 7 5700X 8-Core Processor x86 64-Bit
GPU: AMD Radeon RX 6700 XT
Total RAM: 24 GB DDR4

2025-04-24 | 0:00.35 [SLE_INFO] - [4;90m[slushi.SlushiMain/getBuildVer#151]:[0m Checking for new version...
2025-04-24 | 0:00.71 [SLE_INFO] - [4;90m[slushi.SlushiMain/getBuildVer#170]:[0m Version online: [0.4.0], this version: [0.4.0]
2025-04-24 | 0:00.71 [SLE_INFO] - [4;90m[slushi.SlushiMain/getBuildVer#189]:[0m Versions are matching!
2025-04-24 | 0:49.01 [INFO] - [4;90m[slushi.states.freeplay.SlushiFreeplayState/moveToSong#948]:[0m CURRENT WEEK: week1
2025-04-24 | 0:49.01 [INFO] - [4;90m[backend.song.Song/getChart#120]:[0m assets/shared/data/songs/shattered/shattered.json
2025-04-24 | 0:49.03 [INFO] - [4;90m[backend.song.Song/parseJSON#148]:[0m converting chart shattered with format unknown to psych_v1 format...
2025-04-24 | 0:49.04 [INFO] - [4;90m[backend.song.Song/loadFromJson#102]:[0m assets/shared/data/songs/shattered/shattered.json
2025-04-24 | 0:49.04 [INFO] - [4;90m[backend.song.Song/loadFromJson#103]:[0m assets\shared\data\songs\shattered\shattered.json
2025-04-24 | 0:49.05 [INFO] - [4;90m[slushi.states.freeplay.SlushiFreeplayState/moveToSong#956]:[0m shattered
2025-04-24 | 0:49.05 [INFO] - [4;90m[states.LoadingState/loadNextDirectory#165]:[0m Setting asset folder to shared
2025-04-24 | 0:49.06 [WARN] - [4;90m[states.LoadingState/clearInvalidFrom#455]:[0m Removed invalid images: characters/bf/BOYFRIEND
2025-04-24 | 0:49.07 [INFO] - [4;90m[states.LoadingState/initThread#486]:[0m finished preloading image HoldNoteEffect/holdCoverPurple
2025-04-24 | 0:49.07 [INFO] - [4;90m[states.LoadingState/initThread#486]:[0m finished preloading image HoldNoteEffect/holdCoverBlue
2025-04-24 | 0:49.07 [INFO] - [4;90m[states.LoadingState/initThread#486]:[0m finished preloading image HoldNoteEffect/holdCoverPurple
2025-04-24 | 0:49.07 [INFO] - [4;90m[states.LoadingState/initThread#486]:[0m finished preloading image HoldNoteEffect/holdCoverGreen
2025-04-24 | 0:49.08 [INFO] - [4;90m[states.LoadingState/initThread#486]:[0m finished preloading image noteSplashes/noteSplashes
2025-04-24 | 0:49.09 [INFO] - [4;90m[states.LoadingState/initThread#486]:[0m finished preloading image noteSkins/NOTE_assets
2025-04-24 | 0:49.09 [INFO] - [4;90m[states.LoadingState/initThread#486]:[0m finished preloading image noteSkins/NOTE_assets
2025-04-24 | 0:49.63 [INFO] - [4;90m[states.LoadingState/initThread#486]:[0m finished preloading image characters/bambi/Angry Bambi
2025-04-24 | 0:49.66 [INFO] - [4;90m[states.LoadingState/initThread#486]:[0m finished preloading image characters/GF_assets
2025-04-24 | 0:49.84 [INFO] - [4;90m[states.LoadingState/initThread#486]:[0m finished preloading song shattered/Voices
2025-04-24 | 0:49.86 [INFO] - [4;90m[states.LoadingState/checkLoaded#147]:[0m finished preloading image assets/shared/images/noteSplashes/noteSplashes.png
2025-04-24 | 0:49.87 [INFO] - [4;90m[states.LoadingState/checkLoaded#147]:[0m finished preloading image assets/shared/images/HoldNoteEffect/holdCoverBlue.png
2025-04-24 | 0:49.90 [INFO] - [4;90m[states.LoadingState/initThread#486]:[0m finished preloading song shattered/Inst
2025-04-24 | 0:50.00 [INFO] - [4;90m[states.LoadingState/checkLoaded#147]:[0m finished preloading image assets/shared/images/characters/GF_assets.png
2025-04-24 | 0:50.00 [INFO] - [4;90m[states.LoadingState/checkLoaded#147]:[0m finished preloading image assets/shared/images/HoldNoteEffect/holdCoverGreen.png
2025-04-24 | 0:50.09 [INFO] - [4;90m[states.LoadingState/checkLoaded#147]:[0m finished preloading image assets/shared/images/characters/bambi/Angry Bambi.png
2025-04-24 | 0:50.10 [INFO] - [4;90m[states.LoadingState/checkLoaded#147]:[0m finished preloading image assets/shared/images/noteSkins/NOTE_assets.png
2025-04-24 | 0:50.11 [INFO] - [4;90m[states.LoadingState/checkLoaded#147]:[0m finished preloading image assets/shared/images/HoldNoteEffect/holdCoverPurple.png
2025-04-24 | 0:50.15 [INFO] - [4;90m[states.PlayState/create#691]:[0m [rankData => [comboRank => , rating => , accuracy => 0], comboData => [swags => 0, totalNoteCount => 0, misses => 0, highestCombo => 0, maxCombo => 0, shits => 0, sicks => 0, combo => 0, bads => 0, goods => 0, totalNotesHit => 0, totalPlayed => 0], mainData => [opponentMode => false, score => 0, difficulty => 1, name => shattered]]shattered1
2025-04-24 | 0:50.25 [SLE_INFO] - [4;90m[slushi.slushiUtils.LyricsUtils/new#35]:[0m Lyrics JSON file not found!
2025-04-24 | 0:50.39 [INFO] - [4;90m[states.PlayState/create#837]:[0m current stage, farmSunset
2025-04-24 | 0:50.39 [INFO] - [4;90m[backend.stage.Stage/setupWeekDir#193]:[0m directory: shared
2025-04-24 | 0:50.40 [INFO] - [4;90m[backend.stage.Stage/setupStageProperties#101]:[0m STAGE INFO JSON ? assets/shared/data/stages/farmSunset.json
2025-04-24 | 0:50.41 [WARN] - [4;90m[backend.stage.Stage/setupStageProperties#107]:[0m farmSunset.json not found, using the default stage
2025-04-24 | 0:50.55 [INFO] - [4;90m[backend.song.Song/getChart#120]:[0m assets/shared/data/songs/shattered/events.json
2025-04-24 | 0:50.55 [INFO] - [4;90m[backend.song.Song/parseJSON#148]:[0m converting chart events with format unknown to psych_v1 format...
2025-04-24 | 0:52.49 [INFO] - [4;90m[states.PlayState/cacheCharacter#7924]:[0m found cube
2025-04-24 | 0:52.49 [INFO] - [4;90m[states.PlayState/cacheCharacter#7924]:[0m found cube
2025-04-24 | 0:52.50 [INFO] - [4;90m[states.PlayState/cacheCharacter#7924]:[0m found bf
2025-04-24 | 0:52.50 [INFO] - [4;90m[states.PlayState/cacheCharacter#7924]:[0m found angry-bambi
2025-04-24 | 0:52.98 [INFO] - [4;90m[states.PlayState/cacheCharacter#7924]:[0m found bambi-mad-guitar
2025-04-24 | 0:55.90 [INFO] - [4;90m[states.PlayState/startSong#2376]:[0m started loading!
2025-04-24 | 0:55.91 [WARN] - [4;90m[states.PlayState/update#3536]:[0m Warning! Delay is too fucking high!!
2025-04-24 | 0:55.93 [WARN] - [4;90m[states.PlayState/update#3536]:[0m Warning! Delay is too fucking high!!
2025-04-24 | 0:55.95 [WARN] - [4;90m[states.PlayState/update#3536]:[0m Warning! Delay is too fucking high!!
2025-04-24 | 0:55.97 [WARN] - [4;90m[states.PlayState/update#3536]:[0m Warning! Delay is too fucking high!!
2025-04-24 | 1:14.30 [WARN] - [4;90m[states.PlayState/update#3536]:[0m Warning! Delay is too fucking high!!
2025-04-24 | 1:14.31 [WARN] - [4;90m[states.PlayState/update#3536]:[0m Warning! Delay is too fucking high!!
2025-04-24 | 1:14.31 [WARN] - [4;90m[states.PlayState/update#3536]:[0m Warning! Delay is too fucking high!!
2025-04-24 | 1:14.32 [WARN] - [4;90m[states.PlayState/update#3536]:[0m Warning! Delay is too fucking high!!
2025-04-24 | 1:14.33 [WARN] - [4;90m[states.PlayState/update#3536]:[0m Warning! Delay is too fucking high!!
2025-04-24 | 1:14.34 [WARN] - [4;90m[states.PlayState/update#3536]:[0m Warning! Delay is too fucking high!!
2025-04-24 | 1:14.34 [WARN] - [4;90m[states.PlayState/update#3536]:[0m Warning! Delay is too fucking high!!
2025-04-24 | 1:14.35 [WARN] - [4;90m[states.PlayState/update#3536]:[0m Warning! Delay is too fucking high!!
2025-04-24 | 1:14.36 [WARN] - [4;90m[states.PlayState/update#3536]:[0m Warning! Delay is too fucking high!!
2025-04-24 | 1:14.37 [WARN] - [4;90m[states.PlayState/update#3536]:[0m Warning! Delay is too fucking high!!
2025-04-24 | 1:14.37 [WARN] - [4;90m[states.PlayState/update#3536]:[0m Warning! Delay is too fucking high!!
2025-04-24 | 1:14.38 [WARN] - [4;90m[states.PlayState/update#3536]:[0m Warning! Delay is too fucking high!!
2025-04-24 | 1:14.39 [WARN] - [4;90m[states.PlayState/update#3536]:[0m Warning! Delay is too fucking high!!
2025-04-24 | 1:14.39 [WARN] - [4;90m[states.PlayState/update#3536]:[0m Warning! Delay is too fucking high!!
2025-04-24 | 1:14.40 [WARN] - [4;90m[states.PlayState/update#3536]:[0m Warning! Delay is too fucking high!!
2025-04-24 | 1:14.41 [WARN] - [4;90m[states.PlayState/update#3536]:[0m Warning! Delay is too fucking high!!
2025-04-24 | 1:14.42 [WARN] - [4;90m[states.PlayState/update#3536]:[0m Warning! Delay is too fucking high!!
2025-04-24 | 1:14.42 [WARN] - [4;90m[states.PlayState/update#3536]:[0m Warning! Delay is too fucking high!!
2025-04-24 | 1:14.43 [WARN] - [4;90m[states.PlayState/update#3536]:[0m Warning! Delay is too fucking high!!
2025-04-24 | 1:14.44 [WARN] - [4;90m[states.PlayState/update#3536]:[0m Warning! Delay is too fucking high!!
2025-04-24 | 1:14.45 [WARN] - [4;90m[states.PlayState/update#3536]:[0m Warning! Delay is too fucking high!!
2025-04-24 | 1:14.46 [WARN] - [4;90m[states.PlayState/update#3536]:[0m Warning! Delay is too fucking high!!
2025-04-24 | 1:14.46 [WARN] - [4;90m[states.PlayState/update#3536]:[0m Warning! Delay is too fucking high!!
2025-04-24 | 1:14.48 [WARN] - [4;90m[states.PlayState/update#3536]:[0m Warning! Delay is too fucking high!!
2025-04-24 | 1:14.50 [WARN] - [4;90m[states.PlayState/update#3536]:[0m Warning! Delay is too fucking high!!
2025-04-24 | 1:14.52 [WARN] - [4;90m[states.PlayState/update#3536]:[0m Warning! Delay is too fucking high!!
2025-04-24 | 1:14.54 [WARN] - [4;90m[states.PlayState/update#3536]:[0m Warning! Delay is too fucking high!!
2025-04-24 | 1:20.26 [WARN] - [4;90m[states.PlayState/update#3536]:[0m Warning! Delay is too fucking high!!
2025-04-24 | 1:20.27 [WARN] - [4;90m[states.PlayState/update#3536]:[0m Warning! Delay is too fucking high!!
2025-04-24 | 1:20.27 [WARN] - [4;90m[states.PlayState/update#3536]:[0m Warning! Delay is too fucking high!!
2025-04-24 | 1:20.28 [WARN] - [4;90m[states.PlayState/update#3536]:[0m Warning! Delay is too fucking high!!
2025-04-24 | 1:20.30 [WARN] - [4;90m[states.PlayState/update#3536]:[0m Warning! Delay is too fucking high!!
2025-04-24 | 1:20.31 [WARN] - [4;90m[states.PlayState/update#3536]:[0m Warning! Delay is too fucking high!!
2025-04-24 | 1:20.32 [WARN] - [4;90m[states.PlayState/update#3536]:[0m Warning! Delay is too fucking high!!
2025-04-24 | 1:20.33 [WARN] - [4;90m[states.PlayState/update#3536]:[0m Warning! Delay is too fucking high!!
2025-04-24 | 1:20.34 [WARN] - [4;90m[states.PlayState/update#3536]:[0m Warning! Delay is too fucking high!!
2025-04-24 | 1:20.35 [WARN] - [4;90m[states.PlayState/update#3536]:[0m Warning! Delay is too fucking high!!
2025-04-24 | 1:20.36 [WARN] - [4;90m[states.PlayState/update#3536]:[0m Warning! Delay is too fucking high!!
2025-04-24 | 1:20.37 [WARN] - [4;90m[states.PlayState/update#3536]:[0m Warning! Delay is too fucking high!!
2025-04-24 | 1:20.38 [WARN] - [4;90m[states.PlayState/update#3536]:[0m Warning! Delay is too fucking high!!
2025-04-24 | 1:20.39 [WARN] - [4;90m[states.PlayState/update#3536]:[0m Warning! Delay is too fucking high!!
2025-04-24 | 1:20.40 [WARN] - [4;90m[states.PlayState/update#3536]:[0m Warning! Delay is too fucking high!!
2025-04-24 | 1:20.41 [WARN] - [4;90m[states.PlayState/update#3536]:[0m Warning! Delay is too fucking high!!
2025-04-24 | 1:20.41 [WARN] - [4;90m[states.PlayState/update#3536]:[0m Warning! Delay is too fucking high!!
2025-04-24 | 1:20.42 [WARN] - [4;90m[states.PlayState/update#3536]:[0m Warning! Delay is too fucking high!!
2025-04-24 | 1:20.43 [WARN] - [4;90m[states.PlayState/update#3536]:[0m Warning! Delay is too fucking high!!
2025-04-24 | 1:20.44 [WARN] - [4;90m[states.PlayState/update#3536]:[0m Warning! Delay is too fucking high!!
2025-04-24 | 1:20.44 [WARN] - [4;90m[states.PlayState/update#3536]:[0m Warning! Delay is too fucking high!!
2025-04-24 | 1:20.45 [WARN] - [4;90m[states.PlayState/update#3536]:[0m Warning! Delay is too fucking high!!
2025-04-24 | 1:20.46 [WARN] - [4;90m[states.PlayState/update#3536]:[0m Warning! Delay is too fucking high!!
2025-04-24 | 1:20.47 [WARN] - [4;90m[states.PlayState/update#3536]:[0m Warning! Delay is too fucking high!!
2025-04-24 | 1:20.48 [WARN] - [4;90m[states.PlayState/update#3536]:[0m Warning! Delay is too fucking high!!
2025-04-24 | 1:20.49 [WARN] - [4;90m[states.PlayState/update#3536]:[0m Warning! Delay is too fucking high!!
2025-04-24 | 1:20.50 [WARN] - [4;90m[states.PlayState/update#3536]:[0m Warning! Delay is too fucking high!!
2025-04-24 | 1:20.51 [WARN] - [4;90m[states.PlayState/update#3536]:[0m Warning! Delay is too fucking high!!
2025-04-24 | 1:20.51 [WARN] - [4;90m[states.PlayState/update#3536]:[0m Warning! Delay is too fucking high!!
2025-04-24 | 1:20.52 [WARN] - [4;90m[states.PlayState/update#3536]:[0m Warning! Delay is too fucking high!!
2025-04-24 | 1:20.53 [WARN] - [4;90m[states.PlayState/update#3536]:[0m Warning! Delay is too fucking high!!
2025-04-24 | 1:20.53 [WARN] - [4;90m[states.PlayState/update#3536]:[0m Warning! Delay is too fucking high!!
2025-04-24 | 1:20.54 [WARN] - [4;90m[states.PlayState/update#3536]:[0m Warning! Delay is too fucking high!!
2025-04-24 | 1:20.55 [WARN] - [4;90m[states.PlayState/update#3536]:[0m Warning! Delay is too fucking high!!
2025-04-24 | 1:20.56 [WARN] - [4;90m[states.PlayState/update#3536]:[0m Warning! Delay is too fucking high!!
2025-04-24 | 1:20.56 [WARN] - [4;90m[states.PlayState/update#3536]:[0m Warning! Delay is too fucking high!!
2025-04-24 | 1:20.57 [WARN] - [4;90m[states.PlayState/update#3536]:[0m Warning! Delay is too fucking high!!
2025-04-24 | 1:20.58 [WARN] - [4;90m[states.PlayState/update#3536]:[0m Warning! Delay is too fucking high!!
2025-04-24 | 1:20.59 [WARN] - [4;90m[states.PlayState/update#3536]:[0m Warning! Delay is too fucking high!!
2025-04-24 | 1:20.60 [WARN] - [4;90m[states.PlayState/update#3536]:[0m Warning! Delay is too fucking high!!
2025-04-24 | 1:20.60 [WARN] - [4;90m[states.PlayState/update#3536]:[0m Warning! Delay is too fucking high!!
2025-04-24 | 1:20.62 [WARN] - [4;90m[states.PlayState/update#3536]:[0m Warning! Delay is too fucking high!!
2025-04-24 | 1:20.63 [WARN] - [4;90m[states.PlayState/update#3536]:[0m Warning! Delay is too fucking high!!
2025-04-24 | 1:20.63 [WARN] - [4;90m[states.PlayState/update#3536]:[0m Warning! Delay is too fucking high!!
2025-04-24 | 1:20.64 [WARN] - [4;90m[states.PlayState/update#3536]:[0m Warning! Delay is too fucking high!!
2025-04-24 | 1:20.66 [WARN] - [4;90m[states.PlayState/update#3536]:[0m Warning! Delay is too fucking high!!
2025-04-24 | 1:20.68 [WARN] - [4;90m[states.PlayState/update#3536]:[0m Warning! Delay is too fucking high!!
2025-04-24 | 1:20.70 [WARN] - [4;90m[states.PlayState/update#3536]:[0m Warning! Delay is too fucking high!!
2025-04-24 | 2:32.59 [WARN] - [4;90m[states.PlayState/update#3536]:[0m Warning! Delay is too fucking high!!
2025-04-24 | 2:32.61 [WARN] - [4;90m[states.PlayState/update#3536]:[0m Warning! Delay is too fucking high!!
2025-04-24 | 2:32.64 [WARN] - [4;90m[states.PlayState/update#3536]:[0m Warning! Delay is too fucking high!!
2025-04-24 | 2:32.66 [WARN] - [4;90m[states.PlayState/update#3536]:[0m Warning! Delay is too fucking high!!
2025-04-24 | 2:32.67 [WARN] - [4;90m[states.PlayState/update#3536]:[0m Warning! Delay is too fucking high!!
2025-04-24 | 2:32.69 [WARN] - [4;90m[states.PlayState/update#3536]:[0m Warning! Delay is too fucking high!!
2025-04-24 | 2:32.69 [WARN] - [4;90m[states.PlayState/update#3536]:[0m Warning! Delay is too fucking high!!
2025-04-24 | 2:32.70 [WARN] - [4;90m[states.PlayState/update#3536]:[0m Warning! Delay is too fucking high!!
2025-04-24 | 2:32.71 [WARN] - [4;90m[states.PlayState/update#3536]:[0m Warning! Delay is too fucking high!!
2025-04-24 | 2:32.72 [WARN] - [4;90m[states.PlayState/update#3536]:[0m Warning! Delay is too fucking high!!
2025-04-24 | 2:32.73 [WARN] - [4;90m[states.PlayState/update#3536]:[0m Warning! Delay is too fucking high!!
2025-04-24 | 2:32.74 [WARN] - [4;90m[states.PlayState/update#3536]:[0m Warning! Delay is too fucking high!!
2025-04-24 | 2:32.75 [WARN] - [4;90m[states.PlayState/update#3536]:[0m Warning! Delay is too fucking high!!
2025-04-24 | 2:32.76 [WARN] - [4;90m[states.PlayState/update#3536]:[0m Warning! Delay is too fucking high!!
2025-04-24 | 2:32.77 [WARN] - [4;90m[states.PlayState/update#3536]:[0m Warning! Delay is too fucking high!!
2025-04-24 | 2:32.78 [WARN] - [4;90m[states.PlayState/update#3536]:[0m Warning! Delay is too fucking high!!
2025-04-24 | 2:32.79 [WARN] - [4;90m[states.PlayState/update#3536]:[0m Warning! Delay is too fucking high!!
2025-04-24 | 2:32.79 [WARN] - [4;90m[states.PlayState/update#3536]:[0m Warning! Delay is too fucking high!!
2025-04-24 | 2:32.80 [WARN] - [4;90m[states.PlayState/update#3536]:[0m Warning! Delay is too fucking high!!
2025-04-24 | 2:32.81 [WARN] - [4;90m[states.PlayState/update#3536]:[0m Warning! Delay is too fucking high!!
2025-04-24 | 2:32.82 [WARN] - [4;90m[states.PlayState/update#3536]:[0m Warning! Delay is too fucking high!!
2025-04-24 | 2:32.83 [WARN] - [4;90m[states.PlayState/update#3536]:[0m Warning! Delay is too fucking high!!
2025-04-24 | 2:32.84 [WARN] - [4;90m[states.PlayState/update#3536]:[0m Warning! Delay is too fucking high!!
2025-04-24 | 2:32.85 [WARN] - [4;90m[states.PlayState/update#3536]:[0m Warning! Delay is too fucking high!!
2025-04-24 | 2:32.86 [WARN] - [4;90m[states.PlayState/update#3536]:[0m Warning! Delay is too fucking high!!
2025-04-24 | 2:32.87 [WARN] - [4;90m[states.PlayState/update#3536]:[0m Warning! Delay is too fucking high!!
2025-04-24 | 2:32.88 [WARN] - [4;90m[states.PlayState/update#3536]:[0m Warning! Delay is too fucking high!!
2025-04-24 | 2:32.89 [WARN] - [4;90m[states.PlayState/update#3536]:[0m Warning! Delay is too fucking high!!
2025-04-24 | 2:32.90 [WARN] - [4;90m[states.PlayState/update#3536]:[0m Warning! Delay is too fucking high!!
2025-04-24 | 2:32.91 [WARN] - [4;90m[states.PlayState/update#3536]:[0m Warning! Delay is too fucking high!!
2025-04-24 | 2:32.92 [WARN] - [4;90m[states.PlayState/update#3536]:[0m Warning! Delay is too fucking high!!
2025-04-24 | 2:32.93 [WARN] - [4;90m[states.PlayState/update#3536]:[0m Warning! Delay is too fucking high!!
2025-04-24 | 2:32.94 [WARN] - [4;90m[states.PlayState/update#3536]:[0m Warning! Delay is too fucking high!!
2025-04-24 | 2:32.95 [WARN] - [4;90m[states.PlayState/update#3536]:[0m Warning! Delay is too fucking high!!
2025-04-24 | 2:32.96 [WARN] - [4;90m[states.PlayState/update#3536]:[0m Warning! Delay is too fucking high!!
2025-04-24 | 2:32.96 [WARN] - [4;90m[states.PlayState/update#3536]:[0m Warning! Delay is too fucking high!!
2025-04-24 | 2:32.97 [WARN] - [4;90m[states.PlayState/update#3536]:[0m Warning! Delay is too fucking high!!
2025-04-24 | 2:32.98 [WARN] - [4;90m[states.PlayState/update#3536]:[0m Warning! Delay is too fucking high!!
2025-04-24 | 2:32.99 [WARN] - [4;90m[states.PlayState/update#3536]:[0m Warning! Delay is too fucking high!!
2025-04-24 | 2:33.00 [WARN] - [4;90m[states.PlayState/update#3536]:[0m Warning! Delay is too fucking high!!
2025-04-24 | 2:33.01 [WARN] - [4;90m[states.PlayState/update#3536]:[0m Warning! Delay is too fucking high!!
2025-04-24 | 2:33.01 [WARN] - [4;90m[states.PlayState/update#3536]:[0m Warning! Delay is too fucking high!!
2025-04-24 | 2:33.03 [WARN] - [4;90m[states.PlayState/update#3536]:[0m Warning! Delay is too fucking high!!
2025-04-24 | 2:33.04 [WARN] - [4;90m[states.PlayState/update#3536]:[0m Warning! Delay is too fucking high!!
2025-04-24 | 2:33.04 [WARN] - [4;90m[states.PlayState/update#3536]:[0m Warning! Delay is too fucking high!!
2025-04-24 | 2:33.05 [WARN] - [4;90m[states.PlayState/update#3536]:[0m Warning! Delay is too fucking high!!
2025-04-24 | 2:33.06 [WARN] - [4;90m[states.PlayState/update#3536]:[0m Warning! Delay is too fucking high!!
2025-04-24 | 2:33.07 [WARN] - [4;90m[states.PlayState/update#3536]:[0m Warning! Delay is too fucking high!!
2025-04-24 | 2:33.08 [WARN] - [4;90m[states.PlayState/update#3536]:[0m Warning! Delay is too fucking high!!
2025-04-24 | 2:33.09 [WARN] - [4;90m[states.PlayState/update#3536]:[0m Warning! Delay is too fucking high!!
2025-04-24 | 2:33.10 [WARN] - [4;90m[states.PlayState/update#3536]:[0m Warning! Delay is too fucking high!!
2025-04-24 | 2:33.10 [WARN] - [4;90m[states.PlayState/update#3536]:[0m Warning! Delay is too fucking high!!
2025-04-24 | 2:33.11 [WARN] - [4;90m[states.PlayState/update#3536]:[0m Warning! Delay is too fucking high!!
2025-04-24 | 2:33.13 [WARN] - [4;90m[states.PlayState/update#3536]:[0m Warning! Delay is too fucking high!!
2025-04-24 | 2:33.13 [WARN] - [4;90m[states.PlayState/update#3536]:[0m Warning! Delay is too fucking high!!
2025-04-24 | 2:33.14 [WARN] - [4;90m[states.PlayState/update#3536]:[0m Warning! Delay is too fucking high!!
2025-04-24 | 2:33.15 [WARN] - [4;90m[states.PlayState/update#3536]:[0m Warning! Delay is too fucking high!!
2025-04-24 | 2:33.16 [WARN] - [4;90m[states.PlayState/update#3536]:[0m Warning! Delay is too fucking high!!
2025-04-24 | 2:33.17 [WARN] - [4;90m[states.PlayState/update#3536]:[0m Warning! Delay is too fucking high!!
2025-04-24 | 2:33.17 [WARN] - [4;90m[states.PlayState/update#3536]:[0m Warning! Delay is too fucking high!!
2025-04-24 | 2:33.18 [WARN] - [4;90m[states.PlayState/update#3536]:[0m Warning! Delay is too fucking high!!
2025-04-24 | 2:33.19 [WARN] - [4;90m[states.PlayState/update#3536]:[0m Warning! Delay is too fucking high!!
2025-04-24 | 2:33.20 [WARN] - [4;90m[states.PlayState/update#3536]:[0m Warning! Delay is too fucking high!!
2025-04-24 | 2:33.21 [WARN] - [4;90m[states.PlayState/update#3536]:[0m Warning! Delay is too fucking high!!
2025-04-24 | 2:33.22 [WARN] - [4;90m[states.PlayState/update#3536]:[0m Warning! Delay is too fucking high!!
2025-04-24 | 2:33.22 [WARN] - [4;90m[states.PlayState/update#3536]:[0m Warning! Delay is too fucking high!!
2025-04-24 | 2:33.23 [WARN] - [4;90m[states.PlayState/update#3536]:[0m Warning! Delay is too fucking high!!
2025-04-24 | 2:33.24 [WARN] - [4;90m[states.PlayState/update#3536]:[0m Warning! Delay is too fucking high!!
2025-04-24 | 2:33.25 [WARN] - [4;90m[states.PlayState/update#3536]:[0m Warning! Delay is too fucking high!!
2025-04-24 | 2:33.26 [WARN] - [4;90m[states.PlayState/update#3536]:[0m Warning! Delay is too fucking high!!
2025-04-24 | 2:33.27 [WARN] - [4;90m[states.PlayState/update#3536]:[0m Warning! Delay is too fucking high!!
2025-04-24 | 2:33.27 [WARN] - [4;90m[states.PlayState/update#3536]:[0m Warning! Delay is too fucking high!!
2025-04-24 | 2:33.28 [WARN] - [4;90m[states.PlayState/update#3536]:[0m Warning! Delay is too fucking high!!
2025-04-24 | 2:33.30 [WARN] - [4;90m[states.PlayState/update#3536]:[0m Warning! Delay is too fucking high!!
2025-04-24 | 2:33.32 [WARN] - [4;90m[states.PlayState/update#3536]:[0m Warning! Delay is too fucking high!!
2025-04-24 | 2:33.34 [WARN] - [4;90m[states.PlayState/update#3536]:[0m Warning! Delay is too fucking high!!
2025-04-24 | 2:33.35 [WARN] - [4;90m[states.PlayState/update#3536]:[0m Warning! Delay is too fucking high!!
2025-04-24 | 5:19.88 [INFO] - [4;90m[backend.song.Song/getChart#120]:[0m assets/shared/data/songs/shattered/shattered.json
2025-04-24 | 5:19.90 [INFO] - [4;90m[backend.song.Song/parseJSON#148]:[0m converting chart shattered with format unknown to psych_v1 format...
2025-04-24 | 5:19.91 [INFO] - [4;90m[backend.song.Song/loadFromJson#102]:[0m assets/shared/data/songs/shattered/shattered.json
2025-04-24 | 5:19.91 [INFO] - [4;90m[backend.song.Song/loadFromJson#103]:[0m assets\shared\data\songs\shattered\shattered.json
2025-04-24 | 5:23.16 [INFO] - [4;90m[slushi.states.freeplay.SlushiFreeplayState/moveToSong#948]:[0m CURRENT WEEK: week1
2025-04-24 | 5:23.16 [INFO] - [4;90m[backend.song.Song/getChart#120]:[0m assets/shared/data/songs/reality-breaking/reality-breaking.json
2025-04-24 | 5:23.23 [INFO] - [4;90m[backend.song.Song/loadFromJson#102]:[0m assets/shared/data/songs/reality-breaking/reality-breaking.json
2025-04-24 | 5:23.23 [INFO] - [4;90m[backend.song.Song/loadFromJson#103]:[0m assets\shared\data\songs\reality-breaking\reality-breaking.json
2025-04-24 | 5:23.24 [INFO] - [4;90m[slushi.states.freeplay.SlushiFreeplayState/moveToSong#956]:[0m reality-breaking
2025-04-24 | 5:23.25 [INFO] - [4;90m[states.LoadingState/loadNextDirectory#165]:[0m Setting asset folder to shared
2025-04-24 | 5:23.25 [WARN] - [4;90m[states.LoadingState/clearInvalidFrom#455]:[0m Removed invalid images: characters/bf/BOYFRIEND
2025-04-24 | 5:23.26 [WARN] - [4;90m[states.LoadingState/clearInvalidFrom#455]:[0m Removed invalid images: characters/bambi/bambi God 2D
2025-04-24 | 5:23.26 [INFO] - [4;90m[states.LoadingState/initThread#486]:[0m finished preloading image noteSkins/NOTE_assets
2025-04-24 | 5:23.26 [INFO] - [4;90m[states.LoadingState/initThread#486]:[0m finished preloading image noteSplashes/noteSplashes
2025-04-24 | 5:23.27 [INFO] - [4;90m[states.LoadingState/initThread#486]:[0m finished preloading image noteSkins/NOTE_assets
2025-04-24 | 5:23.27 [INFO] - [4;90m[states.LoadingState/initThread#486]:[0m finished preloading image characters/GF_assets
2025-04-24 | 5:23.27 [INFO] - [4;90m[states.LoadingState/initThread#486]:[0m finished preloading image HoldNoteEffect/holdCoverBlue
2025-04-24 | 5:23.27 [INFO] - [4;90m[states.LoadingState/initThread#486]:[0m finished preloading image HoldNoteEffect/holdCoverGreen
2025-04-24 | 5:23.27 [INFO] - [4;90m[states.LoadingState/initThread#486]:[0m finished preloading image HoldNoteEffect/holdCoverPurple
2025-04-24 | 5:23.27 [INFO] - [4;90m[states.LoadingState/initThread#486]:[0m finished preloading image HoldNoteEffect/holdCoverPurple
2025-04-24 | 5:23.70 [INFO] - [4;90m[states.LoadingState/initThread#486]:[0m finished preloading song reality-breaking/Voices
2025-04-24 | 5:23.95 [INFO] - [4;90m[states.LoadingState/initThread#486]:[0m finished preloading song reality-breaking/Inst
2025-04-24 | 5:24.02 [INFO] - [4;90m[states.LoadingState/checkLoaded#147]:[0m finished preloading image assets/shared/images/HoldNoteEffect/holdCoverGreen.png
2025-04-24 | 5:24.03 [INFO] - [4;90m[states.LoadingState/checkLoaded#147]:[0m finished preloading image assets/shared/images/HoldNoteEffect/holdCoverPurple.png
2025-04-24 | 5:24.04 [INFO] - [4;90m[states.LoadingState/checkLoaded#147]:[0m finished preloading image assets/shared/images/HoldNoteEffect/holdCoverBlue.png
2025-04-24 | 5:24.07 [INFO] - [4;90m[states.PlayState/create#691]:[0m [rankData => [comboRank => , rating => , accuracy => 0], comboData => [swags => 0, totalNoteCount => 0, misses => 0, highestCombo => 0, maxCombo => 0, shits => 0, sicks => 0, combo => 0, bads => 0, goods => 0, totalNotesHit => 0, totalPlayed => 0], mainData => [opponentMode => false, score => 0, difficulty => 1, name => reality-breaking]]reality-breaking1
2025-04-24 | 5:24.11 [SLE_INFO] - [4;90m[slushi.slushiUtils.LyricsUtils/new#35]:[0m Lyrics JSON file not found!
2025-04-24 | 5:25.28 [INFO] - [4;90m[states.PlayState/create#837]:[0m current stage, farmNightRB
2025-04-24 | 5:25.29 [INFO] - [4;90m[backend.stage.Stage/setupWeekDir#193]:[0m directory: shared
2025-04-24 | 5:25.29 [INFO] - [4;90m[backend.stage.Stage/setupStageProperties#101]:[0m STAGE INFO JSON ? assets/shared/data/stages/farmNightRB.json
2025-04-24 | 5:25.30 [WARN] - [4;90m[backend.stage.Stage/setupStageProperties#107]:[0m farmNightRB.json not found, using the default stage
2025-04-24 | 5:25.33 [INFO] - [4;90m[backend.song.Song/getChart#120]:[0m assets/shared/data/songs/reality-breaking/events.json
2025-04-24 | 5:26.95 [INFO] - [4;90m[states.PlayState/startSong#2376]:[0m started loading!
2025-04-24 | 5:26.96 [WARN] - [4;90m[states.PlayState/update#3536]:[0m Warning! Delay is too fucking high!!
2025-04-24 | 5:26.97 [WARN] - [4;90m[states.PlayState/update#3536]:[0m Warning! Delay is too fucking high!!
2025-04-24 | 5:26.98 [WARN] - [4;90m[states.PlayState/update#3536]:[0m Warning! Delay is too fucking high!!
2025-04-24 | 5:26.99 [WARN] - [4;90m[states.PlayState/update#3536]:[0m Warning! Delay is too fucking high!!
2025-04-24 | 5:27.01 [WARN] - [4;90m[states.PlayState/update#3536]:[0m Warning! Delay is too fucking high!!
2025-04-24 | 5:27.03 [WARN] - [4;90m[states.PlayState/update#3536]:[0m Warning! Delay is too fucking high!!
2025-04-24 | 5:27.07 [WARN] - [4;90m[states.PlayState/update#3536]:[0m Warning! Delay is too fucking high!!
2025-04-24 | 6:23.97 [SLE_INFO] - [4;90m[slushi.SlushiMain/onCloseWindow#105]:[0m Reseting all C++ functions...

