2025-04-29 | 0:00.00 [INFO] - [4;90m[slushi.slushiUtils.Debug/onInitProgram#237]:[0m Debug logging initialized. Hello, developer.
2025-04-29 | 0:00.00 [INFO] - [4;90m[slushi.slushiUtils.Debug/onInitProgram#242]:[0m This is a RELEASE build.
2025-04-29 | 0:00.01 [INFO] - [4;90m[slushi.slushiUtils.Debug/onInitProgram#244]:[0m HaxeFlixel version: HaxeFlixel 5.9.0
2025-04-29 | 0:00.02 [SLE_INFO] - [4;90m[slushi.slushiUtils.Debug/onInitProgram#245]:[0m Slushi Engine version: 0.4.0
2025-04-29 | 0:00.02 [INFO] - [4;90m[slushi.slushiUtils.Debug/onInitProgram#246]:[0m SC Engine version: 1.5.2 (4eaf8c4)
2025-04-29 | 0:00.03 [INFO] - [4;90m[slushi.slushiUtils.Debug/onInitProgram#247]:[0m This is a custom build of PE. Current version: 1.04
2025-04-29 | 0:00.05 [INFO] - [4;90m[backend.DiscordClient/initialize#74]:[0m Discord Client initialized
2025-04-29 | 0:00.05 [INFO] - [4;90m[objects.AlphaCharacter/loadAlphabetData#312]:[0m Reloaded letters successfully (assets/shared/images/alphabet.json)!
2025-04-29 | 0:00.06 [SLE_INFO] - [4;90m[slushi.windows.WindowsFuncs/saveCurrentWindowsWallpaper#49]:[0m Wallpaper Path: C:\Users\yuyio\AppData\Roaming\Microsoft\Windows\Themes\TranscodedWallpaper
2025-04-29 | 0:00.07 [SLE_INFO] - [4;90m[slushi.windows.WindowsFuncs/saveCurrentWindowsWallpaper#50]:[0m Saving the path in a private variable...
2025-04-29 | 0:00.39 [SLE_INFO] - [4;90m[slushi.others.systemUtils.SystemInfo/formatSysInfo#159]:[0m 

System: Microsoft Windows 11 Home 10.0.22631
CPU: AMD Ryzen 7 5700X 8-Core Processor x86 64-Bit
GPU: AMD Radeon RX 6700 XT
Total RAM: 24 GB DDR4

2025-04-29 | 0:00.42 [SLE_INFO] - [4;90m[slushi.SlushiMain/getBuildVer#151]:[0m Checking for new version...
2025-04-29 | 0:00.68 [SLE_INFO] - [4;90m[slushi.SlushiMain/getBuildVer#170]:[0m Version online: [0.4.0], this version: [0.4.0]
2025-04-29 | 0:00.69 [SLE_INFO] - [4;90m[slushi.SlushiMain/getBuildVer#189]:[0m Versions are matching!
2025-04-29 | 0:02.05 [INFO] - [4;90m[backend.DiscordClient/onReady#52]:[0m (Discord) Connected to User (dddsss10_19168)
2025-04-29 | 0:10.94 [INFO] - [4;90m[slushi.states.freeplay.SlushiFreeplayState/moveToSong#948]:[0m CURRENT WEEK: week1
2025-04-29 | 0:10.95 [INFO] - [4;90m[backend.song.Song/getChart#120]:[0m assets/shared/data/songs/shattered/shattered.json
2025-04-29 | 0:11.00 [INFO] - [4;90m[backend.song.Song/parseJSON#148]:[0m converting chart shattered with format unknown to psych_v1 format...
2025-04-29 | 0:11.01 [INFO] - [4;90m[backend.song.Song/loadFromJson#102]:[0m assets/shared/data/songs/shattered/shattered.json
2025-04-29 | 0:11.01 [INFO] - [4;90m[backend.song.Song/loadFromJson#103]:[0m assets\shared\data\songs\shattered\shattered.json
2025-04-29 | 0:11.02 [INFO] - [4;90m[slushi.states.freeplay.SlushiFreeplayState/moveToSong#956]:[0m shattered
2025-04-29 | 0:11.03 [INFO] - [4;90m[states.LoadingState/loadNextDirectory#165]:[0m Setting asset folder to shared
2025-04-29 | 0:11.06 [WARN] - [4;90m[states.LoadingState/clearInvalidFrom#455]:[0m Removed invalid images: characters/bf/BOYFRIEND
2025-04-29 | 0:11.07 [INFO] - [4;90m[states.LoadingState/initThread#486]:[0m finished preloading image HoldNoteEffect/holdCoverBlue
2025-04-29 | 0:11.07 [INFO] - [4;90m[states.LoadingState/initThread#486]:[0m finished preloading image HoldNoteEffect/holdCoverPurple
2025-04-29 | 0:11.07 [INFO] - [4;90m[states.LoadingState/initThread#486]:[0m finished preloading image HoldNoteEffect/holdCoverGreen
2025-04-29 | 0:11.07 [INFO] - [4;90m[states.LoadingState/initThread#486]:[0m finished preloading image HoldNoteEffect/holdCoverPurple
2025-04-29 | 0:11.08 [INFO] - [4;90m[states.LoadingState/initThread#486]:[0m finished preloading image noteSplashes/noteSplashes
2025-04-29 | 0:11.09 [INFO] - [4;90m[states.LoadingState/initThread#486]:[0m finished preloading image noteSkins/NOTE_assets
2025-04-29 | 0:11.10 [INFO] - [4;90m[states.LoadingState/initThread#486]:[0m finished preloading image noteSkins/NOTE_assets
2025-04-29 | 0:11.69 [INFO] - [4;90m[states.LoadingState/initThread#486]:[0m finished preloading image characters/bambi/Angry Bambi
2025-04-29 | 0:11.71 [INFO] - [4;90m[states.LoadingState/initThread#486]:[0m finished preloading image characters/GF_assets
2025-04-29 | 0:11.90 [INFO] - [4;90m[states.LoadingState/checkLoaded#147]:[0m finished preloading image assets/shared/images/noteSplashes/noteSplashes.png
2025-04-29 | 0:11.91 [INFO] - [4;90m[states.LoadingState/checkLoaded#147]:[0m finished preloading image assets/shared/images/HoldNoteEffect/holdCoverBlue.png
2025-04-29 | 0:12.03 [INFO] - [4;90m[states.LoadingState/checkLoaded#147]:[0m finished preloading image assets/shared/images/characters/GF_assets.png
2025-04-29 | 0:12.04 [INFO] - [4;90m[states.LoadingState/checkLoaded#147]:[0m finished preloading image assets/shared/images/HoldNoteEffect/holdCoverGreen.png
2025-04-29 | 0:12.09 [INFO] - [4;90m[states.LoadingState/initThread#486]:[0m finished preloading song shattered/Voices
2025-04-29 | 0:12.13 [INFO] - [4;90m[states.LoadingState/checkLoaded#147]:[0m finished preloading image assets/shared/images/characters/bambi/Angry Bambi.png
2025-04-29 | 0:12.14 [INFO] - [4;90m[states.LoadingState/checkLoaded#147]:[0m finished preloading image assets/shared/images/noteSkins/NOTE_assets.png
2025-04-29 | 0:12.15 [INFO] - [4;90m[states.LoadingState/checkLoaded#147]:[0m finished preloading image assets/shared/images/HoldNoteEffect/holdCoverPurple.png
2025-04-29 | 0:12.67 [INFO] - [4;90m[states.LoadingState/initThread#486]:[0m finished preloading song shattered/Inst
2025-04-29 | 0:12.69 [INFO] - [4;90m[states.PlayState/create#857]:[0m [comboData => [totalNoteCount => 0, swags => 0, highestCombo => 0, maxCombo => 0, misses => 0, shits => 0, sicks => 0, totalNotesHit => 0, goods => 0, bads => 0, combo => 0, totalPlayed => 0], rankData => [comboRank => , accuracy => 0, rating => ], mainData => [score => 0, opponentMode => false, name => shattered, difficulty => 1]]shattered1
2025-04-29 | 0:12.70 [SLE_INFO] - [4;90m[slushi.slushiUtils.LyricsUtils/new#35]:[0m Lyrics JSON file not found!
2025-04-29 | 0:12.90 [INFO] - [4;90m[states.PlayState/create#1003]:[0m current stage, farmSunset
2025-04-29 | 0:12.90 [INFO] - [4;90m[backend.stage.Stage/setupWeekDir#193]:[0m directory: shared
2025-04-29 | 0:12.91 [INFO] - [4;90m[backend.stage.Stage/setupStageProperties#101]:[0m STAGE INFO JSON ? assets/shared/data/stages/farmSunset.json
2025-04-29 | 0:12.91 [WARN] - [4;90m[backend.stage.Stage/setupStageProperties#107]:[0m farmSunset.json not found, using the default stage
2025-04-29 | 0:13.27 [INFO] - [4;90m[backend.song.Song/getChart#120]:[0m assets/shared/data/songs/shattered/events.json
2025-04-29 | 0:13.30 [INFO] - [4;90m[backend.song.Song/parseJSON#148]:[0m converting chart events with format unknown to psych_v1 format...
2025-04-29 | 0:15.13 [INFO] - [4;90m[states.PlayState/cacheCharacter#9913]:[0m found cube
2025-04-29 | 0:15.13 [INFO] - [4;90m[states.PlayState/cacheCharacter#9913]:[0m found cube
2025-04-29 | 0:15.14 [INFO] - [4;90m[states.PlayState/cacheCharacter#9913]:[0m found bf
2025-04-29 | 0:15.14 [INFO] - [4;90m[states.PlayState/cacheCharacter#9913]:[0m found angry-bambi
2025-04-29 | 0:15.70 [INFO] - [4;90m[states.PlayState/cacheCharacter#9913]:[0m found bambi-mad-guitar
2025-04-29 | 0:18.25 [INFO] - [4;90m[states.PlayState/startSong#2720]:[0m started loading!
2025-04-29 | 0:18.28 [WARN] - [4;90m[states.PlayState/update#4287]:[0m Warning! Delay is too fucking high!!
2025-04-29 | 3:49.10 [INFO] - [4;90m[backend.song.Song/getChart#120]:[0m assets/shared/data/songs/shattered/shattered.json
2025-04-29 | 3:49.13 [INFO] - [4;90m[backend.song.Song/parseJSON#148]:[0m converting chart shattered with format unknown to psych_v1 format...
2025-04-29 | 3:49.14 [INFO] - [4;90m[backend.song.Song/loadFromJson#102]:[0m assets/shared/data/songs/shattered/shattered.json
2025-04-29 | 3:49.15 [INFO] - [4;90m[backend.song.Song/loadFromJson#103]:[0m assets\shared\data\songs\shattered\shattered.json
2025-04-29 | 3:59.72 [INFO] - [4;90m[slushi.states.freeplay.SlushiFreeplayState/moveToSong#948]:[0m CURRENT WEEK: secret
2025-04-29 | 3:59.73 [INFO] - [4;90m[backend.song.Song/getChart#120]:[0m assets/shared/data/songs/dissertation/dissertation.json
2025-04-29 | 3:59.80 [INFO] - [4;90m[backend.song.Song/loadFromJson#102]:[0m assets/shared/data/songs/dissertation/dissertation.json
2025-04-29 | 3:59.81 [INFO] - [4;90m[backend.song.Song/loadFromJson#103]:[0m assets\shared\data\songs\dissertation\dissertation.json
2025-04-29 | 3:59.82 [INFO] - [4;90m[slushi.states.freeplay.SlushiFreeplayState/moveToSong#956]:[0m dissertation
2025-04-29 | 3:59.82 [WARN] - [4;90m[states.LoadingState/clearInvalidFrom#455]:[0m Removed invalid images: characters/bf/BOYFRIEND
2025-04-29 | 3:59.82 [INFO] - [4;90m[states.LoadingState/loadNextDirectory#165]:[0m Setting asset folder to shared
2025-04-29 | 3:59.83 [WARN] - [4;90m[states.LoadingState/clearInvalidFrom#455]:[0m Removed invalid songs: dissertation/Inst
2025-04-29 | 3:59.84 [INFO] - [4;90m[states.LoadingState/initThread#486]:[0m finished preloading image noteSkins/NOTE_assets
2025-04-29 | 3:59.84 [INFO] - [4;90m[states.LoadingState/initThread#486]:[0m finished preloading image noteSplashes/noteSplashes
2025-04-29 | 3:59.84 [INFO] - [4;90m[states.LoadingState/initThread#486]:[0m finished preloading image noteSkins/NOTE_assets
2025-04-29 | 3:59.85 [INFO] - [4;90m[states.LoadingState/initThread#486]:[0m finished preloading image characters/GF_assets
2025-04-29 | 3:59.85 [INFO] - [4;90m[states.LoadingState/initThread#486]:[0m finished preloading image characters/empty
2025-04-29 | 3:59.85 [INFO] - [4;90m[states.LoadingState/initThread#486]:[0m finished preloading image HoldNoteEffect/holdCoverBlue
2025-04-29 | 3:59.85 [INFO] - [4;90m[states.LoadingState/initThread#486]:[0m finished preloading image HoldNoteEffect/holdCoverGreen
2025-04-29 | 3:59.85 [INFO] - [4;90m[states.LoadingState/initThread#486]:[0m finished preloading image HoldNoteEffect/holdCoverPurple
2025-04-29 | 3:59.85 [INFO] - [4;90m[states.LoadingState/initThread#486]:[0m finished preloading image HoldNoteEffect/holdCoverPurple
2025-04-29 | 4:00.62 [INFO] - [4;90m[states.LoadingState/checkLoaded#147]:[0m finished preloading image assets/shared/images/HoldNoteEffect/holdCoverGreen.png
2025-04-29 | 4:00.63 [INFO] - [4;90m[states.LoadingState/checkLoaded#147]:[0m finished preloading image assets/shared/images/characters/empty.png
2025-04-29 | 4:00.64 [INFO] - [4;90m[states.LoadingState/checkLoaded#147]:[0m finished preloading image assets/shared/images/HoldNoteEffect/holdCoverPurple.png
2025-04-29 | 4:00.65 [INFO] - [4;90m[states.LoadingState/checkLoaded#147]:[0m finished preloading image assets/shared/images/HoldNoteEffect/holdCoverBlue.png
2025-04-29 | 4:00.68 [INFO] - [4;90m[states.PlayState/create#857]:[0m { mainData => { difficulty => 1, name => dissertation, opponentMode => false, score => 0 }, rankData => { rating => , accuracy => 0, comboRank =>  }, comboData => { goods => 0, totalNotesHit => 0, maxCombo => 0, totalPlayed => 0, highestCombo => 0, bads => 0, combo => 0, misses => 0, totalNoteCount => 0, shits => 0, sicks => 0 } }dissertation1
2025-04-29 | 4:00.69 [SLE_INFO] - [4;90m[slushi.slushiUtils.LyricsUtils/new#35]:[0m Lyrics JSON file not found!
2025-04-29 | 4:00.72 [INFO] - [4;90m[states.PlayState/create#1003]:[0m current stage, bambersHell
2025-04-29 | 4:00.73 [INFO] - [4;90m[backend.stage.Stage/setupWeekDir#193]:[0m directory: shared
2025-04-29 | 4:00.73 [INFO] - [4;90m[backend.stage.Stage/setupStageProperties#101]:[0m STAGE INFO JSON ? assets/shared/data/stages/bambersHell.json
2025-04-29 | 4:01.24 [INFO] - [4;90m[backend.song.Song/getChart#120]:[0m assets/shared/data/songs/dissertation/events.json
2025-04-29 | 4:01.42 [INFO] - [4;90m[states.PlayState/cacheCharacter#9913]:[0m found 404
2025-04-29 | 4:01.43 [INFO] - [4;90m[states.PlayState/cacheCharacter#9913]:[0m found 404
2025-04-29 | 4:01.45 [INFO] - [4;90m[states.PlayState/cacheCharacter#9913]:[0m found wardenphase1
2025-04-29 | 4:01.45 [INFO] - [4;90m[states.PlayState/cacheCharacter#9913]:[0m found wardenphase1
2025-04-29 | 4:02.08 [INFO] - [4;90m[states.PlayState/cacheCharacter#9913]:[0m found bf-scared
2025-04-29 | 4:02.08 [INFO] - [4;90m[states.PlayState/cacheCharacter#9913]:[0m found bf
2025-04-29 | 4:02.09 [INFO] - [4;90m[states.PlayState/cacheCharacter#9913]:[0m found bf-scared
2025-04-29 | 4:02.10 [INFO] - [4;90m[states.PlayState/cacheCharacter#9913]:[0m found 404
2025-04-29 | 4:02.10 [INFO] - [4;90m[states.PlayState/cacheCharacter#9913]:[0m found bf
2025-04-29 | 4:02.37 [INFO] - [4;90m[states.PlayState/cacheCharacter#9913]:[0m found wardenphase2
2025-04-29 | 4:02.37 [INFO] - [4;90m[states.PlayState/cacheCharacter#9913]:[0m found bf-scared
2025-04-29 | 4:02.38 [INFO] - [4;90m[states.PlayState/cacheCharacter#9913]:[0m found 404
2025-04-29 | 4:02.39 [INFO] - [4;90m[states.PlayState/cacheCharacter#9913]:[0m found wardenphase1
2025-04-29 | 4:02.39 [INFO] - [4;90m[states.PlayState/cacheCharacter#9913]:[0m found wardenphase1
2025-04-29 | 4:03.67 [INFO] - [4;90m[states.PlayState/cacheCharacter#9913]:[0m found 404-phase2
2025-04-29 | 4:03.68 [INFO] - [4;90m[states.PlayState/cacheCharacter#9913]:[0m found 404-phase2
2025-04-29 | 4:03.69 [INFO] - [4;90m[states.PlayState/cacheCharacter#9913]:[0m found wardenphase2
2025-04-29 | 4:03.69 [INFO] - [4;90m[states.PlayState/cacheCharacter#9913]:[0m found wardenphase2
2025-04-29 | 4:03.84 [INFO] - [4;90m[states.PlayState/cacheCharacter#9913]:[0m found 404 old
2025-04-29 | 4:03.84 [INFO] - [4;90m[states.PlayState/cacheCharacter#9913]:[0m found bf
2025-04-29 | 4:03.85 [INFO] - [4;90m[states.PlayState/cacheCharacter#9913]:[0m found 404-phase2
2025-04-29 | 4:03.86 [INFO] - [4;90m[states.PlayState/cacheCharacter#9913]:[0m found 404
2025-04-29 | 4:03.86 [INFO] - [4;90m[states.PlayState/cacheCharacter#9913]:[0m found 404 old
2025-04-29 | 4:03.87 [INFO] - [4;90m[states.PlayState/cacheCharacter#9913]:[0m found 404
2025-04-29 | 4:03.94 [INFO] - [4;90m[states.PlayState/cacheCharacter#9913]:[0m found dad
2025-04-29 | 4:03.95 [INFO] - [4;90m[states.PlayState/cacheCharacter#9913]:[0m found 404-phase2
2025-04-29 | 4:04.15 [INFO] - [4;90m[states.PlayState/cacheCharacter#9913]:[0m found wardenphase3
2025-04-29 | 4:04.16 [INFO] - [4;90m[states.PlayState/cacheCharacter#9913]:[0m found bf-scared
2025-04-29 | 4:04.69 [INFO] - [4;90m[states.PlayState/cacheCharacter#9913]:[0m found 404
2025-04-29 | 4:04.70 [INFO] - [4;90m[states.PlayState/cacheCharacter#9913]:[0m found 404
2025-04-29 | 4:04.71 [INFO] - [4;90m[states.PlayState/cacheCharacter#9913]:[0m found wardenphase1
2025-04-29 | 4:04.71 [INFO] - [4;90m[states.PlayState/cacheCharacter#9913]:[0m found wardenphase1
2025-04-29 | 4:04.72 [INFO] - [4;90m[states.PlayState/cacheCharacter#9913]:[0m found bf-scared
2025-04-29 | 4:04.73 [INFO] - [4;90m[states.PlayState/cacheCharacter#9913]:[0m found bf
2025-04-29 | 4:04.74 [INFO] - [4;90m[states.PlayState/cacheCharacter#9913]:[0m found bf-scared
2025-04-29 | 4:04.74 [INFO] - [4;90m[states.PlayState/cacheCharacter#9913]:[0m found 404
2025-04-29 | 4:04.75 [INFO] - [4;90m[states.PlayState/cacheCharacter#9913]:[0m found bf
2025-04-29 | 4:04.76 [INFO] - [4;90m[states.PlayState/cacheCharacter#9913]:[0m found wardenphase2
2025-04-29 | 4:04.77 [INFO] - [4;90m[states.PlayState/cacheCharacter#9913]:[0m found bf-scared
2025-04-29 | 4:04.77 [INFO] - [4;90m[states.PlayState/cacheCharacter#9913]:[0m found 404
2025-04-29 | 4:04.78 [INFO] - [4;90m[states.PlayState/cacheCharacter#9913]:[0m found wardenphase1
2025-04-29 | 4:04.78 [INFO] - [4;90m[states.PlayState/cacheCharacter#9913]:[0m found wardenphase1
2025-04-29 | 4:04.79 [INFO] - [4;90m[states.PlayState/cacheCharacter#9913]:[0m found 404-phase2
2025-04-29 | 4:04.80 [INFO] - [4;90m[states.PlayState/cacheCharacter#9913]:[0m found 404-phase2
2025-04-29 | 4:04.80 [INFO] - [4;90m[states.PlayState/cacheCharacter#9913]:[0m found wardenphase2
2025-04-29 | 4:04.81 [INFO] - [4;90m[states.PlayState/cacheCharacter#9913]:[0m found wardenphase2
2025-04-29 | 4:04.82 [INFO] - [4;90m[states.PlayState/cacheCharacter#9913]:[0m found 404 old
2025-04-29 | 4:04.82 [INFO] - [4;90m[states.PlayState/cacheCharacter#9913]:[0m found bf
2025-04-29 | 4:04.83 [INFO] - [4;90m[states.PlayState/cacheCharacter#9913]:[0m found 404-phase2
2025-04-29 | 4:04.84 [INFO] - [4;90m[states.PlayState/cacheCharacter#9913]:[0m found 404
2025-04-29 | 4:04.84 [INFO] - [4;90m[states.PlayState/cacheCharacter#9913]:[0m found 404 old
2025-04-29 | 4:04.85 [INFO] - [4;90m[states.PlayState/cacheCharacter#9913]:[0m found 404
2025-04-29 | 4:04.85 [INFO] - [4;90m[states.PlayState/cacheCharacter#9913]:[0m found dad
2025-04-29 | 4:04.86 [INFO] - [4;90m[states.PlayState/cacheCharacter#9913]:[0m found 404-phase2
2025-04-29 | 4:04.88 [INFO] - [4;90m[states.PlayState/cacheCharacter#9913]:[0m found wardenphase3
2025-04-29 | 4:04.89 [INFO] - [4;90m[states.PlayState/cacheCharacter#9913]:[0m found bf-scared
2025-04-29 | 4:06.57 [INFO] - [4;90m[states.PlayState/startSong#2720]:[0m started loading!
2025-04-29 | 4:17.88 [ERROR] - [4;90m[slushi.slushiUtils.crashHandler.CrashHandler/onUncaughtError#164]:[0m 
CRASH:
[38;5;1mCall Stack:
[4mflixel/addons/effects/FlxTrail.hx#167[24m
flixel/group/FlxGroup.hx#161
states/MusicBeatState.hx#156
states/PlayState.hx#4508
flixel/FlxState.hx#241
flixel/FlxGame.hx#750

Uncaught Error:
Null Object Reference[0m


2025-04-29 | 4:18.03 [INFO] - [4;90m[slushi.slushiUtils.crashHandler.CrashHandler/onUncaughtError#167]:[0m Starting Crash Handler in game
2025-04-29 | 4:18.18 [SLE_WARN] - [4;90m[slushi.slushiUtils.crashHandler.CrashHandler/onUncaughtError#76]:[0m Trying to make a another crash while is already in a crash with error: [Null Object Reference]. Crash counter: [0], skipping it...
2025-04-29 | 4:18.25 [SLE_WARN] - [4;90m[slushi.slushiUtils.crashHandler.CrashHandler/onUncaughtError#76]:[0m Trying to make a another crash while is already in a crash with error: [Null Object Reference]. Crash counter: [1], skipping it...
2025-04-29 | 4:18.31 [SLE_WARN] - [4;90m[slushi.slushiUtils.crashHandler.CrashHandler/onUncaughtError#76]:[0m Trying to make a another crash while is already in a crash with error: [Null Object Reference]. Crash counter: [2], skipping it...
2025-04-29 | 4:18.38 [SLE_WARN] - [4;90m[slushi.slushiUtils.crashHandler.CrashHandler/onUncaughtError#76]:[0m Trying to make a another crash while is already in a crash with error: [Null Object Reference]. Crash counter: [3], skipping it...
2025-04-29 | 4:18.44 [SLE_WARN] - [4;90m[slushi.slushiUtils.crashHandler.CrashHandler/onUncaughtError#76]:[0m Trying to make a another crash while is already in a crash with error: [Null Object Reference]. Crash counter: [4], skipping it...
2025-04-29 | 4:18.45 [SLE_WARN] - [4;90m[slushi.slushiUtils.crashHandler.CrashHandler/onUncaughtError#80]:[0m Too many crashes, quitting...
