2025-04-24 | 0:00.00 [INFO] - [4;90m[slushi.slushiUtils.Debug/onInitProgram#237]:[0m Debug logging initialized. Hello, developer.
2025-04-24 | 0:00.00 [INFO] - [4;90m[slushi.slushiUtils.Debug/onInitProgram#242]:[0m This is a RELEASE build.
2025-04-24 | 0:00.01 [INFO] - [4;90m[slushi.slushiUtils.Debug/onInitProgram#244]:[0m HaxeFlixel version: HaxeFlixel 5.9.0
2025-04-24 | 0:00.02 [SLE_INFO] - [4;90m[slushi.slushiUtils.Debug/onInitProgram#245]:[0m Slushi Engine version: 0.4.0
2025-04-24 | 0:00.02 [INFO] - [4;90m[slushi.slushiUtils.Debug/onInitProgram#246]:[0m SC Engine version: 1.5.2 (4eaf8c4)
2025-04-24 | 0:00.03 [INFO] - [4;90m[slushi.slushiUtils.Debug/onInitProgram#247]:[0m This is a custom build of PE. Current version: 1.04
2025-04-24 | 0:00.13 [INFO] - [4;90m[backend.DiscordClient/initialize#74]:[0m Discord Client initialized
2025-04-24 | 0:00.13 [INFO] - [4;90m[objects.AlphaCharacter/loadAlphabetData#312]:[0m Reloaded letters successfully (assets/shared/images/alphabet.json)!
2025-04-24 | 0:00.14 [SLE_INFO] - [4;90m[slushi.windows.WindowsFuncs/saveCurrentWindowsWallpaper#49]:[0m Wallpaper Path: C:\Users\yuyio\AppData\Roaming\Microsoft\Windows\Themes\TranscodedWallpaper
2025-04-24 | 0:00.15 [SLE_INFO] - [4;90m[slushi.windows.WindowsFuncs/saveCurrentWindowsWallpaper#50]:[0m Saving the path in a private variable...
2025-04-24 | 0:00.48 [SLE_INFO] - [4;90m[slushi.others.systemUtils.SystemInfo/formatSysInfo#159]:[0m 

System: Microsoft Windows 11 Home 10.0.22631
CPU: AMD Ryzen 7 5700X 8-Core Processor x86 64-Bit
GPU: AMD Radeon RX 6700 XT
Total RAM: 24 GB DDR4

2025-04-24 | 0:00.50 [SLE_INFO] - [4;90m[slushi.SlushiMain/getBuildVer#151]:[0m Checking for new version...
2025-04-24 | 0:01.22 [SLE_INFO] - [4;90m[slushi.SlushiMain/getBuildVer#170]:[0m Version online: [0.4.0], this version: [0.4.0]
2025-04-24 | 0:01.22 [SLE_INFO] - [4;90m[slushi.SlushiMain/getBuildVer#189]:[0m Versions are matching!
2025-04-24 | 0:02.13 [INFO] - [4;90m[backend.DiscordClient/onReady#52]:[0m (Discord) Connected to User (dddsss10_19168)
2025-04-24 | 0:31.79 [INFO] - [4;90m[slushi.states.freeplay.SlushiFreeplayState/moveToSong#948]:[0m CURRENT WEEK: week2
2025-04-24 | 0:31.79 [INFO] - [4;90m[backend.song.Song/getChart#120]:[0m assets/shared/data/songs/diffraction/diffraction.json
2025-04-24 | 0:31.87 [INFO] - [4;90m[backend.song.Song/parseJSON#148]:[0m converting chart diffraction with format unknown to psych_v1 format...
2025-04-24 | 0:31.88 [INFO] - [4;90m[backend.song.Song/loadFromJson#102]:[0m assets/shared/data/songs/diffraction/diffraction.json
2025-04-24 | 0:31.88 [INFO] - [4;90m[backend.song.Song/loadFromJson#103]:[0m assets\shared\data\songs\diffraction\diffraction.json
2025-04-24 | 0:31.90 [INFO] - [4;90m[slushi.states.freeplay.SlushiFreeplayState/moveToSong#956]:[0m diffraction
2025-04-24 | 0:31.91 [INFO] - [4;90m[states.LoadingState/loadNextDirectory#165]:[0m Setting asset folder to shared
2025-04-24 | 0:31.95 [WARN] - [4;90m[states.LoadingState/clearInvalidFrom#455]:[0m Removed invalid images: characters/bf/BOYFRIEND
2025-04-24 | 0:31.95 [WARN] - [4;90m[states.LoadingState/clearInvalidFrom#455]:[0m Removed invalid songs: diffraction/Inst
2025-04-24 | 0:31.97 [INFO] - [4;90m[states.LoadingState/initThread#486]:[0m finished preloading image HoldNoteEffect/holdCoverBlue
2025-04-24 | 0:31.97 [INFO] - [4;90m[states.LoadingState/initThread#486]:[0m finished preloading image HoldNoteEffect/holdCoverPurple
2025-04-24 | 0:31.97 [INFO] - [4;90m[states.LoadingState/initThread#486]:[0m finished preloading image HoldNoteEffect/holdCoverPurple
2025-04-24 | 0:31.97 [INFO] - [4;90m[states.LoadingState/initThread#486]:[0m finished preloading image HoldNoteEffect/holdCoverGreen
2025-04-24 | 0:31.98 [INFO] - [4;90m[states.LoadingState/initThread#486]:[0m finished preloading image noteSplashes/noteSplashes
2025-04-24 | 0:31.99 [INFO] - [4;90m[states.LoadingState/initThread#486]:[0m finished preloading image noteSkins/NOTE_assets
2025-04-24 | 0:31.99 [INFO] - [4;90m[states.LoadingState/initThread#486]:[0m finished preloading image noteSkins/NOTE_assets
2025-04-24 | 0:32.34 [INFO] - [4;90m[states.LoadingState/initThread#486]:[0m finished preloading image characters/expunged/404
2025-04-24 | 0:32.48 [INFO] - [4;90m[states.LoadingState/initThread#486]:[0m finished preloading image characters/GF_assets
2025-04-24 | 0:32.80 [INFO] - [4;90m[states.LoadingState/checkLoaded#147]:[0m finished preloading image assets/shared/images/characters/expunged/404.png
2025-04-24 | 0:32.80 [INFO] - [4;90m[states.LoadingState/checkLoaded#147]:[0m finished preloading image assets/shared/images/noteSplashes/noteSplashes.png
2025-04-24 | 0:32.81 [INFO] - [4;90m[states.LoadingState/checkLoaded#147]:[0m finished preloading image assets/shared/images/HoldNoteEffect/holdCoverBlue.png
2025-04-24 | 0:32.94 [INFO] - [4;90m[states.LoadingState/checkLoaded#147]:[0m finished preloading image assets/shared/images/characters/GF_assets.png
2025-04-24 | 0:32.95 [INFO] - [4;90m[states.LoadingState/checkLoaded#147]:[0m finished preloading image assets/shared/images/HoldNoteEffect/holdCoverGreen.png
2025-04-24 | 0:32.96 [INFO] - [4;90m[states.LoadingState/checkLoaded#147]:[0m finished preloading image assets/shared/images/noteSkins/NOTE_assets.png
2025-04-24 | 0:32.96 [INFO] - [4;90m[states.LoadingState/checkLoaded#147]:[0m finished preloading image assets/shared/images/HoldNoteEffect/holdCoverPurple.png
2025-04-24 | 0:33.01 [INFO] - [4;90m[states.PlayState/create#711]:[0m [comboData => [totalNoteCount => 0, swags => 0, highestCombo => 0, maxCombo => 0, misses => 0, shits => 0, sicks => 0, totalNotesHit => 0, goods => 0, bads => 0, combo => 0, totalPlayed => 0], rankData => [comboRank => , accuracy => 0, rating => ], mainData => [score => 0, opponentMode => false, name => diffraction, difficulty => 1]]diffraction1
2025-04-24 | 0:33.08 [SLE_INFO] - [4;90m[slushi.slushiUtils.LyricsUtils/new#35]:[0m Lyrics JSON file not found!
2025-04-24 | 0:33.29 [INFO] - [4;90m[states.PlayState/create#857]:[0m current stage, bambersHell
2025-04-24 | 0:33.29 [INFO] - [4;90m[backend.stage.Stage/setupWeekDir#193]:[0m directory: shared
2025-04-24 | 0:33.30 [INFO] - [4;90m[backend.stage.Stage/setupStageProperties#101]:[0m STAGE INFO JSON ? assets/shared/data/stages/bambersHell.json
2025-04-24 | 0:33.64 [INFO] - [4;90m[backend.song.Song/getChart#120]:[0m assets/shared/data/songs/diffraction/events.json
2025-04-24 | 0:33.65 [INFO] - [4;90m[backend.song.Song/parseJSON#148]:[0m converting chart events with format unknown to psych_v1 format...
2025-04-24 | 0:35.92 [INFO] - [4;90m[states.PlayState/startSong#2396]:[0m started loading!
2025-04-24 | 0:50.23 [INFO] - [4;90m[states.LoadingState/loadNextDirectory#165]:[0m Setting asset folder to shared
2025-04-24 | 0:50.25 [INFO] - [4;90m[states.PlayState/create#711]:[0m [comboData => [totalNoteCount => 0, swags => 0, highestCombo => 0, maxCombo => 0, misses => 0, shits => 0, sicks => 0, totalNotesHit => 0, goods => 0, bads => 0, combo => 0, totalPlayed => 0], rankData => [comboRank => , accuracy => 0, rating => ], mainData => [score => 0, opponentMode => false, name => diffraction, difficulty => 1]]diffraction1
2025-04-24 | 0:50.27 [SLE_INFO] - [4;90m[slushi.slushiUtils.LyricsUtils/new#35]:[0m Lyrics JSON file not found!
2025-04-24 | 0:50.28 [INFO] - [4;90m[states.PlayState/create#857]:[0m current stage, bambersHell
2025-04-24 | 0:50.29 [INFO] - [4;90m[backend.stage.Stage/setupWeekDir#193]:[0m directory: shared
2025-04-24 | 0:50.29 [INFO] - [4;90m[backend.stage.Stage/setupStageProperties#101]:[0m STAGE INFO JSON ? assets/shared/data/stages/bambersHell.json
2025-04-24 | 0:50.31 [INFO] - [4;90m[backend.song.Song/getChart#120]:[0m assets/shared/data/songs/diffraction/events.json
2025-04-24 | 0:50.31 [INFO] - [4;90m[backend.song.Song/parseJSON#148]:[0m converting chart events with format unknown to psych_v1 format...
2025-04-24 | 0:52.06 [INFO] - [4;90m[states.PlayState/startSong#2396]:[0m started loading!
2025-04-24 | 0:55.30 [INFO] - [4;90m[backend.song.Song/getChart#120]:[0m assets/shared/data/songs/diffraction/diffraction.json
2025-04-24 | 0:55.31 [INFO] - [4;90m[backend.song.Song/parseJSON#148]:[0m converting chart diffraction with format unknown to psych_v1 format...
2025-04-24 | 0:55.32 [INFO] - [4;90m[backend.song.Song/loadFromJson#102]:[0m assets/shared/data/songs/diffraction/diffraction.json
2025-04-24 | 0:55.32 [INFO] - [4;90m[backend.song.Song/loadFromJson#103]:[0m assets\shared\data\songs\diffraction\diffraction.json
2025-04-24 | 0:59.65 [INFO] - [4;90m[states.LoadingState/loadNextDirectory#165]:[0m Setting asset folder to shared
2025-04-24 | 1:04.72 [INFO] - [4;90m[objects.note.NoteSplash/chooseSplashPath#154]:[0m Failed to locate null.json, returning nothing
2025-04-24 | 1:04.72 [INFO] - [4;90m[objects.note.NoteSplash/chooseSplashPath#154]:[0m Failed to locate null.json, returning nothing
2025-04-24 | 1:04.73 [INFO] - [4;90m[objects.note.NoteSplash/chooseSplashPath#154]:[0m Failed to locate null.json, returning nothing
2025-04-24 | 1:04.74 [INFO] - [4;90m[objects.note.NoteSplash/chooseSplashPath#154]:[0m Failed to locate null.json, returning nothing
2025-04-24 | 1:21.83 [INFO] - [4;90m[states.LoadingState/loadNextDirectory#165]:[0m Setting asset folder to shared
2025-04-24 | 1:22.60 [INFO] - [4;90m[states.PlayState/create#711]:[0m [comboData => [totalNoteCount => 0, swags => 0, highestCombo => 0, maxCombo => 0, misses => 0, shits => 0, sicks => 0, totalNotesHit => 0, goods => 0, bads => 0, combo => 0, totalPlayed => 0], rankData => [comboRank => , accuracy => 0, rating => ], mainData => [score => 0, opponentMode => false, name => diffraction, difficulty => 1]]diffraction1
2025-04-24 | 1:22.62 [SLE_INFO] - [4;90m[slushi.slushiUtils.LyricsUtils/new#35]:[0m Lyrics JSON file not found!
2025-04-24 | 1:22.64 [INFO] - [4;90m[states.PlayState/create#857]:[0m current stage, bambersHell
2025-04-24 | 1:22.64 [INFO] - [4;90m[backend.stage.Stage/setupWeekDir#193]:[0m directory: shared
2025-04-24 | 1:22.65 [INFO] - [4;90m[backend.stage.Stage/setupStageProperties#101]:[0m STAGE INFO JSON ? assets/shared/data/stages/bambersHell.json
2025-04-24 | 1:22.66 [INFO] - [4;90m[backend.song.Song/getChart#120]:[0m assets/shared/data/songs/diffraction/events.json
2025-04-24 | 1:22.67 [INFO] - [4;90m[backend.song.Song/parseJSON#148]:[0m converting chart events with format unknown to psych_v1 format...
2025-04-24 | 1:24.47 [INFO] - [4;90m[states.PlayState/startSong#2396]:[0m started loading!
2025-04-24 | 1:37.03 [INFO] - [4;90m[states.LoadingState/loadNextDirectory#165]:[0m Setting asset folder to shared
2025-04-24 | 1:38.69 [INFO] - [4;90m[objects.note.NoteSplash/chooseSplashPath#154]:[0m Failed to locate null.json, returning nothing
2025-04-24 | 1:38.70 [INFO] - [4;90m[objects.note.NoteSplash/chooseSplashPath#154]:[0m Failed to locate null.json, returning nothing
2025-04-24 | 1:38.71 [INFO] - [4;90m[objects.note.NoteSplash/chooseSplashPath#154]:[0m Failed to locate null.json, returning nothing
2025-04-24 | 1:38.71 [INFO] - [4;90m[objects.note.NoteSplash/chooseSplashPath#154]:[0m Failed to locate null.json, returning nothing
2025-04-24 | 1:56.22 [INFO] - [4;90m[states.LoadingState/loadNextDirectory#165]:[0m Setting asset folder to shared
2025-04-24 | 1:57.00 [INFO] - [4;90m[states.PlayState/create#711]:[0m [comboData => [totalNoteCount => 0, swags => 0, highestCombo => 0, maxCombo => 0, misses => 0, shits => 0, sicks => 0, totalNotesHit => 0, goods => 0, bads => 0, combo => 0, totalPlayed => 0], rankData => [comboRank => , accuracy => 0, rating => ], mainData => [score => 0, opponentMode => false, name => diffraction, difficulty => 1]]diffraction1
2025-04-24 | 1:57.02 [SLE_INFO] - [4;90m[slushi.slushiUtils.LyricsUtils/new#35]:[0m Lyrics JSON file not found!
2025-04-24 | 1:57.03 [INFO] - [4;90m[states.PlayState/create#857]:[0m current stage, bambersHell
2025-04-24 | 1:57.04 [INFO] - [4;90m[backend.stage.Stage/setupWeekDir#193]:[0m directory: shared
2025-04-24 | 1:57.04 [INFO] - [4;90m[backend.stage.Stage/setupStageProperties#101]:[0m STAGE INFO JSON ? assets/shared/data/stages/bambersHell.json
2025-04-24 | 1:57.06 [INFO] - [4;90m[backend.song.Song/getChart#120]:[0m assets/shared/data/songs/diffraction/events.json
2025-04-24 | 1:57.07 [INFO] - [4;90m[backend.song.Song/parseJSON#148]:[0m converting chart events with format unknown to psych_v1 format...
2025-04-24 | 1:58.88 [INFO] - [4;90m[states.PlayState/startSong#2396]:[0m started loading!
2025-04-24 | 6:43.69 [SLE_INFO] - [4;90m[slushi.SlushiMain/onCloseWindow#105]:[0m Reseting all C++ functions...

