2025-04-21 | 0:00.00 [INFO] - [4;90m[slushi.slushiUtils.Debug/onInitProgram#237]:[0m Debug logging initialized. Hello, developer.
2025-04-21 | 0:00.01 [INFO] - [4;90m[slushi.slushiUtils.Debug/onInitProgram#242]:[0m This is a RELEASE build.
2025-04-21 | 0:00.02 [INFO] - [4;90m[slushi.slushiUtils.Debug/onInitProgram#244]:[0m HaxeFlixel version: HaxeFlixel 5.9.0
2025-04-21 | 0:00.03 [SLE_INFO] - [4;90m[slushi.slushiUtils.Debug/onInitProgram#245]:[0m Slushi Engine version: 0.4.0
2025-04-21 | 0:00.04 [INFO] - [4;90m[slushi.slushiUtils.Debug/onInitProgram#246]:[0m SC Engine version: 1.5.2 (4eaf8c4)
2025-04-21 | 0:00.05 [INFO] - [4;90m[slushi.slushiUtils.Debug/onInitProgram#247]:[0m This is a custom build of PE. Current version: 1.04
2025-04-21 | 0:00.09 [INFO] - [4;90m[backend.DiscordClient/initialize#74]:[0m Discord Client initialized
2025-04-21 | 0:00.11 [INFO] - [4;90m[objects.AlphaCharacter/loadAlphabetData#312]:[0m Reloaded letters successfully (assets/shared/images/alphabet.json)!
2025-04-21 | 0:00.13 [SLE_INFO] - [4;90m[slushi.windows.WindowsFuncs/saveCurrentWindowsWallpaper#49]:[0m Wallpaper Path: C:\Users\osanc.DESKTOP-69O57J2\AppData\Roaming\Microsoft\Windows\Themes\TranscodedWallpaper
2025-04-21 | 0:00.15 [SLE_INFO] - [4;90m[slushi.windows.WindowsFuncs/saveCurrentWindowsWallpaper#50]:[0m Saving the path in a private variable...
2025-04-21 | 0:00.39 [SLE_INFO] - [4;90m[slushi.others.systemUtils.SystemInfo/formatSysInfo#159]:[0m 

System: Microsoft Windows 11 Home 10.0.22631
CPU: AMD Ryzen 7 5700X 8-Core Processor x86 64-Bit
GPU: AMD Radeon RX 6700 XT
Total RAM: 24 GB DDR4

2025-04-21 | 0:00.53 [SLE_INFO] - [4;90m[slushi.SlushiMain/getBuildVer#151]:[0m Checking for new version...
2025-04-21 | 0:01.15 [SLE_INFO] - [4;90m[slushi.SlushiMain/getBuildVer#170]:[0m Version online: [0.4.0], this version: [0.4.0]
2025-04-21 | 0:01.16 [SLE_INFO] - [4;90m[slushi.SlushiMain/getBuildVer#189]:[0m Versions are matching!
2025-04-21 | 0:25.47 [INFO] - [4;90m[slushi.states.freeplay.SlushiFreeplayState/moveToSong#948]:[0m CURRENT WEEK: week1
2025-04-21 | 0:25.48 [INFO] - [4;90m[backend.song.Song/getChart#120]:[0m assets/shared/data/songs/shattered/shattered.json
2025-04-21 | 0:25.54 [INFO] - [4;90m[backend.song.Song/parseJSON#148]:[0m converting chart shattered with format unknown to psych_v1 format...
2025-04-21 | 0:25.55 [INFO] - [4;90m[backend.song.Song/loadFromJson#102]:[0m assets/shared/data/songs/shattered/shattered.json
2025-04-21 | 0:25.56 [INFO] - [4;90m[backend.song.Song/loadFromJson#103]:[0m assets\shared\data\songs\shattered\shattered.json
2025-04-21 | 0:25.57 [INFO] - [4;90m[slushi.states.freeplay.SlushiFreeplayState/moveToSong#956]:[0m shattered
2025-04-21 | 0:25.58 [INFO] - [4;90m[states.LoadingState/loadNextDirectory#165]:[0m Setting asset folder to shared
2025-04-21 | 0:25.63 [WARN] - [4;90m[states.LoadingState/clearInvalidFrom#455]:[0m Removed invalid images: characters/bf/BOYFRIEND
2025-04-21 | 0:25.71 [INFO] - [4;90m[states.LoadingState/initThread#486]:[0m finished preloading image noteSplashes/noteSplashes
2025-04-21 | 0:25.95 [INFO] - [4;90m[states.LoadingState/initThread#486]:[0m finished preloading image HoldNoteEffect/holdCoverPurple
2025-04-21 | 0:25.95 [INFO] - [4;90m[states.LoadingState/initThread#486]:[0m finished preloading image HoldNoteEffect/holdCoverPurple
2025-04-21 | 0:25.96 [INFO] - [4;90m[states.LoadingState/initThread#486]:[0m finished preloading image HoldNoteEffect/holdCoverBlue
2025-04-21 | 0:25.98 [INFO] - [4;90m[states.LoadingState/initThread#486]:[0m finished preloading image HoldNoteEffect/holdCoverGreen
2025-04-21 | 0:26.14 [INFO] - [4;90m[states.LoadingState/initThread#486]:[0m finished preloading image noteSkins/NOTE_assets
2025-04-21 | 0:26.14 [INFO] - [4;90m[states.LoadingState/initThread#486]:[0m finished preloading image noteSkins/NOTE_assets
2025-04-21 | 0:26.43 [INFO] - [4;90m[states.LoadingState/checkLoaded#147]:[0m finished preloading image assets/shared/images/HoldNoteEffect/holdCoverBlue.png
2025-04-21 | 0:26.45 [INFO] - [4;90m[states.LoadingState/checkLoaded#147]:[0m finished preloading image assets/shared/images/noteSplashes/noteSplashes.png
2025-04-21 | 0:26.46 [INFO] - [4;90m[states.LoadingState/checkLoaded#147]:[0m finished preloading image assets/shared/images/HoldNoteEffect/holdCoverGreen.png
2025-04-21 | 0:26.48 [INFO] - [4;90m[states.LoadingState/checkLoaded#147]:[0m finished preloading image assets/shared/images/noteSkins/NOTE_assets.png
2025-04-21 | 0:26.49 [INFO] - [4;90m[states.LoadingState/checkLoaded#147]:[0m finished preloading image assets/shared/images/HoldNoteEffect/holdCoverPurple.png
2025-04-21 | 0:26.56 [INFO] - [4;90m[states.LoadingState/initThread#486]:[0m finished preloading image characters/bambi/Angry Bambi
2025-04-21 | 0:26.57 [INFO] - [4;90m[states.LoadingState/initThread#486]:[0m finished preloading image characters/GF_assets
2025-04-21 | 0:26.62 [INFO] - [4;90m[states.LoadingState/checkLoaded#147]:[0m finished preloading image assets/shared/images/characters/GF_assets.png
2025-04-21 | 0:26.63 [INFO] - [4;90m[states.LoadingState/checkLoaded#147]:[0m finished preloading image assets/shared/images/characters/bambi/Angry Bambi.png
2025-04-21 | 0:26.71 [INFO] - [4;90m[states.LoadingState/initThread#486]:[0m finished preloading song shattered/Voices
2025-04-21 | 0:26.92 [INFO] - [4;90m[states.LoadingState/initThread#486]:[0m finished preloading song shattered/Inst
2025-04-21 | 0:26.94 [INFO] - [4;90m[states.PlayState/create#691]:[0m [comboData => [totalNoteCount => 0, swags => 0, misses => 0, highestCombo => 0, maxCombo => 0, shits => 0, sicks => 0, totalNotesHit => 0, goods => 0, bads => 0, combo => 0, totalPlayed => 0], rankData => [comboRank => , accuracy => 0, rating => ], mainData => [score => 0, opponentMode => false, name => shattered, difficulty => 1]]shattered1
2025-04-21 | 0:27.30 [SLE_INFO] - [4;90m[slushi.slushiUtils.LyricsUtils/new#35]:[0m Lyrics JSON file not found!
2025-04-21 | 0:27.52 [INFO] - [4;90m[states.PlayState/create#837]:[0m current stage, farmSunset
2025-04-21 | 0:27.53 [INFO] - [4;90m[backend.stage.Stage/setupWeekDir#193]:[0m directory: shared
2025-04-21 | 0:27.54 [INFO] - [4;90m[backend.stage.Stage/setupStageProperties#101]:[0m STAGE INFO JSON ? assets/shared/data/stages/farmSunset.json
2025-04-21 | 0:27.55 [WARN] - [4;90m[backend.stage.Stage/setupStageProperties#107]:[0m farmSunset.json not found, using the default stage
2025-04-21 | 0:28.31 [INFO] - [4;90m[backend.song.Song/getChart#120]:[0m assets/shared/data/songs/shattered/events.json
2025-04-21 | 0:28.34 [INFO] - [4;90m[backend.song.Song/parseJSON#148]:[0m converting chart events with format unknown to psych_v1 format...
2025-04-21 | 0:29.96 [INFO] - [4;90m[states.PlayState/cacheCharacter#7924]:[0m found cube
2025-04-21 | 0:29.97 [INFO] - [4;90m[states.PlayState/cacheCharacter#7924]:[0m found cube
2025-04-21 | 0:29.98 [INFO] - [4;90m[states.PlayState/cacheCharacter#7924]:[0m found bf
2025-04-21 | 0:29.99 [INFO] - [4;90m[states.PlayState/cacheCharacter#7924]:[0m found angry-bambi
2025-04-21 | 0:30.52 [INFO] - [4;90m[states.PlayState/cacheCharacter#7924]:[0m found bambi-mad-guitar
2025-04-21 | 0:33.48 [INFO] - [4;90m[states.PlayState/startSong#2376]:[0m started loading!
2025-04-21 | 0:33.49 [WARN] - [4;90m[states.PlayState/update#3536]:[0m Warning! Delay is too fucking high!!
2025-04-21 | 0:33.55 [WARN] - [4;90m[states.PlayState/update#3536]:[0m Warning! Delay is too fucking high!!
2025-04-21 | 0:33.57 [WARN] - [4;90m[states.PlayState/update#3536]:[0m Warning! Delay is too fucking high!!
2025-04-21 | 0:33.59 [WARN] - [4;90m[states.PlayState/update#3536]:[0m Warning! Delay is too fucking high!!
2025-04-21 | 0:33.61 [WARN] - [4;90m[states.PlayState/update#3536]:[0m Warning! Delay is too fucking high!!
2025-04-21 | 0:33.63 [WARN] - [4;90m[states.PlayState/update#3536]:[0m Warning! Delay is too fucking high!!
2025-04-21 | 0:33.65 [WARN] - [4;90m[states.PlayState/update#3536]:[0m Warning! Delay is too fucking high!!
2025-04-21 | 0:33.68 [WARN] - [4;90m[states.PlayState/update#3536]:[0m Warning! Delay is too fucking high!!
2025-04-21 | 0:55.38 [ERROR] - [4;90m[slushi.slushiUtils.crashHandler.CrashHandler/onUncaughtError#164]:[0m 
CRASH:
[38;5;1mCall Stack:
[4mshaders/RGBPixelShader.hx#17[24m
objects/note/NoteSplash.hx#310
states/PlayState.hx#6829
states/PlayState.hx#6821
states/PlayState.hx#5717
states/PlayState.hx#6480
states/PlayState.hx#3679
flixel/group/FlxGroup.hx#791
states/PlayState.hx#3661
flixel/FlxState.hx#241
flixel/FlxGame.hx#750

Uncaught Error:
Null Object Reference[0m


2025-04-21 | 0:55.46 [INFO] - [4;90m[slushi.slushiUtils.crashHandler.CrashHandler/onUncaughtError#167]:[0m Starting Crash Handler in game
2025-04-21 | 1:06.56 [INFO] - [4;90m[backend.song.Song/getChart#120]:[0m assets/shared/data/songs/shattered/shattered.json
2025-04-21 | 1:06.58 [INFO] - [4;90m[backend.song.Song/parseJSON#148]:[0m converting chart shattered with format unknown to psych_v1 format...
2025-04-21 | 1:06.59 [INFO] - [4;90m[backend.song.Song/loadFromJson#102]:[0m assets/shared/data/songs/shattered/shattered.json
2025-04-21 | 1:06.60 [INFO] - [4;90m[backend.song.Song/loadFromJson#103]:[0m assets\shared\data\songs\shattered\shattered.json
2025-04-21 | 1:26.19 [ERROR] - [4;90m[slushi.slushiUtils.crashHandler.CrashHandler/onUncaughtError#164]:[0m 
CRASH:
[38;5;1mCall Stack:
[4mshaders/RGBPixelShader.hx#17[24m
objects/note/NoteSplash.hx#310
states/editors/NoteSplashEditorState.hx#704
states/editors/NoteSplashEditorState.hx#554
states/editors/NoteSplashEditorState.hx#621
flixel/FlxState.hx#241
flixel/FlxGame.hx#750

Uncaught Error:
Null Object Reference[0m


2025-04-21 | 1:26.26 [INFO] - [4;90m[slushi.slushiUtils.crashHandler.CrashHandler/onUncaughtError#167]:[0m Starting Crash Handler in game
2025-04-21 | 3:32.15 [ERROR] - [4;90m[slushi.slushiUtils.crashHandler.CrashHandler/onUncaughtError#164]:[0m 
CRASH:
[38;5;1mCall Stack:
[4mshaders/RGBPixelShader.hx#17[24m
objects/note/NoteSplash.hx#310
states/editors/NoteSplashEditorState.hx#676
flixel/group/FlxGroup.hx#767
states/editors/NoteSplashEditorState.hx#632
flixel/FlxState.hx#241
flixel/FlxGame.hx#750

Uncaught Error:
Null Object Reference[0m


2025-04-21 | 3:32.22 [INFO] - [4;90m[slushi.slushiUtils.crashHandler.CrashHandler/onUncaughtError#167]:[0m Starting Crash Handler in game
2025-04-21 | 3:38.05 [SLE_WARN] - [4;90m[slushi.slushiUtils.crashHandler.CrashHandler/onUncaughtError#76]:[0m Trying to make a another crash while is already in a crash with error: [Null Object Reference]. Crash counter: [0], skipping it...
2025-04-21 | 3:38.56 [SLE_WARN] - [4;90m[slushi.slushiUtils.crashHandler.CrashHandler/onUncaughtError#76]:[0m Trying to make a another crash while is already in a crash with error: [Null Object Reference]. Crash counter: [1], skipping it...
2025-04-21 | 3:38.80 [SLE_WARN] - [4;90m[slushi.slushiUtils.crashHandler.CrashHandler/onUncaughtError#76]:[0m Trying to make a another crash while is already in a crash with error: [Null Object Reference]. Crash counter: [2], skipping it...
2025-04-21 | 3:38.98 [SLE_WARN] - [4;90m[slushi.slushiUtils.crashHandler.CrashHandler/onUncaughtError#76]:[0m Trying to make a another crash while is already in a crash with error: [Null Object Reference]. Crash counter: [3], skipping it...
2025-04-21 | 3:39.17 [SLE_WARN] - [4;90m[slushi.slushiUtils.crashHandler.CrashHandler/onUncaughtError#76]:[0m Trying to make a another crash while is already in a crash with error: [Null Object Reference]. Crash counter: [4], skipping it...
2025-04-21 | 3:39.19 [SLE_WARN] - [4;90m[slushi.slushiUtils.crashHandler.CrashHandler/onUncaughtError#80]:[0m Too many crashes, quitting...
