2025-04-29 | 0:00.00 [INFO] - [4;90m[slushi.slushiUtils.Debug/onInitProgram#237]:[0m Debug logging initialized. Hello, developer.
2025-04-29 | 0:00.00 [INFO] - [4;90m[slushi.slushiUtils.Debug/onInitProgram#242]:[0m This is a RELEASE build.
2025-04-29 | 0:00.01 [INFO] - [4;90m[slushi.slushiUtils.Debug/onInitProgram#244]:[0m HaxeFlixel version: HaxeFlixel 5.9.0
2025-04-29 | 0:00.01 [SLE_INFO] - [4;90m[slushi.slushiUtils.Debug/onInitProgram#245]:[0m Slushi Engine version: 0.4.0
2025-04-29 | 0:00.02 [INFO] - [4;90m[slushi.slushiUtils.Debug/onInitProgram#246]:[0m SC Engine version: 1.5.2 (4eaf8c4)
2025-04-29 | 0:00.02 [INFO] - [4;90m[slushi.slushiUtils.Debug/onInitProgram#247]:[0m This is a custom build of PE. Current version: 1.04
2025-04-29 | 0:00.05 [INFO] - [4;90m[backend.DiscordClient/initialize#74]:[0m Discord Client initialized
2025-04-29 | 0:00.06 [INFO] - [4;90m[objects.AlphaCharacter/loadAlphabetData#312]:[0m Reloaded letters successfully (assets/shared/images/alphabet.json)!
2025-04-29 | 0:00.07 [SLE_INFO] - [4;90m[slushi.windows.WindowsFuncs/saveCurrentWindowsWallpaper#49]:[0m Wallpaper Path: C:\Users\yuyio\AppData\Roaming\Microsoft\Windows\Themes\TranscodedWallpaper
2025-04-29 | 0:00.07 [SLE_INFO] - [4;90m[slushi.windows.WindowsFuncs/saveCurrentWindowsWallpaper#50]:[0m Saving the path in a private variable...
2025-04-29 | 0:00.33 [SLE_INFO] - [4;90m[slushi.others.systemUtils.SystemInfo/formatSysInfo#159]:[0m 

System: Microsoft Windows 11 Home 10.0.22631
CPU: AMD Ryzen 7 5700X 8-Core Processor x86 64-Bit
GPU: AMD Radeon RX 6700 XT
Total RAM: 24 GB DDR4

2025-04-29 | 0:00.35 [SLE_INFO] - [4;90m[slushi.SlushiMain/getBuildVer#151]:[0m Checking for new version...
2025-04-29 | 0:00.70 [SLE_INFO] - [4;90m[slushi.SlushiMain/getBuildVer#170]:[0m Version online: [0.4.0], this version: [0.4.0]
2025-04-29 | 0:00.71 [SLE_INFO] - [4;90m[slushi.SlushiMain/getBuildVer#189]:[0m Versions are matching!
2025-04-29 | 0:02.06 [INFO] - [4;90m[backend.DiscordClient/onReady#52]:[0m (Discord) Connected to User (dddsss10_19168)
2025-04-29 | 0:22.77 [INFO] - [4;90m[slushi.states.freeplay.SlushiFreeplayState/moveToSong#948]:[0m CURRENT WEEK: week1
2025-04-29 | 0:22.78 [INFO] - [4;90m[backend.song.Song/getChart#120]:[0m assets/shared/data/songs/shattered/shattered.json
2025-04-29 | 0:22.84 [INFO] - [4;90m[backend.song.Song/parseJSON#148]:[0m converting chart shattered with format unknown to psych_v1 format...
2025-04-29 | 0:22.85 [INFO] - [4;90m[backend.song.Song/loadFromJson#102]:[0m assets/shared/data/songs/shattered/shattered.json
2025-04-29 | 0:22.87 [INFO] - [4;90m[backend.song.Song/loadFromJson#103]:[0m assets\shared\data\songs\shattered\shattered.json
2025-04-29 | 0:22.88 [INFO] - [4;90m[slushi.states.freeplay.SlushiFreeplayState/moveToSong#956]:[0m shattered
2025-04-29 | 0:22.89 [INFO] - [4;90m[states.LoadingState/loadNextDirectory#165]:[0m Setting asset folder to shared
2025-04-29 | 0:22.91 [WARN] - [4;90m[states.LoadingState/clearInvalidFrom#455]:[0m Removed invalid images: characters/bf/BOYFRIEND
2025-04-29 | 0:22.92 [INFO] - [4;90m[states.LoadingState/initThread#486]:[0m finished preloading image HoldNoteEffect/holdCoverPurple
2025-04-29 | 0:22.92 [INFO] - [4;90m[states.LoadingState/initThread#486]:[0m finished preloading image HoldNoteEffect/holdCoverBlue
2025-04-29 | 0:22.92 [INFO] - [4;90m[states.LoadingState/initThread#486]:[0m finished preloading image HoldNoteEffect/holdCoverGreen
2025-04-29 | 0:22.92 [INFO] - [4;90m[states.LoadingState/initThread#486]:[0m finished preloading image HoldNoteEffect/holdCoverPurple
2025-04-29 | 0:22.93 [INFO] - [4;90m[states.LoadingState/initThread#486]:[0m finished preloading image noteSplashes/noteSplashes
2025-04-29 | 0:22.94 [INFO] - [4;90m[states.LoadingState/initThread#486]:[0m finished preloading image noteSkins/NOTE_assets
2025-04-29 | 0:22.94 [INFO] - [4;90m[states.LoadingState/initThread#486]:[0m finished preloading image noteSkins/NOTE_assets
2025-04-29 | 0:23.60 [INFO] - [4;90m[states.LoadingState/initThread#486]:[0m finished preloading image characters/bambi/Angry Bambi
2025-04-29 | 0:23.63 [INFO] - [4;90m[states.LoadingState/initThread#486]:[0m finished preloading image characters/GF_assets
2025-04-29 | 0:23.84 [INFO] - [4;90m[states.LoadingState/checkLoaded#147]:[0m finished preloading image assets/shared/images/noteSplashes/noteSplashes.png
2025-04-29 | 0:23.85 [INFO] - [4;90m[states.LoadingState/checkLoaded#147]:[0m finished preloading image assets/shared/images/HoldNoteEffect/holdCoverBlue.png
2025-04-29 | 0:23.97 [INFO] - [4;90m[states.LoadingState/checkLoaded#147]:[0m finished preloading image assets/shared/images/characters/GF_assets.png
2025-04-29 | 0:23.98 [INFO] - [4;90m[states.LoadingState/checkLoaded#147]:[0m finished preloading image assets/shared/images/HoldNoteEffect/holdCoverGreen.png
2025-04-29 | 0:24.03 [INFO] - [4;90m[states.LoadingState/initThread#486]:[0m finished preloading song shattered/Voices
2025-04-29 | 0:24.08 [INFO] - [4;90m[states.LoadingState/checkLoaded#147]:[0m finished preloading image assets/shared/images/characters/bambi/Angry Bambi.png
2025-04-29 | 0:24.08 [INFO] - [4;90m[states.LoadingState/checkLoaded#147]:[0m finished preloading image assets/shared/images/noteSkins/NOTE_assets.png
2025-04-29 | 0:24.09 [INFO] - [4;90m[states.LoadingState/checkLoaded#147]:[0m finished preloading image assets/shared/images/HoldNoteEffect/holdCoverPurple.png
2025-04-29 | 0:24.48 [INFO] - [4;90m[states.LoadingState/initThread#486]:[0m finished preloading song shattered/Inst
2025-04-29 | 0:24.49 [INFO] - [4;90m[states.PlayState/create#851]:[0m [rankData => [comboRank => , rating => , accuracy => 0], comboData => [swags => 0, totalNoteCount => 0, maxCombo => 0, misses => 0, highestCombo => 0, shits => 0, sicks => 0, combo => 0, bads => 0, goods => 0, totalNotesHit => 0, totalPlayed => 0], mainData => [opponentMode => false, score => 0, difficulty => 1, name => shattered]]shattered1
2025-04-29 | 0:24.51 [SLE_INFO] - [4;90m[slushi.slushiUtils.LyricsUtils/new#35]:[0m Lyrics JSON file not found!
2025-04-29 | 0:24.67 [INFO] - [4;90m[states.PlayState/create#997]:[0m current stage, farmSunset
2025-04-29 | 0:24.68 [INFO] - [4;90m[backend.stage.Stage/setupWeekDir#193]:[0m directory: shared
2025-04-29 | 0:24.68 [INFO] - [4;90m[backend.stage.Stage/setupStageProperties#101]:[0m STAGE INFO JSON ? assets/shared/data/stages/farmSunset.json
2025-04-29 | 0:24.69 [WARN] - [4;90m[backend.stage.Stage/setupStageProperties#107]:[0m farmSunset.json not found, using the default stage
2025-04-29 | 0:25.01 [INFO] - [4;90m[backend.song.Song/getChart#120]:[0m assets/shared/data/songs/shattered/events.json
2025-04-29 | 0:25.04 [INFO] - [4;90m[backend.song.Song/parseJSON#148]:[0m converting chart events with format unknown to psych_v1 format...
2025-04-29 | 0:26.85 [INFO] - [4;90m[states.PlayState/cacheCharacter#9903]:[0m found cube
2025-04-29 | 0:26.86 [INFO] - [4;90m[states.PlayState/cacheCharacter#9903]:[0m found cube
2025-04-29 | 0:26.86 [INFO] - [4;90m[states.PlayState/cacheCharacter#9903]:[0m found bf
2025-04-29 | 0:26.87 [INFO] - [4;90m[states.PlayState/cacheCharacter#9903]:[0m found angry-bambi
2025-04-29 | 0:27.37 [INFO] - [4;90m[states.PlayState/cacheCharacter#9903]:[0m found bambi-mad-guitar
2025-04-29 | 0:30.04 [INFO] - [4;90m[states.PlayState/startSong#2708]:[0m started loading!
2025-04-29 | 0:30.05 [WARN] - [4;90m[states.PlayState/update#4279]:[0m Warning! Delay is too fucking high!!
2025-04-29 | 0:30.06 [WARN] - [4;90m[states.PlayState/update#4279]:[0m Warning! Delay is too fucking high!!
2025-04-29 | 0:30.07 [WARN] - [4;90m[states.PlayState/update#4279]:[0m Warning! Delay is too fucking high!!
2025-04-29 | 0:30.08 [WARN] - [4;90m[states.PlayState/update#4279]:[0m Warning! Delay is too fucking high!!
2025-04-29 | 0:30.09 [WARN] - [4;90m[states.PlayState/update#4279]:[0m Warning! Delay is too fucking high!!
2025-04-29 | 0:30.10 [WARN] - [4;90m[states.PlayState/update#4279]:[0m Warning! Delay is too fucking high!!
2025-04-29 | 0:30.11 [WARN] - [4;90m[states.PlayState/update#4279]:[0m Warning! Delay is too fucking high!!
2025-04-29 | 0:30.13 [WARN] - [4;90m[states.PlayState/update#4279]:[0m Warning! Delay is too fucking high!!
2025-04-29 | 0:30.16 [WARN] - [4;90m[states.PlayState/update#4279]:[0m Warning! Delay is too fucking high!!
2025-04-29 | 0:30.18 [WARN] - [4;90m[states.PlayState/update#4279]:[0m Warning! Delay is too fucking high!!
2025-04-29 | 0:33.58 [INFO] - [4;90m[backend.song.Song/getChart#120]:[0m assets/shared/data/songs/shattered/shattered.json
2025-04-29 | 0:33.60 [INFO] - [4;90m[backend.song.Song/parseJSON#148]:[0m converting chart shattered with format unknown to psych_v1 format...
2025-04-29 | 0:33.61 [INFO] - [4;90m[backend.song.Song/loadFromJson#102]:[0m assets/shared/data/songs/shattered/shattered.json
2025-04-29 | 0:33.61 [INFO] - [4;90m[backend.song.Song/loadFromJson#103]:[0m assets\shared\data\songs\shattered\shattered.json
2025-04-29 | 0:37.00 [INFO] - [4;90m[slushi.states.freeplay.SlushiFreeplayState/moveToSong#948]:[0m CURRENT WEEK: week1
2025-04-29 | 0:37.01 [INFO] - [4;90m[backend.song.Song/getChart#120]:[0m assets/shared/data/songs/fallowed/fallowed.json
2025-04-29 | 0:37.04 [INFO] - [4;90m[backend.song.Song/parseJSON#148]:[0m converting chart fallowed with format unknown to psych_v1 format...
2025-04-29 | 0:37.04 [INFO] - [4;90m[backend.song.Song/loadFromJson#102]:[0m assets/shared/data/songs/fallowed/fallowed.json
2025-04-29 | 0:37.05 [INFO] - [4;90m[backend.song.Song/loadFromJson#103]:[0m assets\shared\data\songs\fallowed\fallowed.json
2025-04-29 | 0:37.06 [INFO] - [4;90m[slushi.states.freeplay.SlushiFreeplayState/moveToSong#956]:[0m fallowed
2025-04-29 | 0:37.06 [WARN] - [4;90m[states.LoadingState/clearInvalidFrom#455]:[0m Removed invalid images: characters/bf/BOYFRIEND
2025-04-29 | 0:37.06 [INFO] - [4;90m[states.LoadingState/loadNextDirectory#165]:[0m Setting asset folder to shared
2025-04-29 | 0:37.07 [WARN] - [4;90m[states.LoadingState/clearInvalidFrom#455]:[0m Removed invalid songs: fallowed/Inst
2025-04-29 | 0:37.08 [INFO] - [4;90m[states.LoadingState/initThread#486]:[0m finished preloading image noteSkins/NOTE_assets
2025-04-29 | 0:37.08 [INFO] - [4;90m[states.LoadingState/initThread#486]:[0m finished preloading image noteSplashes/noteSplashes
2025-04-29 | 0:37.08 [INFO] - [4;90m[states.LoadingState/initThread#486]:[0m finished preloading image noteSkins/NOTE_assets
2025-04-29 | 0:37.08 [INFO] - [4;90m[states.LoadingState/initThread#486]:[0m finished preloading image characters/GF_assets
2025-04-29 | 0:37.09 [INFO] - [4;90m[states.LoadingState/initThread#486]:[0m finished preloading image HoldNoteEffect/holdCoverBlue
2025-04-29 | 0:37.09 [INFO] - [4;90m[states.LoadingState/initThread#486]:[0m finished preloading image HoldNoteEffect/holdCoverGreen
2025-04-29 | 0:37.09 [INFO] - [4;90m[states.LoadingState/initThread#486]:[0m finished preloading image HoldNoteEffect/holdCoverPurple
2025-04-29 | 0:37.09 [INFO] - [4;90m[states.LoadingState/initThread#486]:[0m finished preloading image HoldNoteEffect/holdCoverPurple
2025-04-29 | 0:37.32 [INFO] - [4;90m[states.LoadingState/initThread#486]:[0m finished preloading image characters/bambi/bambi-rage
2025-04-29 | 0:37.88 [INFO] - [4;90m[states.LoadingState/checkLoaded#147]:[0m finished preloading image assets/shared/images/characters/bambi/bambi-rage.png
2025-04-29 | 0:37.89 [INFO] - [4;90m[states.LoadingState/checkLoaded#147]:[0m finished preloading image assets/shared/images/HoldNoteEffect/holdCoverGreen.png
2025-04-29 | 0:37.90 [INFO] - [4;90m[states.LoadingState/checkLoaded#147]:[0m finished preloading image assets/shared/images/HoldNoteEffect/holdCoverPurple.png
2025-04-29 | 0:37.90 [INFO] - [4;90m[states.LoadingState/checkLoaded#147]:[0m finished preloading image assets/shared/images/HoldNoteEffect/holdCoverBlue.png
2025-04-29 | 0:37.93 [INFO] - [4;90m[states.PlayState/create#851]:[0m [rankData => [comboRank => , rating => , accuracy => 0], comboData => [swags => 0, totalNoteCount => 0, maxCombo => 0, misses => 0, highestCombo => 0, shits => 0, sicks => 0, combo => 0, bads => 0, goods => 0, totalNotesHit => 0, totalPlayed => 0], mainData => [opponentMode => false, score => 0, difficulty => 1, name => fallowed]]fallowed1
2025-04-29 | 0:37.94 [SLE_INFO] - [4;90m[slushi.slushiUtils.LyricsUtils/new#35]:[0m Lyrics JSON file not found!
2025-04-29 | 0:37.96 [INFO] - [4;90m[states.PlayState/create#997]:[0m current stage, farmNight
2025-04-29 | 0:37.97 [INFO] - [4;90m[backend.stage.Stage/setupWeekDir#193]:[0m directory: shared
2025-04-29 | 0:37.97 [INFO] - [4;90m[backend.stage.Stage/setupStageProperties#101]:[0m STAGE INFO JSON ? assets/shared/data/stages/farmNight.json
2025-04-29 | 0:37.98 [WARN] - [4;90m[backend.stage.Stage/setupStageProperties#107]:[0m farmNight.json not found, using the default stage
2025-04-29 | 0:39.11 [INFO] - [4;90m[backend.song.Song/getChart#120]:[0m assets/shared/data/songs/fallowed/events.json
2025-04-29 | 0:39.12 [INFO] - [4;90m[backend.song.Song/parseJSON#148]:[0m converting chart events with format unknown to psych_v1 format...
2025-04-29 | 0:40.36 [INFO] - [4;90m[states.PlayState/cacheCharacter#9903]:[0m found bambi-god2d
2025-04-29 | 0:42.72 [INFO] - [4;90m[states.PlayState/startSong#2708]:[0m started loading!
2025-04-29 | 0:42.73 [WARN] - [4;90m[states.PlayState/update#4279]:[0m Warning! Delay is too fucking high!!
2025-04-29 | 0:42.74 [WARN] - [4;90m[states.PlayState/update#4279]:[0m Warning! Delay is too fucking high!!
2025-04-29 | 0:42.75 [WARN] - [4;90m[states.PlayState/update#4279]:[0m Warning! Delay is too fucking high!!
2025-04-29 | 0:42.76 [WARN] - [4;90m[states.PlayState/update#4279]:[0m Warning! Delay is too fucking high!!
2025-04-29 | 0:42.77 [WARN] - [4;90m[states.PlayState/update#4279]:[0m Warning! Delay is too fucking high!!
2025-04-29 | 0:42.77 [WARN] - [4;90m[states.PlayState/update#4279]:[0m Warning! Delay is too fucking high!!
2025-04-29 | 0:42.78 [WARN] - [4;90m[states.PlayState/update#4279]:[0m Warning! Delay is too fucking high!!
2025-04-29 | 0:42.79 [WARN] - [4;90m[states.PlayState/update#4279]:[0m Warning! Delay is too fucking high!!
2025-04-29 | 0:42.80 [WARN] - [4;90m[states.PlayState/update#4279]:[0m Warning! Delay is too fucking high!!
2025-04-29 | 0:42.81 [WARN] - [4;90m[states.PlayState/update#4279]:[0m Warning! Delay is too fucking high!!
2025-04-29 | 0:42.82 [WARN] - [4;90m[states.PlayState/update#4279]:[0m Warning! Delay is too fucking high!!
2025-04-29 | 0:42.84 [WARN] - [4;90m[states.PlayState/update#4279]:[0m Warning! Delay is too fucking high!!
2025-04-29 | 0:42.86 [WARN] - [4;90m[states.PlayState/update#4279]:[0m Warning! Delay is too fucking high!!
2025-04-29 | 0:42.88 [WARN] - [4;90m[states.PlayState/update#4279]:[0m Warning! Delay is too fucking high!!
2025-04-29 | 0:42.92 [WARN] - [4;90m[states.PlayState/update#4279]:[0m Warning! Delay is too fucking high!!
2025-04-29 | 0:52.97 [INFO] - [4;90m[backend.song.Song/getChart#120]:[0m assets/shared/data/songs/fallowed/fallowed.json
2025-04-29 | 0:53.00 [INFO] - [4;90m[backend.song.Song/parseJSON#148]:[0m converting chart fallowed with format unknown to psych_v1 format...
2025-04-29 | 0:53.00 [INFO] - [4;90m[backend.song.Song/loadFromJson#102]:[0m assets/shared/data/songs/fallowed/fallowed.json
2025-04-29 | 0:53.01 [INFO] - [4;90m[backend.song.Song/loadFromJson#103]:[0m assets\shared\data\songs\fallowed\fallowed.json
2025-04-29 | 0:57.07 [INFO] - [4;90m[slushi.states.freeplay.SlushiFreeplayState/moveToSong#948]:[0m CURRENT WEEK: week4
2025-04-29 | 0:57.08 [INFO] - [4;90m[backend.song.Song/getChart#120]:[0m assets/shared/data/songs/double-act/double-act.json
2025-04-29 | 0:57.14 [INFO] - [4;90m[backend.song.Song/loadFromJson#102]:[0m assets/shared/data/songs/double-act/double-act.json
2025-04-29 | 0:57.15 [INFO] - [4;90m[backend.song.Song/loadFromJson#103]:[0m assets\shared\data\songs\double-act\double-act.json
2025-04-29 | 0:57.16 [INFO] - [4;90m[slushi.states.freeplay.SlushiFreeplayState/moveToSong#956]:[0m double-act
2025-04-29 | 0:57.17 [WARN] - [4;90m[states.LoadingState/clearInvalidFrom#455]:[0m Removed invalid images: characters/bf/BOYFRIEND
2025-04-29 | 0:57.17 [INFO] - [4;90m[states.LoadingState/loadNextDirectory#165]:[0m Setting asset folder to shared
2025-04-29 | 0:57.18 [WARN] - [4;90m[states.LoadingState/clearInvalidFrom#455]:[0m Removed invalid songs: double-act/Inst
2025-04-29 | 0:57.19 [INFO] - [4;90m[states.LoadingState/initThread#486]:[0m finished preloading image noteSkins/NOTE_assets
2025-04-29 | 0:57.19 [INFO] - [4;90m[states.LoadingState/initThread#486]:[0m finished preloading image noteSplashes/noteSplashes
2025-04-29 | 0:57.19 [INFO] - [4;90m[states.LoadingState/initThread#486]:[0m finished preloading image noteSkins/NOTE_assets
2025-04-29 | 0:57.20 [INFO] - [4;90m[states.LoadingState/initThread#486]:[0m finished preloading image characters/GF_assets
2025-04-29 | 0:57.20 [INFO] - [4;90m[states.LoadingState/initThread#486]:[0m finished preloading image HoldNoteEffect/holdCoverBlue
2025-04-29 | 0:57.20 [INFO] - [4;90m[states.LoadingState/initThread#486]:[0m finished preloading image HoldNoteEffect/holdCoverGreen
2025-04-29 | 0:57.20 [INFO] - [4;90m[states.LoadingState/initThread#486]:[0m finished preloading image HoldNoteEffect/holdCoverPurple
2025-04-29 | 0:57.20 [INFO] - [4;90m[states.LoadingState/initThread#486]:[0m finished preloading image HoldNoteEffect/holdCoverPurple
2025-04-29 | 0:57.42 [INFO] - [4;90m[states.LoadingState/initThread#486]:[0m finished preloading image characters/crusti/Crusti
2025-04-29 | 0:57.98 [INFO] - [4;90m[states.LoadingState/checkLoaded#147]:[0m finished preloading image assets/shared/images/characters/crusti/Crusti.png
2025-04-29 | 0:57.98 [INFO] - [4;90m[states.LoadingState/checkLoaded#147]:[0m finished preloading image assets/shared/images/HoldNoteEffect/holdCoverGreen.png
2025-04-29 | 0:57.99 [INFO] - [4;90m[states.LoadingState/checkLoaded#147]:[0m finished preloading image assets/shared/images/HoldNoteEffect/holdCoverPurple.png
2025-04-29 | 0:58.00 [INFO] - [4;90m[states.LoadingState/checkLoaded#147]:[0m finished preloading image assets/shared/images/HoldNoteEffect/holdCoverBlue.png
2025-04-29 | 0:58.03 [INFO] - [4;90m[states.PlayState/create#851]:[0m [rankData => [comboRank => , rating => , accuracy => 0], comboData => [swags => 0, totalNoteCount => 0, maxCombo => 0, misses => 0, highestCombo => 0, shits => 0, sicks => 0, combo => 0, bads => 0, goods => 0, totalNotesHit => 0, totalPlayed => 0], mainData => [opponentMode => false, score => 0, difficulty => 1, name => double-act]]double-act1
2025-04-29 | 0:58.04 [SLE_INFO] - [4;90m[slushi.slushiUtils.LyricsUtils/new#35]:[0m Lyrics JSON file not found!
2025-04-29 | 0:58.06 [INFO] - [4;90m[states.PlayState/create#997]:[0m current stage, pizza
2025-04-29 | 0:58.07 [INFO] - [4;90m[backend.stage.Stage/setupWeekDir#193]:[0m directory: shared
2025-04-29 | 0:58.07 [INFO] - [4;90m[backend.stage.Stage/setupStageProperties#101]:[0m STAGE INFO JSON ? assets/shared/data/stages/pizza.json
2025-04-29 | 0:58.08 [WARN] - [4;90m[backend.stage.Stage/setupStageProperties#107]:[0m pizza.json not found, using the default stage
2025-04-29 | 0:59.89 [INFO] - [4;90m[states.PlayState/cacheCharacter#9903]:[0m found paulp
2025-04-29 | 0:59.90 [INFO] - [4;90m[states.PlayState/cacheCharacter#9903]:[0m found crusti
2025-04-29 | 0:59.91 [ERROR] - [4;90m[slushi.slushiUtils.crashHandler.CrashHandler/onUncaughtError#164]:[0m 
CRASH:
[38;5;1mCall Stack:
[4mstates/PlayState.hx#1668[24m
flixel/FlxGame.hx#640

Uncaught Error:
Null Object Reference[0m


2025-04-29 | 0:59.95 [INFO] - [4;90m[slushi.slushiUtils.crashHandler.CrashHandler/onUncaughtError#167]:[0m Starting Crash Handler in game
2025-04-29 | 1:10.97 [INFO] - [4;90m[backend.song.Song/getChart#120]:[0m assets/shared/data/songs/double-act/double-act.json
2025-04-29 | 1:10.99 [INFO] - [4;90m[backend.song.Song/loadFromJson#102]:[0m assets/shared/data/songs/double-act/double-act.json
2025-04-29 | 1:11.00 [INFO] - [4;90m[backend.song.Song/loadFromJson#103]:[0m assets\shared\data\songs\double-act\double-act.json
2025-04-29 | 1:22.09 [ERROR] - [4;90m[backend.DiscordClient/onError#58]:[0m Discord: Error (1000: Request has been terminated
Possible causes: the network is offline, Origin is not allowed by Access-Control-Allow-Origin, the page is being unloaded, etc.)
2025-04-29 | 1:24.10 [ERROR] - [4;90m[backend.DiscordClient/onError#58]:[0m Discord: Error (1000: Request has been terminated
Possible causes: the network is offline, Origin is not allowed by Access-Control-Allow-Origin, the page is being unloaded, etc.)
2025-04-29 | 1:26.11 [ERROR] - [4;90m[backend.DiscordClient/onError#58]:[0m Discord: Error (1000: Request has been terminated
Possible causes: the network is offline, Origin is not allowed by Access-Control-Allow-Origin, the page is being unloaded, etc.)
2025-04-29 | 1:28.12 [ERROR] - [4;90m[backend.DiscordClient/onError#58]:[0m Discord: Error (1000: Request has been terminated
Possible causes: the network is offline, Origin is not allowed by Access-Control-Allow-Origin, the page is being unloaded, etc.)
2025-04-29 | 1:30.14 [ERROR] - [4;90m[backend.DiscordClient/onError#58]:[0m Discord: Error (1000: Request has been terminated
Possible causes: the network is offline, Origin is not allowed by Access-Control-Allow-Origin, the page is being unloaded, etc.)
2025-04-29 | 1:32.15 [ERROR] - [4;90m[backend.DiscordClient/onError#58]:[0m Discord: Error (1000: Request has been terminated
Possible causes: the network is offline, Origin is not allowed by Access-Control-Allow-Origin, the page is being unloaded, etc.)
2025-04-29 | 1:34.16 [ERROR] - [4;90m[backend.DiscordClient/onError#58]:[0m Discord: Error (1000: Request has been terminated
Possible causes: the network is offline, Origin is not allowed by Access-Control-Allow-Origin, the page is being unloaded, etc.)
2025-04-29 | 1:36.17 [ERROR] - [4;90m[backend.DiscordClient/onError#58]:[0m Discord: Error (1000: Request has been terminated
Possible causes: the network is offline, Origin is not allowed by Access-Control-Allow-Origin, the page is being unloaded, etc.)
