2025-04-21 | 0:00.00 [INFO] - [4;90m[slushi.slushiUtils.Debug/onInitProgram#237]:[0m Debug logging initialized. Hello, developer.
2025-04-21 | 0:00.02 [INFO] - [4;90m[slushi.slushiUtils.Debug/onInitProgram#242]:[0m This is a RELEASE build.
2025-04-21 | 0:00.04 [INFO] - [4;90m[slushi.slushiUtils.Debug/onInitProgram#244]:[0m HaxeFlixel version: HaxeFlixel 5.9.0
2025-04-21 | 0:00.05 [SLE_INFO] - [4;90m[slushi.slushiUtils.Debug/onInitProgram#245]:[0m Slushi Engine version: 0.4.0
2025-04-21 | 0:00.07 [INFO] - [4;90m[slushi.slushiUtils.Debug/onInitProgram#246]:[0m SC Engine version: 1.5.2 (4eaf8c4)
2025-04-21 | 0:00.09 [INFO] - [4;90m[slushi.slushiUtils.Debug/onInitProgram#247]:[0m This is a custom build of PE. Current version: 1.04
2025-04-21 | 0:00.12 [INFO] - [4;90m[backend.DiscordClient/initialize#74]:[0m Discord Client initialized
2025-04-21 | 0:00.13 [INFO] - [4;90m[objects.AlphaCharacter/loadAlphabetData#312]:[0m Reloaded letters successfully (assets/shared/images/alphabet.json)!
2025-04-21 | 0:00.16 [SLE_INFO] - [4;90m[slushi.windows.WindowsFuncs/saveCurrentWindowsWallpaper#49]:[0m Wallpaper Path: C:\Users\yuyio\AppData\Roaming\Microsoft\Windows\Themes\TranscodedWallpaper
2025-04-21 | 0:00.18 [SLE_INFO] - [4;90m[slushi.windows.WindowsFuncs/saveCurrentWindowsWallpaper#50]:[0m Saving the path in a private variable...
2025-04-21 | 0:00.88 [SLE_INFO] - [4;90m[slushi.others.systemUtils.SystemInfo/formatSysInfo#159]:[0m 

System: Microsoft Windows 11 Home 10.0.22631
CPU: AMD Ryzen 7 5700X 8-Core Processor x86 64-Bit
GPU: AMD Radeon RX 6700 XT
Total RAM: 24 GB DDR4

2025-04-21 | 0:00.93 [SLE_INFO] - [4;90m[slushi.SlushiMain/getBuildVer#151]:[0m Checking for new version...
2025-04-21 | 0:01.35 [SLE_INFO] - [4;90m[slushi.SlushiMain/getBuildVer#170]:[0m Version online: [0.4.0], this version: [0.4.0]
2025-04-21 | 0:01.36 [SLE_INFO] - [4;90m[slushi.SlushiMain/getBuildVer#189]:[0m Versions are matching!
2025-04-21 | 0:17.78 [INFO] - [4;90m[slushi.states.freeplay.SlushiFreeplayState/moveToSong#948]:[0m CURRENT WEEK: week2
2025-04-21 | 0:17.80 [INFO] - [4;90m[backend.song.Song/getChart#120]:[0m assets/shared/data/songs/disposition/disposition.json
2025-04-21 | 0:17.90 [INFO] - [4;90m[backend.song.Song/parseJSON#148]:[0m converting chart disposition with format unknown to psych_v1 format...
2025-04-21 | 0:17.92 [INFO] - [4;90m[backend.song.Song/loadFromJson#102]:[0m assets/shared/data/songs/disposition/disposition.json
2025-04-21 | 0:17.94 [INFO] - [4;90m[backend.song.Song/loadFromJson#103]:[0m assets\shared\data\songs\disposition\disposition.json
2025-04-21 | 0:17.96 [INFO] - [4;90m[slushi.states.freeplay.SlushiFreeplayState/moveToSong#956]:[0m disposition
2025-04-21 | 0:17.98 [INFO] - [4;90m[states.LoadingState/loadNextDirectory#165]:[0m Setting asset folder to shared
2025-04-21 | 0:18.08 [WARN] - [4;90m[states.LoadingState/clearInvalidFrom#455]:[0m Removed invalid images: characters/bf/BOYFRIEND
2025-04-21 | 0:18.09 [WARN] - [4;90m[states.LoadingState/clearInvalidFrom#455]:[0m Removed invalid songs: disposition/Inst
2025-04-21 | 0:18.34 [INFO] - [4;90m[states.LoadingState/initThread#486]:[0m finished preloading image noteSplashes/noteSplashes
2025-04-21 | 0:18.38 [INFO] - [4;90m[states.LoadingState/initThread#486]:[0m finished preloading image HoldNoteEffect/holdCoverPurple
2025-04-21 | 0:18.38 [INFO] - [4;90m[states.LoadingState/initThread#486]:[0m finished preloading image HoldNoteEffect/holdCoverPurple
2025-04-21 | 0:18.39 [INFO] - [4;90m[states.LoadingState/initThread#486]:[0m finished preloading image HoldNoteEffect/holdCoverBlue
2025-04-21 | 0:18.44 [INFO] - [4;90m[states.LoadingState/initThread#486]:[0m finished preloading image HoldNoteEffect/holdCoverGreen
2025-04-21 | 0:18.45 [INFO] - [4;90m[states.LoadingState/initThread#486]:[0m finished preloading image noteSkins/NOTE_assets
2025-04-21 | 0:18.46 [INFO] - [4;90m[states.LoadingState/initThread#486]:[0m finished preloading image noteSkins/NOTE_assets
2025-04-21 | 0:19.16 [INFO] - [4;90m[states.LoadingState/checkLoaded#147]:[0m finished preloading image assets/shared/images/HoldNoteEffect/holdCoverBlue.png
2025-04-21 | 0:19.19 [INFO] - [4;90m[states.LoadingState/checkLoaded#147]:[0m finished preloading image assets/shared/images/noteSplashes/noteSplashes.png
2025-04-21 | 0:19.21 [INFO] - [4;90m[states.LoadingState/checkLoaded#147]:[0m finished preloading image assets/shared/images/HoldNoteEffect/holdCoverGreen.png
2025-04-21 | 0:19.24 [INFO] - [4;90m[states.LoadingState/checkLoaded#147]:[0m finished preloading image assets/shared/images/noteSkins/NOTE_assets.png
2025-04-21 | 0:19.26 [INFO] - [4;90m[states.LoadingState/checkLoaded#147]:[0m finished preloading image assets/shared/images/HoldNoteEffect/holdCoverPurple.png
2025-04-21 | 0:19.34 [INFO] - [4;90m[states.LoadingState/initThread#486]:[0m finished preloading image characters/GF_assets
2025-04-21 | 0:19.47 [INFO] - [4;90m[states.LoadingState/initThread#486]:[0m finished preloading image characters/expunged/404 Phase 2
2025-04-21 | 0:19.61 [INFO] - [4;90m[states.LoadingState/checkLoaded#147]:[0m finished preloading image assets/shared/images/characters/GF_assets.png
2025-04-21 | 0:19.82 [INFO] - [4;90m[states.LoadingState/checkLoaded#147]:[0m finished preloading image assets/shared/images/characters/expunged/404 Phase 2.png
2025-04-21 | 0:19.88 [INFO] - [4;90m[states.PlayState/create#691]:[0m [rankData => [comboRank => , rating => , accuracy => 0], comboData => [swags => 0, totalNoteCount => 0, highestCombo => 0, maxCombo => 0, misses => 0, shits => 0, sicks => 0, combo => 0, bads => 0, goods => 0, totalNotesHit => 0, totalPlayed => 0], mainData => [opponentMode => false, score => 0, difficulty => 1, name => disposition]]disposition1
2025-04-21 | 0:20.27 [SLE_INFO] - [4;90m[slushi.slushiUtils.LyricsUtils/new#35]:[0m Lyrics JSON file not found!
2025-04-21 | 0:20.52 [INFO] - [4;90m[states.PlayState/create#837]:[0m current stage, bambersHell
2025-04-21 | 0:20.53 [INFO] - [4;90m[backend.stage.Stage/setupWeekDir#193]:[0m directory: shared
2025-04-21 | 0:20.54 [INFO] - [4;90m[backend.stage.Stage/setupStageProperties#101]:[0m STAGE INFO JSON ? assets/shared/data/stages/bambersHell.json
2025-04-21 | 0:22.33 [INFO] - [4;90m[backend.song.Song/getChart#120]:[0m assets/shared/data/songs/disposition/events.json
2025-04-21 | 0:25.29 [INFO] - [4;90m[states.PlayState/startSong#2376]:[0m started loading!
2025-04-21 | 0:25.30 [WARN] - [4;90m[states.PlayState/update#3536]:[0m Warning! Delay is too fucking high!!
2025-04-21 | 0:36.08 [INFO] - [4;90m[objects.note.NoteSplash/chooseSplashPath#154]:[0m Failed to locate null.json, returning nothing
2025-04-21 | 0:36.12 [ERROR] - [4;90m[slushi.slushiUtils.crashHandler.CrashHandler/onUncaughtError#164]:[0m 
CRASH:
[38;5;1mCall Stack:
[4mshaders/RGBPixelShader.hx#17[24m
options/VisualsSettingsSubState.hx#51
slushi/substates/SlushiPauseSubState.hx#376
flixel/FlxState.hx#241
flixel/FlxState.hx#250
flixel/FlxGame.hx#750

Uncaught Error:
Null Object Reference[0m


2025-04-21 | 0:36.30 [INFO] - [4;90m[slushi.slushiUtils.crashHandler.CrashHandler/onUncaughtError#167]:[0m Starting Crash Handler in game
2025-04-21 | 0:37.32 [INFO] - [4;90m[objects.note.NoteSplash/chooseSplashPath#154]:[0m Failed to locate null.json, returning nothing
2025-04-21 | 0:37.34 [SLE_WARN] - [4;90m[slushi.slushiUtils.crashHandler.CrashHandler/onUncaughtError#76]:[0m Trying to make a another crash while is already in a crash with error: [Null Object Reference]. Crash counter: [0], skipping it...
2025-04-21 | 0:38.00 [INFO] - [4;90m[objects.note.NoteSplash/chooseSplashPath#154]:[0m Failed to locate null.json, returning nothing
2025-04-21 | 0:38.02 [SLE_WARN] - [4;90m[slushi.slushiUtils.crashHandler.CrashHandler/onUncaughtError#76]:[0m Trying to make a another crash while is already in a crash with error: [Null Object Reference]. Crash counter: [1], skipping it...
2025-04-21 | 0:38.31 [INFO] - [4;90m[objects.note.NoteSplash/chooseSplashPath#154]:[0m Failed to locate null.json, returning nothing
2025-04-21 | 0:38.32 [SLE_WARN] - [4;90m[slushi.slushiUtils.crashHandler.CrashHandler/onUncaughtError#76]:[0m Trying to make a another crash while is already in a crash with error: [Null Object Reference]. Crash counter: [2], skipping it...
2025-04-21 | 0:38.62 [INFO] - [4;90m[objects.note.NoteSplash/chooseSplashPath#154]:[0m Failed to locate null.json, returning nothing
2025-04-21 | 0:38.64 [SLE_WARN] - [4;90m[slushi.slushiUtils.crashHandler.CrashHandler/onUncaughtError#76]:[0m Trying to make a another crash while is already in a crash with error: [Null Object Reference]. Crash counter: [3], skipping it...
2025-04-21 | 0:40.26 [INFO] - [4;90m[objects.note.NoteSplash/chooseSplashPath#154]:[0m Failed to locate null.json, returning nothing
2025-04-21 | 0:40.27 [SLE_WARN] - [4;90m[slushi.slushiUtils.crashHandler.CrashHandler/onUncaughtError#76]:[0m Trying to make a another crash while is already in a crash with error: [Null Object Reference]. Crash counter: [4], skipping it...
2025-04-21 | 0:40.30 [SLE_WARN] - [4;90m[slushi.slushiUtils.crashHandler.CrashHandler/onUncaughtError#80]:[0m Too many crashes, quitting...
