2025-04-29 | 0:00.00 [INFO] - [4;90m[slushi.slushiUtils.Debug/onInitProgram#237]:[0m Debug logging initialized. Hello, developer.
2025-04-29 | 0:00.00 [INFO] - [4;90m[slushi.slushiUtils.Debug/onInitProgram#242]:[0m This is a RELEASE build.
2025-04-29 | 0:00.01 [INFO] - [4;90m[slushi.slushiUtils.Debug/onInitProgram#244]:[0m HaxeFlixel version: HaxeFlixel 5.9.0
2025-04-29 | 0:00.01 [SLE_INFO] - [4;90m[slushi.slushiUtils.Debug/onInitProgram#245]:[0m Slushi Engine version: 0.4.0
2025-04-29 | 0:00.02 [INFO] - [4;90m[slushi.slushiUtils.Debug/onInitProgram#246]:[0m SC Engine version: 1.5.2 (4eaf8c4)
2025-04-29 | 0:00.03 [INFO] - [4;90m[slushi.slushiUtils.Debug/onInitProgram#247]:[0m This is a custom build of PE. Current version: 1.04
2025-04-29 | 0:00.08 [INFO] - [4;90m[backend.DiscordClient/initialize#74]:[0m Discord Client initialized
2025-04-29 | 0:00.10 [INFO] - [4;90m[objects.AlphaCharacter/loadAlphabetData#312]:[0m Reloaded letters successfully (assets/shared/images/alphabet.json)!
2025-04-29 | 0:00.11 [SLE_INFO] - [4;90m[slushi.windows.WindowsFuncs/saveCurrentWindowsWallpaper#49]:[0m Wallpaper Path: C:\Users\yuyio\AppData\Roaming\Microsoft\Windows\Themes\TranscodedWallpaper
2025-04-29 | 0:00.11 [SLE_INFO] - [4;90m[slushi.windows.WindowsFuncs/saveCurrentWindowsWallpaper#50]:[0m Saving the path in a private variable...
2025-04-29 | 0:00.49 [SLE_INFO] - [4;90m[slushi.others.systemUtils.SystemInfo/formatSysInfo#159]:[0m 

System: Microsoft Windows 11 Home 10.0.22631
CPU: AMD Ryzen 7 5700X 8-Core Processor x86 64-Bit
GPU: AMD Radeon RX 6700 XT
Total RAM: 24 GB DDR4

2025-04-29 | 0:00.72 [SLE_INFO] - [4;90m[slushi.SlushiMain/getBuildVer#151]:[0m Checking for new version...
2025-04-29 | 0:01.12 [SLE_INFO] - [4;90m[slushi.SlushiMain/getBuildVer#170]:[0m Version online: [0.4.0], this version: [0.4.0]
2025-04-29 | 0:01.13 [SLE_INFO] - [4;90m[slushi.SlushiMain/getBuildVer#189]:[0m Versions are matching!
2025-04-29 | 0:02.08 [INFO] - [4;90m[backend.DiscordClient/onReady#52]:[0m (Discord) Connected to User (dddsss10_19168)
2025-04-29 | 8:34.80 [INFO] - [4;90m[slushi.states.freeplay.SlushiFreeplayState/moveToSong#948]:[0m CURRENT WEEK: week2
2025-04-29 | 8:34.81 [INFO] - [4;90m[backend.song.Song/getChart#120]:[0m assets/shared/data/songs/diffraction/diffraction.json
2025-04-29 | 8:34.89 [INFO] - [4;90m[backend.song.Song/parseJSON#148]:[0m converting chart diffraction with format unknown to psych_v1 format...
2025-04-29 | 8:34.90 [INFO] - [4;90m[backend.song.Song/loadFromJson#102]:[0m assets/shared/data/songs/diffraction/diffraction.json
2025-04-29 | 8:34.90 [INFO] - [4;90m[backend.song.Song/loadFromJson#103]:[0m assets\shared\data\songs\diffraction\diffraction.json
2025-04-29 | 8:34.93 [INFO] - [4;90m[slushi.states.freeplay.SlushiFreeplayState/moveToSong#956]:[0m diffraction
2025-04-29 | 8:34.98 [INFO] - [4;90m[states.LoadingState/loadNextDirectory#165]:[0m Setting asset folder to shared
2025-04-29 | 8:35.00 [WARN] - [4;90m[states.LoadingState/clearInvalidFrom#455]:[0m Removed invalid images: characters/bf/BOYFRIEND
2025-04-29 | 8:35.01 [WARN] - [4;90m[states.LoadingState/clearInvalidFrom#455]:[0m Removed invalid songs: diffraction/Inst
2025-04-29 | 8:35.21 [INFO] - [4;90m[states.LoadingState/initThread#486]:[0m finished preloading image HoldNoteEffect/holdCoverBlue
2025-04-29 | 8:35.29 [INFO] - [4;90m[states.LoadingState/initThread#486]:[0m finished preloading image HoldNoteEffect/holdCoverPurple
2025-04-29 | 8:35.29 [INFO] - [4;90m[states.LoadingState/initThread#486]:[0m finished preloading image HoldNoteEffect/holdCoverPurple
2025-04-29 | 8:35.31 [INFO] - [4;90m[states.LoadingState/initThread#486]:[0m finished preloading image HoldNoteEffect/holdCoverGreen
2025-04-29 | 8:35.42 [INFO] - [4;90m[states.LoadingState/initThread#486]:[0m finished preloading image noteSkins/NOTE_assets
2025-04-29 | 8:35.42 [INFO] - [4;90m[states.LoadingState/initThread#486]:[0m finished preloading image noteSkins/NOTE_assets
2025-04-29 | 8:35.43 [INFO] - [4;90m[states.LoadingState/initThread#486]:[0m finished preloading image noteSplashes/noteSplashes
2025-04-29 | 8:35.71 [INFO] - [4;90m[states.LoadingState/initThread#486]:[0m finished preloading image characters/expunged/404
2025-04-29 | 8:35.87 [INFO] - [4;90m[states.LoadingState/initThread#486]:[0m finished preloading image characters/GF_assets
2025-04-29 | 8:35.89 [INFO] - [4;90m[states.LoadingState/checkLoaded#147]:[0m finished preloading image assets/shared/images/characters/expunged/404.png
2025-04-29 | 8:35.89 [INFO] - [4;90m[states.LoadingState/checkLoaded#147]:[0m finished preloading image assets/shared/images/noteSplashes/noteSplashes.png
2025-04-29 | 8:35.90 [INFO] - [4;90m[states.LoadingState/checkLoaded#147]:[0m finished preloading image assets/shared/images/HoldNoteEffect/holdCoverBlue.png
2025-04-29 | 8:36.02 [INFO] - [4;90m[states.LoadingState/checkLoaded#147]:[0m finished preloading image assets/shared/images/characters/GF_assets.png
2025-04-29 | 8:36.02 [INFO] - [4;90m[states.LoadingState/checkLoaded#147]:[0m finished preloading image assets/shared/images/HoldNoteEffect/holdCoverGreen.png
2025-04-29 | 8:36.03 [INFO] - [4;90m[states.LoadingState/checkLoaded#147]:[0m finished preloading image assets/shared/images/HoldNoteEffect/holdCoverPurple.png
2025-04-29 | 8:36.04 [INFO] - [4;90m[states.LoadingState/checkLoaded#147]:[0m finished preloading image assets/shared/images/noteSkins/NOTE_assets.png
2025-04-29 | 8:36.07 [INFO] - [4;90m[states.PlayState/create#861]:[0m [rankData => [comboRank => , rating => , accuracy => 0], comboData => [swags => 0, totalNoteCount => 0, maxCombo => 0, misses => 0, highestCombo => 0, shits => 0, sicks => 0, combo => 0, bads => 0, goods => 0, totalNotesHit => 0, totalPlayed => 0], mainData => [opponentMode => false, score => 0, difficulty => 1, name => diffraction]]diffraction1
2025-04-29 | 8:36.11 [SLE_INFO] - [4;90m[slushi.slushiUtils.LyricsUtils/new#35]:[0m Lyrics JSON file not found!
2025-04-29 | 8:36.35 [INFO] - [4;90m[states.PlayState/create#1007]:[0m current stage, bambersHell
2025-04-29 | 8:36.36 [INFO] - [4;90m[backend.stage.Stage/setupWeekDir#193]:[0m directory: shared
2025-04-29 | 8:36.36 [INFO] - [4;90m[backend.stage.Stage/setupStageProperties#101]:[0m STAGE INFO JSON ? assets/shared/data/stages/bambersHell.json
2025-04-29 | 8:37.35 [INFO] - [4;90m[backend.song.Song/getChart#120]:[0m assets/shared/data/songs/diffraction/events.json
2025-04-29 | 8:37.38 [INFO] - [4;90m[backend.song.Song/parseJSON#148]:[0m converting chart events with format unknown to psych_v1 format...
2025-04-29 | 8:50.00 [INFO] - [4;90m[states.PlayState/startSong#2747]:[0m started loading!
2025-04-29 | 8:50.72 [WARN] - [4;90m[states.PlayState/update#4314]:[0m Warning! Delay is too fucking high!!
2025-04-29 | 8:51.49 [WARN] - [4;90m[states.PlayState/update#4314]:[0m Warning! Delay is too fucking high!!
2025-04-29 | 8:52.19 [WARN] - [4;90m[states.PlayState/update#4314]:[0m Warning! Delay is too fucking high!!
2025-04-29 | 8:52.92 [WARN] - [4;90m[states.PlayState/update#4314]:[0m Warning! Delay is too fucking high!!
2025-04-29 | 8:53.69 [WARN] - [4;90m[states.PlayState/update#4314]:[0m Warning! Delay is too fucking high!!
2025-04-29 | 8:54.43 [WARN] - [4;90m[states.PlayState/update#4314]:[0m Warning! Delay is too fucking high!!
2025-04-29 | 8:55.17 [WARN] - [4;90m[states.PlayState/update#4314]:[0m Warning! Delay is too fucking high!!
2025-04-29 | 8:55.89 [WARN] - [4;90m[states.PlayState/update#4314]:[0m Warning! Delay is too fucking high!!
2025-04-29 | 8:56.60 [WARN] - [4;90m[states.PlayState/update#4314]:[0m Warning! Delay is too fucking high!!
2025-04-29 | 8:57.34 [WARN] - [4;90m[states.PlayState/update#4314]:[0m Warning! Delay is too fucking high!!
2025-04-29 | 8:58.06 [WARN] - [4;90m[states.PlayState/update#4314]:[0m Warning! Delay is too fucking high!!
2025-04-29 | 8:58.79 [WARN] - [4;90m[states.PlayState/update#4314]:[0m Warning! Delay is too fucking high!!
2025-04-29 | 8:59.65 [WARN] - [4;90m[states.PlayState/update#4314]:[0m Warning! Delay is too fucking high!!
2025-04-29 | 9:00.41 [WARN] - [4;90m[states.PlayState/update#4314]:[0m Warning! Delay is too fucking high!!
2025-04-29 | 9:01.54 [WARN] - [4;90m[states.PlayState/update#4314]:[0m Warning! Delay is too fucking high!!
2025-04-29 | 9:02.89 [WARN] - [4;90m[states.PlayState/update#4314]:[0m Warning! Delay is too fucking high!!
2025-04-29 | 9:04.36 [WARN] - [4;90m[states.PlayState/update#4314]:[0m Warning! Delay is too fucking high!!
2025-04-29 | 9:05.08 [WARN] - [4;90m[states.PlayState/update#4314]:[0m Warning! Delay is too fucking high!!
2025-04-29 | 9:06.22 [WARN] - [4;90m[states.PlayState/update#4314]:[0m Warning! Delay is too fucking high!!
2025-04-29 | 9:07.82 [WARN] - [4;90m[states.PlayState/update#4314]:[0m Warning! Delay is too fucking high!!
2025-04-29 | 9:08.78 [WARN] - [4;90m[states.PlayState/update#4314]:[0m Warning! Delay is too fucking high!!
2025-04-29 | 9:10.25 [WARN] - [4;90m[states.PlayState/update#4314]:[0m Warning! Delay is too fucking high!!
2025-04-29 | 9:11.66 [WARN] - [4;90m[states.PlayState/update#4314]:[0m Warning! Delay is too fucking high!!
2025-04-29 | 9:12.95 [WARN] - [4;90m[states.PlayState/update#4314]:[0m Warning! Delay is too fucking high!!
2025-04-29 | 9:13.73 [WARN] - [4;90m[states.PlayState/update#4314]:[0m Warning! Delay is too fucking high!!
2025-04-29 | 9:14.50 [WARN] - [4;90m[states.PlayState/update#4314]:[0m Warning! Delay is too fucking high!!
2025-04-29 | 9:15.24 [WARN] - [4;90m[states.PlayState/update#4314]:[0m Warning! Delay is too fucking high!!
2025-04-29 | 9:15.94 [WARN] - [4;90m[states.PlayState/update#4314]:[0m Warning! Delay is too fucking high!!
2025-04-29 | 9:19.94 [WARN] - [4;90m[states.PlayState/update#4314]:[0m Warning! Delay is too fucking high!!
2025-04-29 | 9:20.73 [WARN] - [4;90m[states.PlayState/update#4314]:[0m Warning! Delay is too fucking high!!
2025-04-29 | 9:21.51 [WARN] - [4;90m[states.PlayState/update#4314]:[0m Warning! Delay is too fucking high!!
2025-04-29 | 9:22.25 [WARN] - [4;90m[states.PlayState/update#4314]:[0m Warning! Delay is too fucking high!!
2025-04-29 | 9:23.00 [WARN] - [4;90m[states.PlayState/update#4314]:[0m Warning! Delay is too fucking high!!
2025-04-29 | 9:23.74 [WARN] - [4;90m[states.PlayState/update#4314]:[0m Warning! Delay is too fucking high!!
2025-04-29 | 9:24.74 [WARN] - [4;90m[states.PlayState/update#4314]:[0m Warning! Delay is too fucking high!!
2025-04-29 | 9:25.73 [WARN] - [4;90m[states.PlayState/update#4314]:[0m Warning! Delay is too fucking high!!
2025-04-29 | 9:26.47 [WARN] - [4;90m[states.PlayState/update#4314]:[0m Warning! Delay is too fucking high!!
2025-04-29 | 9:27.25 [WARN] - [4;90m[states.PlayState/update#4314]:[0m Warning! Delay is too fucking high!!
2025-04-29 | 9:27.99 [WARN] - [4;90m[states.PlayState/update#4314]:[0m Warning! Delay is too fucking high!!
2025-04-29 | 9:28.74 [WARN] - [4;90m[states.PlayState/update#4314]:[0m Warning! Delay is too fucking high!!
2025-04-29 | 9:29.67 [WARN] - [4;90m[states.PlayState/update#4314]:[0m Warning! Delay is too fucking high!!
2025-04-29 | 9:35.01 [INFO] - [4;90m[backend.song.Song/getChart#120]:[0m assets/shared/data/songs/diffraction/diffraction.json
2025-04-29 | 9:35.03 [INFO] - [4;90m[backend.song.Song/parseJSON#148]:[0m converting chart diffraction with format unknown to psych_v1 format...
2025-04-29 | 9:35.04 [INFO] - [4;90m[backend.song.Song/loadFromJson#102]:[0m assets/shared/data/songs/diffraction/diffraction.json
2025-04-29 | 9:35.05 [INFO] - [4;90m[backend.song.Song/loadFromJson#103]:[0m assets\shared\data\songs\diffraction\diffraction.json
2025-04-29 | 9:43.19 [INFO] - [4;90m[slushi.states.freeplay.SlushiFreeplayState/moveToSong#948]:[0m CURRENT WEEK: week2
2025-04-29 | 9:43.20 [INFO] - [4;90m[backend.song.Song/getChart#120]:[0m assets/shared/data/songs/disposition/disposition.json
2025-04-29 | 9:43.29 [INFO] - [4;90m[backend.song.Song/parseJSON#148]:[0m converting chart disposition with format unknown to psych_v1 format...
2025-04-29 | 9:43.30 [INFO] - [4;90m[backend.song.Song/loadFromJson#102]:[0m assets/shared/data/songs/disposition/disposition.json
2025-04-29 | 9:43.31 [INFO] - [4;90m[backend.song.Song/loadFromJson#103]:[0m assets\shared\data\songs\disposition\disposition.json
2025-04-29 | 9:43.31 [INFO] - [4;90m[slushi.states.freeplay.SlushiFreeplayState/moveToSong#956]:[0m disposition
2025-04-29 | 9:43.32 [INFO] - [4;90m[states.LoadingState/loadNextDirectory#165]:[0m Setting asset folder to shared
2025-04-29 | 9:43.35 [WARN] - [4;90m[states.LoadingState/clearInvalidFrom#455]:[0m Removed invalid images: characters/bf/BOYFRIEND
2025-04-29 | 9:43.36 [WARN] - [4;90m[states.LoadingState/clearInvalidFrom#455]:[0m Removed invalid songs: disposition/Inst
2025-04-29 | 9:43.37 [INFO] - [4;90m[states.LoadingState/initThread#486]:[0m finished preloading image noteSkins/NOTE_assets
2025-04-29 | 9:43.37 [INFO] - [4;90m[states.LoadingState/initThread#486]:[0m finished preloading image noteSplashes/noteSplashes
2025-04-29 | 9:43.37 [INFO] - [4;90m[states.LoadingState/initThread#486]:[0m finished preloading image noteSkins/NOTE_assets
2025-04-29 | 9:43.37 [INFO] - [4;90m[states.LoadingState/initThread#486]:[0m finished preloading image characters/GF_assets
2025-04-29 | 9:43.38 [INFO] - [4;90m[states.LoadingState/initThread#486]:[0m finished preloading image HoldNoteEffect/holdCoverBlue
2025-04-29 | 9:43.38 [INFO] - [4;90m[states.LoadingState/initThread#486]:[0m finished preloading image HoldNoteEffect/holdCoverPurple
2025-04-29 | 9:43.38 [INFO] - [4;90m[states.LoadingState/initThread#486]:[0m finished preloading image HoldNoteEffect/holdCoverGreen
2025-04-29 | 9:43.38 [INFO] - [4;90m[states.LoadingState/initThread#486]:[0m finished preloading image HoldNoteEffect/holdCoverPurple
2025-04-29 | 9:44.18 [INFO] - [4;90m[states.LoadingState/checkLoaded#147]:[0m finished preloading image assets/shared/images/HoldNoteEffect/holdCoverGreen.png
2025-04-29 | 9:44.20 [INFO] - [4;90m[states.LoadingState/checkLoaded#147]:[0m finished preloading image assets/shared/images/HoldNoteEffect/holdCoverPurple.png
2025-04-29 | 9:44.21 [INFO] - [4;90m[states.LoadingState/checkLoaded#147]:[0m finished preloading image assets/shared/images/HoldNoteEffect/holdCoverBlue.png
2025-04-29 | 9:44.45 [INFO] - [4;90m[states.LoadingState/initThread#486]:[0m finished preloading image characters/expunged/404 Phase 2
2025-04-29 | 9:44.62 [INFO] - [4;90m[states.LoadingState/checkLoaded#147]:[0m finished preloading image assets/shared/images/characters/expunged/404 Phase 2.png
2025-04-29 | 9:44.68 [INFO] - [4;90m[states.PlayState/create#861]:[0m [rankData => [comboRank => , rating => , accuracy => 0], comboData => [swags => 0, totalNoteCount => 0, maxCombo => 0, misses => 0, highestCombo => 0, shits => 0, sicks => 0, combo => 0, bads => 0, goods => 0, totalNotesHit => 0, totalPlayed => 0], mainData => [opponentMode => false, score => 0, difficulty => 1, name => disposition]]disposition1
2025-04-29 | 9:44.74 [SLE_INFO] - [4;90m[slushi.slushiUtils.LyricsUtils/new#35]:[0m Lyrics JSON file not found!
2025-04-29 | 9:44.78 [INFO] - [4;90m[states.PlayState/create#1007]:[0m current stage, bambersHell
2025-04-29 | 9:44.79 [INFO] - [4;90m[backend.stage.Stage/setupWeekDir#193]:[0m directory: shared
2025-04-29 | 9:44.79 [INFO] - [4;90m[backend.stage.Stage/setupStageProperties#101]:[0m STAGE INFO JSON ? assets/shared/data/stages/bambersHell.json
2025-04-29 | 9:46.23 [INFO] - [4;90m[backend.song.Song/getChart#120]:[0m assets/shared/data/songs/disposition/events.json
2025-04-29 | 9:53.88 [INFO] - [4;90m[states.PlayState/startSong#2747]:[0m started loading!
2025-04-29 | 9:54.26 [WARN] - [4;90m[states.PlayState/update#4314]:[0m Warning! Delay is too fucking high!!
2025-04-29 | 9:54.66 [WARN] - [4;90m[states.PlayState/update#4314]:[0m Warning! Delay is too fucking high!!
2025-04-29 | 9:55.06 [WARN] - [4;90m[states.PlayState/update#4314]:[0m Warning! Delay is too fucking high!!
2025-04-29 | 9:55.44 [WARN] - [4;90m[states.PlayState/update#4314]:[0m Warning! Delay is too fucking high!!
2025-04-29 | 9:55.82 [WARN] - [4;90m[states.PlayState/update#4314]:[0m Warning! Delay is too fucking high!!
2025-04-29 | 9:56.24 [WARN] - [4;90m[states.PlayState/update#4314]:[0m Warning! Delay is too fucking high!!
2025-04-29 | 9:56.63 [WARN] - [4;90m[states.PlayState/update#4314]:[0m Warning! Delay is too fucking high!!
2025-04-29 | 9:57.03 [WARN] - [4;90m[states.PlayState/update#4314]:[0m Warning! Delay is too fucking high!!
2025-04-29 | 9:57.42 [WARN] - [4;90m[states.PlayState/update#4314]:[0m Warning! Delay is too fucking high!!
2025-04-29 | 9:57.82 [WARN] - [4;90m[states.PlayState/update#4314]:[0m Warning! Delay is too fucking high!!
2025-04-29 | 9:58.22 [WARN] - [4;90m[states.PlayState/update#4314]:[0m Warning! Delay is too fucking high!!
2025-04-29 | 9:58.63 [WARN] - [4;90m[states.PlayState/update#4314]:[0m Warning! Delay is too fucking high!!
2025-04-29 | 9:59.07 [WARN] - [4;90m[states.PlayState/update#4314]:[0m Warning! Delay is too fucking high!!
2025-04-29 | 9:59.46 [WARN] - [4;90m[states.PlayState/update#4314]:[0m Warning! Delay is too fucking high!!
2025-04-29 | 9:59.87 [WARN] - [4;90m[states.PlayState/update#4314]:[0m Warning! Delay is too fucking high!!
2025-04-29 | 10:00.27 [WARN] - [4;90m[states.PlayState/update#4314]:[0m Warning! Delay is too fucking high!!
2025-04-29 | 10:00.67 [WARN] - [4;90m[states.PlayState/update#4314]:[0m Warning! Delay is too fucking high!!
2025-04-29 | 10:01.10 [WARN] - [4;90m[states.PlayState/update#4314]:[0m Warning! Delay is too fucking high!!
2025-04-29 | 10:01.52 [WARN] - [4;90m[states.PlayState/update#4314]:[0m Warning! Delay is too fucking high!!
2025-04-29 | 10:01.96 [WARN] - [4;90m[states.PlayState/update#4314]:[0m Warning! Delay is too fucking high!!
2025-04-29 | 10:02.39 [WARN] - [4;90m[states.PlayState/update#4314]:[0m Warning! Delay is too fucking high!!
2025-04-29 | 10:02.84 [WARN] - [4;90m[states.PlayState/update#4314]:[0m Warning! Delay is too fucking high!!
2025-04-29 | 10:03.29 [WARN] - [4;90m[states.PlayState/update#4314]:[0m Warning! Delay is too fucking high!!
2025-04-29 | 10:03.68 [WARN] - [4;90m[states.PlayState/update#4314]:[0m Warning! Delay is too fucking high!!
2025-04-29 | 10:04.08 [WARN] - [4;90m[states.PlayState/update#4314]:[0m Warning! Delay is too fucking high!!
2025-04-29 | 10:04.50 [WARN] - [4;90m[states.PlayState/update#4314]:[0m Warning! Delay is too fucking high!!
2025-04-29 | 10:04.90 [WARN] - [4;90m[states.PlayState/update#4314]:[0m Warning! Delay is too fucking high!!
2025-04-29 | 10:05.29 [WARN] - [4;90m[states.PlayState/update#4314]:[0m Warning! Delay is too fucking high!!
2025-04-29 | 10:05.69 [WARN] - [4;90m[states.PlayState/update#4314]:[0m Warning! Delay is too fucking high!!
2025-04-29 | 10:15.00 [SLE_INFO] - [4;90m[slushi.SlushiMain/onCloseWindow#105]:[0m Reseting all C++ functions...

