2025-04-19 | 0:00.00 [INFO] - [4;90m[slushi.slushiUtils.Debug/onInitProgram#237]:[0m Debug logging initialized. Hello, developer.
2025-04-19 | 0:00.00 [INFO] - [4;90m[slushi.slushiUtils.Debug/onInitProgram#242]:[0m This is a RELEASE build.
2025-04-19 | 0:00.01 [INFO] - [4;90m[slushi.slushiUtils.Debug/onInitProgram#244]:[0m HaxeFlixel version: HaxeFlixel 5.9.0
2025-04-19 | 0:00.01 [SLE_INFO] - [4;90m[slushi.slushiUtils.Debug/onInitProgram#245]:[0m Slushi Engine version: 0.4.0
2025-04-19 | 0:00.02 [INFO] - [4;90m[slushi.slushiUtils.Debug/onInitProgram#246]:[0m SC Engine version: 1.5.2 (4eaf8c4)
2025-04-19 | 0:00.02 [INFO] - [4;90m[slushi.slushiUtils.Debug/onInitProgram#247]:[0m This is a custom build of PE. Current version: 1.04
2025-04-19 | 0:00.03 [INFO] - [4;90m[backend.DiscordClient/initialize#74]:[0m Discord Client initialized
2025-04-19 | 0:00.04 [INFO] - [4;90m[objects.AlphaCharacter/loadAlphabetData#312]:[0m Reloaded letters successfully (assets/shared/images/alphabet.json)!
2025-04-19 | 0:00.05 [SLE_INFO] - [4;90m[slushi.windows.WindowsFuncs/saveCurrentWindowsWallpaper#49]:[0m Wallpaper Path: C:\Users\yuyio\AppData\Roaming\Microsoft\Windows\Themes\TranscodedWallpaper
2025-04-19 | 0:00.05 [SLE_INFO] - [4;90m[slushi.windows.WindowsFuncs/saveCurrentWindowsWallpaper#50]:[0m Saving the path in a private variable...
2025-04-19 | 0:00.33 [SLE_INFO] - [4;90m[slushi.others.systemUtils.SystemInfo/formatSysInfo#159]:[0m 

System: Microsoft Windows 11 Home 10.0.22631
CPU: AMD Ryzen 7 5700X 8-Core Processor x86 64-Bit
GPU: AMD Radeon RX 6700 XT
Total RAM: 24 GB DDR4

2025-04-19 | 0:00.35 [SLE_INFO] - [4;90m[slushi.SlushiMain/getBuildVer#151]:[0m Checking for new version...
2025-04-19 | 0:00.73 [SLE_INFO] - [4;90m[slushi.SlushiMain/getBuildVer#170]:[0m Version online: [0.4.0], this version: [0.4.0]
2025-04-19 | 0:00.75 [SLE_INFO] - [4;90m[slushi.SlushiMain/getBuildVer#189]:[0m Versions are matching!
2025-04-19 | 0:02.04 [INFO] - [4;90m[backend.DiscordClient/onReady#52]:[0m (Discord) Connected to User (dddsss10_19168)
2025-04-19 | 0:30.05 [ERROR] - [4;90m[backend.DiscordClient/onError#58]:[0m Discord: Error (1000: Request has been terminated
Possible causes: the network is offline, Origin is not allowed by Access-Control-Allow-Origin, the page is being unloaded, etc.)
2025-04-19 | 0:32.06 [ERROR] - [4;90m[backend.DiscordClient/onError#58]:[0m Discord: Error (1000: Request has been terminated
Possible causes: the network is offline, Origin is not allowed by Access-Control-Allow-Origin, the page is being unloaded, etc.)
2025-04-19 | 0:34.07 [ERROR] - [4;90m[backend.DiscordClient/onError#58]:[0m Discord: Error (1000: Request has been terminated
Possible causes: the network is offline, Origin is not allowed by Access-Control-Allow-Origin, the page is being unloaded, etc.)
2025-04-19 | 0:36.09 [ERROR] - [4;90m[backend.DiscordClient/onError#58]:[0m Discord: Error (1000: Request has been terminated
Possible causes: the network is offline, Origin is not allowed by Access-Control-Allow-Origin, the page is being unloaded, etc.)
2025-04-19 | 0:38.10 [ERROR] - [4;90m[backend.DiscordClient/onError#58]:[0m Discord: Error (1000: Request has been terminated
Possible causes: the network is offline, Origin is not allowed by Access-Control-Allow-Origin, the page is being unloaded, etc.)
2025-04-19 | 0:40.11 [ERROR] - [4;90m[backend.DiscordClient/onError#58]:[0m Discord: Error (1000: Request has been terminated
Possible causes: the network is offline, Origin is not allowed by Access-Control-Allow-Origin, the page is being unloaded, etc.)
2025-04-19 | 0:42.12 [ERROR] - [4;90m[backend.DiscordClient/onError#58]:[0m Discord: Error (1000: Request has been terminated
Possible causes: the network is offline, Origin is not allowed by Access-Control-Allow-Origin, the page is being unloaded, etc.)
2025-04-19 | 0:58.14 [ERROR] - [4;90m[backend.DiscordClient/onError#58]:[0m Discord: Error (1000: Request has been terminated
Possible causes: the network is offline, Origin is not allowed by Access-Control-Allow-Origin, the page is being unloaded, etc.)
2025-04-19 | 0:58.42 [INFO] - [4;90m[states.freeplay.FreeplayState/moveToSong#913]:[0m CURRENT WEEK: extras
2025-04-19 | 0:58.42 [INFO] - [4;90m[backend.song.Song/getChart#120]:[0m assets/shared/data/songs/velocity/velocity.json
2025-04-19 | 0:58.45 [INFO] - [4;90m[backend.song.Song/loadFromJson#102]:[0m assets/shared/data/songs/velocity/velocity.json
2025-04-19 | 0:58.46 [INFO] - [4;90m[backend.song.Song/loadFromJson#103]:[0m assets\shared\data\songs\velocity\velocity.json
2025-04-19 | 0:58.47 [INFO] - [4;90m[states.freeplay.FreeplayState/moveToSong#921]:[0m velocity
2025-04-19 | 0:58.47 [INFO] - [4;90m[states.LoadingState/loadNextDirectory#165]:[0m Setting asset folder to shared
2025-04-19 | 0:58.48 [INFO] - [4;90m[states.LoadingState/initThread#486]:[0m finished preloading image HoldNoteEffect/holdCoverBlue
2025-04-19 | 0:58.48 [INFO] - [4;90m[states.LoadingState/initThread#486]:[0m finished preloading image HoldNoteEffect/holdCoverPurple
2025-04-19 | 0:58.48 [INFO] - [4;90m[states.LoadingState/initThread#486]:[0m finished preloading image HoldNoteEffect/holdCoverGreen
2025-04-19 | 0:58.48 [INFO] - [4;90m[states.LoadingState/initThread#486]:[0m finished preloading image HoldNoteEffect/holdCoverPurple
2025-04-19 | 0:58.49 [INFO] - [4;90m[states.LoadingState/initThread#486]:[0m finished preloading image noteSplashes/noteSplashes
2025-04-19 | 0:58.50 [INFO] - [4;90m[states.LoadingState/initThread#486]:[0m finished preloading image noteSkins/NOTE_assets
2025-04-19 | 0:58.51 [INFO] - [4;90m[states.LoadingState/initThread#486]:[0m finished preloading image noteSkins/NOTE_assets
2025-04-19 | 0:58.71 [INFO] - [4;90m[states.LoadingState/initThread#486]:[0m finished preloading image characters/bf/Potentiated Boyfriend
2025-04-19 | 0:58.81 [INFO] - [4;90m[states.LoadingState/initThread#486]:[0m finished preloading image characters/dave/Crimson Dave
2025-04-19 | 0:58.97 [INFO] - [4;90m[states.LoadingState/initThread#486]:[0m finished preloading image characters/GF_assets
2025-04-19 | 0:58.98 [INFO] - [4;90m[states.LoadingState/initThread#486]:[0m finished preloading song velocity/Inst
2025-04-19 | 0:59.29 [INFO] - [4;90m[states.LoadingState/checkLoaded#147]:[0m finished preloading image assets/shared/images/noteSplashes/noteSplashes.png
2025-04-19 | 0:59.29 [INFO] - [4;90m[states.LoadingState/checkLoaded#147]:[0m finished preloading image assets/shared/images/HoldNoteEffect/holdCoverBlue.png
2025-04-19 | 0:59.30 [INFO] - [4;90m[states.LoadingState/checkLoaded#147]:[0m finished preloading image assets/shared/images/characters/GF_assets.png
2025-04-19 | 0:59.31 [INFO] - [4;90m[states.LoadingState/checkLoaded#147]:[0m finished preloading image assets/shared/images/HoldNoteEffect/holdCoverGreen.png
2025-04-19 | 0:59.31 [INFO] - [4;90m[states.LoadingState/checkLoaded#147]:[0m finished preloading image assets/shared/images/characters/dave/Crimson Dave.png
2025-04-19 | 0:59.32 [INFO] - [4;90m[states.LoadingState/checkLoaded#147]:[0m finished preloading image assets/shared/images/characters/bf/Potentiated Boyfriend.png
2025-04-19 | 0:59.33 [INFO] - [4;90m[states.LoadingState/checkLoaded#147]:[0m finished preloading image assets/shared/images/noteSkins/NOTE_assets.png
2025-04-19 | 0:59.33 [INFO] - [4;90m[states.LoadingState/checkLoaded#147]:[0m finished preloading image assets/shared/images/HoldNoteEffect/holdCoverPurple.png
2025-04-19 | 0:59.36 [INFO] - [4;90m[states.PlayState/create#690]:[0m { mainData => { difficulty => 1, name => velocity, opponentMode => false, score => 0 }, rankData => { rating => , accuracy => 0, comboRank =>  }, comboData => { swags => 0, goods => 0, totalNotesHit => 0, maxCombo => 0, totalPlayed => 0, highestCombo => 0, bads => 0, combo => 0, misses => 0, totalNoteCount => 0, shits => 0, sicks => 0 } }velocity1
2025-04-19 | 1:00.15 [ERROR] - [4;90m[backend.DiscordClient/onError#58]:[0m Discord: Error (1000: Request has been terminated
Possible causes: the network is offline, Origin is not allowed by Access-Control-Allow-Origin, the page is being unloaded, etc.)
2025-04-19 | 1:06.34 [SLE_INFO] - [4;90m[slushi.slushiUtils.LyricsUtils/new#35]:[0m Lyrics JSON file not found!
2025-04-19 | 1:06.50 [INFO] - [4;90m[states.PlayState/create#836]:[0m current stage, 3dTunnel
2025-04-19 | 1:06.51 [INFO] - [4;90m[backend.stage.Stage/setupWeekDir#211]:[0m directory: shared
2025-04-19 | 1:06.51 [INFO] - [4;90m[backend.stage.Stage/setupStageProperties#101]:[0m STAGE INFO JSON ? assets/shared/data/stages/3dTunnel.json
2025-04-19 | 1:06.52 [WARN] - [4;90m[backend.stage.Stage/setupStageProperties#107]:[0m 3dTunnel.json not found, using the default stage
2025-04-19 | 1:09.08 [INFO] - [4;90m[states.PlayState/startSong#2375]:[0m started loading!
2025-04-19 | 1:19.19 [ERROR] - [4;90m[slushi.slushiUtils.crashHandler.CrashHandler/onUncaughtError#164]:[0m 
CRASH:
[38;5;1mCall Stack:
[4mshaders/RGBPixelShader.hx#17[24m
objects/note/NoteSplash.hx#310
states/PlayState.hx#6825
states/PlayState.hx#6817
states/PlayState.hx#5713
states/PlayState.hx#6476
states/PlayState.hx#3675
flixel/group/FlxGroup.hx#791
states/PlayState.hx#3657
flixel/FlxState.hx#241
flixel/FlxGame.hx#750

Uncaught Error:
Null Object Reference[0m


2025-04-19 | 1:19.25 [INFO] - [4;90m[slushi.slushiUtils.crashHandler.CrashHandler/onUncaughtError#167]:[0m Starting Crash Handler in game
2025-04-19 | 1:30.17 [ERROR] - [4;90m[slushi.slushiUtils.crashHandler.CrashHandler/onUncaughtError#164]:[0m 
CRASH:
[38;5;1mCall Stack:
[4mslushi/states/freeplay/SlushiFreeplayState.hx#1306[24m
states/MusicBeatState.hx#323
slushi/states/freeplay/SlushiFreeplayState.hx#1287
states/MusicBeatState.hx#144
slushi/states/freeplay/SlushiFreeplayState.hx#366
flixel/FlxState.hx#241
flixel/FlxGame.hx#750

Uncaught Error:
Null Object Reference[0m


2025-04-19 | 1:30.76 [INFO] - [4;90m[slushi.slushiUtils.crashHandler.CrashHandler/onUncaughtError#167]:[0m Starting Crash Handler in game
2025-04-19 | 1:30.85 [SLE_WARN] - [4;90m[slushi.slushiUtils.crashHandler.CrashHandler/onUncaughtError#76]:[0m Trying to make a another crash while is already in a crash with error: [Null Object Reference]. Crash counter: [0], skipping it...
2025-04-19 | 1:30.86 [SLE_WARN] - [4;90m[slushi.slushiUtils.crashHandler.CrashHandler/onUncaughtError#76]:[0m Trying to make a another crash while is already in a crash with error: [Null Object Reference]. Crash counter: [1], skipping it...
2025-04-19 | 1:30.88 [SLE_WARN] - [4;90m[slushi.slushiUtils.crashHandler.CrashHandler/onUncaughtError#76]:[0m Trying to make a another crash while is already in a crash with error: [Null Object Reference]. Crash counter: [2], skipping it...
2025-04-19 | 1:30.89 [SLE_WARN] - [4;90m[slushi.slushiUtils.crashHandler.CrashHandler/onUncaughtError#76]:[0m Trying to make a another crash while is already in a crash with error: [Null Object Reference]. Crash counter: [3], skipping it...
2025-04-19 | 1:30.91 [SLE_WARN] - [4;90m[slushi.slushiUtils.crashHandler.CrashHandler/onUncaughtError#76]:[0m Trying to make a another crash while is already in a crash with error: [Null Object Reference]. Crash counter: [4], skipping it...
2025-04-19 | 1:30.92 [SLE_WARN] - [4;90m[slushi.slushiUtils.crashHandler.CrashHandler/onUncaughtError#80]:[0m Too many crashes, quitting...
