2025-04-29 | 0:00.00 [INFO] - [4;90m[slushi.slushiUtils.Debug/onInitProgram#237]:[0m Debug logging initialized. Hello, developer.
2025-04-29 | 0:00.00 [INFO] - [4;90m[slushi.slushiUtils.Debug/onInitProgram#242]:[0m This is a RELEASE build.
2025-04-29 | 0:00.01 [INFO] - [4;90m[slushi.slushiUtils.Debug/onInitProgram#244]:[0m HaxeFlixel version: HaxeFlixel 5.9.0
2025-04-29 | 0:00.01 [SLE_INFO] - [4;90m[slushi.slushiUtils.Debug/onInitProgram#245]:[0m Slushi Engine version: 0.4.0
2025-04-29 | 0:00.02 [INFO] - [4;90m[slushi.slushiUtils.Debug/onInitProgram#246]:[0m SC Engine version: 1.5.2 (4eaf8c4)
2025-04-29 | 0:00.03 [INFO] - [4;90m[slushi.slushiUtils.Debug/onInitProgram#247]:[0m This is a custom build of PE. Current version: 1.04
2025-04-29 | 0:00.06 [INFO] - [4;90m[backend.DiscordClient/initialize#74]:[0m Discord Client initialized
2025-04-29 | 0:00.07 [INFO] - [4;90m[objects.AlphaCharacter/loadAlphabetData#312]:[0m Reloaded letters successfully (assets/shared/images/alphabet.json)!
2025-04-29 | 0:00.08 [SLE_INFO] - [4;90m[slushi.windows.WindowsFuncs/saveCurrentWindowsWallpaper#49]:[0m Wallpaper Path: C:\Users\yuyio\AppData\Roaming\Microsoft\Windows\Themes\TranscodedWallpaper
2025-04-29 | 0:00.09 [SLE_INFO] - [4;90m[slushi.windows.WindowsFuncs/saveCurrentWindowsWallpaper#50]:[0m Saving the path in a private variable...
2025-04-29 | 0:00.37 [SLE_INFO] - [4;90m[slushi.others.systemUtils.SystemInfo/formatSysInfo#159]:[0m 

System: Microsoft Windows 11 Home 10.0.22631
CPU: AMD Ryzen 7 5700X 8-Core Processor x86 64-Bit
GPU: AMD Radeon RX 6700 XT
Total RAM: 24 GB DDR4

2025-04-29 | 0:00.39 [SLE_INFO] - [4;90m[slushi.SlushiMain/getBuildVer#151]:[0m Checking for new version...
2025-04-29 | 0:00.73 [SLE_INFO] - [4;90m[slushi.SlushiMain/getBuildVer#170]:[0m Version online: [0.4.0], this version: [0.4.0]
2025-04-29 | 0:00.74 [SLE_INFO] - [4;90m[slushi.SlushiMain/getBuildVer#189]:[0m Versions are matching!
2025-04-29 | 0:02.07 [INFO] - [4;90m[backend.DiscordClient/onReady#52]:[0m (Discord) Connected to User (dddsss10_19168)
2025-04-29 | 0:10.78 [INFO] - [4;90m[slushi.states.freeplay.SlushiFreeplayState/moveToSong#948]:[0m CURRENT WEEK: week1
2025-04-29 | 0:10.79 [INFO] - [4;90m[backend.song.Song/getChart#120]:[0m assets/shared/data/songs/fallowed/fallowed.json
2025-04-29 | 0:10.81 [INFO] - [4;90m[backend.song.Song/parseJSON#148]:[0m converting chart fallowed with format unknown to psych_v1 format...
2025-04-29 | 0:10.82 [INFO] - [4;90m[backend.song.Song/loadFromJson#102]:[0m assets/shared/data/songs/fallowed/fallowed.json
2025-04-29 | 0:10.82 [INFO] - [4;90m[backend.song.Song/loadFromJson#103]:[0m assets\shared\data\songs\fallowed\fallowed.json
2025-04-29 | 0:10.83 [INFO] - [4;90m[slushi.states.freeplay.SlushiFreeplayState/moveToSong#956]:[0m fallowed
2025-04-29 | 0:10.84 [WARN] - [4;90m[states.LoadingState/clearInvalidFrom#455]:[0m Removed invalid images: characters/bf/BOYFRIEND
2025-04-29 | 0:10.84 [INFO] - [4;90m[states.LoadingState/loadNextDirectory#165]:[0m Setting asset folder to shared
2025-04-29 | 0:10.85 [WARN] - [4;90m[states.LoadingState/clearInvalidFrom#455]:[0m Removed invalid songs: fallowed/Inst
2025-04-29 | 0:10.86 [INFO] - [4;90m[states.LoadingState/initThread#486]:[0m finished preloading image HoldNoteEffect/holdCoverBlue
2025-04-29 | 0:10.86 [INFO] - [4;90m[states.LoadingState/initThread#486]:[0m finished preloading image HoldNoteEffect/holdCoverPurple
2025-04-29 | 0:10.86 [INFO] - [4;90m[states.LoadingState/initThread#486]:[0m finished preloading image HoldNoteEffect/holdCoverGreen
2025-04-29 | 0:10.86 [INFO] - [4;90m[states.LoadingState/initThread#486]:[0m finished preloading image HoldNoteEffect/holdCoverPurple
2025-04-29 | 0:10.87 [INFO] - [4;90m[states.LoadingState/initThread#486]:[0m finished preloading image noteSplashes/noteSplashes
2025-04-29 | 0:10.89 [INFO] - [4;90m[states.LoadingState/initThread#486]:[0m finished preloading image noteSkins/NOTE_assets
2025-04-29 | 0:10.89 [INFO] - [4;90m[states.LoadingState/initThread#486]:[0m finished preloading image noteSkins/NOTE_assets
2025-04-29 | 0:11.20 [INFO] - [4;90m[states.LoadingState/initThread#486]:[0m finished preloading image characters/bambi/bambi-rage
2025-04-29 | 0:11.36 [INFO] - [4;90m[states.LoadingState/initThread#486]:[0m finished preloading image characters/GF_assets
2025-04-29 | 0:11.63 [INFO] - [4;90m[states.LoadingState/checkLoaded#147]:[0m finished preloading image assets/shared/images/noteSplashes/noteSplashes.png
2025-04-29 | 0:11.64 [INFO] - [4;90m[states.LoadingState/checkLoaded#147]:[0m finished preloading image assets/shared/images/HoldNoteEffect/holdCoverBlue.png
2025-04-29 | 0:11.76 [INFO] - [4;90m[states.LoadingState/checkLoaded#147]:[0m finished preloading image assets/shared/images/characters/GF_assets.png
2025-04-29 | 0:11.80 [INFO] - [4;90m[states.LoadingState/checkLoaded#147]:[0m finished preloading image assets/shared/images/characters/bambi/bambi-rage.png
2025-04-29 | 0:11.81 [INFO] - [4;90m[states.LoadingState/checkLoaded#147]:[0m finished preloading image assets/shared/images/HoldNoteEffect/holdCoverGreen.png
2025-04-29 | 0:11.82 [INFO] - [4;90m[states.LoadingState/checkLoaded#147]:[0m finished preloading image assets/shared/images/noteSkins/NOTE_assets.png
2025-04-29 | 0:11.82 [INFO] - [4;90m[states.LoadingState/checkLoaded#147]:[0m finished preloading image assets/shared/images/HoldNoteEffect/holdCoverPurple.png
2025-04-29 | 0:11.86 [INFO] - [4;90m[states.PlayState/create#857]:[0m [comboData => [totalNoteCount => 0, swags => 0, misses => 0, highestCombo => 0, maxCombo => 0, shits => 0, sicks => 0, totalNotesHit => 0, goods => 0, bads => 0, combo => 0, totalPlayed => 0], rankData => [comboRank => , accuracy => 0, rating => ], mainData => [score => 0, opponentMode => false, name => fallowed, difficulty => 1]]fallowed1
2025-04-29 | 0:11.88 [SLE_INFO] - [4;90m[slushi.slushiUtils.LyricsUtils/new#35]:[0m Lyrics JSON file not found!
2025-04-29 | 0:12.03 [INFO] - [4;90m[states.PlayState/create#1003]:[0m current stage, farmNight
2025-04-29 | 0:12.04 [INFO] - [4;90m[backend.stage.Stage/setupWeekDir#193]:[0m directory: shared
2025-04-29 | 0:12.04 [INFO] - [4;90m[backend.stage.Stage/setupStageProperties#101]:[0m STAGE INFO JSON ? assets/shared/data/stages/farmNight.json
2025-04-29 | 0:12.05 [WARN] - [4;90m[backend.stage.Stage/setupStageProperties#107]:[0m farmNight.json not found, using the default stage
2025-04-29 | 0:13.38 [INFO] - [4;90m[backend.song.Song/getChart#120]:[0m assets/shared/data/songs/fallowed/events.json
2025-04-29 | 0:13.39 [INFO] - [4;90m[backend.song.Song/parseJSON#148]:[0m converting chart events with format unknown to psych_v1 format...
2025-04-29 | 0:14.56 [INFO] - [4;90m[states.PlayState/cacheCharacter#9913]:[0m found bambi-god2d
2025-04-29 | 0:17.36 [INFO] - [4;90m[states.PlayState/startSong#2720]:[0m started loading!
2025-04-29 | 0:59.59 [WARN] - [4;90m[states.PlayState/update#4287]:[0m Warning! Delay is too fucking high!!
2025-04-29 | 0:59.62 [WARN] - [4;90m[states.PlayState/update#4287]:[0m Warning! Delay is too fucking high!!
2025-04-29 | 0:59.64 [WARN] - [4;90m[states.PlayState/update#4287]:[0m Warning! Delay is too fucking high!!
2025-04-29 | 0:59.66 [WARN] - [4;90m[states.PlayState/update#4287]:[0m Warning! Delay is too fucking high!!
2025-04-29 | 0:59.68 [WARN] - [4;90m[states.PlayState/update#4287]:[0m Warning! Delay is too fucking high!!
2025-04-29 | 0:59.70 [WARN] - [4;90m[states.PlayState/update#4287]:[0m Warning! Delay is too fucking high!!
2025-04-29 | 1:18.84 [INFO] - [4;90m[backend.song.Song/getChart#120]:[0m assets/shared/data/songs/fallowed/fallowed.json
2025-04-29 | 1:18.86 [INFO] - [4;90m[backend.song.Song/parseJSON#148]:[0m converting chart fallowed with format unknown to psych_v1 format...
2025-04-29 | 1:18.87 [INFO] - [4;90m[backend.song.Song/loadFromJson#102]:[0m assets/shared/data/songs/fallowed/fallowed.json
2025-04-29 | 1:18.88 [INFO] - [4;90m[backend.song.Song/loadFromJson#103]:[0m assets\shared\data\songs\fallowed\fallowed.json
2025-04-29 | 1:22.50 [INFO] - [4;90m[slushi.states.freeplay.SlushiFreeplayState/moveToSong#948]:[0m CURRENT WEEK: week2
2025-04-29 | 1:22.50 [INFO] - [4;90m[backend.song.Song/getChart#120]:[0m assets/shared/data/songs/rebound/rebound.json
2025-04-29 | 1:22.51 [INFO] - [4;90m[backend.song.Song/parseJSON#148]:[0m converting chart rebound with format unknown to psych_v1 format...
2025-04-29 | 1:22.52 [INFO] - [4;90m[backend.song.Song/loadFromJson#102]:[0m assets/shared/data/songs/rebound/rebound.json
2025-04-29 | 1:22.53 [INFO] - [4;90m[backend.song.Song/loadFromJson#103]:[0m assets\shared\data\songs\rebound\rebound.json
2025-04-29 | 1:22.54 [INFO] - [4;90m[slushi.states.freeplay.SlushiFreeplayState/moveToSong#956]:[0m rebound
2025-04-29 | 1:22.54 [WARN] - [4;90m[states.LoadingState/clearInvalidFrom#455]:[0m Removed invalid images: characters/bf/BOYFRIEND
2025-04-29 | 1:22.54 [INFO] - [4;90m[states.LoadingState/loadNextDirectory#165]:[0m Setting asset folder to shared
2025-04-29 | 1:22.55 [WARN] - [4;90m[states.LoadingState/clearInvalidFrom#455]:[0m Removed invalid songs: rebound/Inst
2025-04-29 | 1:22.57 [INFO] - [4;90m[states.LoadingState/initThread#486]:[0m finished preloading image noteSkins/NOTE_assets
2025-04-29 | 1:22.57 [INFO] - [4;90m[states.LoadingState/initThread#486]:[0m finished preloading image noteSplashes/noteSplashes
2025-04-29 | 1:22.57 [INFO] - [4;90m[states.LoadingState/initThread#486]:[0m finished preloading image noteSkins/NOTE_assets
2025-04-29 | 1:22.57 [INFO] - [4;90m[states.LoadingState/initThread#486]:[0m finished preloading image characters/GF_assets
2025-04-29 | 1:22.57 [INFO] - [4;90m[states.LoadingState/initThread#486]:[0m finished preloading image HoldNoteEffect/holdCoverPurple
2025-04-29 | 1:22.57 [INFO] - [4;90m[states.LoadingState/initThread#486]:[0m finished preloading image HoldNoteEffect/holdCoverBlue
2025-04-29 | 1:22.57 [INFO] - [4;90m[states.LoadingState/initThread#486]:[0m finished preloading image HoldNoteEffect/holdCoverGreen
2025-04-29 | 1:22.57 [INFO] - [4;90m[states.LoadingState/initThread#486]:[0m finished preloading image HoldNoteEffect/holdCoverPurple
2025-04-29 | 1:22.69 [INFO] - [4;90m[states.LoadingState/initThread#486]:[0m finished preloading image characters/expunged/404
2025-04-29 | 1:23.38 [INFO] - [4;90m[states.LoadingState/checkLoaded#147]:[0m finished preloading image assets/shared/images/characters/expunged/404.png
2025-04-29 | 1:23.39 [INFO] - [4;90m[states.LoadingState/checkLoaded#147]:[0m finished preloading image assets/shared/images/HoldNoteEffect/holdCoverGreen.png
2025-04-29 | 1:23.39 [INFO] - [4;90m[states.LoadingState/checkLoaded#147]:[0m finished preloading image assets/shared/images/HoldNoteEffect/holdCoverBlue.png
2025-04-29 | 1:23.40 [INFO] - [4;90m[states.LoadingState/checkLoaded#147]:[0m finished preloading image assets/shared/images/HoldNoteEffect/holdCoverPurple.png
2025-04-29 | 1:23.43 [INFO] - [4;90m[states.PlayState/create#857]:[0m [comboData => [totalNoteCount => 0, swags => 0, misses => 0, highestCombo => 0, maxCombo => 0, shits => 0, sicks => 0, totalNotesHit => 0, goods => 0, bads => 0, combo => 0, totalPlayed => 0], rankData => [comboRank => , accuracy => 0, rating => ], mainData => [score => 0, opponentMode => false, name => rebound, difficulty => 1]]rebound1
2025-04-29 | 1:23.45 [SLE_INFO] - [4;90m[slushi.slushiUtils.LyricsUtils/new#35]:[0m Lyrics JSON file not found!
2025-04-29 | 1:23.47 [INFO] - [4;90m[states.PlayState/create#1003]:[0m current stage, bambersHell
2025-04-29 | 1:23.48 [INFO] - [4;90m[backend.stage.Stage/setupWeekDir#193]:[0m directory: shared
2025-04-29 | 1:23.48 [INFO] - [4;90m[backend.stage.Stage/setupStageProperties#101]:[0m STAGE INFO JSON ? assets/shared/data/stages/bambersHell.json
2025-04-29 | 1:24.47 [INFO] - [4;90m[backend.song.Song/getChart#120]:[0m assets/shared/data/songs/rebound/events.json
2025-04-29 | 1:24.48 [INFO] - [4;90m[backend.song.Song/parseJSON#148]:[0m converting chart events with format unknown to psych_v1 format...
2025-04-29 | 1:24.49 [INFO] - [4;90m[states.PlayState/cacheCharacter#9913]:[0m found empty
2025-04-29 | 1:24.51 [INFO] - [4;90m[states.PlayState/cacheCharacter#9913]:[0m found 404-unfinished
2025-04-29 | 1:24.52 [INFO] - [4;90m[states.PlayState/cacheCharacter#9913]:[0m found 404
2025-04-29 | 1:26.06 [INFO] - [4;90m[states.PlayState/startSong#2720]:[0m started loading!
2025-04-29 | 1:26.10 [ERROR] - [4;90m[slushi.slushiUtils.crashHandler.CrashHandler/onUncaughtError#164]:[0m 
CRASH:
[38;5;1mCall Stack:
[4mflixel/addons/effects/FlxTrail.hx#167[24m
flixel/group/FlxGroup.hx#161
states/MusicBeatState.hx#156
states/PlayState.hx#4508
flixel/FlxState.hx#241
flixel/FlxGame.hx#750

Uncaught Error:
Null Object Reference[0m


2025-04-29 | 1:26.17 [INFO] - [4;90m[slushi.slushiUtils.crashHandler.CrashHandler/onUncaughtError#167]:[0m Starting Crash Handler in game
2025-04-29 | 1:26.31 [SLE_WARN] - [4;90m[slushi.slushiUtils.crashHandler.CrashHandler/onUncaughtError#76]:[0m Trying to make a another crash while is already in a crash with error: [Null Object Reference]. Crash counter: [0], skipping it...
2025-04-29 | 1:26.38 [SLE_WARN] - [4;90m[slushi.slushiUtils.crashHandler.CrashHandler/onUncaughtError#76]:[0m Trying to make a another crash while is already in a crash with error: [Null Object Reference]. Crash counter: [1], skipping it...
2025-04-29 | 1:26.44 [SLE_WARN] - [4;90m[slushi.slushiUtils.crashHandler.CrashHandler/onUncaughtError#76]:[0m Trying to make a another crash while is already in a crash with error: [Null Object Reference]. Crash counter: [2], skipping it...
2025-04-29 | 1:26.51 [SLE_WARN] - [4;90m[slushi.slushiUtils.crashHandler.CrashHandler/onUncaughtError#76]:[0m Trying to make a another crash while is already in a crash with error: [Null Object Reference]. Crash counter: [3], skipping it...
2025-04-29 | 1:26.57 [SLE_WARN] - [4;90m[slushi.slushiUtils.crashHandler.CrashHandler/onUncaughtError#76]:[0m Trying to make a another crash while is already in a crash with error: [Null Object Reference]. Crash counter: [4], skipping it...
2025-04-29 | 1:26.58 [SLE_WARN] - [4;90m[slushi.slushiUtils.crashHandler.CrashHandler/onUncaughtError#80]:[0m Too many crashes, quitting...
