2025-04-19 | 0:00.00 [INFO] - [4;90m[slushi.slushiUtils.Debug/onInitProgram#237]:[0m Debug logging initialized. Hello, developer.
2025-04-19 | 0:00.00 [INFO] - [4;90m[slushi.slushiUtils.Debug/onInitProgram#242]:[0m This is a RELEASE build.
2025-04-19 | 0:00.01 [INFO] - [4;90m[slushi.slushiUtils.Debug/onInitProgram#244]:[0m HaxeFlixel version: HaxeFlixel 5.9.0
2025-04-19 | 0:00.01 [SLE_INFO] - [4;90m[slushi.slushiUtils.Debug/onInitProgram#245]:[0m Slushi Engine version: 0.4.0
2025-04-19 | 0:00.02 [INFO] - [4;90m[slushi.slushiUtils.Debug/onInitProgram#246]:[0m SC Engine version: 1.5.2 (4eaf8c4)
2025-04-19 | 0:00.02 [INFO] - [4;90m[slushi.slushiUtils.Debug/onInitProgram#247]:[0m This is a custom build of PE. Current version: 1.04
2025-04-19 | 0:00.03 [INFO] - [4;90m[backend.DiscordClient/initialize#74]:[0m Discord Client initialized
2025-04-19 | 0:00.04 [INFO] - [4;90m[objects.AlphaCharacter/loadAlphabetData#312]:[0m Reloaded letters successfully (assets/shared/images/alphabet.json)!
2025-04-19 | 0:00.05 [SLE_INFO] - [4;90m[slushi.windows.WindowsFuncs/saveCurrentWindowsWallpaper#49]:[0m Wallpaper Path: C:\Users\yuyio\AppData\Roaming\Microsoft\Windows\Themes\TranscodedWallpaper
2025-04-19 | 0:00.05 [SLE_INFO] - [4;90m[slushi.windows.WindowsFuncs/saveCurrentWindowsWallpaper#50]:[0m Saving the path in a private variable...
2025-04-19 | 0:00.37 [SLE_INFO] - [4;90m[slushi.others.systemUtils.SystemInfo/formatSysInfo#159]:[0m 

System: Microsoft Windows 11 Home 10.0.22631
CPU: AMD Ryzen 7 5700X 8-Core Processor x86 64-Bit
GPU: AMD Radeon RX 6700 XT
Total RAM: 24 GB DDR4

2025-04-19 | 0:00.39 [SLE_INFO] - [4;90m[slushi.SlushiMain/getBuildVer#151]:[0m Checking for new version...
2025-04-19 | 0:00.75 [SLE_INFO] - [4;90m[slushi.SlushiMain/getBuildVer#170]:[0m Version online: [0.4.0], this version: [0.4.0]
2025-04-19 | 0:00.75 [SLE_INFO] - [4;90m[slushi.SlushiMain/getBuildVer#189]:[0m Versions are matching!
2025-04-19 | 0:02.04 [INFO] - [4;90m[backend.DiscordClient/onReady#52]:[0m (Discord) Connected to User (dddsss10_19168)
2025-04-19 | 1:59.95 [INFO] - [4;90m[states.freeplay.FreeplayState/moveToSong#913]:[0m CURRENT WEEK: week1
2025-04-19 | 1:59.96 [INFO] - [4;90m[backend.song.Song/getChart#120]:[0m assets/shared/data/songs/shattered/shattered.json
2025-04-19 | 1:59.98 [INFO] - [4;90m[backend.song.Song/parseJSON#148]:[0m converting chart shattered with format unknown to psych_v1 format...
2025-04-19 | 1:59.99 [INFO] - [4;90m[backend.song.Song/loadFromJson#102]:[0m assets/shared/data/songs/shattered/shattered.json
2025-04-19 | 1:59.99 [INFO] - [4;90m[backend.song.Song/loadFromJson#103]:[0m assets\shared\data\songs\shattered\shattered.json
2025-04-19 | 2:00.00 [INFO] - [4;90m[states.freeplay.FreeplayState/moveToSong#921]:[0m shattered
2025-04-19 | 2:00.00 [INFO] - [4;90m[states.LoadingState/loadNextDirectory#165]:[0m Setting asset folder to shared
2025-04-19 | 2:00.00 [WARN] - [4;90m[states.LoadingState/clearInvalidFrom#455]:[0m Removed invalid images: characters/bf/BOYFRIEND
2025-04-19 | 2:00.02 [INFO] - [4;90m[states.LoadingState/initThread#486]:[0m finished preloading image HoldNoteEffect/holdCoverPurple
2025-04-19 | 2:00.03 [INFO] - [4;90m[states.LoadingState/initThread#486]:[0m finished preloading image HoldNoteEffect/holdCoverGreen
2025-04-19 | 2:00.03 [INFO] - [4;90m[states.LoadingState/initThread#486]:[0m finished preloading image HoldNoteEffect/holdCoverBlue
2025-04-19 | 2:00.03 [INFO] - [4;90m[states.LoadingState/initThread#486]:[0m finished preloading image HoldNoteEffect/holdCoverPurple
2025-04-19 | 2:00.03 [INFO] - [4;90m[states.LoadingState/initThread#486]:[0m finished preloading image noteSplashes/noteSplashes
2025-04-19 | 2:00.06 [INFO] - [4;90m[states.LoadingState/initThread#486]:[0m finished preloading image noteSkins/NOTE_assets
2025-04-19 | 2:00.06 [INFO] - [4;90m[states.LoadingState/initThread#486]:[0m finished preloading image noteSkins/NOTE_assets
2025-04-19 | 2:00.68 [INFO] - [4;90m[states.LoadingState/initThread#486]:[0m finished preloading image characters/bambi/Angry Bambi
2025-04-19 | 2:00.70 [INFO] - [4;90m[states.LoadingState/initThread#486]:[0m finished preloading image characters/GF_assets
2025-04-19 | 2:00.96 [INFO] - [4;90m[states.LoadingState/checkLoaded#147]:[0m finished preloading image assets/shared/images/noteSplashes/noteSplashes.png
2025-04-19 | 2:00.97 [INFO] - [4;90m[states.LoadingState/checkLoaded#147]:[0m finished preloading image assets/shared/images/HoldNoteEffect/holdCoverBlue.png
2025-04-19 | 2:00.98 [INFO] - [4;90m[states.LoadingState/checkLoaded#147]:[0m finished preloading image assets/shared/images/characters/GF_assets.png
2025-04-19 | 2:00.99 [INFO] - [4;90m[states.LoadingState/checkLoaded#147]:[0m finished preloading image assets/shared/images/HoldNoteEffect/holdCoverGreen.png
2025-04-19 | 2:01.00 [INFO] - [4;90m[states.LoadingState/checkLoaded#147]:[0m finished preloading image assets/shared/images/characters/bambi/Angry Bambi.png
2025-04-19 | 2:01.00 [INFO] - [4;90m[states.LoadingState/checkLoaded#147]:[0m finished preloading image assets/shared/images/noteSkins/NOTE_assets.png
2025-04-19 | 2:01.01 [INFO] - [4;90m[states.LoadingState/checkLoaded#147]:[0m finished preloading image assets/shared/images/HoldNoteEffect/holdCoverPurple.png
2025-04-19 | 2:01.05 [INFO] - [4;90m[states.LoadingState/initThread#486]:[0m finished preloading song shattered/Voices
2025-04-19 | 2:01.12 [INFO] - [4;90m[states.LoadingState/initThread#486]:[0m finished preloading song shattered/Inst
2025-04-19 | 2:01.14 [INFO] - [4;90m[states.PlayState/create#690]:[0m [rankData => [comboRank => , rating => , accuracy => 0], comboData => [swags => 0, totalNoteCount => 0, misses => 0, highestCombo => 0, maxCombo => 0, shits => 0, sicks => 0, combo => 0, bads => 0, goods => 0, totalNotesHit => 0, totalPlayed => 0], mainData => [opponentMode => false, score => 0, difficulty => 1, name => shattered]]shattered1
2025-04-19 | 2:02.40 [SLE_INFO] - [4;90m[slushi.slushiUtils.LyricsUtils/new#35]:[0m Lyrics JSON file not found!
2025-04-19 | 2:02.57 [INFO] - [4;90m[states.PlayState/create#836]:[0m current stage, farmSunset
2025-04-19 | 2:02.58 [INFO] - [4;90m[backend.stage.Stage/setupWeekDir#211]:[0m directory: shared
2025-04-19 | 2:02.59 [INFO] - [4;90m[backend.stage.Stage/setupStageProperties#101]:[0m STAGE INFO JSON ? assets/shared/data/stages/farmSunset.json
2025-04-19 | 2:02.60 [WARN] - [4;90m[backend.stage.Stage/setupStageProperties#107]:[0m farmSunset.json not found, using the default stage
2025-04-19 | 2:02.75 [INFO] - [4;90m[backend.song.Song/getChart#120]:[0m assets/shared/data/songs/shattered/events.json
2025-04-19 | 2:02.75 [INFO] - [4;90m[backend.song.Song/parseJSON#148]:[0m converting chart events with format unknown to psych_v1 format...
2025-04-19 | 2:04.40 [INFO] - [4;90m[states.PlayState/cacheCharacter#7920]:[0m found cube
2025-04-19 | 2:04.41 [INFO] - [4;90m[states.PlayState/cacheCharacter#7920]:[0m found cube
2025-04-19 | 2:04.42 [INFO] - [4;90m[states.PlayState/cacheCharacter#7920]:[0m found bf
2025-04-19 | 2:04.42 [INFO] - [4;90m[states.PlayState/cacheCharacter#7920]:[0m found angry-bambi
2025-04-19 | 2:04.90 [INFO] - [4;90m[states.PlayState/cacheCharacter#7920]:[0m found bambi-mad-guitar
2025-04-19 | 2:07.87 [INFO] - [4;90m[states.PlayState/startSong#2375]:[0m started loading!
2025-04-19 | 2:07.88 [WARN] - [4;90m[states.PlayState/update#3532]:[0m Warning! Delay is too fucking high!!
2025-04-19 | 2:07.93 [WARN] - [4;90m[states.PlayState/update#3532]:[0m Warning! Delay is too fucking high!!
2025-04-19 | 2:07.94 [WARN] - [4;90m[states.PlayState/update#3532]:[0m Warning! Delay is too fucking high!!
2025-04-19 | 2:07.95 [WARN] - [4;90m[states.PlayState/update#3532]:[0m Warning! Delay is too fucking high!!
2025-04-19 | 2:07.96 [WARN] - [4;90m[states.PlayState/update#3532]:[0m Warning! Delay is too fucking high!!
2025-04-19 | 2:07.98 [WARN] - [4;90m[states.PlayState/update#3532]:[0m Warning! Delay is too fucking high!!
2025-04-19 | 2:07.99 [WARN] - [4;90m[states.PlayState/update#3532]:[0m Warning! Delay is too fucking high!!
2025-04-19 | 2:08.00 [WARN] - [4;90m[states.PlayState/update#3532]:[0m Warning! Delay is too fucking high!!
2025-04-19 | 2:08.01 [WARN] - [4;90m[states.PlayState/update#3532]:[0m Warning! Delay is too fucking high!!
2025-04-19 | 2:08.03 [WARN] - [4;90m[states.PlayState/update#3532]:[0m Warning! Delay is too fucking high!!
2025-04-19 | 2:08.05 [WARN] - [4;90m[states.PlayState/update#3532]:[0m Warning! Delay is too fucking high!!
2025-04-19 | 2:15.53 [ERROR] - [4;90m[slushi.slushiUtils.crashHandler.CrashHandler/onUncaughtError#164]:[0m 
CRASH:
[38;5;1mCall Stack:
[4mslushi/states/freeplay/SlushiFreeplayState.hx#1289[24m
states/MusicBeatState.hx#144
slushi/states/freeplay/SlushiFreeplayState.hx#366
flixel/FlxState.hx#241
flixel/FlxGame.hx#750

Uncaught Error:
Null Object Reference[0m


2025-04-19 | 2:15.59 [INFO] - [4;90m[slushi.slushiUtils.crashHandler.CrashHandler/onUncaughtError#167]:[0m Starting Crash Handler in game
2025-04-19 | 2:15.67 [SLE_WARN] - [4;90m[slushi.slushiUtils.crashHandler.CrashHandler/onUncaughtError#76]:[0m Trying to make a another crash while is already in a crash with error: [Null Object Reference]. Crash counter: [0], skipping it...
2025-04-19 | 2:15.69 [SLE_WARN] - [4;90m[slushi.slushiUtils.crashHandler.CrashHandler/onUncaughtError#76]:[0m Trying to make a another crash while is already in a crash with error: [Null Object Reference]. Crash counter: [1], skipping it...
2025-04-19 | 2:15.70 [SLE_WARN] - [4;90m[slushi.slushiUtils.crashHandler.CrashHandler/onUncaughtError#76]:[0m Trying to make a another crash while is already in a crash with error: [Null Object Reference]. Crash counter: [2], skipping it...
2025-04-19 | 2:15.72 [SLE_WARN] - [4;90m[slushi.slushiUtils.crashHandler.CrashHandler/onUncaughtError#76]:[0m Trying to make a another crash while is already in a crash with error: [Null Object Reference]. Crash counter: [3], skipping it...
2025-04-19 | 2:15.73 [SLE_WARN] - [4;90m[slushi.slushiUtils.crashHandler.CrashHandler/onUncaughtError#76]:[0m Trying to make a another crash while is already in a crash with error: [Null Object Reference]. Crash counter: [4], skipping it...
2025-04-19 | 2:15.74 [SLE_WARN] - [4;90m[slushi.slushiUtils.crashHandler.CrashHandler/onUncaughtError#80]:[0m Too many crashes, quitting...
