2025-04-23 | 0:00.00 [INFO] - [4;90m[slushi.slushiUtils.Debug/onInitProgram#237]:[0m Debug logging initialized. Hello, developer.
2025-04-23 | 0:00.00 [INFO] - [4;90m[slushi.slushiUtils.Debug/onInitProgram#242]:[0m This is a RELEASE build.
2025-04-23 | 0:00.00 [INFO] - [4;90m[slushi.slushiUtils.Debug/onInitProgram#244]:[0m HaxeFlixel version: HaxeFlixel 5.9.0
2025-04-23 | 0:00.00 [SLE_INFO] - [4;90m[slushi.slushiUtils.Debug/onInitProgram#245]:[0m Slushi Engine version: 0.4.0
2025-04-23 | 0:00.00 [INFO] - [4;90m[slushi.slushiUtils.Debug/onInitProgram#246]:[0m SC Engine version: 1.5.2 (4eaf8c4)
2025-04-23 | 0:00.00 [INFO] - [4;90m[slushi.slushiUtils.Debug/onInitProgram#247]:[0m This is a custom build of PE. Current version: 1.04
2025-04-23 | 0:00.01 [INFO] - [4;90m[backend.DiscordClient/initialize#74]:[0m Discord Client initialized
2025-04-23 | 0:00.01 [INFO] - [4;90m[objects.AlphaCharacter/loadAlphabetData#312]:[0m Reloaded letters successfully (assets/shared/images/alphabet.json)!
2025-04-23 | 0:00.02 [SLE_INFO] - [4;90m[slushi.windows.WindowsFuncs/saveCurrentWindowsWallpaper#49]:[0m Wallpaper Path: C:\Users\yuyio\AppData\Roaming\Microsoft\Windows\Themes\TranscodedWallpaper
2025-04-23 | 0:00.02 [SLE_INFO] - [4;90m[slushi.windows.WindowsFuncs/saveCurrentWindowsWallpaper#50]:[0m Saving the path in a private variable...
2025-04-23 | 0:00.51 [SLE_INFO] - [4;90m[slushi.others.systemUtils.SystemInfo/formatSysInfo#159]:[0m 

System: Microsoft Windows 11 Home 10.0.22631
CPU: AMD Ryzen 7 5700X 8-Core Processor x86 64-Bit
GPU: AMD Radeon RX 6700 XT
Total RAM: 24 GB DDR4

2025-04-23 | 0:00.56 [SLE_INFO] - [4;90m[slushi.SlushiMain/getBuildVer#151]:[0m Checking for new version...
2025-04-23 | 0:00.94 [SLE_INFO] - [4;90m[slushi.SlushiMain/getBuildVer#170]:[0m Version online: [0.4.0], this version: [0.4.0]
2025-04-23 | 0:00.94 [SLE_INFO] - [4;90m[slushi.SlushiMain/getBuildVer#189]:[0m Versions are matching!
2025-04-23 | 0:02.02 [INFO] - [4;90m[backend.DiscordClient/onReady#52]:[0m (Discord) Connected to User (dddsss10_19168)
2025-04-23 | 0:38.87 [INFO] - [4;90m[slushi.states.freeplay.SlushiFreeplayState/moveToSong#948]:[0m CURRENT WEEK: extras
2025-04-23 | 0:38.87 [INFO] - [4;90m[backend.song.Song/getChart#120]:[0m assets/shared/data/songs/rsod/rsod.json
2025-04-23 | 0:38.91 [INFO] - [4;90m[backend.song.Song/loadFromJson#102]:[0m assets/shared/data/songs/rsod/rsod.json
2025-04-23 | 0:38.91 [INFO] - [4;90m[backend.song.Song/loadFromJson#103]:[0m assets\shared\data\songs\rsod\rsod.json
2025-04-23 | 0:38.92 [INFO] - [4;90m[slushi.states.freeplay.SlushiFreeplayState/moveToSong#956]:[0m rsod
2025-04-23 | 0:38.92 [INFO] - [4;90m[states.LoadingState/loadNextDirectory#165]:[0m Setting asset folder to shared
2025-04-23 | 0:38.98 [WARN] - [4;90m[states.LoadingState/clearInvalidFrom#455]:[0m Removed invalid images: characters/bf/BOYFRIEND
2025-04-23 | 0:38.98 [WARN] - [4;90m[states.LoadingState/clearInvalidFrom#455]:[0m Removed invalid images: characters/bombai/bombai
2025-04-23 | 0:39.29 [INFO] - [4;90m[states.LoadingState/initThread#486]:[0m finished preloading image HoldNoteEffect/holdCoverPurple
2025-04-23 | 0:39.29 [INFO] - [4;90m[states.LoadingState/initThread#486]:[0m finished preloading image HoldNoteEffect/holdCoverPurple
2025-04-23 | 0:39.30 [INFO] - [4;90m[states.LoadingState/initThread#486]:[0m finished preloading image HoldNoteEffect/holdCoverBlue
2025-04-23 | 0:39.48 [INFO] - [4;90m[states.LoadingState/initThread#486]:[0m finished preloading image HoldNoteEffect/holdCoverGreen
2025-04-23 | 0:39.62 [INFO] - [4;90m[states.LoadingState/initThread#486]:[0m finished preloading image noteSplashes/noteSplashes
2025-04-23 | 0:39.93 [INFO] - [4;90m[states.LoadingState/checkLoaded#147]:[0m finished preloading image assets/shared/images/HoldNoteEffect/holdCoverGreen.png
2025-04-23 | 0:39.93 [INFO] - [4;90m[states.LoadingState/checkLoaded#147]:[0m finished preloading image assets/shared/images/noteSplashes/noteSplashes.png
2025-04-23 | 0:39.93 [INFO] - [4;90m[states.LoadingState/checkLoaded#147]:[0m finished preloading image assets/shared/images/HoldNoteEffect/holdCoverBlue.png
2025-04-23 | 0:39.93 [INFO] - [4;90m[states.LoadingState/checkLoaded#147]:[0m finished preloading image assets/shared/images/HoldNoteEffect/holdCoverPurple.png
2025-04-23 | 0:39.94 [INFO] - [4;90m[states.LoadingState/initThread#486]:[0m finished preloading image noteSkins/NOTE_assets
2025-04-23 | 0:39.94 [INFO] - [4;90m[states.LoadingState/initThread#486]:[0m finished preloading image noteSkins/NOTE_assets
2025-04-23 | 0:40.01 [INFO] - [4;90m[states.LoadingState/checkLoaded#147]:[0m finished preloading image assets/shared/images/noteSkins/NOTE_assets.png
2025-04-23 | 0:40.22 [INFO] - [4;90m[states.LoadingState/initThread#486]:[0m finished preloading image characters/GF_assets
2025-04-23 | 0:40.47 [INFO] - [4;90m[states.LoadingState/initThread#486]:[0m finished preloading song rsod/Inst
2025-04-23 | 0:40.66 [INFO] - [4;90m[states.LoadingState/initThread#486]:[0m finished preloading song rsod/Voices
2025-04-23 | 0:40.95 [INFO] - [4;90m[states.LoadingState/checkLoaded#147]:[0m finished preloading image assets/shared/images/characters/GF_assets.png
2025-04-23 | 0:40.97 [INFO] - [4;90m[states.PlayState/create#691]:[0m { mainData => { difficulty => 1, name => rsod, opponentMode => false, score => 0 }, rankData => { rating => , accuracy => 0, comboRank =>  }, comboData => { swags => 0, goods => 0, totalNotesHit => 0, maxCombo => 0, totalPlayed => 0, highestCombo => 0, bads => 0, combo => 0, misses => 0, totalNoteCount => 0, shits => 0, sicks => 0 } }rsod1
2025-04-23 | 0:41.67 [SLE_INFO] - [4;90m[slushi.slushiUtils.LyricsUtils/new#35]:[0m Lyrics JSON file not found!
2025-04-23 | 0:42.21 [INFO] - [4;90m[states.PlayState/create#837]:[0m current stage, bobuRsod
2025-04-23 | 0:42.21 [INFO] - [4;90m[backend.stage.Stage/setupWeekDir#193]:[0m directory: shared
2025-04-23 | 0:42.21 [INFO] - [4;90m[backend.stage.Stage/setupStageProperties#101]:[0m STAGE INFO JSON ? assets/shared/data/stages/bobuRsod.json
2025-04-23 | 0:44.21 [INFO] - [4;90m[states.PlayState/cacheCharacter#7924]:[0m found bombai-front
2025-04-23 | 0:44.27 [INFO] - [4;90m[states.PlayState/cacheCharacter#7924]:[0m found camera-empty-for-bf2
2025-04-23 | 0:44.27 [INFO] - [4;90m[states.PlayState/cacheCharacter#7924]:[0m found bombai
2025-04-23 | 0:44.27 [INFO] - [4;90m[states.PlayState/cacheCharacter#7924]:[0m found bf
2025-04-23 | 0:46.62 [INFO] - [4;90m[states.PlayState/startSong#2376]:[0m started loading!
2025-04-23 | 0:52.92 [SLE_INFO] - [4;90m[slushi.SlushiMain/onCloseWindow#105]:[0m Reseting all C++ functions...

