2025-05-03 | 0:00.00 [INFO] - [4;90m[slushi.slushiUtils.Debug/onInitProgram#237]:[0m Debug logging initialized. Hello, developer.
2025-05-03 | 0:00.01 [INFO] - [4;90m[slushi.slushiUtils.Debug/onInitProgram#242]:[0m This is a RELEASE build.
2025-05-03 | 0:00.03 [INFO] - [4;90m[slushi.slushiUtils.Debug/onInitProgram#244]:[0m HaxeFlixel version: HaxeFlixel 5.9.0
2025-05-03 | 0:00.04 [SLE_INFO] - [4;90m[slushi.slushiUtils.Debug/onInitProgram#245]:[0m Slushi Engine version: 0.4.0
2025-05-03 | 0:00.06 [INFO] - [4;90m[slushi.slushiUtils.Debug/onInitProgram#246]:[0m SC Engine version: 1.5.2 (4eaf8c4)
2025-05-03 | 0:00.07 [INFO] - [4;90m[slushi.slushiUtils.Debug/onInitProgram#247]:[0m This is a custom build of PE. Current version: 1.04
2025-05-03 | 0:00.10 [INFO] - [4;90m[backend.DiscordClient/initialize#74]:[0m Discord Client initialized
2025-05-03 | 0:00.11 [INFO] - [4;90m[objects.AlphaCharacter/loadAlphabetData#312]:[0m Reloaded letters successfully (assets/shared/images/alphabet.json)!
2025-05-03 | 0:00.13 [SLE_INFO] - [4;90m[slushi.windows.WindowsFuncs/saveCurrentWindowsWallpaper#49]:[0m Wallpaper Path: C:\Users\yuyio\AppData\Roaming\Microsoft\Windows\Themes\TranscodedWallpaper
2025-05-03 | 0:00.16 [SLE_INFO] - [4;90m[slushi.windows.WindowsFuncs/saveCurrentWindowsWallpaper#50]:[0m Saving the path in a private variable...
2025-05-03 | 0:00.58 [SLE_INFO] - [4;90m[slushi.others.systemUtils.SystemInfo/formatSysInfo#159]:[0m 

System: Microsoft Windows 11 Home 10.0.22631
CPU: AMD Ryzen 7 5700X 8-Core Processor x86 64-Bit
GPU: AMD Radeon RX 6700 XT
Total RAM: 24 GB DDR4

2025-05-03 | 0:00.64 [SLE_INFO] - [4;90m[slushi.SlushiMain/getBuildVer#151]:[0m Checking for new version...
2025-05-03 | 0:00.92 [SLE_INFO] - [4;90m[slushi.SlushiMain/getBuildVer#170]:[0m Version online: [0.4.0], this version: [0.4.0]
2025-05-03 | 0:00.94 [SLE_INFO] - [4;90m[slushi.SlushiMain/getBuildVer#189]:[0m Versions are matching!
2025-05-03 | 0:02.12 [INFO] - [4;90m[backend.DiscordClient/onReady#52]:[0m (Discord) Connected to User (yuyioyt)
2025-05-03 | 0:22.13 [ERROR] - [4;90m[backend.DiscordClient/onError#58]:[0m Discord: Error (1000: Request has been terminated
Possible causes: the network is offline, Origin is not allowed by Access-Control-Allow-Origin, the page is being unloaded, etc.)
2025-05-03 | 0:24.15 [ERROR] - [4;90m[backend.DiscordClient/onError#58]:[0m Discord: Error (1000: Request has been terminated
Possible causes: the network is offline, Origin is not allowed by Access-Control-Allow-Origin, the page is being unloaded, etc.)
2025-05-03 | 0:26.18 [ERROR] - [4;90m[backend.DiscordClient/onError#58]:[0m Discord: Error (1000: Request has been terminated
Possible causes: the network is offline, Origin is not allowed by Access-Control-Allow-Origin, the page is being unloaded, etc.)
2025-05-03 | 0:28.20 [ERROR] - [4;90m[backend.DiscordClient/onError#58]:[0m Discord: Error (1000: Request has been terminated
Possible causes: the network is offline, Origin is not allowed by Access-Control-Allow-Origin, the page is being unloaded, etc.)
2025-05-03 | 0:30.22 [ERROR] - [4;90m[backend.DiscordClient/onError#58]:[0m Discord: Error (1000: Request has been terminated
Possible causes: the network is offline, Origin is not allowed by Access-Control-Allow-Origin, the page is being unloaded, etc.)
2025-05-03 | 0:32.24 [ERROR] - [4;90m[backend.DiscordClient/onError#58]:[0m Discord: Error (1000: Request has been terminated
Possible causes: the network is offline, Origin is not allowed by Access-Control-Allow-Origin, the page is being unloaded, etc.)
2025-05-03 | 0:34.27 [ERROR] - [4;90m[backend.DiscordClient/onError#58]:[0m Discord: Error (1000: Request has been terminated
Possible causes: the network is offline, Origin is not allowed by Access-Control-Allow-Origin, the page is being unloaded, etc.)
2025-05-03 | 0:36.29 [ERROR] - [4;90m[backend.DiscordClient/onError#58]:[0m Discord: Error (1000: Request has been terminated
Possible causes: the network is offline, Origin is not allowed by Access-Control-Allow-Origin, the page is being unloaded, etc.)
2025-05-03 | 0:38.31 [ERROR] - [4;90m[backend.DiscordClient/onError#58]:[0m Discord: Error (1000: Request has been terminated
Possible causes: the network is offline, Origin is not allowed by Access-Control-Allow-Origin, the page is being unloaded, etc.)
2025-05-03 | 0:40.34 [ERROR] - [4;90m[backend.DiscordClient/onError#58]:[0m Discord: Error (1000: Request has been terminated
Possible causes: the network is offline, Origin is not allowed by Access-Control-Allow-Origin, the page is being unloaded, etc.)
2025-05-03 | 0:42.36 [ERROR] - [4;90m[backend.DiscordClient/onError#58]:[0m Discord: Error (1000: Request has been terminated
Possible causes: the network is offline, Origin is not allowed by Access-Control-Allow-Origin, the page is being unloaded, etc.)
2025-05-03 | 0:44.39 [ERROR] - [4;90m[backend.DiscordClient/onError#58]:[0m Discord: Error (1000: Request has been terminated
Possible causes: the network is offline, Origin is not allowed by Access-Control-Allow-Origin, the page is being unloaded, etc.)
2025-05-03 | 0:46.41 [ERROR] - [4;90m[backend.DiscordClient/onError#58]:[0m Discord: Error (1000: Request has been terminated
Possible causes: the network is offline, Origin is not allowed by Access-Control-Allow-Origin, the page is being unloaded, etc.)
2025-05-03 | 0:46.73 [INFO] - [4;90m[slushi.states.freeplay.SlushiFreeplayState/moveToSong#948]:[0m CURRENT WEEK: extras
2025-05-03 | 0:46.74 [INFO] - [4;90m[backend.song.Song/getChart#120]:[0m assets/shared/data/songs/rsod/rsod.json
2025-05-03 | 0:46.78 [INFO] - [4;90m[backend.song.Song/loadFromJson#102]:[0m assets/shared/data/songs/rsod/rsod.json
2025-05-03 | 0:46.79 [INFO] - [4;90m[backend.song.Song/loadFromJson#103]:[0m assets\shared\data\songs\rsod\rsod.json
2025-05-03 | 0:46.80 [INFO] - [4;90m[slushi.states.freeplay.SlushiFreeplayState/moveToSong#956]:[0m rsod
2025-05-03 | 0:46.82 [INFO] - [4;90m[states.LoadingState/loadNextDirectory#165]:[0m Setting asset folder to shared
2025-05-03 | 0:46.83 [WARN] - [4;90m[states.LoadingState/clearInvalidFrom#455]:[0m Removed invalid images: characters/bf/BOYFRIEND
2025-05-03 | 0:46.84 [WARN] - [4;90m[states.LoadingState/clearInvalidFrom#455]:[0m Removed invalid images: characters/bombai/bombai
2025-05-03 | 0:46.86 [INFO] - [4;90m[states.LoadingState/initThread#486]:[0m finished preloading image HoldNoteEffect/holdCoverPurple
2025-05-03 | 0:46.86 [INFO] - [4;90m[states.LoadingState/initThread#486]:[0m finished preloading image HoldNoteEffect/holdCoverBlue
2025-05-03 | 0:46.86 [INFO] - [4;90m[states.LoadingState/initThread#486]:[0m finished preloading image HoldNoteEffect/holdCoverGreen
2025-05-03 | 0:46.86 [INFO] - [4;90m[states.LoadingState/initThread#486]:[0m finished preloading image HoldNoteEffect/holdCoverPurple
2025-05-03 | 0:46.87 [INFO] - [4;90m[states.LoadingState/initThread#486]:[0m finished preloading image noteSplashes/noteSplashes
2025-05-03 | 0:46.88 [INFO] - [4;90m[states.LoadingState/initThread#486]:[0m finished preloading image noteSkins/NOTE_assets
2025-05-03 | 0:46.88 [INFO] - [4;90m[states.LoadingState/initThread#486]:[0m finished preloading image noteSkins/NOTE_assets
2025-05-03 | 0:47.31 [INFO] - [4;90m[states.LoadingState/initThread#486]:[0m finished preloading image characters/GF_assets
2025-05-03 | 0:47.57 [INFO] - [4;90m[states.LoadingState/initThread#486]:[0m finished preloading song rsod/Inst
2025-05-03 | 0:47.59 [INFO] - [4;90m[states.LoadingState/checkLoaded#147]:[0m finished preloading image assets/shared/images/noteSplashes/noteSplashes.png
2025-05-03 | 0:47.60 [INFO] - [4;90m[states.LoadingState/checkLoaded#147]:[0m finished preloading image assets/shared/images/HoldNoteEffect/holdCoverBlue.png
2025-05-03 | 0:47.68 [INFO] - [4;90m[states.LoadingState/initThread#486]:[0m finished preloading song rsod/Voices
2025-05-03 | 0:47.81 [INFO] - [4;90m[states.LoadingState/checkLoaded#147]:[0m finished preloading image assets/shared/images/characters/GF_assets.png
2025-05-03 | 0:47.83 [INFO] - [4;90m[states.LoadingState/checkLoaded#147]:[0m finished preloading image assets/shared/images/HoldNoteEffect/holdCoverGreen.png
2025-05-03 | 0:47.85 [INFO] - [4;90m[states.LoadingState/checkLoaded#147]:[0m finished preloading image assets/shared/images/noteSkins/NOTE_assets.png
2025-05-03 | 0:47.86 [INFO] - [4;90m[states.LoadingState/checkLoaded#147]:[0m finished preloading image assets/shared/images/HoldNoteEffect/holdCoverPurple.png
2025-05-03 | 0:47.91 [INFO] - [4;90m[states.PlayState/create#839]:[0m [rankData => [comboRank => , rating => , accuracy => 0], comboData => [swags => 0, totalNoteCount => 0, maxCombo => 0, misses => 0, highestCombo => 0, shits => 0, sicks => 0, combo => 0, bads => 0, goods => 0, totalNotesHit => 0, totalPlayed => 0], mainData => [opponentMode => false, score => 0, difficulty => 1, name => rsod]]rsod1
2025-05-03 | 0:47.95 [SLE_INFO] - [4;90m[slushi.slushiUtils.LyricsUtils/new#35]:[0m Lyrics JSON file not found!
2025-05-03 | 0:48.44 [ERROR] - [4;90m[backend.DiscordClient/onError#58]:[0m Discord: Error (1000: Request has been terminated
Possible causes: the network is offline, Origin is not allowed by Access-Control-Allow-Origin, the page is being unloaded, etc.)
2025-05-03 | 0:48.93 [INFO] - [4;90m[states.PlayState/create#961]:[0m current stage, bobuRsod
2025-05-03 | 0:48.94 [INFO] - [4;90m[backend.stage.Stage/setupWeekDir#193]:[0m directory: shared
2025-05-03 | 0:48.95 [INFO] - [4;90m[backend.stage.Stage/setupStageProperties#101]:[0m STAGE INFO JSON ? assets/shared/data/stages/bobuRsod.json
2025-05-03 | 0:50.45 [INFO] - [4;90m[states.PlayState/cacheCharacter#9830]:[0m found bombai-front
2025-05-03 | 0:50.48 [INFO] - [4;90m[states.PlayState/cacheCharacter#9830]:[0m found camera-empty-for-bf2
2025-05-03 | 0:50.49 [INFO] - [4;90m[states.PlayState/cacheCharacter#9830]:[0m found bombai
2025-05-03 | 0:50.51 [INFO] - [4;90m[states.PlayState/cacheCharacter#9830]:[0m found bf
2025-05-03 | 0:52.61 [INFO] - [4;90m[states.PlayState/startSong#2638]:[0m started loading!
2025-05-03 | 0:52.63 [WARN] - [4;90m[states.PlayState/update#4209]:[0m Warning! Delay is too fucking high!!
2025-05-03 | 0:52.65 [WARN] - [4;90m[states.PlayState/update#4209]:[0m Warning! Delay is too fucking high!!
2025-05-03 | 0:52.68 [WARN] - [4;90m[states.PlayState/update#4209]:[0m Warning! Delay is too fucking high!!
2025-05-03 | 0:52.86 [WARN] - [4;90m[states.PlayState/update#4209]:[0m Warning! Delay is too fucking high!!
2025-05-03 | 0:52.88 [WARN] - [4;90m[states.PlayState/update#4209]:[0m Warning! Delay is too fucking high!!
2025-05-03 | 1:19.68 [SLE_INFO] - [4;90m[slushi.SlushiMain/onCloseWindow#105]:[0m Reseting all C++ functions...

2025-05-03 | 1:19.69 [WARN] - [4;90m[states.PlayState/update#4209]:[0m Warning! Delay is too fucking high!!
2025-05-03 | 1:19.71 [WARN] - [4;90m[states.PlayState/update#4209]:[0m Warning! Delay is too fucking high!!
2025-05-03 | 1:19.72 [WARN] - [4;90m[states.PlayState/update#4209]:[0m Warning! Delay is too fucking high!!
2025-05-03 | 1:19.74 [WARN] - [4;90m[states.PlayState/update#4209]:[0m Warning! Delay is too fucking high!!
2025-05-03 | 1:19.76 [WARN] - [4;90m[states.PlayState/update#4209]:[0m Warning! Delay is too fucking high!!
2025-05-03 | 1:19.78 [WARN] - [4;90m[states.PlayState/update#4209]:[0m Warning! Delay is too fucking high!!
