2025-05-03 | 0:00.00 [INFO] - [4;90m[slushi.slushiUtils.Debug/onInitProgram#237]:[0m Debug logging initialized. Hello, developer.
2025-05-03 | 0:00.01 [INFO] - [4;90m[slushi.slushiUtils.Debug/onInitProgram#242]:[0m This is a RELEASE build.
2025-05-03 | 0:00.02 [INFO] - [4;90m[slushi.slushiUtils.Debug/onInitProgram#244]:[0m HaxeFlixel version: HaxeFlixel 5.9.0
2025-05-03 | 0:00.04 [SLE_INFO] - [4;90m[slushi.slushiUtils.Debug/onInitProgram#245]:[0m Slushi Engine version: 0.4.0
2025-05-03 | 0:00.05 [INFO] - [4;90m[slushi.slushiUtils.Debug/onInitProgram#246]:[0m SC Engine version: 1.5.2 (4eaf8c4)
2025-05-03 | 0:00.06 [INFO] - [4;90m[slushi.slushiUtils.Debug/onInitProgram#247]:[0m This is a custom build of PE. Current version: 1.04
2025-05-03 | 0:00.09 [INFO] - [4;90m[backend.DiscordClient/initialize#74]:[0m Discord Client initialized
2025-05-03 | 0:00.10 [INFO] - [4;90m[objects.AlphaCharacter/loadAlphabetData#312]:[0m Reloaded letters successfully (assets/shared/images/alphabet.json)!
2025-05-03 | 0:00.12 [SLE_INFO] - [4;90m[slushi.windows.WindowsFuncs/saveCurrentWindowsWallpaper#49]:[0m Wallpaper Path: C:\Users\yuyio\AppData\Roaming\Microsoft\Windows\Themes\TranscodedWallpaper
2025-05-03 | 0:00.14 [SLE_INFO] - [4;90m[slushi.windows.WindowsFuncs/saveCurrentWindowsWallpaper#50]:[0m Saving the path in a private variable...
2025-05-03 | 0:00.46 [SLE_INFO] - [4;90m[slushi.others.systemUtils.SystemInfo/formatSysInfo#159]:[0m 

System: Microsoft Windows 11 Home 10.0.22631
CPU: AMD Ryzen 7 5700X 8-Core Processor x86 64-Bit
GPU: AMD Radeon RX 6700 XT
Total RAM: 24 GB DDR4

2025-05-03 | 0:00.50 [SLE_INFO] - [4;90m[slushi.SlushiMain/getBuildVer#151]:[0m Checking for new version...
2025-05-03 | 0:00.89 [SLE_INFO] - [4;90m[slushi.SlushiMain/getBuildVer#170]:[0m Version online: [0.4.0], this version: [0.4.0]
2025-05-03 | 0:00.90 [SLE_INFO] - [4;90m[slushi.SlushiMain/getBuildVer#189]:[0m Versions are matching!
2025-05-03 | 0:02.10 [INFO] - [4;90m[backend.DiscordClient/onReady#52]:[0m (Discord) Connected to User (yuyioyt)
2025-05-03 | 0:14.23 [INFO] - [4;90m[slushi.states.freeplay.SlushiFreeplayState/moveToSong#948]:[0m CURRENT WEEK: week1
2025-05-03 | 0:14.24 [INFO] - [4;90m[backend.song.Song/getChart#120]:[0m assets/shared/data/songs/shattered/shattered.json
2025-05-03 | 0:14.26 [INFO] - [4;90m[backend.song.Song/parseJSON#148]:[0m converting chart shattered with format unknown to psych_v1 format...
2025-05-03 | 0:14.28 [INFO] - [4;90m[backend.song.Song/loadFromJson#102]:[0m assets/shared/data/songs/shattered/shattered.json
2025-05-03 | 0:14.29 [INFO] - [4;90m[backend.song.Song/loadFromJson#103]:[0m assets\shared\data\songs\shattered\shattered.json
2025-05-03 | 0:14.30 [INFO] - [4;90m[slushi.states.freeplay.SlushiFreeplayState/moveToSong#956]:[0m shattered
2025-05-03 | 0:14.32 [WARN] - [4;90m[states.LoadingState/clearInvalidFrom#455]:[0m Removed invalid images: characters/bf/BOYFRIEND
2025-05-03 | 0:14.32 [INFO] - [4;90m[states.LoadingState/loadNextDirectory#165]:[0m Setting asset folder to shared
2025-05-03 | 0:14.34 [INFO] - [4;90m[states.LoadingState/initThread#486]:[0m finished preloading image HoldNoteEffect/holdCoverBlue
2025-05-03 | 0:14.34 [INFO] - [4;90m[states.LoadingState/initThread#486]:[0m finished preloading image HoldNoteEffect/holdCoverPurple
2025-05-03 | 0:14.34 [INFO] - [4;90m[states.LoadingState/initThread#486]:[0m finished preloading image HoldNoteEffect/holdCoverGreen
2025-05-03 | 0:14.34 [INFO] - [4;90m[states.LoadingState/initThread#486]:[0m finished preloading image HoldNoteEffect/holdCoverPurple
2025-05-03 | 0:14.35 [INFO] - [4;90m[states.LoadingState/initThread#486]:[0m finished preloading image noteSplashes/noteSplashes
2025-05-03 | 0:14.36 [INFO] - [4;90m[states.LoadingState/initThread#486]:[0m finished preloading image noteSkins/NOTE_assets
2025-05-03 | 0:14.36 [INFO] - [4;90m[states.LoadingState/initThread#486]:[0m finished preloading image noteSkins/NOTE_assets
2025-05-03 | 0:14.85 [INFO] - [4;90m[states.LoadingState/initThread#486]:[0m finished preloading image characters/bambi/Angry Bambi
2025-05-03 | 0:14.90 [INFO] - [4;90m[states.LoadingState/initThread#486]:[0m finished preloading image characters/GF_assets
2025-05-03 | 0:15.11 [INFO] - [4;90m[states.LoadingState/initThread#486]:[0m finished preloading song shattered/Voices
2025-05-03 | 0:15.12 [INFO] - [4;90m[states.LoadingState/initThread#486]:[0m finished preloading song shattered/Inst
2025-05-03 | 0:15.18 [INFO] - [4;90m[states.LoadingState/checkLoaded#147]:[0m finished preloading image assets/shared/images/noteSplashes/noteSplashes.png
2025-05-03 | 0:15.19 [INFO] - [4;90m[states.LoadingState/checkLoaded#147]:[0m finished preloading image assets/shared/images/HoldNoteEffect/holdCoverBlue.png
2025-05-03 | 0:15.32 [INFO] - [4;90m[states.LoadingState/checkLoaded#147]:[0m finished preloading image assets/shared/images/characters/GF_assets.png
2025-05-03 | 0:15.34 [INFO] - [4;90m[states.LoadingState/checkLoaded#147]:[0m finished preloading image assets/shared/images/HoldNoteEffect/holdCoverGreen.png
2025-05-03 | 0:15.52 [INFO] - [4;90m[states.LoadingState/checkLoaded#147]:[0m finished preloading image assets/shared/images/characters/bambi/Angry Bambi.png
2025-05-03 | 0:15.54 [INFO] - [4;90m[states.LoadingState/checkLoaded#147]:[0m finished preloading image assets/shared/images/noteSkins/NOTE_assets.png
2025-05-03 | 0:15.55 [INFO] - [4;90m[states.LoadingState/checkLoaded#147]:[0m finished preloading image assets/shared/images/HoldNoteEffect/holdCoverPurple.png
2025-05-03 | 0:15.62 [INFO] - [4;90m[states.PlayState/create#839]:[0m [rankData => [comboRank => , rating => , accuracy => 0], comboData => [swags => 0, totalNoteCount => 0, highestCombo => 0, maxCombo => 0, misses => 0, shits => 0, sicks => 0, combo => 0, bads => 0, goods => 0, totalNotesHit => 0, totalPlayed => 0], mainData => [opponentMode => false, score => 0, difficulty => 1, name => shattered]]shattered1
2025-05-03 | 0:15.65 [SLE_INFO] - [4;90m[slushi.slushiUtils.LyricsUtils/new#35]:[0m Lyrics JSON file not found!
2025-05-03 | 0:15.83 [INFO] - [4;90m[states.PlayState/create#961]:[0m current stage, farmSunset
2025-05-03 | 0:15.84 [INFO] - [4;90m[backend.stage.Stage/setupWeekDir#193]:[0m directory: shared
2025-05-03 | 0:15.85 [INFO] - [4;90m[backend.stage.Stage/setupStageProperties#101]:[0m STAGE INFO JSON ? assets/shared/data/stages/farmSunset.json
2025-05-03 | 0:15.86 [WARN] - [4;90m[backend.stage.Stage/setupStageProperties#107]:[0m farmSunset.json not found, using the default stage
2025-05-03 | 0:16.14 [INFO] - [4;90m[backend.song.Song/getChart#120]:[0m assets/shared/data/songs/shattered/events.json
2025-05-03 | 0:16.16 [INFO] - [4;90m[backend.song.Song/parseJSON#148]:[0m converting chart events with format unknown to psych_v1 format...
2025-05-03 | 0:17.97 [INFO] - [4;90m[states.PlayState/cacheCharacter#9830]:[0m found cube
2025-05-03 | 0:17.98 [INFO] - [4;90m[states.PlayState/cacheCharacter#9830]:[0m found cube
2025-05-03 | 0:18.00 [INFO] - [4;90m[states.PlayState/cacheCharacter#9830]:[0m found bf
2025-05-03 | 0:18.01 [INFO] - [4;90m[states.PlayState/cacheCharacter#9830]:[0m found angry-bambi
2025-05-03 | 0:18.50 [INFO] - [4;90m[states.PlayState/cacheCharacter#9830]:[0m found bambi-mad-guitar
2025-05-03 | 0:20.96 [INFO] - [4;90m[states.PlayState/startSong#2638]:[0m started loading!
2025-05-03 | 0:20.97 [WARN] - [4;90m[states.PlayState/update#4209]:[0m Warning! Delay is too fucking high!!
2025-05-03 | 0:20.99 [WARN] - [4;90m[states.PlayState/update#4209]:[0m Warning! Delay is too fucking high!!
2025-05-03 | 0:21.00 [WARN] - [4;90m[states.PlayState/update#4209]:[0m Warning! Delay is too fucking high!!
2025-05-03 | 0:21.02 [WARN] - [4;90m[states.PlayState/update#4209]:[0m Warning! Delay is too fucking high!!
2025-05-03 | 0:21.04 [WARN] - [4;90m[states.PlayState/update#4209]:[0m Warning! Delay is too fucking high!!
2025-05-03 | 0:21.06 [WARN] - [4;90m[states.PlayState/update#4209]:[0m Warning! Delay is too fucking high!!
2025-05-03 | 0:21.08 [WARN] - [4;90m[states.PlayState/update#4209]:[0m Warning! Delay is too fucking high!!
2025-05-03 | 0:21.10 [WARN] - [4;90m[states.PlayState/update#4209]:[0m Warning! Delay is too fucking high!!
2025-05-03 | 0:51.38 [INFO] - [4;90m[backend.song.Song/getChart#120]:[0m assets/shared/data/songs/shattered/shattered.json
2025-05-03 | 0:51.40 [INFO] - [4;90m[backend.song.Song/parseJSON#148]:[0m converting chart shattered with format unknown to psych_v1 format...
2025-05-03 | 0:51.42 [INFO] - [4;90m[backend.song.Song/loadFromJson#102]:[0m assets/shared/data/songs/shattered/shattered.json
2025-05-03 | 0:51.43 [INFO] - [4;90m[backend.song.Song/loadFromJson#103]:[0m assets\shared\data\songs\shattered\shattered.json
2025-05-03 | 0:54.58 [INFO] - [4;90m[slushi.states.freeplay.SlushiFreeplayState/moveToSong#948]:[0m CURRENT WEEK: week1
2025-05-03 | 0:54.59 [INFO] - [4;90m[backend.song.Song/getChart#120]:[0m assets/shared/data/songs/fallowed/fallowed.json
2025-05-03 | 0:54.62 [INFO] - [4;90m[backend.song.Song/parseJSON#148]:[0m converting chart fallowed with format unknown to psych_v1 format...
2025-05-03 | 0:54.64 [INFO] - [4;90m[backend.song.Song/loadFromJson#102]:[0m assets/shared/data/songs/fallowed/fallowed.json
2025-05-03 | 0:54.65 [INFO] - [4;90m[backend.song.Song/loadFromJson#103]:[0m assets\shared\data\songs\fallowed\fallowed.json
2025-05-03 | 0:54.66 [INFO] - [4;90m[slushi.states.freeplay.SlushiFreeplayState/moveToSong#956]:[0m fallowed
2025-05-03 | 0:54.67 [WARN] - [4;90m[states.LoadingState/clearInvalidFrom#455]:[0m Removed invalid images: characters/bf/BOYFRIEND
2025-05-03 | 0:54.67 [INFO] - [4;90m[states.LoadingState/loadNextDirectory#165]:[0m Setting asset folder to shared
2025-05-03 | 0:54.69 [WARN] - [4;90m[states.LoadingState/clearInvalidFrom#455]:[0m Removed invalid songs: fallowed/Inst
2025-05-03 | 0:54.71 [INFO] - [4;90m[states.LoadingState/initThread#486]:[0m finished preloading image noteSkins/NOTE_assets
2025-05-03 | 0:54.71 [INFO] - [4;90m[states.LoadingState/initThread#486]:[0m finished preloading image noteSplashes/noteSplashes
2025-05-03 | 0:54.71 [INFO] - [4;90m[states.LoadingState/initThread#486]:[0m finished preloading image noteSkins/NOTE_assets
2025-05-03 | 0:54.71 [INFO] - [4;90m[states.LoadingState/initThread#486]:[0m finished preloading image characters/GF_assets
2025-05-03 | 0:54.71 [INFO] - [4;90m[states.LoadingState/initThread#486]:[0m finished preloading image HoldNoteEffect/holdCoverBlue
2025-05-03 | 0:54.71 [INFO] - [4;90m[states.LoadingState/initThread#486]:[0m finished preloading image HoldNoteEffect/holdCoverPurple
2025-05-03 | 0:54.71 [INFO] - [4;90m[states.LoadingState/initThread#486]:[0m finished preloading image HoldNoteEffect/holdCoverPurple
2025-05-03 | 0:54.71 [INFO] - [4;90m[states.LoadingState/initThread#486]:[0m finished preloading image HoldNoteEffect/holdCoverGreen
2025-05-03 | 0:54.95 [INFO] - [4;90m[states.LoadingState/initThread#486]:[0m finished preloading image characters/bambi/bambi-rage
2025-05-03 | 0:55.51 [INFO] - [4;90m[states.LoadingState/checkLoaded#147]:[0m finished preloading image assets/shared/images/characters/bambi/bambi-rage.png
2025-05-03 | 0:55.52 [INFO] - [4;90m[states.LoadingState/checkLoaded#147]:[0m finished preloading image assets/shared/images/HoldNoteEffect/holdCoverGreen.png
2025-05-03 | 0:55.53 [INFO] - [4;90m[states.LoadingState/checkLoaded#147]:[0m finished preloading image assets/shared/images/HoldNoteEffect/holdCoverPurple.png
2025-05-03 | 0:55.55 [INFO] - [4;90m[states.LoadingState/checkLoaded#147]:[0m finished preloading image assets/shared/images/HoldNoteEffect/holdCoverBlue.png
2025-05-03 | 0:55.61 [INFO] - [4;90m[states.PlayState/create#839]:[0m [rankData => [comboRank => , rating => , accuracy => 0], comboData => [swags => 0, totalNoteCount => 0, highestCombo => 0, maxCombo => 0, misses => 0, shits => 0, sicks => 0, combo => 0, bads => 0, goods => 0, totalNotesHit => 0, totalPlayed => 0], mainData => [opponentMode => false, score => 0, difficulty => 1, name => fallowed]]fallowed1
2025-05-03 | 0:55.65 [SLE_INFO] - [4;90m[slushi.slushiUtils.LyricsUtils/new#35]:[0m Lyrics JSON file not found!
2025-05-03 | 0:55.67 [INFO] - [4;90m[states.PlayState/create#961]:[0m current stage, farmNight
2025-05-03 | 0:55.68 [INFO] - [4;90m[backend.stage.Stage/setupWeekDir#193]:[0m directory: shared
2025-05-03 | 0:55.69 [INFO] - [4;90m[backend.stage.Stage/setupStageProperties#101]:[0m STAGE INFO JSON ? assets/shared/data/stages/farmNight.json
2025-05-03 | 0:55.70 [WARN] - [4;90m[backend.stage.Stage/setupStageProperties#107]:[0m farmNight.json not found, using the default stage
2025-05-03 | 0:56.80 [INFO] - [4;90m[backend.song.Song/getChart#120]:[0m assets/shared/data/songs/fallowed/events.json
2025-05-03 | 0:56.82 [INFO] - [4;90m[backend.song.Song/parseJSON#148]:[0m converting chart events with format unknown to psych_v1 format...
2025-05-03 | 0:57.97 [INFO] - [4;90m[states.PlayState/cacheCharacter#9830]:[0m found bambi-god2d
2025-05-03 | 1:00.29 [INFO] - [4;90m[states.PlayState/startSong#2638]:[0m started loading!
2025-05-03 | 1:00.31 [WARN] - [4;90m[states.PlayState/update#4209]:[0m Warning! Delay is too fucking high!!
2025-05-03 | 1:00.32 [WARN] - [4;90m[states.PlayState/update#4209]:[0m Warning! Delay is too fucking high!!
2025-05-03 | 1:00.33 [WARN] - [4;90m[states.PlayState/update#4209]:[0m Warning! Delay is too fucking high!!
2025-05-03 | 1:00.35 [WARN] - [4;90m[states.PlayState/update#4209]:[0m Warning! Delay is too fucking high!!
2025-05-03 | 1:00.37 [WARN] - [4;90m[states.PlayState/update#4209]:[0m Warning! Delay is too fucking high!!
2025-05-03 | 1:00.39 [WARN] - [4;90m[states.PlayState/update#4209]:[0m Warning! Delay is too fucking high!!
2025-05-03 | 1:00.42 [WARN] - [4;90m[states.PlayState/update#4209]:[0m Warning! Delay is too fucking high!!
2025-05-03 | 1:00.44 [WARN] - [4;90m[states.PlayState/update#4209]:[0m Warning! Delay is too fucking high!!
2025-05-03 | 1:00.46 [WARN] - [4;90m[states.PlayState/update#4209]:[0m Warning! Delay is too fucking high!!
2025-05-03 | 1:25.46 [WARN] - [4;90m[states.PlayState/update#4209]:[0m Warning! Delay is too fucking high!!
2025-05-03 | 2:28.91 [INFO] - [4;90m[slushi.states.freeplay.SlushiFreeplayState/moveToSong#948]:[0m CURRENT WEEK: extras
2025-05-03 | 2:28.92 [INFO] - [4;90m[backend.song.Song/getChart#120]:[0m assets/shared/data/songs/harvested/harvested.json
2025-05-03 | 2:28.94 [INFO] - [4;90m[backend.song.Song/parseJSON#148]:[0m converting chart harvested with format unknown to psych_v1 format...
2025-05-03 | 2:28.95 [INFO] - [4;90m[backend.song.Song/loadFromJson#102]:[0m assets/shared/data/songs/harvested/harvested.json
2025-05-03 | 2:28.97 [INFO] - [4;90m[backend.song.Song/loadFromJson#103]:[0m assets\shared\data\songs\harvested\harvested.json
2025-05-03 | 2:28.98 [INFO] - [4;90m[slushi.states.freeplay.SlushiFreeplayState/moveToSong#956]:[0m harvested
2025-05-03 | 2:28.99 [WARN] - [4;90m[states.LoadingState/clearInvalidFrom#455]:[0m Removed invalid images: characters/bf/BOYFRIEND
2025-05-03 | 2:28.99 [INFO] - [4;90m[states.LoadingState/loadNextDirectory#165]:[0m Setting asset folder to shared
2025-05-03 | 2:29.01 [WARN] - [4;90m[states.LoadingState/clearInvalidFrom#455]:[0m Removed invalid images: characters/bambi/bambi
2025-05-03 | 2:29.03 [WARN] - [4;90m[states.LoadingState/clearInvalidFrom#455]:[0m Removed invalid songs: harvested/Inst
2025-05-03 | 2:29.04 [INFO] - [4;90m[states.LoadingState/initThread#486]:[0m finished preloading image noteSkins/NOTE_assets
2025-05-03 | 2:29.04 [INFO] - [4;90m[states.LoadingState/initThread#486]:[0m finished preloading image noteSplashes/noteSplashes
2025-05-03 | 2:29.04 [INFO] - [4;90m[states.LoadingState/initThread#486]:[0m finished preloading image noteSkins/NOTE_assets
2025-05-03 | 2:29.04 [INFO] - [4;90m[states.LoadingState/initThread#486]:[0m finished preloading image characters/GF_assets
2025-05-03 | 2:29.05 [INFO] - [4;90m[states.LoadingState/initThread#486]:[0m finished preloading image HoldNoteEffect/holdCoverBlue
2025-05-03 | 2:29.05 [INFO] - [4;90m[states.LoadingState/initThread#486]:[0m finished preloading image HoldNoteEffect/holdCoverPurple
2025-05-03 | 2:29.05 [INFO] - [4;90m[states.LoadingState/initThread#486]:[0m finished preloading image HoldNoteEffect/holdCoverPurple
2025-05-03 | 2:29.05 [INFO] - [4;90m[states.LoadingState/initThread#486]:[0m finished preloading image HoldNoteEffect/holdCoverGreen
2025-05-03 | 2:29.79 [INFO] - [4;90m[states.LoadingState/checkLoaded#147]:[0m finished preloading image assets/shared/images/HoldNoteEffect/holdCoverGreen.png
2025-05-03 | 2:29.81 [INFO] - [4;90m[states.LoadingState/checkLoaded#147]:[0m finished preloading image assets/shared/images/HoldNoteEffect/holdCoverPurple.png
2025-05-03 | 2:29.82 [INFO] - [4;90m[states.LoadingState/checkLoaded#147]:[0m finished preloading image assets/shared/images/HoldNoteEffect/holdCoverBlue.png
2025-05-03 | 2:29.87 [INFO] - [4;90m[states.PlayState/create#839]:[0m { mainData => { difficulty => 1, name => harvested, opponentMode => false, score => 0 }, rankData => { rating => , accuracy => 0, comboRank =>  }, comboData => { goods => 0, totalNotesHit => 0, maxCombo => 0, totalPlayed => 0, highestCombo => 0, bads => 0, combo => 0, misses => 0, totalNoteCount => 0, shits => 0, sicks => 0 } }harvested1
2025-05-03 | 2:29.91 [SLE_INFO] - [4;90m[slushi.slushiUtils.LyricsUtils/new#35]:[0m Lyrics JSON file not found!
2025-05-03 | 2:30.19 [INFO] - [4;90m[states.PlayState/create#961]:[0m current stage, farmSunset
2025-05-03 | 2:30.20 [INFO] - [4;90m[backend.stage.Stage/setupWeekDir#193]:[0m directory: shared
2025-05-03 | 2:30.21 [INFO] - [4;90m[backend.stage.Stage/setupStageProperties#101]:[0m STAGE INFO JSON ? assets/shared/data/stages/farmSunset.json
2025-05-03 | 2:30.23 [WARN] - [4;90m[backend.stage.Stage/setupStageProperties#107]:[0m farmSunset.json not found, using the default stage
2025-05-03 | 2:32.65 [INFO] - [4;90m[states.PlayState/startSong#2638]:[0m started loading!
