2025-05-03 | 0:00.00 [INFO] - [4;90m[slushi.slushiUtils.Debug/onInitProgram#237]:[0m Debug logging initialized. Hello, developer.
2025-05-03 | 0:00.01 [INFO] - [4;90m[slushi.slushiUtils.Debug/onInitProgram#242]:[0m This is a RELEASE build.
2025-05-03 | 0:00.02 [INFO] - [4;90m[slushi.slushiUtils.Debug/onInitProgram#244]:[0m HaxeFlixel version: HaxeFlixel 5.9.0
2025-05-03 | 0:00.04 [SLE_INFO] - [4;90m[slushi.slushiUtils.Debug/onInitProgram#245]:[0m Slushi Engine version: 0.4.0
2025-05-03 | 0:00.05 [INFO] - [4;90m[slushi.slushiUtils.Debug/onInitProgram#246]:[0m SC Engine version: 1.5.2 (4eaf8c4)
2025-05-03 | 0:00.06 [INFO] - [4;90m[slushi.slushiUtils.Debug/onInitProgram#247]:[0m This is a custom build of PE. Current version: 1.04
2025-05-03 | 0:00.09 [INFO] - [4;90m[backend.DiscordClient/initialize#74]:[0m Discord Client initialized
2025-05-03 | 0:00.10 [INFO] - [4;90m[objects.AlphaCharacter/loadAlphabetData#312]:[0m Reloaded letters successfully (assets/shared/images/alphabet.json)!
2025-05-03 | 0:00.12 [SLE_INFO] - [4;90m[slushi.windows.WindowsFuncs/saveCurrentWindowsWallpaper#49]:[0m Wallpaper Path: C:\Users\yuyio\AppData\Roaming\Microsoft\Windows\Themes\TranscodedWallpaper
2025-05-03 | 0:00.14 [SLE_INFO] - [4;90m[slushi.windows.WindowsFuncs/saveCurrentWindowsWallpaper#50]:[0m Saving the path in a private variable...
2025-05-03 | 0:00.51 [SLE_INFO] - [4;90m[slushi.others.systemUtils.SystemInfo/formatSysInfo#159]:[0m 

System: Microsoft Windows 11 Home 10.0.22631
CPU: AMD Ryzen 7 5700X 8-Core Processor x86 64-Bit
GPU: AMD Radeon RX 6700 XT
Total RAM: 24 GB DDR4

2025-05-03 | 0:00.55 [SLE_INFO] - [4;90m[slushi.SlushiMain/getBuildVer#151]:[0m Checking for new version...
2025-05-03 | 0:00.82 [SLE_INFO] - [4;90m[slushi.SlushiMain/getBuildVer#170]:[0m Version online: [0.4.0], this version: [0.4.0]
2025-05-03 | 0:00.83 [SLE_INFO] - [4;90m[slushi.SlushiMain/getBuildVer#189]:[0m Versions are matching!
2025-05-03 | 0:02.10 [INFO] - [4;90m[backend.DiscordClient/onReady#52]:[0m (Discord) Connected to User (yuyioyt)
2025-05-03 | 0:29.53 [INFO] - [4;90m[slushi.states.freeplay.SlushiFreeplayState/moveToSong#948]:[0m CURRENT WEEK: week1
2025-05-03 | 0:29.55 [INFO] - [4;90m[backend.song.Song/getChart#120]:[0m assets/shared/data/songs/shattered/shattered.json
2025-05-03 | 0:29.57 [INFO] - [4;90m[backend.song.Song/parseJSON#148]:[0m converting chart shattered with format unknown to psych_v1 format...
2025-05-03 | 0:29.58 [INFO] - [4;90m[backend.song.Song/loadFromJson#102]:[0m assets/shared/data/songs/shattered/shattered.json
2025-05-03 | 0:29.59 [INFO] - [4;90m[backend.song.Song/loadFromJson#103]:[0m assets\shared\data\songs\shattered\shattered.json
2025-05-03 | 0:29.61 [INFO] - [4;90m[slushi.states.freeplay.SlushiFreeplayState/moveToSong#956]:[0m shattered
2025-05-03 | 0:29.62 [WARN] - [4;90m[states.LoadingState/clearInvalidFrom#455]:[0m Removed invalid images: characters/bf/BOYFRIEND
2025-05-03 | 0:29.62 [INFO] - [4;90m[states.LoadingState/loadNextDirectory#165]:[0m Setting asset folder to shared
2025-05-03 | 0:29.64 [INFO] - [4;90m[states.LoadingState/initThread#486]:[0m finished preloading image HoldNoteEffect/holdCoverPurple
2025-05-03 | 0:29.64 [INFO] - [4;90m[states.LoadingState/initThread#486]:[0m finished preloading image HoldNoteEffect/holdCoverGreen
2025-05-03 | 0:29.64 [INFO] - [4;90m[states.LoadingState/initThread#486]:[0m finished preloading image HoldNoteEffect/holdCoverBlue
2025-05-03 | 0:29.64 [INFO] - [4;90m[states.LoadingState/initThread#486]:[0m finished preloading image HoldNoteEffect/holdCoverPurple
2025-05-03 | 0:29.65 [INFO] - [4;90m[states.LoadingState/initThread#486]:[0m finished preloading image noteSplashes/noteSplashes
2025-05-03 | 0:29.66 [INFO] - [4;90m[states.LoadingState/initThread#486]:[0m finished preloading image noteSkins/NOTE_assets
2025-05-03 | 0:29.66 [INFO] - [4;90m[states.LoadingState/initThread#486]:[0m finished preloading image noteSkins/NOTE_assets
2025-05-03 | 0:30.12 [INFO] - [4;90m[states.LoadingState/initThread#486]:[0m finished preloading image characters/bambi/Angry Bambi
2025-05-03 | 0:30.20 [INFO] - [4;90m[states.LoadingState/initThread#486]:[0m finished preloading image characters/GF_assets
2025-05-03 | 0:30.32 [INFO] - [4;90m[states.LoadingState/initThread#486]:[0m finished preloading song shattered/Voices
2025-05-03 | 0:30.38 [INFO] - [4;90m[states.LoadingState/initThread#486]:[0m finished preloading song shattered/Inst
2025-05-03 | 0:30.42 [INFO] - [4;90m[states.LoadingState/checkLoaded#147]:[0m finished preloading image assets/shared/images/noteSplashes/noteSplashes.png
2025-05-03 | 0:30.43 [INFO] - [4;90m[states.LoadingState/checkLoaded#147]:[0m finished preloading image assets/shared/images/HoldNoteEffect/holdCoverBlue.png
2025-05-03 | 0:30.53 [INFO] - [4;90m[states.LoadingState/checkLoaded#147]:[0m finished preloading image assets/shared/images/characters/GF_assets.png
2025-05-03 | 0:30.54 [INFO] - [4;90m[states.LoadingState/checkLoaded#147]:[0m finished preloading image assets/shared/images/HoldNoteEffect/holdCoverGreen.png
2025-05-03 | 0:30.64 [INFO] - [4;90m[states.LoadingState/checkLoaded#147]:[0m finished preloading image assets/shared/images/characters/bambi/Angry Bambi.png
2025-05-03 | 0:30.65 [INFO] - [4;90m[states.LoadingState/checkLoaded#147]:[0m finished preloading image assets/shared/images/noteSkins/NOTE_assets.png
2025-05-03 | 0:30.67 [INFO] - [4;90m[states.LoadingState/checkLoaded#147]:[0m finished preloading image assets/shared/images/HoldNoteEffect/holdCoverPurple.png
2025-05-03 | 0:30.73 [INFO] - [4;90m[states.PlayState/create#886]:[0m [comboData => [totalNoteCount => 0, swags => 0, maxCombo => 0, misses => 0, highestCombo => 0, shits => 0, sicks => 0, totalNotesHit => 0, goods => 0, bads => 0, combo => 0, totalPlayed => 0], rankData => [comboRank => , accuracy => 0, rating => ], mainData => [score => 0, opponentMode => false, name => shattered, difficulty => 1]]shattered1
2025-05-03 | 0:30.77 [SLE_INFO] - [4;90m[slushi.slushiUtils.LyricsUtils/new#35]:[0m Lyrics JSON file not found!
2025-05-03 | 0:30.92 [INFO] - [4;90m[states.PlayState/create#1008]:[0m current stage, farmSunset
2025-05-03 | 0:30.93 [INFO] - [4;90m[backend.stage.Stage/setupWeekDir#189]:[0m directory: shared
2025-05-03 | 0:30.94 [INFO] - [4;90m[backend.stage.Stage/setupStageProperties#101]:[0m STAGE INFO JSON ? assets/shared/data/stages/farmSunset.json
2025-05-03 | 0:30.95 [WARN] - [4;90m[backend.stage.Stage/setupStageProperties#107]:[0m farmSunset.json not found, using the default stage
2025-05-03 | 0:31.22 [INFO] - [4;90m[backend.song.Song/getChart#120]:[0m assets/shared/data/songs/shattered/events.json
2025-05-03 | 0:31.24 [INFO] - [4;90m[backend.song.Song/parseJSON#148]:[0m converting chart events with format unknown to psych_v1 format...
2025-05-03 | 0:33.10 [INFO] - [4;90m[states.PlayState/cacheCharacter#10745]:[0m found cube
2025-05-03 | 0:33.11 [INFO] - [4;90m[states.PlayState/cacheCharacter#10745]:[0m found cube
2025-05-03 | 0:33.12 [INFO] - [4;90m[states.PlayState/cacheCharacter#10745]:[0m found bf
2025-05-03 | 0:33.14 [INFO] - [4;90m[states.PlayState/cacheCharacter#10745]:[0m found angry-bambi
2025-05-03 | 0:33.61 [INFO] - [4;90m[states.PlayState/cacheCharacter#10745]:[0m found bambi-mad-guitar
2025-05-03 | 0:36.05 [INFO] - [4;90m[states.PlayState/startSong#3544]:[0m started loading!
2025-05-03 | 0:36.06 [WARN] - [4;90m[states.PlayState/update#5124]:[0m Warning! Delay is too fucking high!!
2025-05-03 | 0:36.10 [WARN] - [4;90m[states.PlayState/update#5124]:[0m Warning! Delay is too fucking high!!
2025-05-03 | 0:39.37 [WARN] - [4;90m[states.PlayState/update#5124]:[0m Warning! Delay is too fucking high!!
2025-05-03 | 0:43.45 [INFO] - [4;90m[states.LoadingState/loadNextDirectory#165]:[0m Setting asset folder to shared
2025-05-03 | 0:44.30 [INFO] - [4;90m[states.PlayState/create#886]:[0m [comboData => [totalNoteCount => 0, swags => 0, maxCombo => 0, misses => 0, highestCombo => 0, shits => 0, sicks => 0, totalNotesHit => 0, goods => 0, bads => 0, combo => 0, totalPlayed => 0], rankData => [comboRank => , accuracy => 0, rating => ], mainData => [score => 0, opponentMode => false, name => shattered, difficulty => 1]]shattered1
2025-05-03 | 0:44.33 [SLE_INFO] - [4;90m[slushi.slushiUtils.LyricsUtils/new#35]:[0m Lyrics JSON file not found!
2025-05-03 | 0:44.35 [INFO] - [4;90m[states.PlayState/create#1008]:[0m current stage, inside-house
2025-05-03 | 0:44.36 [INFO] - [4;90m[backend.stage.Stage/setupWeekDir#189]:[0m directory: shared
2025-05-03 | 0:44.37 [INFO] - [4;90m[backend.stage.Stage/setupStageProperties#101]:[0m STAGE INFO JSON ? assets/shared/data/stages/inside-house.json
2025-05-03 | 0:44.51 [INFO] - [4;90m[backend.song.Song/getChart#120]:[0m assets/shared/data/songs/shattered/events.json
2025-05-03 | 0:44.53 [INFO] - [4;90m[backend.song.Song/parseJSON#148]:[0m converting chart events with format unknown to psych_v1 format...
2025-05-03 | 0:44.54 [INFO] - [4;90m[states.PlayState/cacheCharacter#10745]:[0m found cube
2025-05-03 | 0:44.55 [INFO] - [4;90m[states.PlayState/cacheCharacter#10745]:[0m found cube
2025-05-03 | 0:44.56 [INFO] - [4;90m[states.PlayState/cacheCharacter#10745]:[0m found bf
2025-05-03 | 0:44.57 [INFO] - [4;90m[states.PlayState/cacheCharacter#10745]:[0m found angry-bambi
2025-05-03 | 0:44.59 [INFO] - [4;90m[states.PlayState/cacheCharacter#10745]:[0m found bambi-mad-guitar
2025-05-03 | 0:46.52 [INFO] - [4;90m[states.PlayState/startSong#3544]:[0m started loading!
2025-05-03 | 0:48.53 [WARN] - [4;90m[states.PlayState/update#5124]:[0m Warning! Delay is too fucking high!!
2025-05-03 | 0:52.89 [INFO] - [4;90m[states.LoadingState/loadNextDirectory#165]:[0m Setting asset folder to shared
2025-05-03 | 0:53.74 [INFO] - [4;90m[states.PlayState/create#886]:[0m [comboData => [totalNoteCount => 0, swags => 0, maxCombo => 0, misses => 0, highestCombo => 0, shits => 0, sicks => 0, totalNotesHit => 0, goods => 0, bads => 0, combo => 0, totalPlayed => 0], rankData => [comboRank => , accuracy => 0, rating => ], mainData => [score => 0, opponentMode => false, name => shattered, difficulty => 1]]shattered1
2025-05-03 | 0:53.77 [SLE_INFO] - [4;90m[slushi.slushiUtils.LyricsUtils/new#35]:[0m Lyrics JSON file not found!
2025-05-03 | 0:53.79 [INFO] - [4;90m[states.PlayState/create#1008]:[0m current stage, farmNight
2025-05-03 | 0:53.80 [INFO] - [4;90m[backend.stage.Stage/setupWeekDir#189]:[0m directory: shared
2025-05-03 | 0:53.81 [INFO] - [4;90m[backend.stage.Stage/setupStageProperties#101]:[0m STAGE INFO JSON ? assets/shared/data/stages/farmNight.json
2025-05-03 | 0:53.83 [WARN] - [4;90m[backend.stage.Stage/setupStageProperties#107]:[0m farmNight.json not found, using the default stage
2025-05-03 | 0:53.97 [INFO] - [4;90m[backend.song.Song/getChart#120]:[0m assets/shared/data/songs/shattered/events.json
2025-05-03 | 0:53.98 [INFO] - [4;90m[backend.song.Song/parseJSON#148]:[0m converting chart events with format unknown to psych_v1 format...
2025-05-03 | 0:53.99 [INFO] - [4;90m[states.PlayState/cacheCharacter#10745]:[0m found cube
2025-05-03 | 0:54.00 [INFO] - [4;90m[states.PlayState/cacheCharacter#10745]:[0m found cube
2025-05-03 | 0:54.01 [INFO] - [4;90m[states.PlayState/cacheCharacter#10745]:[0m found bf
2025-05-03 | 0:54.03 [INFO] - [4;90m[states.PlayState/cacheCharacter#10745]:[0m found angry-bambi
2025-05-03 | 0:54.04 [INFO] - [4;90m[states.PlayState/cacheCharacter#10745]:[0m found bambi-mad-guitar
2025-05-03 | 0:55.97 [INFO] - [4;90m[states.PlayState/startSong#3544]:[0m started loading!
2025-05-03 | 1:01.45 [INFO] - [4;90m[backend.song.Song/getChart#120]:[0m assets/shared/data/songs/shattered/shattered.json
2025-05-03 | 1:01.47 [INFO] - [4;90m[backend.song.Song/parseJSON#148]:[0m converting chart shattered with format unknown to psych_v1 format...
2025-05-03 | 1:01.48 [INFO] - [4;90m[backend.song.Song/loadFromJson#102]:[0m assets/shared/data/songs/shattered/shattered.json
2025-05-03 | 1:01.49 [INFO] - [4;90m[backend.song.Song/loadFromJson#103]:[0m assets\shared\data\songs\shattered\shattered.json
2025-05-03 | 1:04.57 [INFO] - [4;90m[slushi.states.freeplay.SlushiFreeplayState/moveToSong#948]:[0m CURRENT WEEK: week1
2025-05-03 | 1:04.58 [INFO] - [4;90m[backend.song.Song/getChart#120]:[0m assets/shared/data/songs/reality-breaking/reality-breaking.json
2025-05-03 | 1:04.62 [INFO] - [4;90m[backend.song.Song/loadFromJson#102]:[0m assets/shared/data/songs/reality-breaking/reality-breaking.json
2025-05-03 | 1:04.64 [INFO] - [4;90m[backend.song.Song/loadFromJson#103]:[0m assets\shared\data\songs\reality-breaking\reality-breaking.json
2025-05-03 | 1:04.65 [INFO] - [4;90m[slushi.states.freeplay.SlushiFreeplayState/moveToSong#956]:[0m reality-breaking
2025-05-03 | 1:04.67 [INFO] - [4;90m[states.LoadingState/loadNextDirectory#165]:[0m Setting asset folder to shared
2025-05-03 | 1:04.68 [WARN] - [4;90m[states.LoadingState/clearInvalidFrom#455]:[0m Removed invalid images: characters/bf/BOYFRIEND
2025-05-03 | 1:04.69 [WARN] - [4;90m[states.LoadingState/clearInvalidFrom#455]:[0m Removed invalid images: characters/bambi/bambi God 2D
2025-05-03 | 1:04.71 [INFO] - [4;90m[states.LoadingState/initThread#486]:[0m finished preloading image noteSkins/NOTE_assets
2025-05-03 | 1:04.71 [INFO] - [4;90m[states.LoadingState/initThread#486]:[0m finished preloading image noteSplashes/noteSplashes
2025-05-03 | 1:04.71 [INFO] - [4;90m[states.LoadingState/initThread#486]:[0m finished preloading image noteSkins/NOTE_assets
2025-05-03 | 1:04.71 [INFO] - [4;90m[states.LoadingState/initThread#486]:[0m finished preloading image characters/GF_assets
2025-05-03 | 1:04.71 [INFO] - [4;90m[states.LoadingState/initThread#486]:[0m finished preloading image HoldNoteEffect/holdCoverBlue
2025-05-03 | 1:04.72 [INFO] - [4;90m[states.LoadingState/initThread#486]:[0m finished preloading image HoldNoteEffect/holdCoverPurple
2025-05-03 | 1:04.72 [INFO] - [4;90m[states.LoadingState/initThread#486]:[0m finished preloading image HoldNoteEffect/holdCoverPurple
2025-05-03 | 1:04.72 [INFO] - [4;90m[states.LoadingState/initThread#486]:[0m finished preloading image HoldNoteEffect/holdCoverGreen
2025-05-03 | 1:05.26 [INFO] - [4;90m[states.LoadingState/initThread#486]:[0m finished preloading song reality-breaking/Inst
2025-05-03 | 1:05.46 [INFO] - [4;90m[states.LoadingState/checkLoaded#147]:[0m finished preloading image assets/shared/images/HoldNoteEffect/holdCoverGreen.png
2025-05-03 | 1:05.48 [INFO] - [4;90m[states.LoadingState/checkLoaded#147]:[0m finished preloading image assets/shared/images/HoldNoteEffect/holdCoverPurple.png
2025-05-03 | 1:05.50 [INFO] - [4;90m[states.LoadingState/checkLoaded#147]:[0m finished preloading image assets/shared/images/HoldNoteEffect/holdCoverBlue.png
2025-05-03 | 1:05.51 [INFO] - [4;90m[states.LoadingState/initThread#486]:[0m finished preloading song reality-breaking/Voices
2025-05-03 | 1:05.61 [INFO] - [4;90m[states.PlayState/create#886]:[0m [comboData => [totalNoteCount => 0, swags => 0, maxCombo => 0, misses => 0, highestCombo => 0, shits => 0, sicks => 0, totalNotesHit => 0, goods => 0, bads => 0, combo => 0, totalPlayed => 0], rankData => [comboRank => , accuracy => 0, rating => ], mainData => [score => 0, opponentMode => false, name => reality-breaking, difficulty => 1]]reality-breaking0
2025-05-03 | 1:05.65 [SLE_INFO] - [4;90m[slushi.slushiUtils.LyricsUtils/new#35]:[0m Lyrics JSON file not found!
2025-05-03 | 1:06.91 [INFO] - [4;90m[states.PlayState/create#1008]:[0m current stage, farmNightRB
2025-05-03 | 1:06.92 [INFO] - [4;90m[backend.stage.Stage/setupWeekDir#189]:[0m directory: shared
2025-05-03 | 1:06.93 [INFO] - [4;90m[backend.stage.Stage/setupStageProperties#101]:[0m STAGE INFO JSON ? assets/shared/data/stages/farmNightRB.json
2025-05-03 | 1:06.94 [WARN] - [4;90m[backend.stage.Stage/setupStageProperties#107]:[0m farmNightRB.json not found, using the default stage
2025-05-03 | 1:07.00 [INFO] - [4;90m[backend.song.Song/getChart#120]:[0m assets/shared/data/songs/reality-breaking/events.json
2025-05-03 | 1:08.69 [INFO] - [4;90m[states.PlayState/startSong#3544]:[0m started loading!
2025-05-03 | 1:08.70 [WARN] - [4;90m[states.PlayState/update#5124]:[0m Warning! Delay is too fucking high!!
2025-05-03 | 1:08.72 [WARN] - [4;90m[states.PlayState/update#5124]:[0m Warning! Delay is too fucking high!!
2025-05-03 | 1:08.74 [WARN] - [4;90m[states.PlayState/update#5124]:[0m Warning! Delay is too fucking high!!
2025-05-03 | 1:08.76 [WARN] - [4;90m[states.PlayState/update#5124]:[0m Warning! Delay is too fucking high!!
2025-05-03 | 1:08.78 [WARN] - [4;90m[states.PlayState/update#5124]:[0m Warning! Delay is too fucking high!!
2025-05-03 | 1:13.18 [WARN] - [4;90m[states.PlayState/update#5124]:[0m Warning! Delay is too fucking high!!
2025-05-03 | 1:18.17 [INFO] - [4;90m[states.LoadingState/loadNextDirectory#165]:[0m Setting asset folder to shared
2025-05-03 | 1:19.05 [INFO] - [4;90m[states.PlayState/create#886]:[0m [comboData => [totalNoteCount => 0, swags => 0, maxCombo => 0, misses => 0, highestCombo => 0, shits => 0, sicks => 0, totalNotesHit => 0, goods => 0, bads => 0, combo => 0, totalPlayed => 0], rankData => [comboRank => , accuracy => 0, rating => ], mainData => [score => 0, opponentMode => false, name => reality-breaking, difficulty => 1]]reality-breaking0
2025-05-03 | 1:19.08 [SLE_INFO] - [4;90m[slushi.slushiUtils.LyricsUtils/new#35]:[0m Lyrics JSON file not found!
2025-05-03 | 1:19.10 [INFO] - [4;90m[states.PlayState/create#1008]:[0m current stage, double
2025-05-03 | 1:19.11 [INFO] - [4;90m[backend.stage.Stage/setupWeekDir#189]:[0m directory: shared
2025-05-03 | 1:19.12 [INFO] - [4;90m[backend.stage.Stage/setupStageProperties#101]:[0m STAGE INFO JSON ? assets/shared/data/stages/double.json
2025-05-03 | 1:19.27 [INFO] - [4;90m[backend.song.Song/getChart#120]:[0m assets/shared/data/songs/reality-breaking/events.json
2025-05-03 | 1:20.88 [INFO] - [4;90m[states.PlayState/startSong#3544]:[0m started loading!
2025-05-03 | 1:44.51 [SLE_INFO] - [4;90m[slushi.SlushiMain/onCloseWindow#105]:[0m Reseting all C++ functions...

