2025-04-30 | 0:00.00 [INFO] - [4;90m[slushi.slushiUtils.Debug/onInitProgram#237]:[0m Debug logging initialized. Hello, developer.
2025-04-30 | 0:00.00 [INFO] - [4;90m[slushi.slushiUtils.Debug/onInitProgram#242]:[0m This is a RELEASE build.
2025-04-30 | 0:00.01 [INFO] - [4;90m[slushi.slushiUtils.Debug/onInitProgram#244]:[0m HaxeFlixel version: HaxeFlixel 5.9.0
2025-04-30 | 0:00.01 [SLE_INFO] - [4;90m[slushi.slushiUtils.Debug/onInitProgram#245]:[0m Slushi Engine version: 0.4.0
2025-04-30 | 0:00.02 [INFO] - [4;90m[slushi.slushiUtils.Debug/onInitProgram#246]:[0m SC Engine version: 1.5.2 (4eaf8c4)
2025-04-30 | 0:00.02 [INFO] - [4;90m[slushi.slushiUtils.Debug/onInitProgram#247]:[0m This is a custom build of PE. Current version: 1.04
2025-04-30 | 0:00.04 [INFO] - [4;90m[backend.DiscordClient/initialize#74]:[0m Discord Client initialized
2025-04-30 | 0:00.04 [INFO] - [4;90m[objects.AlphaCharacter/loadAlphabetData#312]:[0m Reloaded letters successfully (assets/shared/images/alphabet.json)!
2025-04-30 | 0:00.05 [SLE_INFO] - [4;90m[slushi.windows.WindowsFuncs/saveCurrentWindowsWallpaper#49]:[0m Wallpaper Path: C:\Users\yuyio\AppData\Roaming\Microsoft\Windows\Themes\TranscodedWallpaper
2025-04-30 | 0:00.06 [SLE_INFO] - [4;90m[slushi.windows.WindowsFuncs/saveCurrentWindowsWallpaper#50]:[0m Saving the path in a private variable...
2025-04-30 | 0:00.37 [SLE_INFO] - [4;90m[slushi.others.systemUtils.SystemInfo/formatSysInfo#159]:[0m 

System: Microsoft Windows 11 Home 10.0.22631
CPU: AMD Ryzen 7 5700X 8-Core Processor x86 64-Bit
GPU: AMD Radeon RX 6700 XT
Total RAM: 24 GB DDR4

2025-04-30 | 0:00.40 [SLE_INFO] - [4;90m[slushi.SlushiMain/getBuildVer#151]:[0m Checking for new version...
2025-04-30 | 0:00.77 [SLE_INFO] - [4;90m[slushi.SlushiMain/getBuildVer#170]:[0m Version online: [0.4.0], this version: [0.4.0]
2025-04-30 | 0:00.77 [SLE_INFO] - [4;90m[slushi.SlushiMain/getBuildVer#189]:[0m Versions are matching!
2025-04-30 | 0:02.05 [INFO] - [4;90m[backend.DiscordClient/onReady#52]:[0m (Discord) Connected to User (yuyioyt)
2025-04-30 | 0:10.86 [INFO] - [4;90m[slushi.states.freeplay.SlushiFreeplayState/moveToSong#948]:[0m CURRENT WEEK: week1
2025-04-30 | 0:10.86 [INFO] - [4;90m[backend.song.Song/getChart#120]:[0m assets/shared/data/songs/shattered/shattered.json
2025-04-30 | 0:10.87 [INFO] - [4;90m[backend.song.Song/parseJSON#148]:[0m converting chart shattered with format unknown to psych_v1 format...
2025-04-30 | 0:10.88 [INFO] - [4;90m[backend.song.Song/loadFromJson#102]:[0m assets/shared/data/songs/shattered/shattered.json
2025-04-30 | 0:10.89 [INFO] - [4;90m[backend.song.Song/loadFromJson#103]:[0m assets\shared\data\songs\shattered\shattered.json
2025-04-30 | 0:10.89 [INFO] - [4;90m[slushi.states.freeplay.SlushiFreeplayState/moveToSong#956]:[0m shattered
2025-04-30 | 0:10.90 [WARN] - [4;90m[states.LoadingState/clearInvalidFrom#455]:[0m Removed invalid images: characters/bf/BOYFRIEND
2025-04-30 | 0:10.90 [INFO] - [4;90m[states.LoadingState/loadNextDirectory#165]:[0m Setting asset folder to shared
2025-04-30 | 0:10.91 [INFO] - [4;90m[states.LoadingState/initThread#486]:[0m finished preloading image HoldNoteEffect/holdCoverBlue
2025-04-30 | 0:10.91 [INFO] - [4;90m[states.LoadingState/initThread#486]:[0m finished preloading image HoldNoteEffect/holdCoverGreen
2025-04-30 | 0:10.91 [INFO] - [4;90m[states.LoadingState/initThread#486]:[0m finished preloading image HoldNoteEffect/holdCoverPurple
2025-04-30 | 0:10.91 [INFO] - [4;90m[states.LoadingState/initThread#486]:[0m finished preloading image HoldNoteEffect/holdCoverPurple
2025-04-30 | 0:10.92 [INFO] - [4;90m[states.LoadingState/initThread#486]:[0m finished preloading image noteSplashes/noteSplashes
2025-04-30 | 0:10.93 [INFO] - [4;90m[states.LoadingState/initThread#486]:[0m finished preloading image noteSkins/NOTE_assets
2025-04-30 | 0:10.93 [INFO] - [4;90m[states.LoadingState/initThread#486]:[0m finished preloading image noteSkins/NOTE_assets
2025-04-30 | 0:11.53 [INFO] - [4;90m[states.LoadingState/initThread#486]:[0m finished preloading image characters/bambi/Angry Bambi
2025-04-30 | 0:11.55 [INFO] - [4;90m[states.LoadingState/initThread#486]:[0m finished preloading image characters/GF_assets
2025-04-30 | 0:11.71 [INFO] - [4;90m[states.LoadingState/initThread#486]:[0m finished preloading song shattered/Voices
2025-04-30 | 0:11.75 [INFO] - [4;90m[states.LoadingState/checkLoaded#147]:[0m finished preloading image assets/shared/images/noteSplashes/noteSplashes.png
2025-04-30 | 0:11.75 [INFO] - [4;90m[states.LoadingState/checkLoaded#147]:[0m finished preloading image assets/shared/images/HoldNoteEffect/holdCoverBlue.png
2025-04-30 | 0:11.77 [INFO] - [4;90m[states.LoadingState/initThread#486]:[0m finished preloading song shattered/Inst
2025-04-30 | 0:11.93 [INFO] - [4;90m[states.LoadingState/checkLoaded#147]:[0m finished preloading image assets/shared/images/characters/GF_assets.png
2025-04-30 | 0:11.93 [INFO] - [4;90m[states.LoadingState/checkLoaded#147]:[0m finished preloading image assets/shared/images/HoldNoteEffect/holdCoverGreen.png
2025-04-30 | 0:12.19 [INFO] - [4;90m[states.LoadingState/checkLoaded#147]:[0m finished preloading image assets/shared/images/characters/bambi/Angry Bambi.png
2025-04-30 | 0:12.20 [INFO] - [4;90m[states.LoadingState/checkLoaded#147]:[0m finished preloading image assets/shared/images/noteSkins/NOTE_assets.png
2025-04-30 | 0:12.21 [INFO] - [4;90m[states.LoadingState/checkLoaded#147]:[0m finished preloading image assets/shared/images/HoldNoteEffect/holdCoverPurple.png
2025-04-30 | 0:12.25 [INFO] - [4;90m[states.PlayState/create#851]:[0m [comboData => [totalNoteCount => 0, swags => 0, highestCombo => 0, maxCombo => 0, misses => 0, shits => 0, sicks => 0, totalNotesHit => 0, goods => 0, bads => 0, combo => 0, totalPlayed => 0], rankData => [comboRank => , accuracy => 0, rating => ], mainData => [score => 0, opponentMode => false, name => shattered, difficulty => 1]]shattered1
2025-04-30 | 0:12.26 [SLE_INFO] - [4;90m[slushi.slushiUtils.LyricsUtils/new#35]:[0m Lyrics JSON file not found!
2025-04-30 | 0:12.41 [INFO] - [4;90m[states.PlayState/create#997]:[0m current stage, farmSunset
2025-04-30 | 0:12.42 [INFO] - [4;90m[backend.stage.Stage/setupWeekDir#193]:[0m directory: shared
2025-04-30 | 0:12.42 [INFO] - [4;90m[backend.stage.Stage/setupStageProperties#101]:[0m STAGE INFO JSON ? assets/shared/data/stages/farmSunset.json
2025-04-30 | 0:12.43 [WARN] - [4;90m[backend.stage.Stage/setupStageProperties#107]:[0m farmSunset.json not found, using the default stage
2025-04-30 | 0:12.72 [INFO] - [4;90m[backend.song.Song/getChart#120]:[0m assets/shared/data/songs/shattered/events.json
2025-04-30 | 0:12.72 [INFO] - [4;90m[backend.song.Song/parseJSON#148]:[0m converting chart events with format unknown to psych_v1 format...
2025-04-30 | 0:14.85 [INFO] - [4;90m[states.PlayState/cacheCharacter#9903]:[0m found cube
2025-04-30 | 0:14.85 [INFO] - [4;90m[states.PlayState/cacheCharacter#9903]:[0m found cube
2025-04-30 | 0:14.86 [INFO] - [4;90m[states.PlayState/cacheCharacter#9903]:[0m found bf
2025-04-30 | 0:14.86 [INFO] - [4;90m[states.PlayState/cacheCharacter#9903]:[0m found angry-bambi
2025-04-30 | 0:15.36 [INFO] - [4;90m[states.PlayState/cacheCharacter#9903]:[0m found bambi-mad-guitar
2025-04-30 | 0:17.99 [INFO] - [4;90m[states.PlayState/startSong#2708]:[0m started loading!
2025-04-30 | 1:23.40 [WARN] - [4;90m[states.PlayState/update#4279]:[0m Warning! Delay is too fucking high!!
2025-04-30 | 1:23.41 [WARN] - [4;90m[states.PlayState/update#4279]:[0m Warning! Delay is too fucking high!!
2025-04-30 | 1:23.42 [WARN] - [4;90m[states.PlayState/update#4279]:[0m Warning! Delay is too fucking high!!
2025-04-30 | 1:23.43 [WARN] - [4;90m[states.PlayState/update#4279]:[0m Warning! Delay is too fucking high!!
2025-04-30 | 1:23.43 [WARN] - [4;90m[states.PlayState/update#4279]:[0m Warning! Delay is too fucking high!!
2025-04-30 | 1:23.44 [WARN] - [4;90m[states.PlayState/update#4279]:[0m Warning! Delay is too fucking high!!
2025-04-30 | 1:23.45 [WARN] - [4;90m[states.PlayState/update#4279]:[0m Warning! Delay is too fucking high!!
2025-04-30 | 1:23.46 [WARN] - [4;90m[states.PlayState/update#4279]:[0m Warning! Delay is too fucking high!!
2025-04-30 | 1:23.46 [WARN] - [4;90m[states.PlayState/update#4279]:[0m Warning! Delay is too fucking high!!
2025-04-30 | 1:23.47 [WARN] - [4;90m[states.PlayState/update#4279]:[0m Warning! Delay is too fucking high!!
2025-04-30 | 1:23.48 [WARN] - [4;90m[states.PlayState/update#4279]:[0m Warning! Delay is too fucking high!!
2025-04-30 | 1:23.49 [WARN] - [4;90m[states.PlayState/update#4279]:[0m Warning! Delay is too fucking high!!
2025-04-30 | 1:23.50 [WARN] - [4;90m[states.PlayState/update#4279]:[0m Warning! Delay is too fucking high!!
2025-04-30 | 1:23.50 [WARN] - [4;90m[states.PlayState/update#4279]:[0m Warning! Delay is too fucking high!!
2025-04-30 | 1:23.51 [WARN] - [4;90m[states.PlayState/update#4279]:[0m Warning! Delay is too fucking high!!
2025-04-30 | 1:23.52 [WARN] - [4;90m[states.PlayState/update#4279]:[0m Warning! Delay is too fucking high!!
2025-04-30 | 1:23.52 [WARN] - [4;90m[states.PlayState/update#4279]:[0m Warning! Delay is too fucking high!!
2025-04-30 | 1:23.53 [WARN] - [4;90m[states.PlayState/update#4279]:[0m Warning! Delay is too fucking high!!
2025-04-30 | 1:23.54 [WARN] - [4;90m[states.PlayState/update#4279]:[0m Warning! Delay is too fucking high!!
2025-04-30 | 1:23.55 [WARN] - [4;90m[states.PlayState/update#4279]:[0m Warning! Delay is too fucking high!!
2025-04-30 | 1:23.55 [WARN] - [4;90m[states.PlayState/update#4279]:[0m Warning! Delay is too fucking high!!
2025-04-30 | 1:23.56 [WARN] - [4;90m[states.PlayState/update#4279]:[0m Warning! Delay is too fucking high!!
2025-04-30 | 1:23.57 [WARN] - [4;90m[states.PlayState/update#4279]:[0m Warning! Delay is too fucking high!!
2025-04-30 | 1:23.58 [WARN] - [4;90m[states.PlayState/update#4279]:[0m Warning! Delay is too fucking high!!
2025-04-30 | 1:23.58 [WARN] - [4;90m[states.PlayState/update#4279]:[0m Warning! Delay is too fucking high!!
2025-04-30 | 1:23.59 [WARN] - [4;90m[states.PlayState/update#4279]:[0m Warning! Delay is too fucking high!!
2025-04-30 | 1:23.60 [WARN] - [4;90m[states.PlayState/update#4279]:[0m Warning! Delay is too fucking high!!
2025-04-30 | 1:23.61 [WARN] - [4;90m[states.PlayState/update#4279]:[0m Warning! Delay is too fucking high!!
2025-04-30 | 1:23.61 [WARN] - [4;90m[states.PlayState/update#4279]:[0m Warning! Delay is too fucking high!!
2025-04-30 | 1:23.62 [WARN] - [4;90m[states.PlayState/update#4279]:[0m Warning! Delay is too fucking high!!
2025-04-30 | 1:23.63 [WARN] - [4;90m[states.PlayState/update#4279]:[0m Warning! Delay is too fucking high!!
2025-04-30 | 1:23.64 [WARN] - [4;90m[states.PlayState/update#4279]:[0m Warning! Delay is too fucking high!!
2025-04-30 | 1:23.64 [WARN] - [4;90m[states.PlayState/update#4279]:[0m Warning! Delay is too fucking high!!
2025-04-30 | 1:23.65 [WARN] - [4;90m[states.PlayState/update#4279]:[0m Warning! Delay is too fucking high!!
2025-04-30 | 1:23.66 [WARN] - [4;90m[states.PlayState/update#4279]:[0m Warning! Delay is too fucking high!!
2025-04-30 | 1:23.67 [WARN] - [4;90m[states.PlayState/update#4279]:[0m Warning! Delay is too fucking high!!
2025-04-30 | 1:23.67 [WARN] - [4;90m[states.PlayState/update#4279]:[0m Warning! Delay is too fucking high!!
2025-04-30 | 1:23.68 [WARN] - [4;90m[states.PlayState/update#4279]:[0m Warning! Delay is too fucking high!!
2025-04-30 | 1:23.69 [WARN] - [4;90m[states.PlayState/update#4279]:[0m Warning! Delay is too fucking high!!
2025-04-30 | 1:23.70 [WARN] - [4;90m[states.PlayState/update#4279]:[0m Warning! Delay is too fucking high!!
2025-04-30 | 1:23.70 [WARN] - [4;90m[states.PlayState/update#4279]:[0m Warning! Delay is too fucking high!!
2025-04-30 | 1:23.71 [WARN] - [4;90m[states.PlayState/update#4279]:[0m Warning! Delay is too fucking high!!
2025-04-30 | 1:23.72 [WARN] - [4;90m[states.PlayState/update#4279]:[0m Warning! Delay is too fucking high!!
2025-04-30 | 1:23.73 [WARN] - [4;90m[states.PlayState/update#4279]:[0m Warning! Delay is too fucking high!!
2025-04-30 | 1:23.73 [WARN] - [4;90m[states.PlayState/update#4279]:[0m Warning! Delay is too fucking high!!
2025-04-30 | 1:23.74 [WARN] - [4;90m[states.PlayState/update#4279]:[0m Warning! Delay is too fucking high!!
2025-04-30 | 1:23.75 [WARN] - [4;90m[states.PlayState/update#4279]:[0m Warning! Delay is too fucking high!!
2025-04-30 | 1:23.76 [WARN] - [4;90m[states.PlayState/update#4279]:[0m Warning! Delay is too fucking high!!
2025-04-30 | 1:23.76 [WARN] - [4;90m[states.PlayState/update#4279]:[0m Warning! Delay is too fucking high!!
2025-04-30 | 1:23.77 [WARN] - [4;90m[states.PlayState/update#4279]:[0m Warning! Delay is too fucking high!!
2025-04-30 | 1:23.78 [WARN] - [4;90m[states.PlayState/update#4279]:[0m Warning! Delay is too fucking high!!
2025-04-30 | 1:23.78 [WARN] - [4;90m[states.PlayState/update#4279]:[0m Warning! Delay is too fucking high!!
2025-04-30 | 1:23.79 [WARN] - [4;90m[states.PlayState/update#4279]:[0m Warning! Delay is too fucking high!!
2025-04-30 | 1:23.80 [WARN] - [4;90m[states.PlayState/update#4279]:[0m Warning! Delay is too fucking high!!
2025-04-30 | 1:23.81 [WARN] - [4;90m[states.PlayState/update#4279]:[0m Warning! Delay is too fucking high!!
2025-04-30 | 1:23.81 [WARN] - [4;90m[states.PlayState/update#4279]:[0m Warning! Delay is too fucking high!!
2025-04-30 | 1:23.82 [WARN] - [4;90m[states.PlayState/update#4279]:[0m Warning! Delay is too fucking high!!
2025-04-30 | 1:23.83 [WARN] - [4;90m[states.PlayState/update#4279]:[0m Warning! Delay is too fucking high!!
2025-04-30 | 1:23.84 [WARN] - [4;90m[states.PlayState/update#4279]:[0m Warning! Delay is too fucking high!!
2025-04-30 | 1:23.84 [WARN] - [4;90m[states.PlayState/update#4279]:[0m Warning! Delay is too fucking high!!
2025-04-30 | 1:23.85 [WARN] - [4;90m[states.PlayState/update#4279]:[0m Warning! Delay is too fucking high!!
2025-04-30 | 1:23.86 [WARN] - [4;90m[states.PlayState/update#4279]:[0m Warning! Delay is too fucking high!!
2025-04-30 | 1:23.87 [WARN] - [4;90m[states.PlayState/update#4279]:[0m Warning! Delay is too fucking high!!
2025-04-30 | 1:23.87 [WARN] - [4;90m[states.PlayState/update#4279]:[0m Warning! Delay is too fucking high!!
2025-04-30 | 1:23.88 [WARN] - [4;90m[states.PlayState/update#4279]:[0m Warning! Delay is too fucking high!!
2025-04-30 | 1:23.89 [WARN] - [4;90m[states.PlayState/update#4279]:[0m Warning! Delay is too fucking high!!
2025-04-30 | 1:23.90 [WARN] - [4;90m[states.PlayState/update#4279]:[0m Warning! Delay is too fucking high!!
2025-04-30 | 1:23.92 [WARN] - [4;90m[states.PlayState/update#4279]:[0m Warning! Delay is too fucking high!!
2025-04-30 | 1:23.93 [WARN] - [4;90m[states.PlayState/update#4279]:[0m Warning! Delay is too fucking high!!
2025-04-30 | 1:23.94 [WARN] - [4;90m[states.PlayState/update#4279]:[0m Warning! Delay is too fucking high!!
2025-04-30 | 1:23.96 [WARN] - [4;90m[states.PlayState/update#4279]:[0m Warning! Delay is too fucking high!!
2025-04-30 | 1:24.00 [WARN] - [4;90m[states.PlayState/update#4279]:[0m Warning! Delay is too fucking high!!
2025-04-30 | 2:33.47 [ERROR] - [4;90m[slushi.slushiUtils.crashHandler.CrashHandler/onUncaughtError#164]:[0m 
CRASH:
[38;5;1mCall Stack:
[4mflixel/addons/effects/FlxTrail.hx#167[24m
flixel/group/FlxGroup.hx#161
states/MusicBeatState.hx#156
states/PlayState.hx#4500
flixel/FlxState.hx#241
flixel/FlxGame.hx#750

Uncaught Error:
Null Object Reference[0m


2025-04-30 | 2:33.53 [INFO] - [4;90m[slushi.slushiUtils.crashHandler.CrashHandler/onUncaughtError#167]:[0m Starting Crash Handler in game
2025-04-30 | 2:33.61 [SLE_WARN] - [4;90m[slushi.slushiUtils.crashHandler.CrashHandler/onUncaughtError#76]:[0m Trying to make a another crash while is already in a crash with error: [Null Object Reference]. Crash counter: [0], skipping it...
2025-04-30 | 2:33.67 [SLE_WARN] - [4;90m[slushi.slushiUtils.crashHandler.CrashHandler/onUncaughtError#76]:[0m Trying to make a another crash while is already in a crash with error: [Null Object Reference]. Crash counter: [1], skipping it...
2025-04-30 | 2:33.69 [SLE_WARN] - [4;90m[slushi.slushiUtils.crashHandler.CrashHandler/onUncaughtError#76]:[0m Trying to make a another crash while is already in a crash with error: [Null Object Reference]. Crash counter: [2], skipping it...
2025-04-30 | 2:33.74 [SLE_WARN] - [4;90m[slushi.slushiUtils.crashHandler.CrashHandler/onUncaughtError#76]:[0m Trying to make a another crash while is already in a crash with error: [Null Object Reference]. Crash counter: [3], skipping it...
2025-04-30 | 2:33.76 [SLE_WARN] - [4;90m[slushi.slushiUtils.crashHandler.CrashHandler/onUncaughtError#76]:[0m Trying to make a another crash while is already in a crash with error: [Null Object Reference]. Crash counter: [4], skipping it...
2025-04-30 | 2:33.77 [SLE_WARN] - [4;90m[slushi.slushiUtils.crashHandler.CrashHandler/onUncaughtError#80]:[0m Too many crashes, quitting...
