2025-05-03 | 0:00.00 [INFO] - [4;90m[slushi.slushiUtils.Debug/onInitProgram#237]:[0m Debug logging initialized. Hello, developer.
2025-05-03 | 0:00.00 [INFO] - [4;90m[slushi.slushiUtils.Debug/onInitProgram#242]:[0m This is a RELEASE build.
2025-05-03 | 0:00.01 [INFO] - [4;90m[slushi.slushiUtils.Debug/onInitProgram#244]:[0m HaxeFlixel version: HaxeFlixel 5.9.0
2025-05-03 | 0:00.01 [SLE_INFO] - [4;90m[slushi.slushiUtils.Debug/onInitProgram#245]:[0m Slushi Engine version: 0.4.0
2025-05-03 | 0:00.02 [INFO] - [4;90m[slushi.slushiUtils.Debug/onInitProgram#246]:[0m SC Engine version: 1.5.2 (4eaf8c4)
2025-05-03 | 0:00.03 [INFO] - [4;90m[slushi.slushiUtils.Debug/onInitProgram#247]:[0m This is a custom build of PE. Current version: 1.04
2025-05-03 | 0:00.46 [INFO] - [4;90m[backend.DiscordClient/initialize#74]:[0m Discord Client initialized
2025-05-03 | 0:00.47 [INFO] - [4;90m[objects.AlphaCharacter/loadAlphabetData#312]:[0m Reloaded letters successfully (assets/shared/images/alphabet.json)!
2025-05-03 | 0:00.48 [SLE_INFO] - [4;90m[slushi.windows.WindowsFuncs/saveCurrentWindowsWallpaper#49]:[0m Wallpaper Path: C:\Users\osanc.DESKTOP-69O57J2\AppData\Roaming\Microsoft\Windows\Themes\TranscodedWallpaper
2025-05-03 | 0:00.48 [SLE_INFO] - [4;90m[slushi.windows.WindowsFuncs/saveCurrentWindowsWallpaper#50]:[0m Saving the path in a private variable...
2025-05-03 | 0:00.67 [SLE_INFO] - [4;90m[slushi.others.systemUtils.SystemInfo/formatSysInfo#159]:[0m 

System: Microsoft Windows 11 Home 10.0.22631
CPU: AMD Ryzen 7 5700X 8-Core Processor x86 64-Bit
GPU: AMD Radeon RX 6700 XT
Total RAM: 24 GB DDR4

2025-05-03 | 0:00.68 [SLE_INFO] - [4;90m[slushi.SlushiMain/getBuildVer#151]:[0m Checking for new version...
2025-05-03 | 0:00.94 [SLE_INFO] - [4;90m[slushi.SlushiMain/getBuildVer#170]:[0m Version online: [0.4.0], this version: [0.4.0]
2025-05-03 | 0:00.94 [SLE_INFO] - [4;90m[slushi.SlushiMain/getBuildVer#189]:[0m Versions are matching!
2025-05-03 | 0:13.53 [INFO] - [4;90m[slushi.states.freeplay.SlushiFreeplayState/moveToSong#948]:[0m CURRENT WEEK: week1
2025-05-03 | 0:13.54 [INFO] - [4;90m[backend.song.Song/getChart#120]:[0m assets/shared/data/songs/shattered/shattered.json
2025-05-03 | 0:13.57 [INFO] - [4;90m[backend.song.Song/parseJSON#148]:[0m converting chart shattered with format unknown to psych_v1 format...
2025-05-03 | 0:13.58 [INFO] - [4;90m[backend.song.Song/loadFromJson#102]:[0m assets/shared/data/songs/shattered/shattered.json
2025-05-03 | 0:13.59 [INFO] - [4;90m[backend.song.Song/loadFromJson#103]:[0m assets\shared\data\songs\shattered\shattered.json
2025-05-03 | 0:13.59 [INFO] - [4;90m[slushi.states.freeplay.SlushiFreeplayState/moveToSong#956]:[0m shattered
2025-05-03 | 0:13.60 [INFO] - [4;90m[states.LoadingState/loadNextDirectory#165]:[0m Setting asset folder to shared
2025-05-03 | 0:13.62 [WARN] - [4;90m[states.LoadingState/clearInvalidFrom#455]:[0m Removed invalid images: characters/bf/BOYFRIEND
2025-05-03 | 0:13.63 [INFO] - [4;90m[states.LoadingState/initThread#486]:[0m finished preloading image HoldNoteEffect/holdCoverPurple
2025-05-03 | 0:13.63 [INFO] - [4;90m[states.LoadingState/initThread#486]:[0m finished preloading image HoldNoteEffect/holdCoverGreen
2025-05-03 | 0:13.63 [INFO] - [4;90m[states.LoadingState/initThread#486]:[0m finished preloading image HoldNoteEffect/holdCoverBlue
2025-05-03 | 0:13.63 [INFO] - [4;90m[states.LoadingState/initThread#486]:[0m finished preloading image HoldNoteEffect/holdCoverPurple
2025-05-03 | 0:13.64 [INFO] - [4;90m[states.LoadingState/initThread#486]:[0m finished preloading image noteSplashes/noteSplashes
2025-05-03 | 0:13.64 [INFO] - [4;90m[states.LoadingState/initThread#486]:[0m finished preloading image noteSkins/NOTE_assets
2025-05-03 | 0:13.65 [INFO] - [4;90m[states.LoadingState/initThread#486]:[0m finished preloading image noteSkins/NOTE_assets
2025-05-03 | 0:14.29 [INFO] - [4;90m[states.LoadingState/initThread#486]:[0m finished preloading image characters/bambi/Angry Bambi
2025-05-03 | 0:14.29 [INFO] - [4;90m[states.LoadingState/initThread#486]:[0m finished preloading image characters/GF_assets
2025-05-03 | 0:14.71 [INFO] - [4;90m[states.LoadingState/checkLoaded#147]:[0m finished preloading image assets/shared/images/noteSplashes/noteSplashes.png
2025-05-03 | 0:14.71 [INFO] - [4;90m[states.LoadingState/initThread#486]:[0m finished preloading song shattered/Voices
2025-05-03 | 0:14.71 [INFO] - [4;90m[states.LoadingState/checkLoaded#147]:[0m finished preloading image assets/shared/images/HoldNoteEffect/holdCoverBlue.png
2025-05-03 | 0:14.79 [INFO] - [4;90m[states.LoadingState/initThread#486]:[0m finished preloading song shattered/Inst
2025-05-03 | 0:14.83 [INFO] - [4;90m[states.LoadingState/checkLoaded#147]:[0m finished preloading image assets/shared/images/characters/GF_assets.png
2025-05-03 | 0:14.84 [INFO] - [4;90m[states.LoadingState/checkLoaded#147]:[0m finished preloading image assets/shared/images/HoldNoteEffect/holdCoverGreen.png
2025-05-03 | 0:14.95 [INFO] - [4;90m[states.LoadingState/checkLoaded#147]:[0m finished preloading image assets/shared/images/characters/bambi/Angry Bambi.png
2025-05-03 | 0:14.95 [INFO] - [4;90m[states.LoadingState/checkLoaded#147]:[0m finished preloading image assets/shared/images/noteSkins/NOTE_assets.png
2025-05-03 | 0:14.96 [INFO] - [4;90m[states.LoadingState/checkLoaded#147]:[0m finished preloading image assets/shared/images/HoldNoteEffect/holdCoverPurple.png
2025-05-03 | 0:15.00 [INFO] - [4;90m[states.PlayState/create#839]:[0m [comboData => [totalNoteCount => 0, swags => 0, maxCombo => 0, misses => 0, highestCombo => 0, shits => 0, sicks => 0, totalNotesHit => 0, goods => 0, bads => 0, combo => 0, totalPlayed => 0], rankData => [comboRank => , accuracy => 0, rating => ], mainData => [score => 0, opponentMode => false, name => shattered, difficulty => 1]]shattered1
2025-05-03 | 0:15.01 [SLE_INFO] - [4;90m[slushi.slushiUtils.LyricsUtils/new#35]:[0m Lyrics JSON file not found!
2025-05-03 | 0:15.35 [INFO] - [4;90m[states.PlayState/create#961]:[0m current stage, farmSunset
2025-05-03 | 0:15.35 [INFO] - [4;90m[backend.stage.Stage/setupWeekDir#193]:[0m directory: shared
2025-05-03 | 0:15.36 [INFO] - [4;90m[backend.stage.Stage/setupStageProperties#101]:[0m STAGE INFO JSON ? assets/shared/data/stages/farmSunset.json
2025-05-03 | 0:15.36 [WARN] - [4;90m[backend.stage.Stage/setupStageProperties#107]:[0m farmSunset.json not found, using the default stage
2025-05-03 | 0:16.20 [INFO] - [4;90m[backend.song.Song/getChart#120]:[0m assets/shared/data/songs/shattered/events.json
2025-05-03 | 0:16.23 [INFO] - [4;90m[backend.song.Song/parseJSON#148]:[0m converting chart events with format unknown to psych_v1 format...
2025-05-03 | 0:18.07 [INFO] - [4;90m[states.PlayState/cacheCharacter#9830]:[0m found cube
2025-05-03 | 0:18.07 [INFO] - [4;90m[states.PlayState/cacheCharacter#9830]:[0m found cube
2025-05-03 | 0:18.07 [INFO] - [4;90m[states.PlayState/cacheCharacter#9830]:[0m found bf
2025-05-03 | 0:18.08 [INFO] - [4;90m[states.PlayState/cacheCharacter#9830]:[0m found angry-bambi
2025-05-03 | 0:18.64 [INFO] - [4;90m[states.PlayState/cacheCharacter#9830]:[0m found bambi-mad-guitar
2025-05-03 | 0:21.33 [INFO] - [4;90m[states.PlayState/startSong#2638]:[0m started loading!
2025-05-03 | 0:43.45 [WARN] - [4;90m[states.PlayState/update#4209]:[0m Warning! Delay is too fucking high!!
2025-05-03 | 0:43.47 [WARN] - [4;90m[states.PlayState/update#4209]:[0m Warning! Delay is too fucking high!!
2025-05-03 | 0:43.49 [WARN] - [4;90m[states.PlayState/update#4209]:[0m Warning! Delay is too fucking high!!
2025-05-03 | 0:43.50 [WARN] - [4;90m[states.PlayState/update#4209]:[0m Warning! Delay is too fucking high!!
2025-05-03 | 0:43.51 [WARN] - [4;90m[states.PlayState/update#4209]:[0m Warning! Delay is too fucking high!!
2025-05-03 | 0:43.51 [WARN] - [4;90m[states.PlayState/update#4209]:[0m Warning! Delay is too fucking high!!
2025-05-03 | 0:43.52 [WARN] - [4;90m[states.PlayState/update#4209]:[0m Warning! Delay is too fucking high!!
2025-05-03 | 0:43.52 [WARN] - [4;90m[states.PlayState/update#4209]:[0m Warning! Delay is too fucking high!!
2025-05-03 | 0:43.53 [WARN] - [4;90m[states.PlayState/update#4209]:[0m Warning! Delay is too fucking high!!
2025-05-03 | 0:43.54 [WARN] - [4;90m[states.PlayState/update#4209]:[0m Warning! Delay is too fucking high!!
2025-05-03 | 0:43.54 [WARN] - [4;90m[states.PlayState/update#4209]:[0m Warning! Delay is too fucking high!!
2025-05-03 | 0:43.55 [WARN] - [4;90m[states.PlayState/update#4209]:[0m Warning! Delay is too fucking high!!
2025-05-03 | 0:43.55 [WARN] - [4;90m[states.PlayState/update#4209]:[0m Warning! Delay is too fucking high!!
2025-05-03 | 0:43.56 [WARN] - [4;90m[states.PlayState/update#4209]:[0m Warning! Delay is too fucking high!!
2025-05-03 | 0:43.57 [WARN] - [4;90m[states.PlayState/update#4209]:[0m Warning! Delay is too fucking high!!
2025-05-03 | 0:43.57 [WARN] - [4;90m[states.PlayState/update#4209]:[0m Warning! Delay is too fucking high!!
2025-05-03 | 0:43.58 [WARN] - [4;90m[states.PlayState/update#4209]:[0m Warning! Delay is too fucking high!!
2025-05-03 | 0:43.58 [WARN] - [4;90m[states.PlayState/update#4209]:[0m Warning! Delay is too fucking high!!
2025-05-03 | 0:43.59 [WARN] - [4;90m[states.PlayState/update#4209]:[0m Warning! Delay is too fucking high!!
2025-05-03 | 0:43.60 [WARN] - [4;90m[states.PlayState/update#4209]:[0m Warning! Delay is too fucking high!!
2025-05-03 | 0:43.60 [WARN] - [4;90m[states.PlayState/update#4209]:[0m Warning! Delay is too fucking high!!
2025-05-03 | 0:43.61 [WARN] - [4;90m[states.PlayState/update#4209]:[0m Warning! Delay is too fucking high!!
2025-05-03 | 0:43.61 [WARN] - [4;90m[states.PlayState/update#4209]:[0m Warning! Delay is too fucking high!!
2025-05-03 | 0:43.63 [WARN] - [4;90m[states.PlayState/update#4209]:[0m Warning! Delay is too fucking high!!
2025-05-03 | 0:43.63 [WARN] - [4;90m[states.PlayState/update#4209]:[0m Warning! Delay is too fucking high!!
2025-05-03 | 0:43.64 [WARN] - [4;90m[states.PlayState/update#4209]:[0m Warning! Delay is too fucking high!!
2025-05-03 | 0:43.65 [WARN] - [4;90m[states.PlayState/update#4209]:[0m Warning! Delay is too fucking high!!
2025-05-03 | 0:43.65 [WARN] - [4;90m[states.PlayState/update#4209]:[0m Warning! Delay is too fucking high!!
2025-05-03 | 0:43.66 [WARN] - [4;90m[states.PlayState/update#4209]:[0m Warning! Delay is too fucking high!!
2025-05-03 | 0:43.67 [WARN] - [4;90m[states.PlayState/update#4209]:[0m Warning! Delay is too fucking high!!
2025-05-03 | 0:43.68 [WARN] - [4;90m[states.PlayState/update#4209]:[0m Warning! Delay is too fucking high!!
2025-05-03 | 0:43.69 [WARN] - [4;90m[states.PlayState/update#4209]:[0m Warning! Delay is too fucking high!!
2025-05-03 | 0:43.72 [WARN] - [4;90m[states.PlayState/update#4209]:[0m Warning! Delay is too fucking high!!
2025-05-03 | 0:43.74 [WARN] - [4;90m[states.PlayState/update#4209]:[0m Warning! Delay is too fucking high!!
2025-05-03 | 0:58.15 [INFO] - [4;90m[backend.song.Song/getChart#120]:[0m assets/shared/data/songs/shattered/shattered.json
2025-05-03 | 0:58.17 [INFO] - [4;90m[backend.song.Song/parseJSON#148]:[0m converting chart shattered with format unknown to psych_v1 format...
2025-05-03 | 0:58.17 [INFO] - [4;90m[backend.song.Song/loadFromJson#102]:[0m assets/shared/data/songs/shattered/shattered.json
2025-05-03 | 0:58.18 [INFO] - [4;90m[backend.song.Song/loadFromJson#103]:[0m assets\shared\data\songs\shattered\shattered.json
2025-05-03 | 1:51.58 [SLE_INFO] - [4;90m[slushi.SlushiMain/onCloseWindow#105]:[0m Reseting all C++ functions...

