2025-04-30 | 0:00.00 [INFO] - [4;90m[slushi.slushiUtils.Debug/onInitProgram#237]:[0m Debug logging initialized. Hello, developer.
2025-04-30 | 0:00.00 [INFO] - [4;90m[slushi.slushiUtils.Debug/onInitProgram#242]:[0m This is a RELEASE build.
2025-04-30 | 0:00.01 [INFO] - [4;90m[slushi.slushiUtils.Debug/onInitProgram#244]:[0m HaxeFlixel version: HaxeFlixel 5.9.0
2025-04-30 | 0:00.01 [SLE_INFO] - [4;90m[slushi.slushiUtils.Debug/onInitProgram#245]:[0m Slushi Engine version: 0.4.0
2025-04-30 | 0:00.02 [INFO] - [4;90m[slushi.slushiUtils.Debug/onInitProgram#246]:[0m SC Engine version: 1.5.2 (4eaf8c4)
2025-04-30 | 0:00.02 [INFO] - [4;90m[slushi.slushiUtils.Debug/onInitProgram#247]:[0m This is a custom build of PE. Current version: 1.04
2025-04-30 | 0:00.04 [INFO] - [4;90m[backend.DiscordClient/initialize#74]:[0m Discord Client initialized
2025-04-30 | 0:00.04 [INFO] - [4;90m[objects.AlphaCharacter/loadAlphabetData#312]:[0m Reloaded letters successfully (assets/shared/images/alphabet.json)!
2025-04-30 | 0:00.05 [SLE_INFO] - [4;90m[slushi.windows.WindowsFuncs/saveCurrentWindowsWallpaper#49]:[0m Wallpaper Path: C:\Users\yuyio\AppData\Roaming\Microsoft\Windows\Themes\TranscodedWallpaper
2025-04-30 | 0:00.06 [SLE_INFO] - [4;90m[slushi.windows.WindowsFuncs/saveCurrentWindowsWallpaper#50]:[0m Saving the path in a private variable...
2025-04-30 | 0:00.36 [SLE_INFO] - [4;90m[slushi.others.systemUtils.SystemInfo/formatSysInfo#159]:[0m 

System: Microsoft Windows 11 Home 10.0.22631
CPU: AMD Ryzen 7 5700X 8-Core Processor x86 64-Bit
GPU: AMD Radeon RX 6700 XT
Total RAM: 24 GB DDR4

2025-04-30 | 0:00.38 [SLE_INFO] - [4;90m[slushi.SlushiMain/getBuildVer#151]:[0m Checking for new version...
2025-04-30 | 0:00.78 [SLE_INFO] - [4;90m[slushi.SlushiMain/getBuildVer#170]:[0m Version online: [0.4.0], this version: [0.4.0]
2025-04-30 | 0:00.80 [SLE_INFO] - [4;90m[slushi.SlushiMain/getBuildVer#189]:[0m Versions are matching!
2025-04-30 | 0:02.04 [INFO] - [4;90m[backend.DiscordClient/onReady#52]:[0m (Discord) Connected to User (yuyioyt)
2025-04-30 | 0:21.98 [INFO] - [4;90m[slushi.states.freeplay.SlushiFreeplayState/moveToSong#948]:[0m CURRENT WEEK: week6
2025-04-30 | 0:21.99 [INFO] - [4;90m[backend.song.Song/getChart#120]:[0m assets/shared/data/songs/tyranny/tyranny.json
2025-04-30 | 0:22.00 [ERROR] - [4;90m[slushi.states.freeplay.SlushiFreeplayState/moveToSong#960]:[0m ERROR! Null Object Reference
2025-04-30 | 0:40.05 [ERROR] - [4;90m[backend.DiscordClient/onError#58]:[0m Discord: Error (1000: Request has been terminated
Possible causes: the network is offline, Origin is not allowed by Access-Control-Allow-Origin, the page is being unloaded, etc.)
2025-04-30 | 0:42.07 [ERROR] - [4;90m[backend.DiscordClient/onError#58]:[0m Discord: Error (1000: Request has been terminated
Possible causes: the network is offline, Origin is not allowed by Access-Control-Allow-Origin, the page is being unloaded, etc.)
2025-04-30 | 0:42.72 [INFO] - [4;90m[slushi.states.freeplay.SlushiFreeplayState/moveToSong#948]:[0m CURRENT WEEK: week6
2025-04-30 | 0:42.73 [INFO] - [4;90m[backend.song.Song/getChart#120]:[0m assets/shared/data/songs/tyranny/tyranny.json
2025-04-30 | 0:42.73 [ERROR] - [4;90m[slushi.states.freeplay.SlushiFreeplayState/moveToSong#960]:[0m ERROR! Null Object Reference
2025-04-30 | 0:44.08 [ERROR] - [4;90m[backend.DiscordClient/onError#58]:[0m Discord: Error (1000: Request has been terminated
Possible causes: the network is offline, Origin is not allowed by Access-Control-Allow-Origin, the page is being unloaded, etc.)
2025-04-30 | 0:45.13 [INFO] - [4;90m[slushi.states.freeplay.SlushiFreeplayState/moveToSong#948]:[0m CURRENT WEEK: week6
2025-04-30 | 0:45.14 [INFO] - [4;90m[backend.song.Song/getChart#120]:[0m assets/shared/data/songs/tyranny/tyranny.json
2025-04-30 | 0:45.14 [ERROR] - [4;90m[slushi.states.freeplay.SlushiFreeplayState/moveToSong#960]:[0m ERROR! Null Object Reference
2025-04-30 | 0:46.09 [ERROR] - [4;90m[backend.DiscordClient/onError#58]:[0m Discord: Error (1000: Request has been terminated
Possible causes: the network is offline, Origin is not allowed by Access-Control-Allow-Origin, the page is being unloaded, etc.)
2025-04-30 | 0:46.34 [INFO] - [4;90m[slushi.states.freeplay.SlushiFreeplayState/moveToSong#948]:[0m CURRENT WEEK: week6
2025-04-30 | 0:46.34 [INFO] - [4;90m[backend.song.Song/getChart#120]:[0m assets/shared/data/songs/impending/impending.json
2025-04-30 | 0:46.44 [INFO] - [4;90m[backend.song.Song/loadFromJson#102]:[0m assets/shared/data/songs/impending/impending.json
2025-04-30 | 0:46.44 [INFO] - [4;90m[backend.song.Song/loadFromJson#103]:[0m assets\shared\data\songs\impending\impending.json
2025-04-30 | 0:46.45 [INFO] - [4;90m[slushi.states.freeplay.SlushiFreeplayState/moveToSong#956]:[0m impending
2025-04-30 | 0:46.46 [INFO] - [4;90m[states.LoadingState/loadNextDirectory#165]:[0m Setting asset folder to shared
2025-04-30 | 0:46.48 [WARN] - [4;90m[states.LoadingState/clearInvalidFrom#455]:[0m Removed invalid images: characters/bf/BOYFRIEND
2025-04-30 | 0:46.49 [INFO] - [4;90m[states.LoadingState/initThread#486]:[0m finished preloading image HoldNoteEffect/holdCoverGreen
2025-04-30 | 0:46.49 [INFO] - [4;90m[states.LoadingState/initThread#486]:[0m finished preloading image HoldNoteEffect/holdCoverBlue
2025-04-30 | 0:46.49 [INFO] - [4;90m[states.LoadingState/initThread#486]:[0m finished preloading image HoldNoteEffect/holdCoverPurple
2025-04-30 | 0:46.49 [INFO] - [4;90m[states.LoadingState/initThread#486]:[0m finished preloading image HoldNoteEffect/holdCoverPurple
2025-04-30 | 0:46.50 [INFO] - [4;90m[states.LoadingState/initThread#486]:[0m finished preloading image noteSplashes/noteSplashes
2025-04-30 | 0:46.51 [INFO] - [4;90m[states.LoadingState/initThread#486]:[0m finished preloading image noteSkins/NOTE_assets
2025-04-30 | 0:46.51 [INFO] - [4;90m[states.LoadingState/initThread#486]:[0m finished preloading image noteSkins/NOTE_assets
2025-04-30 | 0:47.29 [INFO] - [4;90m[states.LoadingState/initThread#486]:[0m finished preloading image characters/expunged/Expunged
2025-04-30 | 0:47.33 [INFO] - [4;90m[states.LoadingState/initThread#486]:[0m finished preloading image characters/GF_assets
2025-04-30 | 0:47.51 [INFO] - [4;90m[states.LoadingState/checkLoaded#147]:[0m finished preloading image assets/shared/images/noteSplashes/noteSplashes.png
2025-04-30 | 0:47.52 [INFO] - [4;90m[states.LoadingState/checkLoaded#147]:[0m finished preloading image assets/shared/images/HoldNoteEffect/holdCoverBlue.png
2025-04-30 | 0:47.55 [INFO] - [4;90m[states.LoadingState/initThread#486]:[0m finished preloading song impending/Inst
2025-04-30 | 0:47.58 [INFO] - [4;90m[states.LoadingState/initThread#486]:[0m finished preloading song impending/Voices
2025-04-30 | 0:47.62 [INFO] - [4;90m[states.LoadingState/checkLoaded#147]:[0m finished preloading image assets/shared/images/characters/GF_assets.png
2025-04-30 | 0:47.83 [INFO] - [4;90m[states.LoadingState/checkLoaded#147]:[0m finished preloading image assets/shared/images/characters/expunged/Expunged.png
2025-04-30 | 0:47.84 [INFO] - [4;90m[states.LoadingState/checkLoaded#147]:[0m finished preloading image assets/shared/images/HoldNoteEffect/holdCoverGreen.png
2025-04-30 | 0:47.84 [INFO] - [4;90m[states.LoadingState/checkLoaded#147]:[0m finished preloading image assets/shared/images/noteSkins/NOTE_assets.png
2025-04-30 | 0:47.85 [INFO] - [4;90m[states.LoadingState/checkLoaded#147]:[0m finished preloading image assets/shared/images/HoldNoteEffect/holdCoverPurple.png
2025-04-30 | 0:47.88 [INFO] - [4;90m[states.PlayState/create#851]:[0m [comboData => [totalNoteCount => 0, swags => 0, maxCombo => 0, misses => 0, highestCombo => 0, shits => 0, sicks => 0, totalNotesHit => 0, goods => 0, bads => 0, combo => 0, totalPlayed => 0], rankData => [comboRank => , accuracy => 0, rating => ], mainData => [score => 0, opponentMode => false, name => tyranny, difficulty => 1]]tyranny0
2025-04-30 | 0:47.90 [SLE_INFO] - [4;90m[slushi.slushiUtils.LyricsUtils/new#35]:[0m Lyrics JSON file not found!
2025-04-30 | 0:48.10 [ERROR] - [4;90m[backend.DiscordClient/onError#58]:[0m Discord: Error (1000: Request has been terminated
Possible causes: the network is offline, Origin is not allowed by Access-Control-Allow-Origin, the page is being unloaded, etc.)
2025-04-30 | 0:48.59 [INFO] - [4;90m[states.PlayState/create#997]:[0m current stage, 3dTunnel
2025-04-30 | 0:48.59 [INFO] - [4;90m[backend.stage.Stage/setupWeekDir#193]:[0m directory: shared
2025-04-30 | 0:48.60 [INFO] - [4;90m[backend.stage.Stage/setupStageProperties#101]:[0m STAGE INFO JSON ? assets/shared/data/stages/3dTunnel.json
2025-04-30 | 0:48.60 [WARN] - [4;90m[backend.stage.Stage/setupStageProperties#107]:[0m 3dTunnel.json not found, using the default stage
2025-04-30 | 0:52.13 [INFO] - [4;90m[states.PlayState/startSong#2708]:[0m started loading!
2025-04-30 | 0:55.84 [INFO] - [4;90m[backend.song.Song/getChart#120]:[0m assets/shared/data/songs/tyranny/tyranny.json
2025-04-30 | 0:55.85 [ERROR] - [4;90m[slushi.substates.SlushiPauseSubState/update#340]:[0m ERROR! Null Object Reference
2025-04-30 | 0:56.70 [ERROR] - [4;90m[slushi.slushiUtils.crashHandler.CrashHandler/onUncaughtError#164]:[0m 
CRASH:
[38;5;1mCall Stack:
[4mslushi/substates/SlushiPauseSubState.hx#322[24m
flixel/FlxState.hx#241
flixel/FlxState.hx#250
flixel/FlxGame.hx#750

Uncaught Error:
Null Object Reference[0m


2025-04-30 | 0:56.76 [INFO] - [4;90m[slushi.slushiUtils.crashHandler.CrashHandler/onUncaughtError#167]:[0m Starting Crash Handler in game
2025-04-30 | 1:07.93 [INFO] - [4;90m[backend.song.Song/getChart#120]:[0m assets/shared/data/songs/impending/impending.json
2025-04-30 | 1:07.96 [INFO] - [4;90m[backend.song.Song/loadFromJson#102]:[0m assets/shared/data/songs/impending/impending.json
2025-04-30 | 1:07.96 [INFO] - [4;90m[backend.song.Song/loadFromJson#103]:[0m assets\shared\data\songs\impending\impending.json
2025-04-30 | 1:07.97 [ERROR] - [4;90m[slushi.states.freeplay.SlushiFreeplayState/playSong#910]:[0m ERROR! FlxBar: max cannot be less than or equal to min
2025-04-30 | 1:14.38 [INFO] - [4;90m[slushi.states.freeplay.SlushiFreeplayState/moveToSong#948]:[0m CURRENT WEEK: week5
2025-04-30 | 1:14.38 [INFO] - [4;90m[backend.song.Song/getChart#120]:[0m assets/shared/data/songs/technology/technology.json
2025-04-30 | 1:14.47 [INFO] - [4;90m[backend.song.Song/loadFromJson#102]:[0m assets/shared/data/songs/technology/technology.json
2025-04-30 | 1:14.48 [INFO] - [4;90m[backend.song.Song/loadFromJson#103]:[0m assets\shared\data\songs\technology\technology.json
2025-04-30 | 1:14.49 [INFO] - [4;90m[slushi.states.freeplay.SlushiFreeplayState/moveToSong#956]:[0m technology
2025-04-30 | 1:14.50 [INFO] - [4;90m[states.LoadingState/loadNextDirectory#165]:[0m Setting asset folder to shared
2025-04-30 | 1:14.52 [WARN] - [4;90m[states.LoadingState/clearInvalidFrom#455]:[0m Removed invalid images: characters/bf/BOYFRIEND
2025-04-30 | 1:14.53 [WARN] - [4;90m[states.LoadingState/clearInvalidFrom#455]:[0m Removed invalid images: characters/bombu/bombu
2025-04-30 | 1:14.54 [INFO] - [4;90m[states.LoadingState/initThread#486]:[0m finished preloading image noteSkins/NOTE_assets
2025-04-30 | 1:14.54 [INFO] - [4;90m[states.LoadingState/initThread#486]:[0m finished preloading image noteSplashes/noteSplashes
2025-04-30 | 1:14.54 [INFO] - [4;90m[states.LoadingState/initThread#486]:[0m finished preloading image noteSkins/NOTE_assets
2025-04-30 | 1:14.54 [INFO] - [4;90m[states.LoadingState/initThread#486]:[0m finished preloading image characters/GF_assets
2025-04-30 | 1:14.54 [INFO] - [4;90m[states.LoadingState/initThread#486]:[0m finished preloading image HoldNoteEffect/holdCoverBlue
2025-04-30 | 1:14.54 [INFO] - [4;90m[states.LoadingState/initThread#486]:[0m finished preloading image HoldNoteEffect/holdCoverPurple
2025-04-30 | 1:14.54 [INFO] - [4;90m[states.LoadingState/initThread#486]:[0m finished preloading image HoldNoteEffect/holdCoverGreen
2025-04-30 | 1:14.54 [INFO] - [4;90m[states.LoadingState/initThread#486]:[0m finished preloading image HoldNoteEffect/holdCoverPurple
2025-04-30 | 1:14.88 [INFO] - [4;90m[states.LoadingState/initThread#486]:[0m finished preloading song technology/Inst
2025-04-30 | 1:14.91 [INFO] - [4;90m[states.LoadingState/initThread#486]:[0m finished preloading song technology/Voices
2025-04-30 | 1:15.28 [INFO] - [4;90m[states.LoadingState/checkLoaded#147]:[0m finished preloading image assets/shared/images/HoldNoteEffect/holdCoverGreen.png
2025-04-30 | 1:15.29 [INFO] - [4;90m[states.LoadingState/checkLoaded#147]:[0m finished preloading image assets/shared/images/HoldNoteEffect/holdCoverPurple.png
2025-04-30 | 1:15.29 [INFO] - [4;90m[states.LoadingState/checkLoaded#147]:[0m finished preloading image assets/shared/images/HoldNoteEffect/holdCoverBlue.png
2025-04-30 | 1:15.32 [INFO] - [4;90m[states.PlayState/create#851]:[0m [comboData => [totalNoteCount => 0, swags => 0, maxCombo => 0, misses => 0, highestCombo => 0, shits => 0, sicks => 0, totalNotesHit => 0, goods => 0, bads => 0, combo => 0, totalPlayed => 0], rankData => [comboRank => , accuracy => 0, rating => ], mainData => [score => 0, opponentMode => false, name => technology, difficulty => 1]]technology0
2025-04-30 | 1:15.33 [SLE_INFO] - [4;90m[slushi.slushiUtils.LyricsUtils/new#35]:[0m Lyrics JSON file not found!
2025-04-30 | 1:15.94 [INFO] - [4;90m[states.PlayState/create#997]:[0m current stage, pcworld
2025-04-30 | 1:15.94 [INFO] - [4;90m[backend.stage.Stage/setupWeekDir#193]:[0m directory: shared
2025-04-30 | 1:15.95 [INFO] - [4;90m[backend.stage.Stage/setupStageProperties#101]:[0m STAGE INFO JSON ? assets/shared/data/stages/pcworld.json
2025-04-30 | 1:15.99 [INFO] - [4;90m[backend.song.Song/getChart#120]:[0m assets/shared/data/songs/technology/events.json
2025-04-30 | 1:16.02 [INFO] - [4;90m[backend.song.Song/parseJSON#148]:[0m converting chart events with format unknown to psych_v1 format...
2025-04-30 | 1:18.25 [INFO] - [4;90m[states.PlayState/startSong#2708]:[0m started loading!
2025-04-30 | 1:21.53 [INFO] - [4;90m[backend.song.Song/getChart#120]:[0m assets/shared/data/songs/technology/technology.json
2025-04-30 | 1:21.54 [INFO] - [4;90m[backend.song.Song/loadFromJson#102]:[0m assets/shared/data/songs/technology/technology.json
2025-04-30 | 1:21.55 [INFO] - [4;90m[backend.song.Song/loadFromJson#103]:[0m assets\shared\data\songs\technology\technology.json
2025-04-30 | 1:21.56 [INFO] - [4;90m[states.LoadingState/loadNextDirectory#165]:[0m Setting asset folder to shared
2025-04-30 | 1:22.39 [INFO] - [4;90m[states.PlayState/create#851]:[0m [comboData => [totalNoteCount => 0, swags => 0, maxCombo => 0, misses => 0, highestCombo => 0, shits => 0, sicks => 0, totalNotesHit => 0, goods => 0, bads => 0, combo => 0, totalPlayed => 0], rankData => [comboRank => , accuracy => 0, rating => ], mainData => [score => 0, opponentMode => false, name => technology, difficulty => 1]]technology1
2025-04-30 | 1:22.40 [SLE_INFO] - [4;90m[slushi.slushiUtils.LyricsUtils/new#35]:[0m Lyrics JSON file not found!
2025-04-30 | 1:22.41 [INFO] - [4;90m[states.PlayState/create#997]:[0m current stage, pcworld
2025-04-30 | 1:22.42 [INFO] - [4;90m[backend.stage.Stage/setupWeekDir#193]:[0m directory: shared
2025-04-30 | 1:22.42 [INFO] - [4;90m[backend.stage.Stage/setupStageProperties#101]:[0m STAGE INFO JSON ? assets/shared/data/stages/pcworld.json
2025-04-30 | 1:22.46 [INFO] - [4;90m[backend.song.Song/getChart#120]:[0m assets/shared/data/songs/technology/events.json
2025-04-30 | 1:22.47 [INFO] - [4;90m[backend.song.Song/parseJSON#148]:[0m converting chart events with format unknown to psych_v1 format...
2025-04-30 | 1:24.73 [INFO] - [4;90m[states.PlayState/startSong#2708]:[0m started loading!
2025-04-30 | 2:32.42 [INFO] - [4;90m[backend.song.Song/getChart#120]:[0m assets/shared/data/songs/technology/technology.json
2025-04-30 | 2:32.43 [INFO] - [4;90m[backend.song.Song/loadFromJson#102]:[0m assets/shared/data/songs/technology/technology.json
2025-04-30 | 2:32.44 [INFO] - [4;90m[backend.song.Song/loadFromJson#103]:[0m assets\shared\data\songs\technology\technology.json
2025-04-30 | 2:39.47 [INFO] - [4;90m[slushi.states.freeplay.SlushiFreeplayState/moveToSong#948]:[0m CURRENT WEEK: week2
2025-04-30 | 2:39.47 [INFO] - [4;90m[backend.song.Song/getChart#120]:[0m assets/shared/data/songs/rebound/rebound.json
2025-04-30 | 2:39.53 [INFO] - [4;90m[backend.song.Song/parseJSON#148]:[0m converting chart rebound with format unknown to psych_v1 format...
2025-04-30 | 2:39.54 [INFO] - [4;90m[backend.song.Song/loadFromJson#102]:[0m assets/shared/data/songs/rebound/rebound.json
2025-04-30 | 2:39.55 [INFO] - [4;90m[backend.song.Song/loadFromJson#103]:[0m assets\shared\data\songs\rebound\rebound.json
2025-04-30 | 2:39.56 [INFO] - [4;90m[slushi.states.freeplay.SlushiFreeplayState/moveToSong#956]:[0m rebound
2025-04-30 | 2:39.56 [INFO] - [4;90m[states.LoadingState/loadNextDirectory#165]:[0m Setting asset folder to shared
2025-04-30 | 2:39.59 [WARN] - [4;90m[states.LoadingState/clearInvalidFrom#455]:[0m Removed invalid images: characters/bf/BOYFRIEND
2025-04-30 | 2:39.59 [WARN] - [4;90m[states.LoadingState/clearInvalidFrom#455]:[0m Removed invalid songs: rebound/Inst
2025-04-30 | 2:39.60 [INFO] - [4;90m[states.LoadingState/initThread#486]:[0m finished preloading image noteSkins/NOTE_assets
2025-04-30 | 2:39.60 [INFO] - [4;90m[states.LoadingState/initThread#486]:[0m finished preloading image noteSplashes/noteSplashes
2025-04-30 | 2:39.60 [INFO] - [4;90m[states.LoadingState/initThread#486]:[0m finished preloading image noteSkins/NOTE_assets
2025-04-30 | 2:39.60 [INFO] - [4;90m[states.LoadingState/initThread#486]:[0m finished preloading image characters/GF_assets
2025-04-30 | 2:39.60 [INFO] - [4;90m[states.LoadingState/initThread#486]:[0m finished preloading image HoldNoteEffect/holdCoverBlue
2025-04-30 | 2:39.60 [INFO] - [4;90m[states.LoadingState/initThread#486]:[0m finished preloading image HoldNoteEffect/holdCoverPurple
2025-04-30 | 2:39.60 [INFO] - [4;90m[states.LoadingState/initThread#486]:[0m finished preloading image HoldNoteEffect/holdCoverGreen
2025-04-30 | 2:39.60 [INFO] - [4;90m[states.LoadingState/initThread#486]:[0m finished preloading image HoldNoteEffect/holdCoverPurple
2025-04-30 | 2:39.76 [INFO] - [4;90m[states.LoadingState/initThread#486]:[0m finished preloading image characters/expunged/404
2025-04-30 | 2:40.38 [INFO] - [4;90m[states.LoadingState/checkLoaded#147]:[0m finished preloading image assets/shared/images/characters/expunged/404.png
2025-04-30 | 2:40.39 [INFO] - [4;90m[states.LoadingState/checkLoaded#147]:[0m finished preloading image assets/shared/images/HoldNoteEffect/holdCoverGreen.png
2025-04-30 | 2:40.39 [INFO] - [4;90m[states.LoadingState/checkLoaded#147]:[0m finished preloading image assets/shared/images/HoldNoteEffect/holdCoverPurple.png
2025-04-30 | 2:40.40 [INFO] - [4;90m[states.LoadingState/checkLoaded#147]:[0m finished preloading image assets/shared/images/HoldNoteEffect/holdCoverBlue.png
2025-04-30 | 2:40.43 [INFO] - [4;90m[states.PlayState/create#851]:[0m [comboData => [totalNoteCount => 0, swags => 0, maxCombo => 0, misses => 0, highestCombo => 0, shits => 0, sicks => 0, totalNotesHit => 0, goods => 0, bads => 0, combo => 0, totalPlayed => 0], rankData => [comboRank => , accuracy => 0, rating => ], mainData => [score => 0, opponentMode => false, name => rebound, difficulty => 1]]rebound1
2025-04-30 | 2:40.45 [SLE_INFO] - [4;90m[slushi.slushiUtils.LyricsUtils/new#35]:[0m Lyrics JSON file not found!
2025-04-30 | 2:40.57 [INFO] - [4;90m[states.PlayState/create#997]:[0m current stage, bambersHell
2025-04-30 | 2:40.58 [INFO] - [4;90m[backend.stage.Stage/setupWeekDir#193]:[0m directory: shared
2025-04-30 | 2:40.59 [INFO] - [4;90m[backend.stage.Stage/setupStageProperties#101]:[0m STAGE INFO JSON ? assets/shared/data/stages/bambersHell.json
2025-04-30 | 2:42.09 [INFO] - [4;90m[backend.song.Song/getChart#120]:[0m assets/shared/data/songs/rebound/events.json
2025-04-30 | 2:42.14 [INFO] - [4;90m[backend.song.Song/parseJSON#148]:[0m converting chart events with format unknown to psych_v1 format...
2025-04-30 | 2:42.21 [INFO] - [4;90m[states.PlayState/cacheCharacter#9903]:[0m found empty
2025-04-30 | 2:42.22 [INFO] - [4;90m[states.PlayState/cacheCharacter#9903]:[0m found 404-unfinished
2025-04-30 | 2:42.23 [INFO] - [4;90m[states.PlayState/cacheCharacter#9903]:[0m found 404
2025-04-30 | 2:43.83 [INFO] - [4;90m[states.PlayState/startSong#2708]:[0m started loading!
2025-04-30 | 2:43.85 [WARN] - [4;90m[states.PlayState/update#4279]:[0m Warning! Delay is too fucking high!!
2025-04-30 | 2:43.87 [WARN] - [4;90m[states.PlayState/update#4279]:[0m Warning! Delay is too fucking high!!
2025-04-30 | 2:43.88 [ERROR] - [4;90m[slushi.slushiUtils.crashHandler.CrashHandler/onUncaughtError#164]:[0m 
CRASH:
[38;5;1mCall Stack:
[4mflixel/addons/effects/FlxTrail.hx#167[24m
flixel/group/FlxGroup.hx#161
states/MusicBeatState.hx#156
states/PlayState.hx#4500
flixel/FlxState.hx#241
flixel/FlxGame.hx#750

Uncaught Error:
Null Object Reference[0m


2025-04-30 | 2:43.94 [INFO] - [4;90m[slushi.slushiUtils.crashHandler.CrashHandler/onUncaughtError#167]:[0m Starting Crash Handler in game
2025-04-30 | 2:44.08 [SLE_WARN] - [4;90m[slushi.slushiUtils.crashHandler.CrashHandler/onUncaughtError#76]:[0m Trying to make a another crash while is already in a crash with error: [Null Object Reference]. Crash counter: [0], skipping it...
2025-04-30 | 2:44.15 [SLE_WARN] - [4;90m[slushi.slushiUtils.crashHandler.CrashHandler/onUncaughtError#76]:[0m Trying to make a another crash while is already in a crash with error: [Null Object Reference]. Crash counter: [1], skipping it...
2025-04-30 | 2:44.22 [SLE_WARN] - [4;90m[slushi.slushiUtils.crashHandler.CrashHandler/onUncaughtError#76]:[0m Trying to make a another crash while is already in a crash with error: [Null Object Reference]. Crash counter: [2], skipping it...
2025-04-30 | 2:44.28 [SLE_WARN] - [4;90m[slushi.slushiUtils.crashHandler.CrashHandler/onUncaughtError#76]:[0m Trying to make a another crash while is already in a crash with error: [Null Object Reference]. Crash counter: [3], skipping it...
2025-04-30 | 2:44.35 [SLE_WARN] - [4;90m[slushi.slushiUtils.crashHandler.CrashHandler/onUncaughtError#76]:[0m Trying to make a another crash while is already in a crash with error: [Null Object Reference]. Crash counter: [4], skipping it...
2025-04-30 | 2:44.36 [SLE_WARN] - [4;90m[slushi.slushiUtils.crashHandler.CrashHandler/onUncaughtError#80]:[0m Too many crashes, quitting...
